******************************************************************************
             TMS320C2000 Linker PC v6.2.11                     
******************************************************************************
>> Linked Sat Oct 17 21:26:21 2015

OUTPUT FILE NAME:   <Quad_RTSC.out>
ENTRY POINT SYMBOL: "_c_int00"  address: 003dab32


MEMORY CONFIGURATION

         name            origin    length      used     unused   attr    fill
----------------------  --------  ---------  --------  --------  ----  --------
PAGE 0:
  L03SARAM              00008000   00002000  00000004  00001ffc  RWIX
  OTP                   003d7800   00000400  00000000  00000400  RWIX
  FLASH                 003d8000   0001ff80  00006c25  0001935b  RWIX
  CSM_RSVD              003f7f80   00000076  00000000  00000076  RWIX
  BEGIN                 003f7ff6   00000002  00000000  00000002  RWIX
  CSM_PWL               003f7ff8   00000008  00000000  00000008  RWIX
  FPUTABLES             003fd860   000006a0  00000000  000006a0  RWIX
  IQTABLES              003fdf00   00000b50  00000000  00000b50  RWIX
  IQTABLES2             003fea50   0000008c  00000000  0000008c  RWIX
  IQTABLES3             003feadc   000000aa  00000000  000000aa  RWIX
  ROM                   003ff3b0   00000c10  00000000  00000c10  RWIX
  RESET                 003fffc0   00000002  00000000  00000002  RWIX
  VECTORS               003fffc2   0000003e  00000000  0000003e  RWIX

PAGE 1:
  M01SARAM              00000000   00000800  00000000  00000800  RWIX
  DEV_EMU               00000880   00000105  00000004  00000101  RWIX
  SYS_PWR_CTL           00000985   00000003  00000003  00000000  RWIX
  FLASH_REGS            00000a80   00000060  00000008  00000058  RWIX
  CSM                   00000ae0   00000020  00000010  00000010  RWIX
  ADC_RESULT            00000b00   00000020  00000010  00000010  RWIX
  CPU_TIMER0            00000c00   00000008  00000008  00000000  RWIX
  CPU_TIMER1            00000c08   00000008  00000008  00000000  RWIX
  CPU_TIMER2            00000c10   00000008  00000008  00000000  RWIX
  PIE_CTRL              00000ce0   00000020  0000001a  00000006  RWIX
  PIEVECT               00000d00   00000100  00000000  00000100  RWIX
  DMA                   00001000   00000200  000000e0  00000120  RWIX
  CLA1                  00001400   00000080  00000040  00000040  RWIX
  USB0                  00004000   00001000  00000454  00000bac  RWIX
  McBSPA                00005000   00000040  00000024  0000001c  RWIX
  ECANA                 00006000   00000040  00000034  0000000c  RWIX
  ECANA_LAM             00006040   00000040  00000040  00000000  RWIX
  ECANA_MOTS            00006080   00000040  00000040  00000000  RWIX
  ECANA_MOTO            000060c0   00000040  00000040  00000000  RWIX
  ECANA_MBOX            00006100   00000100  00000100  00000000  RWIX
  COMP1                 00006400   00000020  00000014  0000000c  RWIX
  COMP2                 00006420   00000020  00000014  0000000c  RWIX
  COMP3                 00006440   00000020  00000014  0000000c  RWIX
  EPWM1                 00006800   00000040  00000040  00000000  RWIX
  EPWM2                 00006840   00000040  00000040  00000000  RWIX
  EPWM3                 00006880   00000040  00000040  00000000  RWIX
  EPWM4                 000068c0   00000040  00000040  00000000  RWIX
  EPWM5                 00006900   00000040  00000040  00000000  RWIX
  EPWM6                 00006940   00000040  00000040  00000000  RWIX
  EPWM7                 00006980   00000040  00000040  00000000  RWIX
  EPWM8                 000069c0   00000040  00000040  00000000  RWIX
  ECAP1                 00006a00   00000020  00000020  00000000  RWIX
  ECAP2                 00006a20   00000020  00000020  00000000  RWIX
  ECAP3                 00006a40   00000020  00000020  00000000  RWIX
  HRCAP1                00006ac0   00000020  00000020  00000000  RWIX
  HRCAP2                00006ae0   00000020  00000020  00000000  RWIX
  EQEP1                 00006b00   00000040  00000022  0000001e  RWIX
  EQEP2                 00006b40   00000040  00000022  0000001e  RWIX
  HRCAP3                00006c80   00000020  00000020  00000000  RWIX
  HRCAP4                00006ca0   00000020  00000020  00000000  RWIX
  GPIOCTRL              00006f80   00000040  00000040  00000000  RWIX
  GPIODAT               00006fc0   00000020  00000020  00000000  RWIX
  GPIOINT               00006fe0   00000020  00000020  00000000  RWIX
  SYSTEM                00007010   00000030  00000030  00000000  RWIX
  SPIA                  00007040   00000010  00000010  00000000  RWIX
  SCIA                  00007050   00000010  00000010  00000000  RWIX
  NMIINTRUPT            00007060   00000010  00000010  00000000  RWIX
  XINTRUPT              00007070   00000010  00000010  00000000  RWIX
  ADC                   00007100   00000080  00000050  00000030  RWIX
  SPIB                  00007740   00000010  00000010  00000000  RWIX
  SCIB                  00007750   00000010  00000010  00000000  RWIX
  I2CA                  00007900   00000040  00000022  0000001e  RWIX
  L46SARAM              0000a000   00006000  000036cc  00002934  RWIX
  L78SARAM              00010000   00004000  00000120  00003ee0  RWIX
  PARTID                003d7e80   00000001  00000001  00000000  RWIX
  CSM_PWL               003f7ff8   00000008  00000008  00000000  RWIX


SECTION ALLOCATION MAP

 output                                  attributes/
section   page    origin      length       input sections
--------  ----  ----------  ----------   ----------------
.pinit     0    003d8000    00000000     UNINITIALIZED

xdc.meta   0    00000000    000000e1     COPY SECTION
                  00000000    000000e1     Quad_p28FP.o28FP (xdc.meta)

EmuKeyVar 
*          0    00000d00    00000001     DSECT
                  00000d00    00000001     F2806x_GlobalVariableDefs.obj (EmuKeyVar)

PieVectTableFile 
*          0    00000d00    00000100     DSECT
                  00000d00    00000100     F2806x_GlobalVariableDefs.obj (PieVectTableFile)

EmuBModeVar 
*          0    00000d01    00000001     DSECT
                  00000d01    00000001     F2806x_GlobalVariableDefs.obj (EmuBModeVar)

FlashCallbackVar 
*          0    00000d02    00000002     DSECT
                  00000d02    00000002     F2806x_GlobalVariableDefs.obj (FlashCallbackVar)

FlashScalingVar 
*          0    00000d04    00000002     DSECT
                  00000d04    00000002     F2806x_GlobalVariableDefs.obj (FlashScalingVar)

.text      0    003d8000    0000439c     
                  003d8000    000003f0     Sensor_Drvr.obj (.text)
                  003d83f0    0000039b     F2806x_DefaultIsr.obj (.text:retain)
                  003d878b    00000234     ti.targets.rts2800.a28FP : System.o28FP (.text:_xdc_runtime_System_doPrint__I)
                  003d89bf    00000211     rts2800_fpu32.lib : trgdrv.obj (.text)
                  003d8bd0    000001e6     sysbios.a28FP : BIOS.obj (.text:_ti_sysbios_knl_Semaphore_pend__E)
                  003d8db6    000001d8                   : BIOS.obj (.text:_ti_sysbios_heaps_HeapMem_free__E)
                  003d8f8e    000001d0                   : BIOS.obj (.text:_ti_sysbios_heaps_HeapMem_alloc__E)
                  003d915e    00000183     F2806x_SysCtrl.obj (.text)
                  003d92e1    0000014b     I2C_Device.obj (.text)
                  003d942c    0000013c     sysbios.a28FP : BIOS.obj (.text:_ti_sysbios_knl_Task_sleep__E)
                  003d9568    0000010a     Quad_p28FP.o28FP (.text:_ti_uia_loggers_LoggerStopMode_writeMemoryRange__E)
                  003d9672    0000010a     Quad_p28FP.o28FP (.text:_xdc_runtime_System_printfExtend__I)
                  003d977c    00000107     rts2800_fpu32.lib : ll_div.obj (.text)
                  003d9883    00000105     sysbios.a28FP : BIOS.obj (.text:_ti_sysbios_heaps_HeapMem_Instance_init__E)
                  003d9988    000000f7     Quad_p28FP.o28FP (.text:_ti_uia_loggers_LoggerStopMode_writeFinish)
                  003d9a7f    000000e7     sysbios.a28FP : BIOS.obj (.text:_ti_sysbios_family_c28_Hwi_clearInterrupt__E)
                  003d9b66    000000c9     ti.targets.rts2800.a28FP : Core-mem.o28FP (.text:_xdc_runtime_Core_createObject__I)
                  003d9c2f    000000c0     sysbios.a28FP : BIOS.obj (.text:_ti_sysbios_family_c28_Hwi_dispatchCore__I)
                  003d9cef    000000bf                   : BIOS.obj (.text:_ti_sysbios_knl_Semaphore_post__E)
                  003d9dae    000000bd                   : BIOS.obj (.text:_ti_sysbios_knl_Clock_workFunc__E)
                  003d9e6b    000000ba     F2806x_EPwm.obj (.text)
                  003d9f25    000000b2     sysbios.a28FP : BIOS.obj (.text:_ti_sysbios_knl_Swi_run__I)
                  003d9fd7    000000a2     ti.targets.rts2800.a28FP : Core-smem.o28FP (.text:_xdc_runtime_Core_constructObject__I)
                  003da079    0000009a     sysbios.a28FP : c28_Hwi_disp.obj (.text:_ti_sysbios_family_c28_Hwi_dispatch)
                  003da113    0000009a     ti.targets.rts2800.a28FP : Error.o28FP (.text:_xdc_runtime_Error_policyDefault__E)
                  003da1ad    00000092     sysbios.a28FP : BIOS.obj (.text:_ti_sysbios_family_c28_Hwi_enableInterrupt__E)
                  003da23f    00000091     main.obj (.text)
                  003da2d0    0000008e     rts2800_fpu32.lib : ankmsg.obj (.text)
                  003da35e    00000088                       : fs_div.obj (.text)
                  003da3e6    00000087     sysbios.a28FP : BIOS.obj (.text:_ti_sysbios_family_c28_Hwi_disableInterrupt__E)
                  003da46d    00000086                   : BIOS.obj (.text:_ti_sysbios_family_c28_Hwi_disablePIEIER__E)
                  003da4f3    00000083                   : BIOS.obj (.text:_ti_sysbios_family_c28_Hwi_enablePIEIER__E)
                  003da576    0000007d     ti.targets.rts2800.a28FP : Startup.o28FP (.text:_xdc_runtime_Startup_startMods__I)
                  003da5f3    0000007a     ti.uia.loggers.a28FP : LoggerStopMode.o28FP (.text:_ti_uia_loggers_LoggerStopMode_flush__E)
                  003da66d    00000078     sysbios.a28FP : BIOS.obj (.text:_ti_sysbios_family_c28_Timer_stopAndClear__I)
                  003da6e5    00000077     F2806x_CpuTimers.obj (.text)
                  003da75c    00000074     sysbios.a28FP : BIOS.obj (.text:_ti_sysbios_gates_GateMutex_enter__E)
                  003da7d0    00000073                   : BIOS.obj (.text:_ti_sysbios_utils_Load_updateLoads__E)
                  003da843    00000070                   : BIOS.obj (.text:_ti_sysbios_knl_Task_schedule__I)
                  003da8b3    0000006f                   : BIOS.obj (.text:_ti_sysbios_knl_Task_startCore__E)
                  003da922    0000006e                   : BIOS.obj (.text:_ti_sysbios_knl_Semaphore_Instance_init__E)
                  003da990    0000006d                   : BIOS.obj (.text:_ti_sysbios_knl_Task_checkStacks__E)
                  003da9fd    00000068     ti.targets.rts2800.a28FP : Text.o28FP (.text:_xdc_runtime_Text_putSite__E)
                  003daa65    00000067     sysbios.a28FP : BIOS.obj (.text:_ti_sysbios_utils_Load_idleFxn__E)
                  003daacc    00000066                   : BIOS.obj (.text:_ti_sysbios_knl_Task_blockI__E)
                  003dab32    00000063     boot.a28FP : boot_cg.o28FP (.text)
                  003dab95    00000062     sysbios.a28FP : BIOS.obj (.text:_ti_sysbios_knl_Swi_post__E)
                  003dabf7    0000005f     Quad_p28FP.o28FP (.text:_ti_uia_loggers_LoggerStopMode_write8__E)
                  003dac56    00000059     LED_Driver.obj (.text)
                  003dacaf    00000059     sysbios.a28FP : BIOS.obj (.text:_ti_sysbios_knl_Task_exit__E)
                  003dad08    00000058     ti.uia.loggers.a28FP : LoggerStopMode.o28FP (.text:_ti_uia_loggers_LoggerStopMode_initQueueDescriptor__E)
                  003dad60    00000058     ti.targets.rts2800.a28FP : Memory.o28FP (.text:_xdc_runtime_Memory_alloc__E)
                  003dadb8    00000053     sysbios.a28FP : BIOS.obj (.text:_ti_sysbios_knl_Task_unblockI__E)
                  003dae0b    0000004b                   : BIOS.obj (.text:_ti_sysbios_knl_Task_postInit__I)
                  003dae56    0000004a     F2806x_Spi.obj (.text)
                  003daea0    0000004a     ti.targets.rts2800.a28FP : Text.o28FP (.text:_xdc_runtime_Text_putLab__E)
                  003daeea    00000049     sysbios.a28FP : BIOS.obj (.text:_ti_sysbios_family_c28_TimestampProvider_get64__E)
                  003daf33    00000048                   : BIOS.obj (.text:_ti_sysbios_family_c28_Timer_postInit__I)
                  003daf7b    00000048     Quad_p28FP.o28FP (.text:_ti_uia_loggers_LoggerStopMode_writeStart)
                  003dafc3    00000047     sysbios.a28FP : BIOS.obj (.text:_ti_sysbios_family_c28_Hwi_Module_startup__E)
                  003db00a    00000047     Quad_p28FP.o28FP (.text:_ti_uia_loggers_LoggerStopMode_write4__E)
                  003db051    00000046     ti.targets.rts2800.a28FP : Core-mem.o28FP (.text:_xdc_runtime_Core_deleteObject__I)
                  003db097    00000046     rts2800_fpu32.lib : far_cpy_tbl.obj (.text)
                  003db0dd    00000042     sysbios.a28FP : BIOS.obj (.text:_ti_sysbios_utils_Load_logLoads__I)
                  003db11f    00000041                   : BIOS.obj (.text:_ti_sysbios_family_c28_Hwi_unPluggedInterrupt__I)
                  003db160    0000003e                   : BIOS.obj (.text:_ti_sysbios_family_c28_TaskSupport_start__E)
                  003db19e    0000003e     ti.targets.rts2800.a28FP : System.o28FP (.text:_xdc_runtime_System_formatNum__I)
                  003db1dc    0000003d     ti.uia.runtime.a28FP : QueueDescriptor.o28FP (.text:_ti_uia_runtime_QueueDescriptor_addToList__E)
                  003db219    0000003b     Quad_p28FP.o28FP (.text:_ti_uia_loggers_LoggerStopMode_write2__E)
                  003db254    0000003b     ti.targets.rts2800.a28FP : Core-params.o28FP (.text:_xdc_runtime_Core_assignParams__I)
                  003db28f    0000003a                              : Text.o28FP (.text:_xdc_runtime_Text_putMod__E)
                  003db2c9    00000038     sysbios.a28FP : BIOS.obj (.text:_ti_sysbios_knl_Clock_logTick__E)
                  003db301    00000038                   : BIOS.obj (.text:_ti_sysbios_knl_Swi_restoreHwi__E)
                  003db339    00000038                   : BIOS.obj (.text:_ti_sysbios_utils_Load_logCPULoad__I)
                  003db371    00000037                   : BIOS.obj (.text:_ti_sysbios_utils_Load_updateThreadContexts__E)
                  003db3a8    00000036                   : BIOS.obj (.text:_ti_sysbios_family_c28_TimestampProvider_Module_startup__E)
                  003db3de    00000035     Quad_p28FP.o28FP (.text:_ti_uia_loggers_LoggerStopMode_write1__E)
                  003db413    00000034     Quad_p28FP.o28FP (.text:_ti_sysbios_BIOS_rtsUnlock__I)
                  003db447    00000034     ti.targets.rts2800.a28FP : Text.o28FP (.text:_xdc_runtime_Text_visitRope2__I)
                  003db47b    00000033     sysbios.a28FP : BIOS.obj (.text:_ti_sysbios_family_c28_TimestampProvider_get32__E)
                  003db4ae    00000033     ti.targets.rts2800.a28FP : Assert.o28FP (.text:_xdc_runtime_Assert_raise__I)
                  003db4e1    00000032     sysbios.a28FP : BIOS.obj (.text:_ti_sysbios_family_c28_Timer_start__E)
                  003db513    00000032                   : BIOS.obj (.text:_ti_sysbios_knl_Task_Module_startup__E)
                  003db545    00000032     ti.targets.rts2800.a28FP : Error.o28FP (.text:_xdc_runtime_Error_setX__E)
                  003db577    00000031                              : Startup.o28FP (.text:_xdc_runtime_Startup_exec__E)
                  003db5a8    00000030                              : Error.o28FP (.text:_xdc_runtime_Error_print__E)
                  003db5d8    0000002f     sysbios.a28FP : BIOS.obj (.text:_ti_sysbios_knl_Swi_runLoop__I)
                  003db607    0000002e     Boot.a28FP : Boot.o28FP (.text:.bootCodeSection:_ti_catalog_c2800_init_Boot_configurePll2802x)
                  003db635    0000002e     sysbios.a28FP : BIOS.obj (.text:_ti_sysbios_family_c28_Timer_getFreq__E)
                  003db663    0000002e                   : BIOS.obj (.text:_ti_sysbios_knl_Swi_schedule__I)
                  003db691    0000002e                   : BIOS.obj (.text:_ti_sysbios_utils_Load_updateCurrentThreadTime__E)
                  003db6bf    0000002d                   : BIOS.obj (.text:_ti_sysbios_family_c28_Hwi_getStackInfo__E)
                  003db6ec    0000002d                   : BIOS.obj (.text:_ti_sysbios_heaps_HeapMem_getStats__E)
                  003db719    0000002d                   : BIOS.obj (.text:_ti_sysbios_heaps_HeapMem_init__I)
                  003db746    0000002c                   : BIOS.obj (.text:_ti_sysbios_family_c28_Hwi_getInterruptFlag__E)
                  003db772    0000002c     ti.uia.loggers.a28FP : LoggerStopMode.o28FP (.text:_ti_uia_loggers_LoggerStopMode_Module_startup__E)
                  003db79e    0000002b     sysbios.a28FP : BIOS.obj (.text:_ti_sysbios_family_c28_Timer_getExpiredCounts64__E)
                  003db7c9    0000002b     Quad_p28FP.o28FP (.text:_ti_uia_loggers_LoggerStopMode_write0__E)
                  003db7f4    00000028     F2806x_PieCtrl.obj (.text)
                  003db81c    00000028     ti.targets.rts2800.a28FP : SysMin.o28FP (.text:_xdc_runtime_SysMin_flush__E)
                  003db844    00000027                              : Text.o28FP (.text:_xdc_runtime_Text_xprintf__I)
                  003db86b    00000026     sysbios.a28FP : BIOS.obj (.text:_ti_sysbios_family_c28_Timer_getExpiredCounts__E)
                  003db891    00000026                   : BIOS.obj (.text:_ti_sysbios_family_c28_Timer_setPrescale__E)
                  003db8b7    00000025     F2806x_PieVect.obj (.text)
                  003db8dc    00000025     sysbios.a28FP : c28_TaskSupport_asm.obj (.text:_ti_sysbios_family_c28_TaskSupport_buildTaskStack)
                  003db901    00000025     ti.uia.loggers.a28FP : LoggerStopMode.o28FP (.text:_ti_uia_loggers_LoggerStopMode_initBuffer__I)
                  003db926    00000024                          : LoggerStopMode.o28FP (.text:_ti_uia_loggers_LoggerStopMode_reset__E)
                  003db94a    00000024     ti.targets.rts2800.a28FP : System.o28FP (.text:_xdc_runtime_System_processAtExit__E)
                  003db96e    00000023     Quad_p28FP.o28FP (.text:_malloc)
                  003db991    00000001     Quad_p28FP.o28FP (.text:_ti_sysbios_BIOS_nullFunc__I)
                  003db992    00000023     rts2800_fpu32.lib : sqrt.obj (.text)
                  003db9b5    00000022                       : i_div.obj (.text)
                  003db9d7    00000021     sysbios.a28FP : BIOS.obj (.text:_ti_sysbios_knl_Task_allBlockedFunction__I)
                  003db9f8    00000021     ti.targets.rts2800.a28FP : System.o28FP (.text:_xdc_runtime_System_atexit__E)
                  003dba19    00000021     rts2800_fpu32.lib : memcpy_ff.obj (.text)
                  003dba3a    00000020                       : new_.obj (.text)
                  003dba5a    0000001e     Quad_p28FP.o28FP (.text:_ti_sysbios_gates_GateHwi_Object__create__S)
                  003dba78    0000001e     Quad_p28FP.o28FP (.text:_ti_sysbios_gates_GateMutex_Object__create__S)
                  003dba96    0000001e     Quad_p28FP.o28FP (.text:_ti_sysbios_heaps_HeapMem_Object__create__S)
                  003dbab4    0000001e     Quad_p28FP.o28FP (.text:_ti_uia_loggers_LoggerStopMode_Object__create__S)
                  003dbad2    0000001e     ti.targets.rts2800.a28FP : SysMin.o28FP (.text:_xdc_runtime_SysMin_putch__E)
                  003dbaf0    0000001d     sysbios.a28FP : c28_TaskSupport_asm.obj (.text:_ti_sysbios_family_c28_TaskSupport_swap__E)
                  003dbb0d    0000001c     Quad_p28FP.o28FP (.text:_ti_sysbios_family_c28_Hwi_Object__get__S)
                  003dbb29    0000001c     sysbios.a28FP : BIOS.obj (.text:_ti_sysbios_knl_Clock_addI__E)
                  003dbb45    0000001c     Quad_p28FP.o28FP (.text:_ti_sysbios_knl_Queue_Object__get__S)
                  003dbb61    0000001b     sysbios.a28FP : c28_Hwi_asm.obj (.text:_ti_sysbios_family_c28_Hwi_switchAndDispatch__I)
                  003dbb7c    0000001b                   : BIOS.obj (.text:_ti_sysbios_hal_Hwi_checkStack)
                  003dbb97    0000001b     Quad_p28FP.o28FP (.text:_xdc_runtime_SysMin_output__I)
                  003dbbb2    0000001a     sysbios.a28FP : BIOS.obj (.text:_ti_sysbios_hal_Hwi_initStack)
                  003dbbcc    0000001a                   : BIOS.obj (.text:_ti_sysbios_knl_Task_processVitalTaskFlag__I)
                  003dbbe6    0000001a     ti.targets.rts2800.a28FP : Core-label.o28FP (.text:_xdc_runtime_Core_assignLabel__I)
                  003dbc00    0000001a     rts2800_fpu32.lib : cpy_utils.obj (.text)
                  003dbc1a    00000019     Quad_p28FP.o28FP (.text:_ti_sysbios_heaps_HeapMem_Object__get__S)
                  003dbc33    00000019     Quad_p28FP.o28FP (.text:_ti_sysbios_knl_Semaphore_construct)
                  003dbc4c    00000019     sysbios.a28FP : BIOS.obj (.text:_ti_sysbios_knl_Semaphore_pendTimeout__I)
                  003dbc65    00000019     Quad_p28FP.o28FP (.text:_ti_sysbios_knl_Swi_Object__get__S)
                  003dbc7e    00000019     sysbios.a28FP : BIOS.obj (.text:_ti_sysbios_knl_Swi_restore__E)
                  003dbc97    00000019     Quad_p28FP.o28FP (.text:_ti_sysbios_knl_Task_Object__get__S)
                  003dbcb0    00000019     Quad_p28FP.o28FP (.text:_ti_uia_loggers_LoggerStopMode_Object__get__S)
                  003dbcc9    00000019     ti.targets.rts2800.a28FP : System.o28FP (.text:_xdc_runtime_System_avprintf__E)
                  003dbce2    00000019                              : System.o28FP (.text:_xdc_runtime_System_putchar__I)
                  003dbcfb    00000019     rts2800_fpu32.lib : args_main.obj (.text)
                  003dbd14    00000019                       : exit.obj (.text)
                  003dbd2d    00000018     sysbios.a28FP : c28_Hwi_asm.obj (.text:_ti_sysbios_family_xxx_Hwi_switchAndRunFunc)
                  003dbd45    00000018     ti.targets.rts2800.a28FP : System.o28FP (.text:_xdc_runtime_System_vprintf__E)
                  003dbd5d    00000018                              : Text.o28FP (.text:_xdc_runtime_Text_printVisFxn__I)
                  003dbd75    00000017     Quad_p28FP.o28FP (.text:_ti_sysbios_BIOS_atExitFunc__I)
                  003dbd8c    00000017     Quad_p28FP.o28FP (.text:_ti_sysbios_knl_Clock_doTick__I)
                  003dbda3    00000017     Quad_p28FP.o28FP (.text:_ti_sysbios_knl_Queue_construct)
                  003dbdba    00000017     ti.targets.rts2800.a28FP : Memory.o28FP (.text:_xdc_runtime_Memory_valloc__E)
                  003dbdd1    00000016     sysbios.a28FP : BIOS.obj (.text:_ti_sysbios_family_c28_Timer_Module_startup__E)
                  003dbde7    00000016                   : BIOS.obj (.text:_ti_sysbios_family_c28_Timer_startup__E)
                  003dbdfd    00000016                   : BIOS.obj (.text:_ti_sysbios_knl_Task_restore__E)
                  003dbe13    00000016     ti.targets.rts2800.a28FP : SysMin.o28FP (.text:_xdc_runtime_SysMin_abort__E)
                  003dbe29    00000015     sysbios.a28FP : BIOS.obj (.text:_ti_sysbios_knl_Idle_run__E)
                  003dbe3e    00000015                   : BIOS.obj (.text:_ti_sysbios_knl_Swi_Module_startup__E)
                  003dbe53    00000015                   : BIOS.obj (.text:_ti_sysbios_utils_Load_getGlobalHwiLoad__E)
                  003dbe68    00000015     Quad_p28FP.o28FP (.text:_ti_uia_loggers_LoggerStopMode_fillInTimestamp)
                  003dbe7d    00000014     Quad_p28FP.o28FP (.text:_ti_sysbios_BIOS_errorRaiseHook__I)
                  003dbe91    00000013     Quad_p28FP.o28FP (.text:_free)
                  003dbea4    00000013     Quad_p28FP.o28FP (.text:_ti_sysbios_gates_GateMutex_Object__delete__S)
                  003dbeb7    00000012     Quad_p28FP.o28FP (.text:_ti_sysbios_family_c28_Hwi_disableIER__E)
                  003dbec9    00000012     sysbios.a28FP : BIOS.obj (.text:_ti_sysbios_family_c28_Timer_stop__E)
                  003dbedb    00000012     Quad_p28FP.o28FP (.text:_ti_sysbios_gates_GateHwi_Object__delete__S)
                  003dbeed    00000012     Quad_p28FP.o28FP (.text:_ti_sysbios_heaps_HeapMem_Object__delete__S)
                  003dbeff    00000012     sysbios.a28FP : BIOS.obj (.text:_ti_sysbios_knl_Clock_Module_startup__E)
                  003dbf11    00000012     Quad_p28FP.o28FP (.text:_ti_uia_loggers_LoggerStopMode_Object__delete__S)
                  003dbf23    00000012     ti.targets.rts2800.a28FP : Text.o28FP (.text:_xdc_runtime_Text_cordText__E)
                  003dbf35    00000011     Quad_p28FP.o28FP (.text:_ti_sysbios_gates_GateHwi_Handle__label__S)
                  003dbf46    00000011     Quad_p28FP.o28FP (.text:_ti_sysbios_gates_GateMutex_Handle__label__S)
                  003dbf57    00000011     Quad_p28FP.o28FP (.text:_ti_sysbios_heaps_HeapMem_Handle__label__S)
                  003dbf68    00000011     Quad_p28FP.o28FP (.text:_ti_uia_loggers_LoggerStopMode_Handle__label__S)
                  003dbf79    00000011     ti.uia.loggers.a28FP : LoggerStopMode.o28FP (.text:_ti_uia_loggers_LoggerStopMode_Instance_init__E)
                  003dbf8a    00000011     ti.targets.rts2800.a28FP : Error.o28FP (.text:_xdc_runtime_Error_raiseX__E)
                  003dbf9b    00000010     Quad_p28FP.o28FP (.text:_ti_sysbios_BIOS_rtsLock__I)
                  003dbfab    00000010     Quad_p28FP.o28FP (.text:_ti_sysbios_family_c28_Hwi_enableIER__E)
                  003dbfbb    00000010     sysbios.a28FP : BIOS.obj (.text:_ti_sysbios_knl_Task_restoreHwi__E)
                  003dbfcb    00000010     ti.targets.rts2800.a28FP : SysMin.o28FP (.text:_xdc_runtime_SysMin_Module_startup__E)
                  003dbfdb    0000000f     Boot.a28FP : Boot.o28FP (.text:.bootCodeSection:_ti_catalog_c2800_init_Boot_disableWatchdog)
                  003dbfea    0000000f     Quad_p28FP.o28FP (.text:_ti_sysbios_BIOS_startFunc__I)
                  003dbff9    0000000f     sysbios.a28FP : BIOS.obj (.text:_ti_sysbios_gates_GateMutex_Instance_init__E)
                  003dc008    0000000f     Quad_p28FP.o28FP (.text:_ti_sysbios_knl_Semaphore_Object__destruct__S)
                  003dc017    0000000f     Quad_p28FP.o28FP (.text:_xdc_runtime_IHeap_alloc)
                  003dc026    0000000f     ti.targets.rts2800.a28FP : Registry.o28FP (.text:_xdc_runtime_Registry_findById__E)
                  003dc035    0000000e     Quad_p28FP.o28FP (.text:_ti_sysbios_knl_Queue_Object__destruct__S)
                  003dc043    0000000e     ti.uia.loggers.a28FP : LoggerStopMode.o28FP (.text:_ti_uia_loggers_LoggerStopMode_enable__E)
                  003dc051    0000000e     Quad_p28FP.o28FP (.text:_xdc_runtime_Text_visitRope__I)
                  003dc05f    0000000d     Quad_p28FP.o28FP (.text:_ti_sysbios_BIOS_registerRTSLock__I)
                  003dc06c    0000000d     Quad_p28FP.o28FP (.text:_ti_sysbios_BIOS_removeRTSLock__I)
                  003dc079    0000000d     sysbios.a28FP : BIOS.obj (.text:_ti_sysbios_family_c28_Hwi_dispatchC__I)
                  003dc086    0000000d     Quad_p28FP.o28FP (.text:_ti_sysbios_family_c28_Hwi_restoreIER__E)
                  003dc093    0000000d     Quad_p28FP.o28FP (.text:_ti_sysbios_knl_Task_SupportProxy_start__E)
                  003dc0a0    0000000d     sysbios.a28FP : BIOS.obj (.text:_ti_sysbios_knl_Task_sleepTimeout__I)
                  003dc0ad    0000000d     ti.uia.loggers.a28FP : LoggerStopMode.o28FP (.text:_ti_uia_loggers_LoggerStopMode_disable__E)
                  003dc0ba    0000000d     Quad_p28FP.o28FP (.text:_xdc_runtime_IHeap_free)
                  003dc0c7    0000000d     Quad_p28FP.o28FP (.text:_xdc_runtime_Memory_HeapProxy_alloc__E)
                  003dc0d4    0000000d     ti.targets.rts2800.a28FP : System.o28FP (.text:_xdc_runtime_System_abort__E)
                  003dc0e1    0000000d     rts2800_fpu32.lib : memset.obj (.text)
                  003dc0ee    0000000c     Quad_p28FP.o28FP (.text:_ti_sysbios_BIOS_exitFunc__I)
                  003dc0fa    0000000c     sysbios.a28FP : BIOS.obj (.text:_ti_sysbios_gates_GateMutex_leave__E)
                  003dc106    0000000c                   : BIOS.obj (.text:_ti_sysbios_knl_Queue_put__E)
                  003dc112    0000000c                   : BIOS.obj (.text:_ti_sysbios_knl_Task_enabled__E)
                  003dc11e    0000000c     ti.targets.rts2800.a28FP : Error.o28FP (.text:_xdc_runtime_Error_check__E)
                  003dc12a    0000000b     Quad_p28FP.o28FP (.text:_ti_sysbios_family_c28_Hwi_Module__startupDone__F)
                  003dc135    0000000b     Quad_p28FP.o28FP (.text:_ti_sysbios_family_c28_Timer_Module__startupDone__F)
                  003dc140    0000000b     sysbios.a28FP : BIOS.obj (.text:_ti_sysbios_knl_Task_enter__I)
                  003dc14b    0000000b                   : BIOS.obj (.text:_ti_sysbios_knl_Task_unblock__E)
                  003dc156    0000000b     Quad_p28FP.o28FP (.text:_xdc_runtime_Memory_HeapProxy_free__E)
                  003dc161    0000000b     ti.targets.rts2800.a28FP : SysMin.o28FP (.text:_xdc_runtime_SysMin_exit__E)
                  003dc16c    0000000b     Quad_p28FP.o28FP (.text:_xdc_runtime_System_aprintf__E)
                  003dc177    0000000b     ti.targets.rts2800.a28FP : System.o28FP (.text:_xdc_runtime_System_exit__E)
                  003dc182    0000000b     Quad_p28FP.o28FP (.text:_xdc_runtime_System_printf__E)
                  003dc18d    0000000b     ti.targets.rts2800.a28FP : Text.o28FP (.text:_xdc_runtime_Text_ropeText__E)
                  003dc198    0000000a     ti.uia.loggers.a28FP : LoggerStopMode.o28FP (.text:_ti_uia_loggers_LoggerStopMode_isEmpty__E)
                  003dc1a2    0000000a     ti.targets.rts2800.a28FP : Memory.o28FP (.text:_xdc_runtime_Memory_free__E)
                  003dc1ac    0000000a     Quad_p28FP.o28FP (.text:_xdc_runtime_Startup_exec__I)
                  003dc1b6    00000009     Quad_p28FP.o28FP (.text:_ti_sysbios_BIOS_RtsGateProxy_leave__E)
                  003dc1bf    00000009     sysbios.a28FP : BIOS.obj (.text:_ti_sysbios_family_c28_TaskSupport_checkStack__E)
                  003dc1c8    00000009                   : c28_TaskSupport_asm.obj (.text:_ti_sysbios_family_c28_TaskSupport_glue)
                  003dc1d1    00000009                   : BIOS.obj (.text:_ti_sysbios_hal_Hwi_Module_startup__E)
                  003dc1da    00000009     Quad_p28FP.o28FP (.text:_ti_sysbios_heaps_HeapMem_Module_GateProxy_leave__E)
                  003dc1e3    00000009     Quad_p28FP.o28FP (.text:_ti_sysbios_knl_Task_SupportProxy_checkStack__E)
                  003dc1ec    00000009     Quad_p28FP.o28FP (.text:_ti_sysbios_knl_Task_SupportProxy_swap__E)
                  003dc1f5    00000009     Quad_p28FP.o28FP (.text:_xdc_runtime_System_Module_GateProxy_leave__E)
                  003dc1fe    00000009     ti.targets.rts2800.a28FP : System.o28FP (.text:_xdc_runtime_System_vsnprintf__E)
                  003dc207    00000009     rts2800_fpu32.lib : _lock.obj (.text)
                  003dc210    00000008     sysbios.a28FP : BIOS.obj (.text:_ti_sysbios_BIOS_setThreadType__E)
                  003dc218    00000008                   : BIOS.obj (.text:_ti_sysbios_gates_GateMutex_Instance_finalize__E)
                  003dc220    00000008     Quad_p28FP.o28FP (.text:_ti_sysbios_hal_Hwi_HwiProxy_getStackInfo__E)
                  003dc228    00000008     Quad_p28FP.o28FP (.text:_ti_sysbios_knl_Clock_Module_State_clockQ)
                  003dc230    00000008     sysbios.a28FP : BIOS.obj (.text:_ti_sysbios_knl_Queue_empty__E)
                  003dc238    00000008                   : BIOS.obj (.text:_ti_sysbios_knl_Semaphore_Instance_finalize__E)
                  003dc240    00000008     ti.targets.rts2800.a28FP : Memory.o28FP (.text:_xdc_runtime_Memory_calloc__E)
                  003dc248    00000008                              : SysMin.o28FP (.text:_xdc_runtime_SysMin_ready__E)
                  003dc250    00000008     rts2800_fpu32.lib : strlen.obj (.text)
                  003dc258    00000007     Quad_p28FP.o28FP (.text:.bootCodeSection:_ti_catalog_c2800_init_Boot_init)
                  003dc25f    00000007     Quad_p28FP.o28FP (.text:_ti_sysbios_BIOS_RtsGateProxy_enter__E)
                  003dc266    00000007     Quad_p28FP.o28FP (.text:_ti_sysbios_family_c28_Hwi_disable__E)
                  003dc26d    00000007     Quad_p28FP.o28FP (.text:_ti_sysbios_heaps_HeapMem_Module_GateProxy_enter__E)
                  003dc274    00000007     Quad_p28FP.o28FP (.text:_ti_sysbios_knl_Clock_TimerProxy_getMaxTicks__E)
                  003dc27b    00000007     Quad_p28FP.o28FP (.text:_ti_sysbios_knl_Queue_destruct)
                  003dc282    00000007     Quad_p28FP.o28FP (.text:_ti_sysbios_knl_Semaphore_destruct)
                  003dc289    00000007     Quad_p28FP.o28FP (.text:_xdc_runtime_System_Module_GateProxy_enter__E)
                  003dc290    00000007     Quad_p28FP.o28FP (.text:_xdc_runtime_System_SupportProxy_abort__E)
                  003dc297    00000007     Quad_p28FP.o28FP (.text:_xdc_runtime_Timestamp_SupportProxy_get64__E)
                  003dc29e    00000007     Quad_p28FP.o28FP (.text:_xdc_runtime_Timestamp_SupportProxy_getFreq__E)
                  003dc2a5    00000006     Quad_p28FP.o28FP (.text:_ti_sysbios_family_c28_Hwi_restore__E)
                  003dc2ab    00000006     sysbios.a28FP : c28_IntrinsicsSupport_asm.obj (.text:_ti_sysbios_family_c28_IntrinsicsSupport_maxbit__E)
                  003dc2b1    00000006                   : BIOS.obj (.text:_ti_sysbios_family_c28_TimestampProvider_rolloverFunc__E)
                  003dc2b7    00000006                   : BIOS.obj (.text:_ti_sysbios_family_c28_TimestampProvider_startTimer__E)
                  003dc2bd    00000006     Quad_p28FP.o28FP (.text:_ti_sysbios_hal_Hwi_restore)
                  003dc2c3    00000006     Quad_p28FP.o28FP (.text:_ti_sysbios_heaps_HeapMem_Module_GateProxy_query__E)
                  003dc2c9    00000006     sysbios.a28FP : BIOS.obj (.text:_ti_sysbios_knl_Swi_disable__E)
                  003dc2cf    00000006                   : BIOS.obj (.text:_ti_sysbios_knl_Task_disable__E)
                  003dc2d5    00000006     Quad_p28FP.o28FP (.text:_ti_uia_loggers_LoggerStopMode_getFilterLevel__E)
                  003dc2db    00000006     Quad_p28FP.o28FP (.text:_ti_uia_loggers_LoggerStopMode_setFilterLevel__E)
                  003dc2e1    00000006     ti.targets.rts2800.a28FP : Gate.o28FP (.text:_xdc_runtime_Gate_enterSystem__E)
                  003dc2e7    00000006                              : Gate.o28FP (.text:_xdc_runtime_Gate_leaveSystem__E)
                  003dc2ed    00000006     Quad_p28FP.o28FP (.text:_xdc_runtime_System_SupportProxy_exit__E)
                  003dc2f3    00000006     Quad_p28FP.o28FP (.text:_xdc_runtime_System_SupportProxy_putch__E)
                  003dc2f9    00000005     sysbios.a28FP : BIOS.obj (.text:_ti_sysbios_BIOS_start__E)
                  003dc2fe    00000005                   : BIOS.obj (.text:_ti_sysbios_family_c28_Hwi_switchFromBootStack__E)
                  003dc303    00000005                   : BIOS.obj (.text:_ti_sysbios_gates_GateHwi_enter__E)
                  003dc308    00000005     Quad_p28FP.o28FP (.text:_xdc_iargToPtr)
                  003dc30d    00000005     ti.targets.rts2800.a28FP : Error.o28FP (.text:_xdc_runtime_Error_init__E)
                  003dc312    00000005     rts2800_fpu32.lib : delete.obj (.text)
                  003dc317    00000005                       : strcpy.obj (.text)
                  003dc31c    00000004     Quad_p28FP.o28FP (.text:_ti_sysbios_family_c28_Hwi_startup__E)
                  003dc320    00000004     sysbios.a28FP : BIOS.obj (.text:_ti_sysbios_family_c28_TimestampProvider_getFreq__E)
                  003dc324    00000004                   : BIOS.obj (.text:_ti_sysbios_heaps_HeapMem_isBlocking__E)
                  003dc328    00000004                   : BIOS.obj (.text:_ti_sysbios_knl_Swi_startup__E)
                  003dc32c    00000004     ti.targets.rts2800.a28FP : Memory.o28FP (.text:_xdc_runtime_Memory_getMaxDefaultTypeAlign__E)
                  003dc330    00000003                              : xdc_noinit.o28FP (.text:___xdc__init)
                  003dc333    00000003     Quad_p28FP.o28FP (.text:_ti_catalog_c2800_init_Boot_limpAbort)
                  003dc336    00000003     Quad_p28FP.o28FP (.text:_ti_sysbios_family_c28_Hwi_Module__startupDone__S)
                  003dc339    00000003     sysbios.a28FP : c28_Hwi_asm.obj (.text:_ti_sysbios_family_c28_Hwi_getIFR__I)
                  003dc33c    00000003     Quad_p28FP.o28FP (.text:_ti_sysbios_family_c28_Timer_Module__startupDone__S)
                  003dc33f    00000003     sysbios.a28FP : BIOS.obj (.text:_ti_sysbios_gates_GateHwi_leave__E)
                  003dc342    00000003     Quad_p28FP.o28FP (.text:_ti_sysbios_hal_Hwi_HwiProxy_Module__startupDone__S)
                  003dc345    00000003     Quad_p28FP.o28FP (.text:_ti_sysbios_hal_Hwi_HwiProxy_startup__E)
                  003dc348    00000003     Quad_p28FP.o28FP (.text:_ti_sysbios_hal_Hwi_HwiProxy_switchFromBootStack__E)
                  003dc34b    00000003     Quad_p28FP.o28FP (.text:_ti_sysbios_hal_Hwi_disable)
                  003dc34e    00000003     sysbios.a28FP : BIOS.obj (.text:_ti_sysbios_hal_Hwi_startup__E)
                  003dc351    00000003     Quad_p28FP.o28FP (.text:_ti_sysbios_knl_Clock_TimerProxy_Module__startupDone__S)
                  003dc354    00000003     sysbios.a28FP : BIOS.obj (.text:_ti_sysbios_knl_Idle_loop__E)
                  003dc357    00000003                   : BIOS.obj (.text:_ti_sysbios_knl_Queue_Instance_init__E)
                  003dc35a    00000003     Quad_p28FP.o28FP (.text:_ti_sysbios_knl_Task_SupportProxy_Module__startupDone__S)
                  003dc35d    00000003     sysbios.a28FP : BIOS.obj (.text:_ti_sysbios_knl_Task_startup__E)
                  003dc360    00000003     Quad_p28FP.o28FP (.text:_ti_sysbios_utils_Load_update__E)
                  003dc363    00000003     ti.uia.loggers.a28FP : LoggerStopMode.o28FP (.text:_ti_uia_loggers_LoggerStopMode_getMaxLength__E)
                  003dc366    00000003     Quad_p28FP.o28FP (.text:_xdc_runtime_Startup_reset__I)
                  003dc369    00000003     ti.targets.rts2800.a28FP : System.o28FP (.text:_xdc_runtime_System_Module_startup__E)
                  003dc36c    00000003     Quad_p28FP.o28FP (.text:_xdc_runtime_System_SupportProxy_ready__E)
                  003dc36f    00000003     ti.targets.rts2800.a28FP : System.o28FP (.text:_xdc_runtime_System_abortStd__E)
                  003dc372    00000003                              : System.o28FP (.text:_xdc_runtime_System_exitStd__E)
                  003dc375    00000003     Quad_p28FP.o28FP (.text:_xdc_runtime_Timestamp_SupportProxy_get32__E)
                  003dc378    00000003     ti.targets.rts2800.a28FP : Timestamp.o28FP (.text:_xdc_runtime_Timestamp_get32__E)
                  003dc37b    00000003                              : Timestamp.o28FP (.text:_xdc_runtime_Timestamp_get64__E)
                  003dc37e    00000003                              : Timestamp.o28FP (.text:_xdc_runtime_Timestamp_getFreq__E)
                  003dc381    00000003     rts2800_fpu32.lib : array_del.obj (.text)
                  003dc384    00000002     Boot.a28FP : Boot.o28FP (.text:_ti_catalog_c2800_init_Boot_defaultLimpAbortFunction)
                  003dc386    00000002     Quad_p28FP.o28FP (.text:_ti_sysbios_family_c28_TaskSupport_Module__startupDone__S)
                  003dc388    00000002     sysbios.a28FP : BIOS.obj (.text:_ti_sysbios_family_c28_Timer_getMaxTicks__E)
                  003dc38a    00000002                   : BIOS.obj (.text:_ti_sysbios_gates_GateHwi_query__E)
                  003dc38c    00000002                   : BIOS.obj (.text:_ti_sysbios_gates_GateMutex_query__E)
                  003dc38e    00000002     ti.uia.loggers.a28FP : LoggerStopMode.o28FP (.text:_ti_uia_loggers_LoggerStopMode_getContents__E)
                  003dc390    00000002                          : LoggerStopMode.o28FP (.text:_ti_uia_loggers_LoggerStopMode_getInstanceId__E)
                  003dc392    00000002                          : LoggerStopMode.o28FP (.text:_ti_uia_loggers_LoggerStopMode_getPriority__E)
                  003dc394    00000002                          : LoggerStopMode.o28FP (.text:_ti_uia_loggers_LoggerStopMode_getTransferType__E)
                  003dc396    00000002     ti.targets.rts2800.a28FP : Error.o28FP (.text:_xdc_runtime_Error_getSite__E)
                  003dc398    00000001     sysbios.a28FP : c28_Hwi_asm.obj (.text:_ti_sysbios_family_c28_Hwi_interruptReturn__I)
                  003dc399    00000001                   : BIOS.obj (.text:_ti_sysbios_gates_GateHwi_Instance_init__E)
                  003dc39a    00000001     ti.uia.loggers.a28FP : LoggerStopMode.o28FP (.text:_ti_uia_loggers_LoggerStopMode_setPriority__E)
                  003dc39b    00000001     rts2800_fpu32.lib : newhandler.obj (.text)

.econst    0    003dc39c    000023b4     
                  003dc39c    00001cfc     Quad_p28FP.o28FP (.econst:xdc_runtime_Text_charTab__A)
                  003de098    00000100     F2806x_PieVect.obj (.econst)
                  003de198    00000100     Quad_p28FP.o28FP (.econst:_ti_sysbios_family_c28_Hwi_vectors)
                  003de298    00000077     Quad_p28FP.o28FP (.econst:.string)
                  003de30f    00000070     Quad_p28FP.o28FP (.econst:xdc_runtime_Text_nodeTab__A)
                  003de37f    00000001     Quad_p28FP.o28FP (.econst:ti_sysbios_family_c28_Hwi_Module__id__C)
                  003de380    00000058     ti.targets.rts2800.a28FP : Error.o28FP (.econst:.string)
                  003de3d8    00000043                              : Text.o28FP (.econst:.string)
                  003de41b    00000001     Quad_p28FP.o28FP (.econst:ti_sysbios_family_c28_Hwi_Module__loggerDefined__C)
                  003de41c    00000036     main.obj (.econst:.string)
                  003de452    00000030     Quad_p28FP.o28FP (.econst:ti_uia_loggers_LoggerStopMode_Module__FXNS__C)
                  003de482    0000002a     ti.targets.rts2800.a28FP : Startup.o28FP (.econst:.string)
                  003de4ac    00000016     Quad_p28FP.o28FP (.econst:ti_uia_loggers_LoggerStopMode_Object__PARAMS__C)
                  003de4c2    00000014     Quad_p28FP.o28FP (.econst:ti_sysbios_heaps_HeapMem_Module__FXNS__C)
                  003de4d6    00000014     Quad_p28FP.o28FP (.econst:xdc_runtime_Startup_sfxnTab__A)
                  003de4ea    00000012     Quad_p28FP.o28FP (.econst:ti_sysbios_gates_GateHwi_Module__FXNS__C)
                  003de4fc    00000012     Quad_p28FP.o28FP (.econst:ti_sysbios_gates_GateMutex_Module__FXNS__C)
                  003de50e    00000012     Quad_p28FP.o28FP (.econst:ti_sysbios_heaps_HeapMem_Object__PARAMS__C)
                  003de520    00000011     ti.targets.rts2800.a28FP : System.o28FP (.econst:.string:_digtohex)
                  003de531    00000001     Quad_p28FP.o28FP (.econst:ti_sysbios_family_c28_Hwi_NUM_INTERRUPTS_ALL__C)
                  003de532    00000010     I2C_Device.obj (.econst:.string)
                  003de542    00000010     Quad_p28FP.o28FP (.econst:ti_sysbios_gates_GateHwi_Object__DESC__C)
                  003de552    00000010     Quad_p28FP.o28FP (.econst:ti_sysbios_gates_GateMutex_Object__DESC__C)
                  003de562    00000010     Quad_p28FP.o28FP (.econst:ti_sysbios_heaps_HeapMem_Object__DESC__C)
                  003de572    00000010     Quad_p28FP.o28FP (.econst:ti_sysbios_knl_Queue_Object__DESC__C)
                  003de582    00000010     Quad_p28FP.o28FP (.econst:ti_sysbios_knl_Semaphore_Object__DESC__C)
                  003de592    00000010     Quad_p28FP.o28FP (.econst:ti_sysbios_knl_Semaphore_Object__PARAMS__C)
                  003de5a2    00000010     Quad_p28FP.o28FP (.econst:ti_uia_loggers_LoggerStopMode_Object__DESC__C)
                  003de5b2    0000000c     Quad_p28FP.o28FP (.econst:ti_sysbios_gates_GateHwi_Object__PARAMS__C)
                  003de5be    0000000c     Quad_p28FP.o28FP (.econst:ti_sysbios_gates_GateMutex_Object__PARAMS__C)
                  003de5ca    0000000c     Quad_p28FP.o28FP (.econst:ti_sysbios_knl_Queue_Object__PARAMS__C)
                  003de5d6    0000000a     Quad_p28FP.o28FP (.econst:xdc_runtime_Startup_sfxnRts__A)
                  003de5e0    00000007     ti.targets.rts2800.a28FP : System.o28FP (.econst:.string)
                  003de5e7    00000001     Quad_p28FP.o28FP (.econst:ti_sysbios_family_c28_Hwi_Object__count__C)
                  003de5e8    00000005     ti.targets.rts2800.a28FP : Assert.o28FP (.econst:.string)
                  003de5ed    00000001     Quad_p28FP.o28FP (.econst:ti_sysbios_family_c28_TaskSupport_Module__id__C)
                  003de5ee    00000004     Quad_p28FP.o28FP (.econst)
                  003de5f2    00000004     Quad_p28FP.o28FP (.econst:ti_sysbios_knl_Idle_funcList__A)
                  003de5f6    00000004     Quad_p28FP.o28FP (.econst:ti_sysbios_knl_Idle_funcList__C)
                  003de5fa    00000004     Quad_p28FP.o28FP (.econst:xdc_runtime_Startup_firstFxns__A)
                  003de5fe    00000004     Quad_p28FP.o28FP (.econst:xdc_runtime_Startup_firstFxns__C)
                  003de602    00000004     Quad_p28FP.o28FP (.econst:xdc_runtime_Startup_lastFxns__C)
                  003de606    00000002     Quad_p28FP.o28FP (.econst:ti_sysbios_BIOS_installedErrorHook__C)
                  003de608    00000002     Quad_p28FP.o28FP (.econst:ti_sysbios_family_c28_Hwi_A_badIntNum__C)
                  003de60a    00000002     Quad_p28FP.o28FP (.econst:ti_sysbios_family_c28_Hwi_A_invalidArg__C)
                  003de60c    00000002     Quad_p28FP.o28FP (.econst:ti_sysbios_family_c28_Hwi_E_unpluggedInterrupt__C)
                  003de60e    00000002     Quad_p28FP.o28FP (.econst:ti_sysbios_family_c28_Hwi_LD_end__C)
                  003de610    00000002     Quad_p28FP.o28FP (.econst:ti_sysbios_family_c28_Hwi_LM_begin__C)
                  003de612    00000002     Quad_p28FP.o28FP (.econst:ti_sysbios_family_c28_Hwi_Module__diagsEnabled__C)
                  003de614    00000002     Quad_p28FP.o28FP (.econst:ti_sysbios_family_c28_Hwi_Module__diagsIncluded__C)
                  003de616    00000002     Quad_p28FP.o28FP (.econst:ti_sysbios_family_c28_Hwi_Module__diagsMask__C)
                  003de618    00000002     Quad_p28FP.o28FP (.econst:ti_sysbios_family_c28_Hwi_Module__loggerFxn1__C)
                  003de61a    00000002     Quad_p28FP.o28FP (.econst:ti_sysbios_family_c28_Hwi_Module__loggerFxn8__C)
                  003de61c    00000002     Quad_p28FP.o28FP (.econst:ti_sysbios_family_c28_Hwi_Module__loggerObj__C)
                  003de61e    00000002     Quad_p28FP.o28FP (.econst:ti_sysbios_family_c28_Hwi_Object__table__C)
                  003de620    00000002     Quad_p28FP.o28FP (.econst:ti_sysbios_family_c28_TaskSupport_E_invalidStack__C)
                  003de622    00000002     Quad_p28FP.o28FP (.econst:ti_sysbios_family_c28_Timer_Module__diagsEnabled__C)
                  003de624    00000002     Quad_p28FP.o28FP (.econst:ti_sysbios_family_c28_Timer_Module__diagsIncluded__C)
                  003de626    00000002     Quad_p28FP.o28FP (.econst:ti_sysbios_family_c28_Timer_Module__diagsMask__C)
                  003de628    00000002     Quad_p28FP.o28FP (.econst:ti_sysbios_family_c28_TimestampProvider_Module__diagsEnabled__C)
                  003de62a    00000002     Quad_p28FP.o28FP (.econst:ti_sysbios_family_c28_TimestampProvider_Module__diagsIncluded__C)
                  003de62c    00000002     Quad_p28FP.o28FP (.econst:ti_sysbios_family_c28_TimestampProvider_Module__diagsMask__C)
                  003de62e    00000002     Quad_p28FP.o28FP (.econst:ti_sysbios_gates_GateMutex_A_badContext__C)
                  003de630    00000002     Quad_p28FP.o28FP (.econst:ti_sysbios_gates_GateMutex_Instance_State_sem__O)
                  003de632    00000002     Quad_p28FP.o28FP (.econst:ti_sysbios_gates_GateMutex_Module__diagsEnabled__C)
                  003de634    00000002     Quad_p28FP.o28FP (.econst:ti_sysbios_gates_GateMutex_Module__diagsIncluded__C)
                  003de636    00000002     Quad_p28FP.o28FP (.econst:ti_sysbios_gates_GateMutex_Module__diagsMask__C)
                  003de638    00000002     Quad_p28FP.o28FP (.econst:ti_sysbios_hal_Hwi_E_stackOverflow__C)
                  003de63a    00000002     Quad_p28FP.o28FP (.econst:ti_sysbios_heaps_HeapMem_A_align__C)
                  003de63c    00000002     Quad_p28FP.o28FP (.econst:ti_sysbios_heaps_HeapMem_A_heapSize__C)
                  003de63e    00000002     Quad_p28FP.o28FP (.econst:ti_sysbios_heaps_HeapMem_A_invalidFree__C)
                  003de640    00000002     Quad_p28FP.o28FP (.econst:ti_sysbios_heaps_HeapMem_A_zeroBlock__C)
                  003de642    00000002     Quad_p28FP.o28FP (.econst:ti_sysbios_heaps_HeapMem_E_memory__C)
                  003de644    00000002     Quad_p28FP.o28FP (.econst:ti_sysbios_heaps_HeapMem_Module__diagsEnabled__C)
                  003de646    00000002     Quad_p28FP.o28FP (.econst:ti_sysbios_heaps_HeapMem_Module__diagsIncluded__C)
                  003de648    00000002     Quad_p28FP.o28FP (.econst:ti_sysbios_heaps_HeapMem_Module__diagsMask__C)
                  003de64a    00000002     Quad_p28FP.o28FP (.econst:ti_sysbios_heaps_HeapMem_Module__gateObj__C)
                  003de64c    00000002     Quad_p28FP.o28FP (.econst:ti_sysbios_heaps_HeapMem_Object__table__C)
                  003de64e    00000002     Quad_p28FP.o28FP (.econst:ti_sysbios_heaps_HeapMem_reqAlign__C)
                  003de650    00000002     Quad_p28FP.o28FP (.econst:ti_sysbios_knl_Clock_LM_begin__C)
                  003de652    00000002     Quad_p28FP.o28FP (.econst:ti_sysbios_knl_Clock_LM_tick__C)
                  003de654    00000002     Quad_p28FP.o28FP (.econst:ti_sysbios_knl_Clock_LW_delayed__C)
                  003de656    00000002     Quad_p28FP.o28FP (.econst:ti_sysbios_knl_Clock_Module_State_clockQ__O)
                  003de658    00000002     Quad_p28FP.o28FP (.econst:ti_sysbios_knl_Clock_Module__diagsEnabled__C)
                  003de65a    00000002     Quad_p28FP.o28FP (.econst:ti_sysbios_knl_Clock_Module__diagsIncluded__C)
                  003de65c    00000002     Quad_p28FP.o28FP (.econst:ti_sysbios_knl_Clock_Module__diagsMask__C)
                  003de65e    00000002     Quad_p28FP.o28FP (.econst:ti_sysbios_knl_Clock_Module__loggerFxn1__C)
                  003de660    00000002     Quad_p28FP.o28FP (.econst:ti_sysbios_knl_Clock_Module__loggerFxn2__C)
                  003de662    00000002     Quad_p28FP.o28FP (.econst:ti_sysbios_knl_Clock_Module__loggerObj__C)
                  003de664    00000002     Quad_p28FP.o28FP (.econst:ti_sysbios_knl_Queue_Object__table__C)
                  003de666    00000002     Quad_p28FP.o28FP (.econst:ti_sysbios_knl_Semaphore_A_badContext__C)
                  003de668    00000002     Quad_p28FP.o28FP (.econst:ti_sysbios_knl_Semaphore_A_noEvents__C)
                  003de66a    00000002     Quad_p28FP.o28FP (.econst:ti_sysbios_knl_Semaphore_A_overflow__C)
                  003de66c    00000002     Quad_p28FP.o28FP (.econst:ti_sysbios_knl_Semaphore_A_pendTaskDisabled__C)
                  003de66e    00000002     Quad_p28FP.o28FP (.econst:ti_sysbios_knl_Semaphore_Instance_State_pendQ__O)
                  003de670    00000002     Quad_p28FP.o28FP (.econst:ti_sysbios_knl_Semaphore_LM_pend__C)
                  003de672    00000002     Quad_p28FP.o28FP (.econst:ti_sysbios_knl_Semaphore_LM_post__C)
                  003de674    00000002     Quad_p28FP.o28FP (.econst:ti_sysbios_knl_Semaphore_Module__diagsEnabled__C)
                  003de676    00000002     Quad_p28FP.o28FP (.econst:ti_sysbios_knl_Semaphore_Module__diagsIncluded__C)
                  003de678    00000002     Quad_p28FP.o28FP (.econst:ti_sysbios_knl_Semaphore_Module__diagsMask__C)
                  003de67a    00000002     Quad_p28FP.o28FP (.econst:ti_sysbios_knl_Semaphore_Module__loggerFxn2__C)
                  003de67c    00000002     Quad_p28FP.o28FP (.econst:ti_sysbios_knl_Semaphore_Module__loggerFxn4__C)
                  003de67e    00000002     Quad_p28FP.o28FP (.econst:ti_sysbios_knl_Semaphore_Module__loggerObj__C)
                  003de680    00000002     Quad_p28FP.o28FP (.econst:ti_sysbios_knl_Swi_LD_end__C)
                  003de682    00000002     Quad_p28FP.o28FP (.econst:ti_sysbios_knl_Swi_LM_begin__C)
                  003de684    00000002     Quad_p28FP.o28FP (.econst:ti_sysbios_knl_Swi_LM_post__C)
                  003de686    00000002     Quad_p28FP.o28FP (.econst:ti_sysbios_knl_Swi_Module__diagsEnabled__C)
                  003de688    00000002     Quad_p28FP.o28FP (.econst:ti_sysbios_knl_Swi_Module__diagsIncluded__C)
                  003de68a    00000002     Quad_p28FP.o28FP (.econst:ti_sysbios_knl_Swi_Module__diagsMask__C)
                  003de68c    00000002     Quad_p28FP.o28FP (.econst:ti_sysbios_knl_Swi_Module__loggerFxn1__C)
                  003de68e    00000002     Quad_p28FP.o28FP (.econst:ti_sysbios_knl_Swi_Module__loggerFxn4__C)
                  003de690    00000002     Quad_p28FP.o28FP (.econst:ti_sysbios_knl_Swi_Module__loggerObj__C)
                  003de692    00000002     Quad_p28FP.o28FP (.econst:ti_sysbios_knl_Swi_Object__table__C)
                  003de694    00000002     Quad_p28FP.o28FP (.econst:ti_sysbios_knl_Task_A_badTimeout__C)
                  003de696    00000002     Quad_p28FP.o28FP (.econst:ti_sysbios_knl_Task_A_sleepTaskDisabled__C)
                  003de698    00000002     Quad_p28FP.o28FP (.econst:ti_sysbios_knl_Task_E_spOutOfBounds__C)
                  003de69a    00000002     Quad_p28FP.o28FP (.econst:ti_sysbios_knl_Task_E_stackOverflow__C)
                  003de69c    00000002     Quad_p28FP.o28FP (.econst:ti_sysbios_knl_Task_LD_block__C)
                  003de69e    00000002     Quad_p28FP.o28FP (.econst:ti_sysbios_knl_Task_LD_exit__C)
                  003de6a0    00000002     Quad_p28FP.o28FP (.econst:ti_sysbios_knl_Task_LD_ready__C)
                  003de6a2    00000002     Quad_p28FP.o28FP (.econst:ti_sysbios_knl_Task_LM_sleep__C)
                  003de6a4    00000002     Quad_p28FP.o28FP (.econst:ti_sysbios_knl_Task_LM_switch__C)
                  003de6a6    00000002     Quad_p28FP.o28FP (.econst:ti_sysbios_knl_Task_Module_State_inactiveQ__O)
                  003de6a8    00000002     Quad_p28FP.o28FP (.econst:ti_sysbios_knl_Task_Module__diagsEnabled__C)
                  003de6aa    00000002     Quad_p28FP.o28FP (.econst:ti_sysbios_knl_Task_Module__diagsIncluded__C)
                  003de6ac    00000002     Quad_p28FP.o28FP (.econst:ti_sysbios_knl_Task_Module__diagsMask__C)
                  003de6ae    00000002     Quad_p28FP.o28FP (.econst:ti_sysbios_knl_Task_Module__loggerFxn2__C)
                  003de6b0    00000002     Quad_p28FP.o28FP (.econst:ti_sysbios_knl_Task_Module__loggerFxn4__C)
                  003de6b2    00000002     Quad_p28FP.o28FP (.econst:ti_sysbios_knl_Task_Module__loggerObj__C)
                  003de6b4    00000002     Quad_p28FP.o28FP (.econst:ti_sysbios_knl_Task_Object__table__C)
                  003de6b6    00000002     Quad_p28FP.o28FP (.econst:ti_sysbios_knl_Task_allBlockedFunc__C)
                  003de6b8    00000002     Quad_p28FP.o28FP (.econst:ti_sysbios_utils_Load_LS_cpuLoad__C)
                  003de6ba    00000002     Quad_p28FP.o28FP (.econst:ti_sysbios_utils_Load_LS_hwiLoad__C)
                  003de6bc    00000002     Quad_p28FP.o28FP (.econst:ti_sysbios_utils_Load_Module__diagsEnabled__C)
                  003de6be    00000002     Quad_p28FP.o28FP (.econst:ti_sysbios_utils_Load_Module__diagsIncluded__C)
                  003de6c0    00000002     Quad_p28FP.o28FP (.econst:ti_sysbios_utils_Load_Module__diagsMask__C)
                  003de6c2    00000002     Quad_p28FP.o28FP (.econst:ti_sysbios_utils_Load_Module__loggerFxn1__C)
                  003de6c4    00000002     Quad_p28FP.o28FP (.econst:ti_sysbios_utils_Load_Module__loggerFxn2__C)
                  003de6c6    00000002     Quad_p28FP.o28FP (.econst:ti_sysbios_utils_Load_Module__loggerObj__C)
                  003de6c8    00000002     Quad_p28FP.o28FP (.econst:ti_sysbios_utils_Load_postUpdate__C)
                  003de6ca    00000002     Quad_p28FP.o28FP (.econst:ti_uia_loggers_LoggerStopMode_Module__diagsEnabled__C)
                  003de6cc    00000002     Quad_p28FP.o28FP (.econst:ti_uia_loggers_LoggerStopMode_Module__diagsIncluded__C)
                  003de6ce    00000002     Quad_p28FP.o28FP (.econst:ti_uia_loggers_LoggerStopMode_Module__diagsMask__C)
                  003de6d0    00000002     Quad_p28FP.o28FP (.econst:ti_uia_loggers_LoggerStopMode_Object__table__C)
                  003de6d2    00000002     Quad_p28FP.o28FP (.econst:ti_uia_runtime_ILoggerSnapshot_Interface__BASE__C)
                  003de6d4    00000002     Quad_p28FP.o28FP (.econst:ti_uia_runtime_IUIATransfer_Interface__BASE__C)
                  003de6d6    00000002     Quad_p28FP.o28FP (.econst:xdc_runtime_Assert_E_assertFailed__C)
                  003de6d8    00000002     Quad_p28FP.o28FP (.econst:xdc_runtime_Core_A_initializedParams__C)
                  003de6da    00000002     Quad_p28FP.o28FP (.econst:xdc_runtime_Core_Module__diagsEnabled__C)
                  003de6dc    00000002     Quad_p28FP.o28FP (.econst:xdc_runtime_Core_Module__diagsIncluded__C)
                  003de6de    00000002     Quad_p28FP.o28FP (.econst:xdc_runtime_Core_Module__diagsMask__C)
                  003de6e0    00000002     Quad_p28FP.o28FP (.econst:xdc_runtime_Error_E_memory__C)
                  003de6e2    00000002     Quad_p28FP.o28FP (.econst:xdc_runtime_Error_Module__diagsEnabled__C)
                  003de6e4    00000002     Quad_p28FP.o28FP (.econst:xdc_runtime_Error_Module__diagsIncluded__C)
                  003de6e6    00000002     Quad_p28FP.o28FP (.econst:xdc_runtime_Error_Module__diagsMask__C)
                  003de6e8    00000002     Quad_p28FP.o28FP (.econst:xdc_runtime_Error_Module__loggerFxn8__C)
                  003de6ea    00000002     Quad_p28FP.o28FP (.econst:xdc_runtime_Error_Module__loggerObj__C)
                  003de6ec    00000002     Quad_p28FP.o28FP (.econst:xdc_runtime_Error_policyFxn__C)
                  003de6ee    00000002     Quad_p28FP.o28FP (.econst:xdc_runtime_Error_raiseHook__C)
                  003de6f0    00000002     Quad_p28FP.o28FP (.econst:xdc_runtime_IFilterLogger_Interface__BASE__C)
                  003de6f2    00000002     Quad_p28FP.o28FP (.econst:xdc_runtime_IGateProvider_Interface__BASE__C)
                  003de6f4    00000002     Quad_p28FP.o28FP (.econst:xdc_runtime_IHeap_Interface__BASE__C)
                  003de6f6    00000002     Quad_p28FP.o28FP (.econst:xdc_runtime_ILogger_Interface__BASE__C)
                  003de6f8    00000002     Quad_p28FP.o28FP (.econst:xdc_runtime_IModule_Interface__BASE__C)
                  003de6fa    00000002     Quad_p28FP.o28FP (.econst:xdc_runtime_Log_L_error__C)
                  003de6fc    00000002     Quad_p28FP.o28FP (.econst:xdc_runtime_Main_Module__diagsEnabled__C)
                  003de6fe    00000002     Quad_p28FP.o28FP (.econst:xdc_runtime_Main_Module__diagsIncluded__C)
                  003de700    00000002     Quad_p28FP.o28FP (.econst:xdc_runtime_Main_Module__diagsMask__C)
                  003de702    00000002     Quad_p28FP.o28FP (.econst:xdc_runtime_Memory_defaultHeapInstance__C)
                  003de704    00000002     Quad_p28FP.o28FP (.econst:xdc_runtime_Startup_execImpl__C)
                  003de706    00000002     Quad_p28FP.o28FP (.econst:xdc_runtime_Startup_lastFxns__A)
                  003de708    00000002     Quad_p28FP.o28FP (.econst:xdc_runtime_Startup_sfxnRts__C)
                  003de70a    00000002     Quad_p28FP.o28FP (.econst:xdc_runtime_Startup_sfxnTab__C)
                  003de70c    00000002     Quad_p28FP.o28FP (.econst:xdc_runtime_Startup_startModsFxn__C)
                  003de70e    00000002     Quad_p28FP.o28FP (.econst:xdc_runtime_SysMin_bufSize__C)
                  003de710    00000002     Quad_p28FP.o28FP (.econst:xdc_runtime_SysMin_outputFunc__C)
                  003de712    00000002     Quad_p28FP.o28FP (.econst:xdc_runtime_System_Module__gateObj__C)
                  003de714    00000002     Quad_p28FP.o28FP (.econst:xdc_runtime_System_abortFxn__C)
                  003de716    00000002     Quad_p28FP.o28FP (.econst:xdc_runtime_System_exitFxn__C)
                  003de718    00000002     Quad_p28FP.o28FP (.econst:xdc_runtime_System_extendFxn__C)
                  003de71a    00000002     Quad_p28FP.o28FP (.econst:xdc_runtime_Text_charTab__C)
                  003de71c    00000002     Quad_p28FP.o28FP (.econst:xdc_runtime_Text_nameEmpty__C)
                  003de71e    00000002     Quad_p28FP.o28FP (.econst:xdc_runtime_Text_nameStatic__C)
                  003de720    00000002     Quad_p28FP.o28FP (.econst:xdc_runtime_Text_nameUnknown__C)
                  003de722    00000002     Quad_p28FP.o28FP (.econst:xdc_runtime_Text_nodeTab__C)
                  003de724    00000002     Quad_p28FP.o28FP (.econst:xdc_runtime_Text_visitRopeFxn__C)
                  003de726    00000001     Quad_p28FP.o28FP (.econst:ti_sysbios_family_c28_Timer_Module__id__C)
                  003de727    00000001     Quad_p28FP.o28FP (.econst:ti_sysbios_family_c28_Timer_startupNeeded__C)
                  003de728    00000001     Quad_p28FP.o28FP (.econst:ti_sysbios_family_c28_TimestampProvider_Module__id__C)
                  003de729    00000001     Quad_p28FP.o28FP (.econst:ti_sysbios_family_c28_TimestampProvider_useClockTimer__C)
                  003de72a    00000001     Quad_p28FP.o28FP (.econst:ti_sysbios_gates_GateMutex_Module__id__C)
                  003de72b    00000001     Quad_p28FP.o28FP (.econst:ti_sysbios_hal_Hwi_Module__id__C)
                  003de72c    00000001     Quad_p28FP.o28FP (.econst:ti_sysbios_heaps_HeapMem_Module__id__C)
                  003de72d    00000001     Quad_p28FP.o28FP (.econst:ti_sysbios_heaps_HeapMem_Object__count__C)
                  003de72e    00000001     Quad_p28FP.o28FP (.econst:ti_sysbios_knl_Clock_Module__id__C)
                  003de72f    00000001     Quad_p28FP.o28FP (.econst:ti_sysbios_knl_Clock_Module__loggerDefined__C)
                  003de730    00000001     Quad_p28FP.o28FP (.econst:ti_sysbios_knl_Queue_Object__count__C)
                  003de731    00000001     Quad_p28FP.o28FP (.econst:ti_sysbios_knl_Semaphore_Module__id__C)
                  003de732    00000001     Quad_p28FP.o28FP (.econst:ti_sysbios_knl_Semaphore_Module__loggerDefined__C)
                  003de733    00000001     Quad_p28FP.o28FP (.econst:ti_sysbios_knl_Swi_Module__id__C)
                  003de734    00000001     Quad_p28FP.o28FP (.econst:ti_sysbios_knl_Swi_Module__loggerDefined__C)
                  003de735    00000001     Quad_p28FP.o28FP (.econst:ti_sysbios_knl_Swi_Object__count__C)
                  003de736    00000001     Quad_p28FP.o28FP (.econst:ti_sysbios_knl_Task_Module__id__C)
                  003de737    00000001     Quad_p28FP.o28FP (.econst:ti_sysbios_knl_Task_Module__loggerDefined__C)
                  003de738    00000001     Quad_p28FP.o28FP (.econst:ti_sysbios_knl_Task_Object__count__C)
                  003de739    00000001     Quad_p28FP.o28FP (.econst:ti_sysbios_knl_Task_initStackFlag__C)
                  003de73a    00000001     Quad_p28FP.o28FP (.econst:ti_sysbios_knl_Task_numConstructedTasks__C)
                  003de73b    00000001     Quad_p28FP.o28FP (.econst:ti_sysbios_utils_Load_Module__id__C)
                  003de73c    00000001     Quad_p28FP.o28FP (.econst:ti_sysbios_utils_Load_Module__loggerDefined__C)
                  003de73d    00000001     Quad_p28FP.o28FP (.econst:ti_sysbios_utils_Load_hwiEnabled__C)
                  003de73e    00000001     Quad_p28FP.o28FP (.econst:ti_sysbios_utils_Load_updateInIdle__C)
                  003de73f    00000001     Quad_p28FP.o28FP (.econst:ti_sysbios_utils_Load_windowInMs__C)
                  003de740    00000001     Quad_p28FP.o28FP (.econst:ti_uia_loggers_LoggerStopMode_Module__id__C)
                  003de741    00000001     Quad_p28FP.o28FP (.econst:ti_uia_loggers_LoggerStopMode_Object__count__C)
                  003de742    00000001     Quad_p28FP.o28FP (.econst:ti_uia_loggers_LoggerStopMode_isTimestampEnabled__C)
                  003de743    00000001     Quad_p28FP.o28FP (.econst:xdc_runtime_Core_Module__id__C)
                  003de744    00000001     Quad_p28FP.o28FP (.econst:xdc_runtime_Error_Module__loggerDefined__C)
                  003de745    00000001     Quad_p28FP.o28FP (.econst:xdc_runtime_Error_maxDepth__C)
                  003de746    00000001     Quad_p28FP.o28FP (.econst:xdc_runtime_Error_policy__C)
                  003de747    00000001     Quad_p28FP.o28FP (.econst:xdc_runtime_Main_Module__id__C)
                  003de748    00000001     Quad_p28FP.o28FP (.econst:xdc_runtime_Memory_Module__id__C)
                  003de749    00000001     Quad_p28FP.o28FP (.econst:xdc_runtime_Startup_maxPasses__C)
                  003de74a    00000001     Quad_p28FP.o28FP (.econst:xdc_runtime_SysMin_flushAtExit__C)
                  003de74b    00000001     Quad_p28FP.o28FP (.econst:xdc_runtime_System_maxAtexitHandlers__C)
                  003de74c    00000001     Quad_p28FP.o28FP (.econst:xdc_runtime_Text_charCnt__C)
                  003de74d    00000001     Quad_p28FP.o28FP (.econst:xdc_runtime_Text_isLoaded__C)
                  003de74e    00000001     Quad_p28FP.o28FP (.econst:xdc_runtime_Text_registryModsLastId__C)
                  003de74f    00000001     Quad_p28FP.o28FP (.econst:xdc_runtime_Text_unnamedModsLastId__C)

.cinit     0    003de750    000004b5     
                  003de750    00000478     Quad_p28FP.o28FP (.cinit)
                  003debc8    00000015     HUD_Interface.obj (.cinit)
                  003debdd    0000000a     rts2800_fpu32.lib : _lock.obj (.cinit)
                  003debe7    0000000a                       : exit.obj (.cinit)
                  003debf1    00000009     ti.uia.runtime.a28FP : QueueDescriptor.o28FP (.cinit)
                  003debfa    00000005     rts2800_fpu32.lib : vars.obj (.cinit)
                  003debff    00000004                       : errno.obj (.cinit)
                  003dec03    00000002     --HOLE-- [fill = 0]

ramfuncs   0    003dec05    00000004     RUN ADDR = 00008000
                  003dec05    00000004     F2806x_usDelay.obj (ramfuncs)

.switch    0    003dec0a    0000001c     
                  003dec0a    0000001c     sysbios.a28FP : BIOS.obj (.switch:_ti_sysbios_family_c28_Hwi_clearInterrupt__E)

DevEmuRegsFile 
*          1    00000880    00000004     UNINITIALIZED
                  00000880    00000004     F2806x_GlobalVariableDefs.obj (DevEmuRegsFile)

SysPwrCtrlRegsFile 
*          1    00000985    00000003     UNINITIALIZED
                  00000985    00000003     F2806x_GlobalVariableDefs.obj (SysPwrCtrlRegsFile)

FlashRegsFile 
*          1    00000a80    00000008     UNINITIALIZED
                  00000a80    00000008     F2806x_GlobalVariableDefs.obj (FlashRegsFile)

CsmRegsFile 
*          1    00000ae0    00000010     UNINITIALIZED
                  00000ae0    00000010     F2806x_GlobalVariableDefs.obj (CsmRegsFile)

AdcResultFile 
*          1    00000b00    00000010     UNINITIALIZED
                  00000b00    00000010     F2806x_GlobalVariableDefs.obj (AdcResultFile)

CpuTimer0RegsFile 
*          1    00000c00    00000008     UNINITIALIZED
                  00000c00    00000008     F2806x_GlobalVariableDefs.obj (CpuTimer0RegsFile)

CpuTimer1RegsFile 
*          1    00000c08    00000008     UNINITIALIZED
                  00000c08    00000008     F2806x_GlobalVariableDefs.obj (CpuTimer1RegsFile)

CpuTimer2RegsFile 
*          1    00000c10    00000008     UNINITIALIZED
                  00000c10    00000008     F2806x_GlobalVariableDefs.obj (CpuTimer2RegsFile)

PieCtrlRegsFile 
*          1    00000ce0    0000001a     UNINITIALIZED
                  00000ce0    0000001a     F2806x_GlobalVariableDefs.obj (PieCtrlRegsFile)

DmaRegsFile 
*          1    00001000    000000e0     UNINITIALIZED
                  00001000    000000e0     F2806x_GlobalVariableDefs.obj (DmaRegsFile)

Cla1RegsFile 
*          1    00001400    00000040     UNINITIALIZED
                  00001400    00000040     F2806x_GlobalVariableDefs.obj (Cla1RegsFile)

Usb0RegsFile 
*          1    00004000    00000454     UNINITIALIZED
                  00004000    00000454     F2806x_GlobalVariableDefs.obj (Usb0RegsFile)

McbspaRegsFile 
*          1    00005000    00000024     UNINITIALIZED
                  00005000    00000024     F2806x_GlobalVariableDefs.obj (McbspaRegsFile)

ECanaRegsFile 
*          1    00006000    00000034     UNINITIALIZED
                  00006000    00000034     F2806x_GlobalVariableDefs.obj (ECanaRegsFile)

ECanaLAMRegsFile 
*          1    00006040    00000040     UNINITIALIZED
                  00006040    00000040     F2806x_GlobalVariableDefs.obj (ECanaLAMRegsFile)

ECanaMOTSRegsFile 
*          1    00006080    00000040     UNINITIALIZED
                  00006080    00000040     F2806x_GlobalVariableDefs.obj (ECanaMOTSRegsFile)

ECanaMOTORegsFile 
*          1    000060c0    00000040     UNINITIALIZED
                  000060c0    00000040     F2806x_GlobalVariableDefs.obj (ECanaMOTORegsFile)

ECanaMboxesFile 
*          1    00006100    00000100     UNINITIALIZED
                  00006100    00000100     F2806x_GlobalVariableDefs.obj (ECanaMboxesFile)

Comp1RegsFile 
*          1    00006400    00000014     UNINITIALIZED
                  00006400    00000014     F2806x_GlobalVariableDefs.obj (Comp1RegsFile)

Comp2RegsFile 
*          1    00006420    00000014     UNINITIALIZED
                  00006420    00000014     F2806x_GlobalVariableDefs.obj (Comp2RegsFile)

Comp3RegsFile 
*          1    00006440    00000014     UNINITIALIZED
                  00006440    00000014     F2806x_GlobalVariableDefs.obj (Comp3RegsFile)

EPwm1RegsFile 
*          1    00006800    00000040     UNINITIALIZED
                  00006800    00000040     F2806x_GlobalVariableDefs.obj (EPwm1RegsFile)

EPwm2RegsFile 
*          1    00006840    00000040     UNINITIALIZED
                  00006840    00000040     F2806x_GlobalVariableDefs.obj (EPwm2RegsFile)

EPwm3RegsFile 
*          1    00006880    00000040     UNINITIALIZED
                  00006880    00000040     F2806x_GlobalVariableDefs.obj (EPwm3RegsFile)

EPwm4RegsFile 
*          1    000068c0    00000040     UNINITIALIZED
                  000068c0    00000040     F2806x_GlobalVariableDefs.obj (EPwm4RegsFile)

EPwm5RegsFile 
*          1    00006900    00000040     UNINITIALIZED
                  00006900    00000040     F2806x_GlobalVariableDefs.obj (EPwm5RegsFile)

EPwm6RegsFile 
*          1    00006940    00000040     UNINITIALIZED
                  00006940    00000040     F2806x_GlobalVariableDefs.obj (EPwm6RegsFile)

EPwm7RegsFile 
*          1    00006980    00000040     UNINITIALIZED
                  00006980    00000040     F2806x_GlobalVariableDefs.obj (EPwm7RegsFile)

EPwm8RegsFile 
*          1    000069c0    00000040     UNINITIALIZED
                  000069c0    00000040     F2806x_GlobalVariableDefs.obj (EPwm8RegsFile)

ECap1RegsFile 
*          1    00006a00    00000020     UNINITIALIZED
                  00006a00    00000020     F2806x_GlobalVariableDefs.obj (ECap1RegsFile)

ECap2RegsFile 
*          1    00006a20    00000020     UNINITIALIZED
                  00006a20    00000020     F2806x_GlobalVariableDefs.obj (ECap2RegsFile)

ECap3RegsFile 
*          1    00006a40    00000020     UNINITIALIZED
                  00006a40    00000020     F2806x_GlobalVariableDefs.obj (ECap3RegsFile)

HRCap1RegsFile 
*          1    00006ac0    00000020     UNINITIALIZED
                  00006ac0    00000020     F2806x_GlobalVariableDefs.obj (HRCap1RegsFile)

HRCap2RegsFile 
*          1    00006ae0    00000020     UNINITIALIZED
                  00006ae0    00000020     F2806x_GlobalVariableDefs.obj (HRCap2RegsFile)

EQep1RegsFile 
*          1    00006b00    00000022     UNINITIALIZED
                  00006b00    00000022     F2806x_GlobalVariableDefs.obj (EQep1RegsFile)

EQep2RegsFile 
*          1    00006b40    00000022     UNINITIALIZED
                  00006b40    00000022     F2806x_GlobalVariableDefs.obj (EQep2RegsFile)

HRCap3RegsFile 
*          1    00006c80    00000020     UNINITIALIZED
                  00006c80    00000020     F2806x_GlobalVariableDefs.obj (HRCap3RegsFile)

HRCap4RegsFile 
*          1    00006ca0    00000020     UNINITIALIZED
                  00006ca0    00000020     F2806x_GlobalVariableDefs.obj (HRCap4RegsFile)

GpioCtrlRegsFile 
*          1    00006f80    00000040     UNINITIALIZED
                  00006f80    00000040     F2806x_GlobalVariableDefs.obj (GpioCtrlRegsFile)

GpioDataRegsFile 
*          1    00006fc0    00000020     UNINITIALIZED
                  00006fc0    00000020     F2806x_GlobalVariableDefs.obj (GpioDataRegsFile)

GpioIntRegsFile 
*          1    00006fe0    00000020     UNINITIALIZED
                  00006fe0    00000020     F2806x_GlobalVariableDefs.obj (GpioIntRegsFile)

SysCtrlRegsFile 
*          1    00007010    00000030     UNINITIALIZED
                  00007010    00000030     F2806x_GlobalVariableDefs.obj (SysCtrlRegsFile)

SpiaRegsFile 
*          1    00007040    00000010     UNINITIALIZED
                  00007040    00000010     F2806x_GlobalVariableDefs.obj (SpiaRegsFile)

SciaRegsFile 
*          1    00007050    00000010     UNINITIALIZED
                  00007050    00000010     F2806x_GlobalVariableDefs.obj (SciaRegsFile)

NmiIntruptRegsFile 
*          1    00007060    00000010     UNINITIALIZED
                  00007060    00000010     F2806x_GlobalVariableDefs.obj (NmiIntruptRegsFile)

XIntruptRegsFile 
*          1    00007070    00000010     UNINITIALIZED
                  00007070    00000010     F2806x_GlobalVariableDefs.obj (XIntruptRegsFile)

AdcRegsFile 
*          1    00007100    00000050     UNINITIALIZED
                  00007100    00000050     F2806x_GlobalVariableDefs.obj (AdcRegsFile)

SpibRegsFile 
*          1    00007740    00000010     UNINITIALIZED
                  00007740    00000010     F2806x_GlobalVariableDefs.obj (SpibRegsFile)

ScibRegsFile 
*          1    00007750    00000010     UNINITIALIZED
                  00007750    00000010     F2806x_GlobalVariableDefs.obj (ScibRegsFile)

I2caRegsFile 
*          1    00007900    00000022     UNINITIALIZED
                  00007900    00000022     F2806x_GlobalVariableDefs.obj (I2caRegsFile)

.ebss      1    0000a000    000026cc     UNINITIALIZED
                  0000a000    00001400     Quad_p28FP.o28FP (.ebss)
                  0000b400    00001203     Quad_p28FP.o28FP (.ebss:taskStackSection)
                  0000c603    00000001     rts2800_fpu32.lib : errno.obj (.ebss)
                  0000c604    00000018     F2806x_CpuTimers.obj (.ebss)
                  0000c61c    00000008     rts2800_fpu32.lib : trgdrv.obj (.ebss)
                  0000c624    00000006     HUD_Interface.obj (.ebss)
                  0000c62a    00000004     rts2800_fpu32.lib : _lock.obj (.ebss)
                  0000c62e    00000004                       : exit.obj (.ebss)
                  0000c632    00000004     ti.uia.runtime.a28FP : QueueDescriptor.o28FP (.ebss)
                  0000c636    00000002     rts2800_fpu32.lib : vars.obj (.ebss)
                  0000c638    00000008     --HOLE--
                  0000c640    0000008c     main.obj (.ebss)

.stack     1    0000c6cc    00001000     UNINITIALIZED
                  0000c6cc    00001000     --HOLE--

.cio       1    00010000    00000120     UNINITIALIZED
                  00010000    00000120     rts2800_fpu32.lib : ankmsg.obj (.cio)

PartIdRegsFile 
*          1    003d7e80    00000001     UNINITIALIZED
                  003d7e80    00000001     F2806x_GlobalVariableDefs.obj (PartIdRegsFile)

CsmPwlFile 
*          1    003f7ff8    00000008     UNINITIALIZED
                  003f7ff8    00000008     F2806x_GlobalVariableDefs.obj (CsmPwlFile)


GLOBAL DATA SYMBOLS: SORTED BY DATA PAGE

address     data page           name
--------    ----------------    ----
00000000       0 (00000000)     ___ISA__
00000013       0 (00000000)     ___TARG__
00000037       0 (00000000)     ___PLAT__

0000005d       1 (00000040)     ___TRDR__

00000084       2 (00000080)     ___ASM__

00000880      22 (00000880)     _DevEmuRegs

00000985      26 (00000980)     _SysPwrCtrlRegs

00000a80      2a (00000a80)     _FlashRegs

00000ae0      2b (00000ac0)     _CsmRegs

00000b00      2c (00000b00)     _AdcResult

00000c00      30 (00000c00)     _CpuTimer0Regs
00000c08      30 (00000c00)     _CpuTimer1Regs
00000c10      30 (00000c00)     _CpuTimer2Regs

00000ce0      33 (00000cc0)     _PieCtrlRegs

00000d00      34 (00000d00)     _EmuKey
00000d00      34 (00000d00)     _PieVectTable
00000d01      34 (00000d00)     _EmuBMode
00000d02      34 (00000d00)     _Flash_CallbackPtr
00000d04      34 (00000d00)     _Flash_CPUScaleFactor

00001000      40 (00001000)     _DmaRegs

00001400      50 (00001400)     _Cla1Regs

00004000     100 (00004000)     _Usb0Regs

00005000     140 (00005000)     _McbspaRegs

00006000     180 (00006000)     _ECanaRegs

00006040     181 (00006040)     _ECanaLAMRegs

00006080     182 (00006080)     _ECanaMOTSRegs

000060c0     183 (000060c0)     _ECanaMOTORegs

00006100     184 (00006100)     _ECanaMboxes

00006400     190 (00006400)     _Comp1Regs
00006420     190 (00006400)     _Comp2Regs

00006440     191 (00006440)     _Comp3Regs

00006800     1a0 (00006800)     _EPwm1Regs

00006840     1a1 (00006840)     _EPwm2Regs

00006880     1a2 (00006880)     _EPwm3Regs

[...]
003dbdba   _xdc_runtime_Memory_valloc__E
003dbdd1   _ti_sysbios_family_c28_Timer_Module_startup__E
003dbde7   _ti_sysbios_family_c28_Timer_startup__E
003dbdfd   _ti_sysbios_knl_Task_restore__E
003dbe13   _xdc_runtime_SysMin_abort__E
003dbe29   _ti_sysbios_knl_Idle_run__E
003dbe3e   _ti_sysbios_knl_Swi_Module_startup__E
003dbe53   _ti_sysbios_utils_Load_getGlobalHwiLoad__E
003dbe7d   _ti_sysbios_BIOS_errorRaiseHook__I
003dbe91   _free
003dbea4   _ti_sysbios_gates_GateMutex_Object__delete__S
003dbeb7   _ti_sysbios_family_c28_Hwi_disableIER__E
003dbec9   _ti_sysbios_family_c28_Timer_stop__E
003dbedb   _ti_sysbios_gates_GateHwi_Object__delete__S
003dbeed   _ti_sysbios_heaps_HeapMem_Object__delete__S
003dbeff   _ti_sysbios_knl_Clock_Module_startup__E
003dbf11   _ti_uia_loggers_LoggerStopMode_Object__delete__S
003dbf23   _xdc_runtime_Text_cordText__E
003dbf35   _ti_sysbios_gates_GateHwi_Handle__label__S
003dbf46   _ti_sysbios_gates_GateMutex_Handle__label__S
003dbf57   _ti_sysbios_heaps_HeapMem_Handle__label__S
003dbf68   _ti_uia_loggers_LoggerStopMode_Handle__label__S
003dbf79   _ti_uia_loggers_LoggerStopMode_Instance_init__E
003dbf8a   _xdc_runtime_Error_raiseX__E
003dbf9b   _ti_sysbios_BIOS_rtsLock__I
003dbfab   _ti_sysbios_family_c28_Hwi_enableIER__E
003dbfbb   _ti_sysbios_knl_Task_restoreHwi__E
003dbfcb   _xdc_runtime_SysMin_Module_startup__E
003dbfdb   _ti_catalog_c2800_init_Boot_disableWatchdog
003dbfea   _ti_sysbios_BIOS_startFunc__I
003dbff9   _ti_sysbios_gates_GateMutex_Instance_init__E
003dc008   _ti_sysbios_knl_Semaphore_Object__destruct__S
003dc026   _xdc_runtime_Registry_findById__E
003dc035   _ti_sysbios_knl_Queue_Object__destruct__S
003dc043   _ti_uia_loggers_LoggerStopMode_enable__E
003dc051   _xdc_runtime_Text_visitRope__I
003dc05f   _ti_sysbios_BIOS_registerRTSLock__I
003dc06c   _ti_sysbios_BIOS_removeRTSLock__I
003dc079   _ti_sysbios_family_c28_Hwi_dispatchC__I
003dc086   _ti_sysbios_family_c28_Hwi_restoreIER__E
003dc093   _ti_sysbios_knl_Task_SupportProxy_start__E
003dc0a0   _ti_sysbios_knl_Task_sleepTimeout__I
003dc0ad   _ti_uia_loggers_LoggerStopMode_disable__E
003dc0c7   _xdc_runtime_Memory_HeapProxy_alloc__E
003dc0d4   _xdc_runtime_System_abort__E
003dc0e1   _memset
003dc0ee   _ti_sysbios_BIOS_exitFunc__I
003dc0fa   _ti_sysbios_gates_GateMutex_leave__E
003dc106   _ti_sysbios_knl_Queue_put__E
003dc112   _ti_sysbios_knl_Task_enabled__E
003dc11e   _xdc_runtime_Error_check__E
003dc12a   _ti_sysbios_family_c28_Hwi_Module__startupDone__F
003dc135   _ti_sysbios_family_c28_Timer_Module__startupDone__F
003dc140   _ti_sysbios_knl_Task_enter__I
003dc14b   _ti_sysbios_knl_Task_unblock__E
003dc156   _xdc_runtime_Memory_HeapProxy_free__E
003dc161   _xdc_runtime_SysMin_exit__E
003dc16c   _xdc_runtime_System_aprintf__E
003dc177   _xdc_runtime_System_exit__E
003dc182   _xdc_runtime_System_printf__E
003dc18d   _xdc_runtime_Text_ropeText__E
003dc198   _ti_uia_loggers_LoggerStopMode_isEmpty__E
003dc1a2   _xdc_runtime_Memory_free__E
003dc1ac   _xdc_runtime_Startup_exec__I
003dc1b6   _ti_sysbios_BIOS_RtsGateProxy_leave__E
003dc1bf   _ti_sysbios_family_c28_TaskSupport_checkStack__E
003dc1c8   _ti_sysbios_family_c28_TaskSupport_glue
003dc1d1   _ti_sysbios_hal_Hwi_Module_startup__E
003dc1da   _ti_sysbios_heaps_HeapMem_Module_GateProxy_leave__E
003dc1e3   _ti_sysbios_knl_Task_SupportProxy_checkStack__E
003dc1ec   _ti_sysbios_knl_Task_SupportProxy_swap__E
003dc1f5   _xdc_runtime_System_Module_GateProxy_leave__E
003dc1fe   _xdc_runtime_System_snprintf_va__F
003dc1fe   _xdc_runtime_System_vsnprintf__E
003dc207   __register_unlock
003dc20b   __register_lock
003dc20f   __nop
003dc210   _ti_sysbios_BIOS_setThreadType__E
003dc218   _ti_sysbios_gates_GateMutex_Instance_finalize__E
003dc220   _ti_sysbios_hal_Hwi_HwiProxy_getStackInfo__E
003dc230   _ti_sysbios_knl_Queue_empty__E
003dc238   _ti_sysbios_knl_Semaphore_Instance_finalize__E
003dc240   _xdc_runtime_Memory_calloc__E
003dc248   _xdc_runtime_SysMin_ready__E
003dc250   _strlen
003dc258   _ti_catalog_c2800_init_Boot_init
003dc25f   _ti_sysbios_BIOS_RtsGateProxy_enter__E
003dc266   _ti_sysbios_family_c28_Hwi_disable__E
003dc26d   _ti_sysbios_heaps_HeapMem_Module_GateProxy_enter__E
003dc274   _ti_sysbios_knl_Clock_TimerProxy_getMaxTicks__E
003dc27b   _ti_sysbios_knl_Queue_destruct
003dc282   _ti_sysbios_knl_Semaphore_destruct
003dc289   _xdc_runtime_System_Module_GateProxy_enter__E
003dc290   _xdc_runtime_System_SupportProxy_abort__E
003dc297   _xdc_runtime_Timestamp_SupportProxy_get64__E
003dc29e   _xdc_runtime_Timestamp_SupportProxy_getFreq__E
003dc2a5   _ti_sysbios_family_c28_Hwi_restore__E
003dc2ab   _ti_sysbios_family_c28_IntrinsicsSupport_maxbit__E
003dc2b1   _ti_sysbios_family_c28_TimestampProvider_rolloverFunc__E
003dc2b7   _ti_sysbios_family_c28_TimestampProvider_startTimer__E
003dc2c3   _ti_sysbios_heaps_HeapMem_Module_GateProxy_query__E
003dc2c9   _ti_sysbios_knl_Swi_disable__E
003dc2cf   _ti_sysbios_knl_Task_disable__E
003dc2d5   _ti_uia_loggers_LoggerStopMode_getFilterLevel__E
003dc2db   _ti_uia_loggers_LoggerStopMode_setFilterLevel__E
003dc2e1   _xdc_runtime_Gate_enterSystem__E
003dc2e7   _xdc_runtime_Gate_leaveSystem__E
003dc2ed   _xdc_runtime_System_SupportProxy_exit__E
003dc2f3   _xdc_runtime_System_SupportProxy_putch__E
003dc2f9   _ti_sysbios_BIOS_start__E
003dc2fe   _ti_sysbios_family_c28_Hwi_switchFromBootStack__E
003dc303   _ti_sysbios_gates_GateHwi_enter__E
003dc30d   _xdc_runtime_Error_init__E
003dc312   ___dl__FPv
003dc317   _strcpy
003dc31c   _ti_sysbios_family_c28_Hwi_startup__E
003dc320   _ti_sysbios_family_c28_TimestampProvider_getFreq__E
003dc324   _ti_sysbios_heaps_HeapMem_isBlocking__E
003dc328   _ti_sysbios_knl_Swi_startup__E
003dc32c   _xdc_runtime_Memory_getMaxDefaultTypeAlign__E
003dc330   ___xdc__init
003dc333   _ti_catalog_c2800_init_Boot_limpAbort
003dc336   _ti_sysbios_family_c28_Hwi_Module__startupDone__S
003dc339   _ti_sysbios_family_c28_Hwi_getIFR__I
003dc33c   _ti_sysbios_family_c28_Timer_Module__startupDone__S
003dc33f   _ti_sysbios_gates_GateHwi_leave__E
003dc342   _ti_sysbios_hal_Hwi_HwiProxy_Module__startupDone__S
003dc345   _ti_sysbios_hal_Hwi_HwiProxy_startup__E
003dc348   _ti_sysbios_hal_Hwi_HwiProxy_switchFromBootStack__E
003dc34e   _ti_sysbios_hal_Hwi_startup__E
003dc351   _ti_sysbios_knl_Clock_TimerProxy_Module__startupDone__S
003dc354   _ti_sysbios_knl_Idle_loop__E
003dc357   _ti_sysbios_knl_Queue_Instance_init__E
003dc35a   _ti_sysbios_knl_Task_SupportProxy_Module__startupDone__S
003dc35d   _ti_sysbios_knl_Task_startup__E
003dc360   _ti_sysbios_utils_Load_update__E
003dc363   _ti_uia_loggers_LoggerStopMode_getMaxLength__E
003dc366   _xdc_runtime_Startup_reset__I
003dc369   _xdc_runtime_System_Module_startup__E
003dc36c   _xdc_runtime_System_SupportProxy_ready__E
003dc36f   _xdc_runtime_System_abortStd__E
003dc372   _xdc_runtime_System_exitStd__E
003dc375   _xdc_runtime_Timestamp_SupportProxy_get32__E
003dc378   _xdc_runtime_Timestamp_get32__E
003dc37b   _xdc_runtime_Timestamp_get64__E
003dc37e   _xdc_runtime_Timestamp_getFreq__E
003dc381   ___dla__FPv
003dc384   _ti_catalog_c2800_init_Boot_defaultLimpAbortFunction
003dc386   _ti_sysbios_family_c28_TaskSupport_Module__startupDone__S
003dc388   _ti_sysbios_family_c28_Timer_getMaxTicks__E
003dc38a   _ti_sysbios_gates_GateHwi_query__E
003dc38c   _ti_sysbios_gates_GateMutex_query__E
003dc38e   _ti_uia_loggers_LoggerStopMode_getContents__E
003dc390   _ti_uia_loggers_LoggerStopMode_getInstanceId__E
003dc392   _ti_uia_loggers_LoggerStopMode_getPriority__E
003dc394   _ti_uia_loggers_LoggerStopMode_getTransferType__E
003dc396   _xdc_runtime_Error_getSite__E
003dc398   _ti_sysbios_family_c28_Hwi_interruptReturn__I
003dc399   _ti_sysbios_gates_GateHwi_Instance_init__E
003dc39a   _ti_uia_loggers_LoggerStopMode_setPriority__E
003dc39b   ___default_new_handler__Fv
003dc39c   ___etext__
003dc39c   _xdc_runtime_Text_charTab__A
003dc39c   etext
003de098   _PieVectTableInit
003de198   _ti_sysbios_family_c28_Hwi_vectors
003de30f   _xdc_runtime_Text_nodeTab__A
003de37f   _ti_sysbios_family_c28_Hwi_Module__id__C
003de41b   _ti_sysbios_family_c28_Hwi_Module__loggerDefined__C
003de452   _ti_uia_loggers_LoggerStopMode_Module__FXNS__C
003de4ac   _ti_uia_loggers_LoggerStopMode_Object__PARAMS__C
003de4c2   _ti_sysbios_heaps_HeapMem_Module__FXNS__C
003de4d6   _xdc_runtime_Startup_sfxnTab__A
003de4ea   _ti_sysbios_gates_GateHwi_Module__FXNS__C
003de4fc   _ti_sysbios_gates_GateMutex_Module__FXNS__C
003de50e   _ti_sysbios_heaps_HeapMem_Object__PARAMS__C
003de531   _ti_sysbios_family_c28_Hwi_NUM_INTERRUPTS_ALL__C
003de542   _ti_sysbios_gates_GateHwi_Object__DESC__C
003de552   _ti_sysbios_gates_GateMutex_Object__DESC__C
003de562   _ti_sysbios_heaps_HeapMem_Object__DESC__C
003de572   _ti_sysbios_knl_Queue_Object__DESC__C
003de582   _ti_sysbios_knl_Semaphore_Object__DESC__C
003de592   _ti_sysbios_knl_Semaphore_Object__PARAMS__C
003de5a2   _ti_uia_loggers_LoggerStopMode_Object__DESC__C
003de5b2   _ti_sysbios_gates_GateHwi_Object__PARAMS__C
003de5be   _ti_sysbios_gates_GateMutex_Object__PARAMS__C
003de5ca   _ti_sysbios_knl_Queue_Object__PARAMS__C
003de5d6   _xdc_runtime_Startup_sfxnRts__A
003de5e7   _ti_sysbios_family_c28_Hwi_Object__count__C
003de5ed   _ti_sysbios_family_c28_TaskSupport_Module__id__C
003de5ee   _task0
003de5f0   _ti_sysbios_family_c28_Hwi0
003de5f2   _ti_sysbios_knl_Idle_funcList__A
003de5f6   _ti_sysbios_knl_Idle_funcList__C
003de5fa   _xdc_runtime_Startup_firstFxns__A
003de5fe   _xdc_runtime_Startup_firstFxns__C
003de602   _xdc_runtime_Startup_lastFxns__C
003de606   _ti_sysbios_BIOS_installedErrorHook__C
003de608   _ti_sysbios_family_c28_Hwi_A_badIntNum__C
003de60a   _ti_sysbios_family_c28_Hwi_A_invalidArg__C
003de60c   _ti_sysbios_family_c28_Hwi_E_unpluggedInterrupt__C
003de60e   _ti_sysbios_family_c28_Hwi_LD_end__C
003de610   _ti_sysbios_family_c28_Hwi_LM_begin__C
003de612   _ti_sysbios_family_c28_Hwi_Module__diagsEnabled__C
003de614   _ti_sysbios_family_c28_Hwi_Module__diagsIncluded__C
003de616   _ti_sysbios_family_c28_Hwi_Module__diagsMask__C
003de618   _ti_sysbios_family_c28_Hwi_Module__loggerFxn1__C
003de61a   _ti_sysbios_family_c28_Hwi_Module__loggerFxn8__C
003de61c   _ti_sysbios_family_c28_Hwi_Module__loggerObj__C
003de61e   _ti_sysbios_family_c28_Hwi_Object__table__C
003de620   _ti_sysbios_family_c28_TaskSupport_E_invalidStack__C
003de622   _ti_sysbios_family_c28_Timer_Module__diagsEnabled__C
003de624   _ti_sysbios_family_c28_Timer_Module__diagsIncluded__C
003de626   _ti_sysbios_family_c28_Timer_Module__diagsMask__C
003de628   _ti_sysbios_family_c28_TimestampProvider_Module__diagsEnabled__C
003de62a   _ti_sysbios_family_c28_TimestampProvider_Module__diagsIncluded__C
003de62c   _ti_sysbios_family_c28_TimestampProvider_Module__diagsMask__C
003de62e   _ti_sysbios_gates_GateMutex_A_badContext__C
003de630   _ti_sysbios_gates_GateMutex_Instance_State_sem__O
003de632   _ti_sysbios_gates_GateMutex_Module__diagsEnabled__C
003de634   _ti_sysbios_gates_GateMutex_Module__diagsIncluded__C
003de636   _ti_sysbios_gates_GateMutex_Module__diagsMask__C
003de638   _ti_sysbios_hal_Hwi_E_stackOverflow__C
003de63a   _ti_sysbios_heaps_HeapMem_A_align__C
003de63c   _ti_sysbios_heaps_HeapMem_A_heapSize__C
003de63e   _ti_sysbios_heaps_HeapMem_A_invalidFree__C
003de640   _ti_sysbios_heaps_HeapMem_A_zeroBlock__C
003de642   _ti_sysbios_heaps_HeapMem_E_memory__C
003de644   _ti_sysbios_heaps_HeapMem_Module__diagsEnabled__C
003de646   _ti_sysbios_heaps_HeapMem_Module__diagsIncluded__C
003de648   _ti_sysbios_heaps_HeapMem_Module__diagsMask__C
003de64a   _ti_sysbios_heaps_HeapMem_Module__gateObj__C
003de64c   _ti_sysbios_heaps_HeapMem_Object__table__C
003de64e   _ti_sysbios_heaps_HeapMem_reqAlign__C
003de650   _ti_sysbios_knl_Clock_LM_begin__C
003de652   _ti_sysbios_knl_Clock_LM_tick__C
003de654   _ti_sysbios_knl_Clock_LW_delayed__C
003de656   _ti_sysbios_knl_Clock_Module_State_clockQ__O
003de658   _ti_sysbios_knl_Clock_Module__diagsEnabled__C
003de65a   _ti_sysbios_knl_Clock_Module__diagsIncluded__C
003de65c   _ti_sysbios_knl_Clock_Module__diagsMask__C
003de65e   _ti_sysbios_knl_Clock_Module__loggerFxn1__C
003de660   _ti_sysbios_knl_Clock_Module__loggerFxn2__C
003de662   _ti_sysbios_knl_Clock_Module__loggerObj__C
003de664   _ti_sysbios_knl_Queue_Object__table__C
003de666   _ti_sysbios_knl_Semaphore_A_badContext__C
003de668   _ti_sysbios_knl_Semaphore_A_noEvents__C
003de66a   _ti_sysbios_knl_Semaphore_A_overflow__C
003de66c   _ti_sysbios_knl_Semaphore_A_pendTaskDisabled__C
003de66e   _ti_sysbios_knl_Semaphore_Instance_State_pendQ__O
003de670   _ti_sysbios_knl_Semaphore_LM_pend__C
003de672   _ti_sysbios_knl_Semaphore_LM_post__C
003de674   _ti_sysbios_knl_Semaphore_Module__diagsEnabled__C
003de676   _ti_sysbios_knl_Semaphore_Module__diagsIncluded__C
003de678   _ti_sysbios_knl_Semaphore_Module__diagsMask__C
003de67a   _ti_sysbios_knl_Semaphore_Module__loggerFxn2__C
003de67c   _ti_sysbios_knl_Semaphore_Module__loggerFxn4__C
003de67e   _ti_sysbios_knl_Semaphore_Module__loggerObj__C
003de680   _ti_sysbios_knl_Swi_LD_end__C
003de682   _ti_sysbios_knl_Swi_LM_begin__C
003de684   _ti_sysbios_knl_Swi_LM_post__C
003de686   _ti_sysbios_knl_Swi_Module__diagsEnabled__C
003de688   _ti_sysbios_knl_Swi_Module__diagsIncluded__C
003de68a   _ti_sysbios_knl_Swi_Module__diagsMask__C
003de68c   _ti_sysbios_knl_Swi_Module__loggerFxn1__C
003de68e   _ti_sysbios_knl_Swi_Module__loggerFxn4__C
003de690   _ti_sysbios_knl_Swi_Module__loggerObj__C
003de692   _ti_sysbios_knl_Swi_Object__table__C
003de694   _ti_sysbios_knl_Task_A_badTimeout__C
003de696   _ti_sysbios_knl_Task_A_sleepTaskDisabled__C
003de698   _ti_sysbios_knl_Task_E_spOutOfBounds__C
003de69a   _ti_sysbios_knl_Task_E_stackOverflow__C
003de69c   _ti_sysbios_knl_Task_LD_block__C
003de69e   _ti_sysbios_knl_Task_LD_exit__C
003de6a0   _ti_sysbios_knl_Task_LD_ready__C
003de6a2   _ti_sysbios_knl_Task_LM_sleep__C
003de6a4   _ti_sysbios_knl_Task_LM_switch__C
003de6a6   _ti_sysbios_knl_Task_Module_State_inactiveQ__O
003de6a8   _ti_sysbios_knl_Task_Module__diagsEnabled__C
003de6aa   _ti_sysbios_knl_Task_Module__diagsIncluded__C
003de6ac   _ti_sysbios_knl_Task_Module__diagsMask__C
003de6ae   _ti_sysbios_knl_Task_Module__loggerFxn2__C
003de6b0   _ti_sysbios_knl_Task_Module__loggerFxn4__C
003de6b2   _ti_sysbios_knl_Task_Module__loggerObj__C
003de6b4   _ti_sysbios_knl_Task_Object__table__C
003de6b6   _ti_sysbios_knl_Task_allBlockedFunc__C
003de6b8   _ti_sysbios_utils_Load_LS_cpuLoad__C
003de6ba   _ti_sysbios_utils_Load_LS_hwiLoad__C
003de6bc   _ti_sysbios_utils_Load_Module__diagsEnabled__C
003de6be   _ti_sysbios_utils_Load_Module__diagsIncluded__C
003de6c0   _ti_sysbios_utils_Load_Module__diagsMask__C
003de6c2   _ti_sysbios_utils_Load_Module__loggerFxn1__C
003de6c4   _ti_sysbios_utils_Load_Module__loggerFxn2__C
003de6c6   _ti_sysbios_utils_Load_Module__loggerObj__C
003de6c8   _ti_sysbios_utils_Load_postUpdate__C
003de6ca   _ti_uia_loggers_LoggerStopMode_Module__diagsEnabled__C
003de6cc   _ti_uia_loggers_LoggerStopMode_Module__diagsIncluded__C
003de6ce   _ti_uia_loggers_LoggerStopMode_Module__diagsMask__C
003de6d0   _ti_uia_loggers_LoggerStopMode_Object__table__C
003de6d2   _ti_uia_runtime_ILoggerSnapshot_Interface__BASE__C
003de6d4   _ti_uia_runtime_IUIATransfer_Interface__BASE__C
003de6d6   _xdc_runtime_Assert_E_assertFailed__C
003de6d8   _xdc_runtime_Core_A_initializedParams__C
003de6da   _xdc_runtime_Core_Module__diagsEnabled__C
003de6dc   _xdc_runtime_Core_Module__diagsIncluded__C
003de6de   _xdc_runtime_Core_Module__diagsMask__C
003de6e0   _xdc_runtime_Error_E_memory__C
003de6e2   _xdc_runtime_Error_Module__diagsEnabled__C
003de6e4   _xdc_runtime_Error_Module__diagsIncluded__C
003de6e6   _xdc_runtime_Error_Module__diagsMask__C
003de6e8   _xdc_runtime_Error_Module__loggerFxn8__C
003de6ea   _xdc_runtime_Error_Module__loggerObj__C
003de6ec   _xdc_runtime_Error_policyFxn__C
003de6ee   _xdc_runtime_Error_raiseHook__C
003de6f0   _xdc_runtime_IFilterLogger_Interface__BASE__C
003de6f2   _xdc_runtime_IGateProvider_Interface__BASE__C
003de6f4   _xdc_runtime_IHeap_Interface__BASE__C
003de6f6   _xdc_runtime_ILogger_Interface__BASE__C
003de6f8   _xdc_runtime_IModule_Interface__BASE__C
003de6fa   _xdc_runtime_Log_L_error__C
003de6fc   _xdc_runtime_Main_Module__diagsEnabled__C
003de6fe   _xdc_runtime_Main_Module__diagsIncluded__C
003de700   _xdc_runtime_Main_Module__diagsMask__C
003de702   _xdc_runtime_Memory_defaultHeapInstance__C
003de704   _xdc_runtime_Startup_execImpl__C
003de706   _xdc_runtime_Startup_lastFxns__A
003de708   _xdc_runtime_Startup_sfxnRts__C
003de70a   _xdc_runtime_Startup_sfxnTab__C
003de70c   _xdc_runtime_Startup_startModsFxn__C
003de70e   _xdc_runtime_SysMin_bufSize__C
003de710   _xdc_runtime_SysMin_outputFunc__C
003de712   _xdc_runtime_System_Module__gateObj__C
003de714   _xdc_runtime_System_abortFxn__C
003de716   _xdc_runtime_System_exitFxn__C
003de718   _xdc_runtime_System_extendFxn__C
003de71a   _xdc_runtime_Text_charTab__C
003de71c   _xdc_runtime_Text_nameEmpty__C
003de71e   _xdc_runtime_Text_nameStatic__C
003de720   _xdc_runtime_Text_nameUnknown__C
003de722   _xdc_runtime_Text_nodeTab__C
003de724   _xdc_runtime_Text_visitRopeFxn__C
003de726   _ti_sysbios_family_c28_Timer_Module__id__C
003de727   _ti_sysbios_family_c28_Timer_startupNeeded__C
003de728   _ti_sysbios_family_c28_TimestampProvider_Module__id__C
003de729   _ti_sysbios_family_c28_TimestampProvider_useClockTimer__C
003de72a   _ti_sysbios_gates_GateMutex_Module__id__C
003de72b   _ti_sysbios_hal_Hwi_Module__id__C
003de72c   _ti_sysbios_heaps_HeapMem_Module__id__C
003de72d   _ti_sysbios_heaps_HeapMem_Object__count__C
003de72e   _ti_sysbios_knl_Clock_Module__id__C
003de72f   _ti_sysbios_knl_Clock_Module__loggerDefined__C
003de730   _ti_sysbios_knl_Queue_Object__count__C
003de731   _ti_sysbios_knl_Semaphore_Module__id__C
003de732   _ti_sysbios_knl_Semaphore_Module__loggerDefined__C
003de733   _ti_sysbios_knl_Swi_Module__id__C
003de734   _ti_sysbios_knl_Swi_Module__loggerDefined__C
003de735   _ti_sysbios_knl_Swi_Object__count__C
003de736   _ti_sysbios_knl_Task_Module__id__C
003de737   _ti_sysbios_knl_Task_Module__loggerDefined__C
003de738   _ti_sysbios_knl_Task_Object__count__C
003de739   _ti_sysbios_knl_Task_initStackFlag__C
003de73a   _ti_sysbios_knl_Task_numConstructedTasks__C
003de73b   _ti_sysbios_utils_Load_Module__id__C
003de73c   _ti_sysbios_utils_Load_Module__loggerDefined__C
003de73d   _ti_sysbios_utils_Load_hwiEnabled__C
003de73e   _ti_sysbios_utils_Load_updateInIdle__C
003de73f   _ti_sysbios_utils_Load_windowInMs__C
003de740   _ti_uia_loggers_LoggerStopMode_Module__id__C
003de741   _ti_uia_loggers_LoggerStopMode_Object__count__C
003de742   _ti_uia_loggers_LoggerStopMode_isTimestampEnabled__C
003de743   _xdc_runtime_Core_Module__id__C
003de744   _xdc_runtime_Error_Module__loggerDefined__C
003de745   _xdc_runtime_Error_maxDepth__C
003de746   _xdc_runtime_Error_policy__C
003de747   _xdc_runtime_Main_Module__id__C
003de748   _xdc_runtime_Memory_Module__id__C
003de749   _xdc_runtime_Startup_maxPasses__C
003de74a   _xdc_runtime_SysMin_flushAtExit__C
003de74b   _xdc_runtime_System_maxAtexitHandlers__C
003de74c   _xdc_runtime_Text_charCnt__C
003de74d   _xdc_runtime_Text_isLoaded__C
003de74e   _xdc_runtime_Text_registryModsLastId__C
003de74f   _xdc_runtime_Text_unnamedModsLastId__C
003de750   ___cinit__
003de750   cinit
003dec05   _RamfuncsLoadStart
003dec09   _RamfuncsLoadEnd
003f7ff8   _CsmPwl
ffffffff   ___binit__
ffffffff   ___c_args__
ffffffff   ___pinit__
ffffffff   binit
ffffffff   pinit

[848 symbols]
