<?xml version="1.0"?>
<link_info>
   <banner>TMS320C2000 Linker PC v6.2.11</banner>
   <copyright>Copyright (c) 1996-2015 Texas Instruments Incorporated</copyright>
   <link_time>0x5687bf40</link_time>
   <link_errors>0x0</link_errors>
   <output_file>Quad_RTSC.out</output_file>
   <entry_point>
      <name>_c_int00</name>
      <address>0x3daf74</address>
   </entry_point>
   <input_file_list>
      <input_file id="fl-2">
         <path>.\</path>
         <kind>object</kind>
         <file>Command_Transform.obj</file>
         <name>Command_Transform.obj</name>
      </input_file>
      <input_file id="fl-3">
         <path>.\</path>
         <kind>object</kind>
         <file>F2806x_Adc.obj</file>
         <name>F2806x_Adc.obj</name>
      </input_file>
      <input_file id="fl-4">
         <path>.\</path>
         <kind>object</kind>
         <file>F2806x_CpuTimers.obj</file>
         <name>F2806x_CpuTimers.obj</name>
      </input_file>
      <input_file id="fl-5">
         <path>.\</path>
         <kind>object</kind>
         <file>F2806x_DefaultIsr.obj</file>
         <name>F2806x_DefaultIsr.obj</name>
      </input_file>
      <input_file id="fl-6">
         <path>.\</path>
         <kind>object</kind>
         <file>F2806x_EPwm.obj</file>
         <name>F2806x_EPwm.obj</name>
      </input_file>
      <input_file id="fl-7">
         <path>.\</path>
         <kind>object</kind>
         <file>F2806x_GlobalVariableDefs.obj</file>
         <name>F2806x_GlobalVariableDefs.obj</name>
      </input_file>
      <input_file id="fl-8">
         <path>.\</path>
         <kind>object</kind>
         <file>F2806x_PieCtrl.obj</file>
         <name>F2806x_PieCtrl.obj</name>
      </input_file>
      <input_file id="fl-9">
         <path>.\</path>
         <kind>object</kind>
         <file>F2806x_PieVect.obj</file>
         <name>F2806x_PieVect.obj</name>
      </input_file>
      <input_file id="fl-a">
         <path>.\</path>
         <kind>object</kind>
         <file>F2806x_Sci.obj</file>
         <name>F2806x_Sci.obj</name>
      </input_file>
      <input_file id="fl-b">
         <path>.\</path>
         <kind>object</kind>
         <file>F2806x_Spi.obj</file>
         <name>F2806x_Spi.obj</name>
      </input_file>
      <input_file id="fl-c">
         <path>.\</path>
         <kind>object</kind>
         <file>F2806x_SysCtrl.obj</file>
         <name>F2806x_SysCtrl.obj</name>
      </input_file>
      <input_file id="fl-d">
         <path>.\</path>
         <kind>object</kind>
         <file>F2806x_usDelay.obj</file>
         <name>F2806x_usDelay.obj</name>
      </input_file>
      <input_file id="fl-e">
         <path>.\</path>
         <kind>object</kind>
         <file>HUD_Interface.obj</file>
         <name>HUD_Interface.obj</name>
      </input_file>
      <input_file id="fl-f">
         <path>.\</path>
         <kind>object</kind>
         <file>I2C_Device.obj</file>
         <name>I2C_Device.obj</name>
      </input_file>
      <input_file id="fl-10">
         <path>.\</path>
         <kind>object</kind>
         <file>LED_Driver.obj</file>
         <name>LED_Driver.obj</name>
      </input_file>
      <input_file id="fl-11">
         <path>.\</path>
         <kind>object</kind>
         <file>PWM_Driver.obj</file>
         <name>PWM_Driver.obj</name>
      </input_file>
      <input_file id="fl-12">
         <path>.\</path>
         <kind>object</kind>
         <file>QuadProcessor.obj</file>
         <name>QuadProcessor.obj</name>
      </input_file>
      <input_file id="fl-13">
         <path>.\</path>
         <kind>object</kind>
         <file>SPI_Device.obj</file>
         <name>SPI_Device.obj</name>
      </input_file>
      <input_file id="fl-14">
         <path>.\</path>
         <kind>object</kind>
         <file>Sensor_Drvr.obj</file>
         <name>Sensor_Drvr.obj</name>
      </input_file>
      <input_file id="fl-15">
         <path>.\</path>
         <kind>object</kind>
         <file>main.obj</file>
         <name>main.obj</name>
      </input_file>
      <input_file id="fl-19">
         <path>C:\Users\Chris\git\Quadcopter\Quad_RTSC\Debug\configPkg\package\cfg\</path>
         <kind>object</kind>
         <file>Quad_p28FP.o28FP</file>
         <name>Quad_p28FP.o28FP</name>
      </input_file>
      <input_file id="fl-24">
         <path>C:\ti\tirtos_c2000_2_10_01_38\products\uia_2_00_02_39\packages\ti\uia\loggers\lib\release\</path>
         <kind>archive</kind>
         <file>ti.uia.loggers.a28FP</file>
         <name>LoggerStopMode.o28FP</name>
      </input_file>
      <input_file id="fl-25">
         <path>C:\Users\Chris\git\Quadcopter\Quad_RTSC\src\sysbios\</path>
         <kind>archive</kind>
         <file>sysbios.a28FP</file>
         <name>BIOS.obj</name>
      </input_file>
      <input_file id="fl-26">
         <path>C:\Users\Chris\git\Quadcopter\Quad_RTSC\src\sysbios\</path>
         <kind>archive</kind>
         <file>sysbios.a28FP</file>
         <name>c28_Hwi_asm.obj</name>
      </input_file>
      <input_file id="fl-27">
         <path>C:\Users\Chris\git\Quadcopter\Quad_RTSC\src\sysbios\</path>
         <kind>archive</kind>
         <file>sysbios.a28FP</file>
         <name>c28_Hwi_disp.obj</name>
      </input_file>
      <input_file id="fl-28">
         <path>C:\Users\Chris\git\Quadcopter\Quad_RTSC\src\sysbios\</path>
         <kind>archive</kind>
         <file>sysbios.a28FP</file>
         <name>c28_IntrinsicsSupport_asm.obj</name>
      </input_file>
      <input_file id="fl-29">
         <path>C:\Users\Chris\git\Quadcopter\Quad_RTSC\src\sysbios\</path>
         <kind>archive</kind>
         <file>sysbios.a28FP</file>
         <name>c28_TaskSupport_asm.obj</name>
      </input_file>
      <input_file id="fl-2a">
         <path>C:\ti\tirtos_c2000_2_10_01_38\products\bios_6_41_00_26\packages\ti\catalog\c2800\init\lib\</path>
         <kind>archive</kind>
         <file>Boot.a28FP</file>
         <name>Boot.o28FP</name>
      </input_file>
      <input_file id="fl-2b">
         <path>C:\ti\tirtos_c2000_2_10_01_38\products\bios_6_41_00_26\packages\ti\catalog\c2800\init\lib\</path>
         <kind>archive</kind>
         <file>Boot.a28FP</file>
         <name>Boot_asm.o28FP</name>
      </input_file>
      <input_file id="fl-2c">
         <path>C:\ti\tirtos_c2000_2_10_01_38\products\uia_2_00_02_39\packages\ti\uia\runtime\lib\release\</path>
         <kind>archive</kind>
         <file>ti.uia.runtime.a28FP</file>
         <name>QueueDescriptor.o28FP</name>
      </input_file>
      <input_file id="fl-2d">
         <path>C:\ti\tirtos_c2000_2_10_01_38\products\bios_6_41_00_26\packages\ti\targets\rts2800\lib\</path>
         <kind>archive</kind>
         <file>ti.targets.rts2800.a28FP</file>
         <name>Assert.o28FP</name>
      </input_file>
      <input_file id="fl-2e">
         <path>C:\ti\tirtos_c2000_2_10_01_38\products\bios_6_41_00_26\packages\ti\targets\rts2800\lib\</path>
         <kind>archive</kind>
         <file>ti.targets.rts2800.a28FP</file>
         <name>Core-mem.o28FP</name>
      </input_file>
      <input_file id="fl-2f">
         <path>C:\ti\tirtos_c2000_2_10_01_38\products\bios_6_41_00_26\packages\ti\targets\rts2800\lib\</path>
         <kind>archive</kind>
         <file>ti.targets.rts2800.a28FP</file>
         <name>Core-smem.o28FP</name>
      </input_file>
      <input_file id="fl-30">
         <path>C:\ti\tirtos_c2000_2_10_01_38\products\bios_6_41_00_26\packages\ti\targets\rts2800\lib\</path>
         <kind>archive</kind>
         <file>ti.targets.rts2800.a28FP</file>
         <name>Core-label.o28FP</name>
      </input_file>
      <input_file id="fl-31">
         <path>C:\ti\tirtos_c2000_2_10_01_38\products\bios_6_41_00_26\packages\ti\targets\rts2800\lib\</path>
         <kind>archive</kind>
         <file>ti.targets.rts2800.a28FP</file>
         <name>Core-params.o28FP</name>
      </input_file>
      <input_file id="fl-32">
         <path>C:\ti\tirtos_c2000_2_10_01_38\products\bios_6_41_00_26\packages\ti\targets\rts2800\lib\</path>
         <kind>archive</kind>
         <file>ti.targets.rts2800.a28FP</file>
         <name>Error.o28FP</name>
      </input_file>
      <input_file id="fl-33">
         <path>C:\ti\tirtos_c2000_2_10_01_38\products\bios_6_41_00_26\packages\ti\targets\rts2800\lib\</path>
         <kind>archive</kind>
         <file>ti.targets.rts2800.a28FP</file>
         <name>Gate.o28FP</name>
      </input_file>
      <input_file id="fl-34">
         <path>C:\ti\tirtos_c2000_2_10_01_38\products\bios_6_41_00_26\packages\ti\targets\rts2800\lib\</path>
         <kind>archive</kind>
         <file>ti.targets.rts2800.a28FP</file>
         <name>Memory.o28FP</name>
      </input_file>
      <input_file id="fl-35">
         <path>C:\ti\tirtos_c2000_2_10_01_38\products\bios_6_41_00_26\packages\ti\targets\rts2800\lib\</path>
         <kind>archive</kind>
         <file>ti.targets.rts2800.a28FP</file>
         <name>Startup.o28FP</name>
      </input_file>
      <input_file id="fl-36">
         <path>C:\ti\tirtos_c2000_2_10_01_38\products\bios_6_41_00_26\packages\ti\targets\rts2800\lib\</path>
         <kind>archive</kind>
         <file>ti.targets.rts2800.a28FP</file>
         <name>System.o28FP</name>
      </input_file>
      <input_file id="fl-37">
         <path>C:\ti\tirtos_c2000_2_10_01_38\products\bios_6_41_00_26\packages\ti\targets\rts2800\lib\</path>
         <kind>archive</kind>
         <file>ti.targets.rts2800.a28FP</file>
         <name>SysMin.o28FP</name>
      </input_file>
      <input_file id="fl-38">
         <path>C:\ti\tirtos_c2000_2_10_01_38\products\bios_6_41_00_26\packages\ti\targets\rts2800\lib\</path>
         <kind>archive</kind>
         <file>ti.targets.rts2800.a28FP</file>
         <name>Text.o28FP</name>
      </input_file>
      <input_file id="fl-39">
         <path>C:\ti\tirtos_c2000_2_10_01_38\products\bios_6_41_00_26\packages\ti\targets\rts2800\lib\</path>
         <kind>archive</kind>
         <file>ti.targets.rts2800.a28FP</file>
         <name>Timestamp.o28FP</name>
      </input_file>
      <input_file id="fl-3a">
         <path>C:\ti\tirtos_c2000_2_10_01_38\products\bios_6_41_00_26\packages\ti\targets\rts2800\lib\</path>
         <kind>archive</kind>
         <file>ti.targets.rts2800.a28FP</file>
         <name>xdc_noinit.o28FP</name>
      </input_file>
      <input_file id="fl-3b">
         <path>C:\ti\tirtos_c2000_2_10_01_38\products\bios_6_41_00_26\packages\ti\targets\rts2800\lib\</path>
         <kind>archive</kind>
         <file>ti.targets.rts2800.a28FP</file>
         <name>Registry.o28FP</name>
      </input_file>
      <input_file id="fl-3c">
         <path>C:\ti\tirtos_c2000_2_10_01_38\products\bios_6_41_00_26\packages\ti\targets\rts2800\lib\</path>
         <kind>archive</kind>
         <file>boot.a28FP</file>
         <name>boot_cg.o28FP</name>
      </input_file>
      <input_file id="fl-48">
         <path>C:\ti\ccsv6\tools\compiler\c2000_6.2.11\lib\</path>
         <kind>archive</kind>
         <file>rts2800_fpu32.lib</file>
         <name>_lock.obj</name>
      </input_file>
      <input_file id="fl-49">
         <path>C:\ti\ccsv6\tools\compiler\c2000_6.2.11\lib\</path>
         <kind>archive</kind>
         <file>rts2800_fpu32.lib</file>
         <name>args_main.obj</name>
      </input_file>
      <input_file id="fl-4a">
         <path>C:\ti\ccsv6\tools\compiler\c2000_6.2.11\lib\</path>
         <kind>archive</kind>
         <file>rts2800_fpu32.lib</file>
         <name>array_del.obj</name>
      </input_file>
      <input_file id="fl-4b">
         <path>C:\ti\ccsv6\tools\compiler\c2000_6.2.11\lib\</path>
         <kind>archive</kind>
         <file>rts2800_fpu32.lib</file>
         <name>atan.obj</name>
      </input_file>
      <input_file id="fl-4c">
         <path>C:\ti\ccsv6\tools\compiler\c2000_6.2.11\lib\</path>
         <kind>archive</kind>
         <file>rts2800_fpu32.lib</file>
         <name>delete.obj</name>
      </input_file>
      <input_file id="fl-4d">
         <path>C:\ti\ccsv6\tools\compiler\c2000_6.2.11\lib\</path>
         <kind>archive</kind>
         <file>rts2800_fpu32.lib</file>
         <name>exit.obj</name>
      </input_file>
      <input_file id="fl-4e">
         <path>C:\ti\ccsv6\tools\compiler\c2000_6.2.11\lib\</path>
         <kind>archive</kind>
         <file>rts2800_fpu32.lib</file>
         <name>far_cpy_tbl.obj</name>
      </input_file>
      <input_file id="fl-4f">
         <path>C:\ti\ccsv6\tools\compiler\c2000_6.2.11\lib\</path>
         <kind>archive</kind>
         <file>rts2800_fpu32.lib</file>
         <name>fs_div.obj</name>
      </input_file>
      <input_file id="fl-50">
         <path>C:\ti\ccsv6\tools\compiler\c2000_6.2.11\lib\</path>
         <kind>archive</kind>
         <file>rts2800_fpu32.lib</file>
         <name>ll_div.obj</name>
      </input_file>
      <input_file id="fl-51">
         <path>C:\ti\ccsv6\tools\compiler\c2000_6.2.11\lib\</path>
         <kind>archive</kind>
         <file>rts2800_fpu32.lib</file>
         <name>memcpy_ff.obj</name>
      </input_file>
      <input_file id="fl-52">
         <path>C:\ti\ccsv6\tools\compiler\c2000_6.2.11\lib\</path>
         <kind>archive</kind>
         <file>rts2800_fpu32.lib</file>
         <name>memset.obj</name>
      </input_file>
      <input_file id="fl-53">
         <path>C:\ti\ccsv6\tools\compiler\c2000_6.2.11\lib\</path>
         <kind>archive</kind>
         <file>rts2800_fpu32.lib</file>
         <name>new_.obj</name>
      </input_file>
      <input_file id="fl-54">
         <path>C:\ti\ccsv6\tools\compiler\c2000_6.2.11\lib\</path>
         <kind>archive</kind>
         <file>rts2800_fpu32.lib</file>
         <name>newhandler.obj</name>
      </input_file>
      <input_file id="fl-55">
         <path>C:\ti\ccsv6\tools\compiler\c2000_6.2.11\lib\</path>
         <kind>archive</kind>
         <file>rts2800_fpu32.lib</file>
         <name>sqrt.obj</name>
      </input_file>
      <input_file id="fl-56">
         <path>C:\ti\ccsv6\tools\compiler\c2000_6.2.11\lib\</path>
         <kind>archive</kind>
         <file>rts2800_fpu32.lib</file>
         <name>strcmp.obj</name>
      </input_file>
      <input_file id="fl-57">
         <path>C:\ti\ccsv6\tools\compiler\c2000_6.2.11\lib\</path>
         <kind>archive</kind>
         <file>rts2800_fpu32.lib</file>
         <name>strlen.obj</name>
      </input_file>
      <input_file id="fl-58">
         <path>C:\ti\ccsv6\tools\compiler\c2000_6.2.11\lib\</path>
         <kind>archive</kind>
         <file>rts2800_fpu32.lib</file>
         <name>trgdrv.obj</name>
      </input_file>
      <input_file id="fl-59">
         <path>C:\ti\ccsv6\tools\compiler\c2000_6.2.11\lib\</path>
         <kind>archive</kind>
         <file>rts2800_fpu32.lib</file>
         <name>vars.obj</name>
      </input_file>
      <input_file id="fl-5a">
         <path>C:\ti\ccsv6\tools\compiler\c2000_6.2.11\lib\</path>
         <kind>archive</kind>
         <file>rts2800_fpu32.lib</file>
         <name>ankmsg.obj</name>
      </input_file>
      <input_file id="fl-5b">
         <path>C:\ti\ccsv6\tools\compiler\c2000_6.2.11\lib\</path>
         <kind>archive</kind>
         <file>rts2800_fpu32.lib</file>
         <name>cpy_utils.obj</name>
      </input_file>
      <input_file id="fl-5c">
         <path>C:\ti\ccsv6\tools\compiler\c2000_6.2.11\lib\</path>
         <kind>archive</kind>
         <file>rts2800_fpu32.lib</file>
         <name>errno.obj</name>
      </input_file>
      <input_file id="fl-5d">
         <path>C:\ti\ccsv6\tools\compiler\c2000_6.2.11\lib\</path>
         <kind>archive</kind>
         <file>rts2800_fpu32.lib</file>
         <name>strcpy.obj</name>
      </input_file>
   </input_file_list>
   <object_component_list>
      <object_component id="oc-9f">
         <name>PieVectTableFile</name>
         <uninitialized>true</uninitialized>
         <run_address>0xd00</run_address>
         <size>0x100</size>
         <input_file_ref idref="fl-7"/>
      </object_component>
      <object_component id="oc-6a">
         <name>EmuKeyVar</name>
         <uninitialized>true</uninitialized>
         <run_address>0xd00</run_address>
         <size>0x1</size>
         <input_file_ref idref="fl-7"/>
      </object_component>
      <object_component id="oc-6b">
         <name>EmuBModeVar</name>
         <uninitialized>true</uninitialized>
         <run_address>0xd01</run_address>
         <size>0x1</size>
         <input_file_ref idref="fl-7"/>
      </object_component>
      <object_component id="oc-6c">
         <name>FlashCallbackVar</name>
         <uninitialized>true</uninitialized>
         <run_address>0xd02</run_address>
         <size>0x2</size>
         <input_file_ref idref="fl-7"/>
      </object_component>
      <object_component id="oc-6d">
         <name>FlashScalingVar</name>
         <uninitialized>true</uninitialized>
         <run_address>0xd04</run_address>
         <size>0x2</size>
         <input_file_ref idref="fl-7"/>
      </object_component>
      <object_component id="oc-6f">
         <name>DevEmuRegsFile</name>
         <uninitialized>true</uninitialized>
         <run_address>0x880</run_address>
         <size>0x4</size>
         <input_file_ref idref="fl-7"/>
      </object_component>
      <object_component id="oc-6e">
         <name>SysPwrCtrlRegsFile</name>
         <uninitialized>true</uninitialized>
         <run_address>0x985</run_address>
         <size>0x3</size>
         <input_file_ref idref="fl-7"/>
      </object_component>
      <object_component id="oc-70">
         <name>FlashRegsFile</name>
         <uninitialized>true</uninitialized>
         <run_address>0xa80</run_address>
         <size>0x8</size>
         <input_file_ref idref="fl-7"/>
      </object_component>
      <object_component id="oc-7a">
         <name>CsmRegsFile</name>
         <uninitialized>true</uninitialized>
         <run_address>0xae0</run_address>
         <size>0x10</size>
         <input_file_ref idref="fl-7"/>
      </object_component>
      <object_component id="oc-77">
         <name>AdcResultFile</name>
         <uninitialized>true</uninitialized>
         <run_address>0xb00</run_address>
         <size>0x10</size>
         <input_file_ref idref="fl-7"/>
      </object_component>
      <object_component id="oc-71">
         <name>CpuTimer0RegsFile</name>
         <uninitialized>true</uninitialized>
         <run_address>0xc00</run_address>
         <size>0x8</size>
         <input_file_ref idref="fl-7"/>
      </object_component>
      <object_component id="oc-74">
         <name>CpuTimer1RegsFile</name>
         <uninitialized>true</uninitialized>
         <run_address>0xc08</run_address>
         <size>0x8</size>
         <input_file_ref idref="fl-7"/>
      </object_component>
      <object_component id="oc-72">
         <name>CpuTimer2RegsFile</name>
         <uninitialized>true</uninitialized>
         <run_address>0xc10</run_address>
         <size>0x8</size>
         <input_file_ref idref="fl-7"/>
      </object_component>
      <object_component id="oc-80">
         <name>PieCtrlRegsFile</name>
         <uninitialized>true</uninitialized>
         <run_address>0xce0</run_address>
         <size>0x1a</size>
         <input_file_ref idref="fl-7"/>
      </object_component>
      <object_component id="oc-95">
         <name>Cla1RegsFile</name>
         <uninitialized>true</uninitialized>
         <run_address>0x1400</run_address>
         <size>0x40</size>
         <input_file_ref idref="fl-7"/>
      </object_component>
      <object_component id="oc-9e">
         <name>DmaRegsFile</name>
         <uninitialized>true</uninitialized>
         <run_address>0x1000</run_address>
         <size>0xe0</size>
         <input_file_ref idref="fl-7"/>
      </object_component>
      <object_component id="oc-8f">
         <name>ECanaRegsFile</name>
         <uninitialized>true</uninitialized>
         <run_address>0x6000</run_address>
         <size>0x34</size>
         <input_file_ref idref="fl-7"/>
      </object_component>
      <object_component id="oc-93">
         <name>ECanaLAMRegsFile</name>
         <uninitialized>true</uninitialized>
         <run_address>0x6040</run_address>
         <size>0x40</size>
         <input_file_ref idref="fl-7"/>
      </object_component>
      <object_component id="oc-a0">
         <name>ECanaMboxesFile</name>
         <uninitialized>true</uninitialized>
         <run_address>0x6100</run_address>
         <size>0x100</size>
         <input_file_ref idref="fl-7"/>
      </object_component>
      <object_component id="oc-94">
         <name>ECanaMOTSRegsFile</name>
         <uninitialized>true</uninitialized>
         <run_address>0x6080</run_address>
         <size>0x40</size>
         <input_file_ref idref="fl-7"/>
      </object_component>
      <object_component id="oc-90">
         <name>ECanaMOTORegsFile</name>
         <uninitialized>true</uninitialized>
         <run_address>0x60c0</run_address>
         <size>0x40</size>
         <input_file_ref idref="fl-7"/>
      </object_component>
      <object_component id="oc-88">
         <name>ECap1RegsFile</name>
         <uninitialized>true</uninitialized>
         <run_address>0x6a00</run_address>
         <size>0x20</size>
         <input_file_ref idref="fl-7"/>
      </object_component>
      <object_component id="oc-87">
         <name>ECap2RegsFile</name>
         <uninitialized>true</uninitialized>
         <run_address>0x6a20</run_address>
         <size>0x20</size>
         <input_file_ref idref="fl-7"/>
      </object_component>
      <object_component id="oc-89">
         <name>ECap3RegsFile</name>
         <uninitialized>true</uninitialized>
         <run_address>0x6a40</run_address>
         <size>0x20</size>
         <input_file_ref idref="fl-7"/>
      </object_component>
      <object_component id="oc-8c">
         <name>EQep1RegsFile</name>
         <uninitialized>true</uninitialized>
         <run_address>0x6b00</run_address>
         <size>0x22</size>
         <input_file_ref idref="fl-7"/>
      </object_component>
      <object_component id="oc-8a">
         <name>EQep2RegsFile</name>
         <uninitialized>true</uninitialized>
         <run_address>0x6b40</run_address>
         <size>0x22</size>
         <input_file_ref idref="fl-7"/>
      </object_component>
      <object_component id="oc-98">
         <name>GpioCtrlRegsFile</name>
         <uninitialized>true</uninitialized>
         <run_address>0x6f80</run_address>
         <size>0x40</size>
         <input_file_ref idref="fl-7"/>
      </object_component>
      <object_component id="oc-82">
         <name>GpioDataRegsFile</name>
         <uninitialized>true</uninitialized>
         <run_address>0x6fc0</run_address>
         <size>0x20</size>
         <input_file_ref idref="fl-7"/>
      </object_component>
      <object_component id="oc-81">
         <name>GpioIntRegsFile</name>
         <uninitialized>true</uninitialized>
         <run_address>0x6fe0</run_address>
         <size>0x20</size>
         <input_file_ref idref="fl-7"/>
      </object_component>
      <object_component id="oc-85">
         <name>HRCap1RegsFile</name>
         <uninitialized>true</uninitialized>
         <run_address>0x6ac0</run_address>
         <size>0x20</size>
         <input_file_ref idref="fl-7"/>
      </object_component>
      <object_component id="oc-86">
         <name>HRCap2RegsFile</name>
         <uninitialized>true</uninitialized>
         <run_address>0x6ae0</run_address>
         <size>0x20</size>
         <input_file_ref idref="fl-7"/>
      </object_component>
      <object_component id="oc-83">
         <name>HRCap3RegsFile</name>
         <uninitialized>true</uninitialized>
         <run_address>0x6c80</run_address>
         <size>0x20</size>
         <input_file_ref idref="fl-7"/>
      </object_component>
      <object_component id="oc-84">
         <name>HRCap4RegsFile</name>
         <uninitialized>true</uninitialized>
         <run_address>0x6ca0</run_address>
         <size>0x20</size>
         <input_file_ref idref="fl-7"/>
      </object_component>
      <object_component id="oc-8e">
         <name>SysCtrlRegsFile</name>
         <uninitialized>true</uninitialized>
         <run_address>0x7010</run_address>
         <size>0x30</size>
         <input_file_ref idref="fl-7"/>
      </object_component>
      <object_component id="oc-76">
         <name>SpiaRegsFile</name>
         <uninitialized>true</uninitialized>
         <run_address>0x7040</run_address>
         <size>0x10</size>
         <input_file_ref idref="fl-7"/>
      </object_component>
      <object_component id="oc-7b">
         <name>SpibRegsFile</name>
         <uninitialized>true</uninitialized>
         <run_address>0x7740</run_address>
         <size>0x10</size>
         <input_file_ref idref="fl-7"/>
      </object_component>
      <object_component id="oc-78">
         <name>SciaRegsFile</name>
         <uninitialized>true</uninitialized>
         <run_address>0x7050</run_address>
         <size>0x10</size>
         <input_file_ref idref="fl-7"/>
      </object_component>
      <object_component id="oc-75">
         <name>ScibRegsFile</name>
         <uninitialized>true</uninitialized>
         <run_address>0x7750</run_address>
         <size>0x10</size>
         <input_file_ref idref="fl-7"/>
      </object_component>
      <object_component id="oc-79">
         <name>NmiIntruptRegsFile</name>
         <uninitialized>true</uninitialized>
         <run_address>0x7060</run_address>
         <size>0x10</size>
         <input_file_ref idref="fl-7"/>
      </object_component>
      <object_component id="oc-7c">
         <name>XIntruptRegsFile</name>
         <uninitialized>true</uninitialized>
         <run_address>0x7070</run_address>
         <size>0x10</size>
         <input_file_ref idref="fl-7"/>
      </object_component>
      <object_component id="oc-9d">
         <name>AdcRegsFile</name>
         <uninitialized>true</uninitialized>
         <run_address>0x7100</run_address>
         <size>0x50</size>
         <input_file_ref idref="fl-7"/>
      </object_component>
      <object_component id="oc-8b">
         <name>I2caRegsFile</name>
         <uninitialized>true</uninitialized>
         <run_address>0x7900</run_address>
         <size>0x22</size>
         <input_file_ref idref="fl-7"/>
      </object_component>
      <object_component id="oc-7e">
         <name>Comp1RegsFile</name>
         <uninitialized>true</uninitialized>
         <run_address>0x6400</run_address>
         <size>0x14</size>
         <input_file_ref idref="fl-7"/>
      </object_component>
      <object_component id="oc-7d">
         <name>Comp2RegsFile</name>
         <uninitialized>true</uninitialized>
         <run_address>0x6420</run_address>
         <size>0x14</size>
         <input_file_ref idref="fl-7"/>
      </object_component>
      <object_component id="oc-7f">
         <name>Comp3RegsFile</name>
         <uninitialized>true</uninitialized>
         <run_address>0x6440</run_address>
         <size>0x14</size>
         <input_file_ref idref="fl-7"/>
      </object_component>
      <object_component id="oc-92">
         <name>EPwm1RegsFile</name>
         <uninitialized>true</uninitialized>
         <run_address>0x6800</run_address>
         <size>0x40</size>
         <input_file_ref idref="fl-7"/>
      </object_component>
      <object_component id="oc-91">
         <name>EPwm2RegsFile</name>
         <uninitialized>true</uninitialized>
         <run_address>0x6840</run_address>
         <size>0x40</size>
         <input_file_ref idref="fl-7"/>
      </object_component>
      <object_component id="oc-9c">
         <name>EPwm3RegsFile</name>
         <uninitialized>true</uninitialized>
         <run_address>0x6880</run_address>
         <size>0x40</size>
         <input_file_ref idref="fl-7"/>
      </object_component>
      <object_component id="oc-9a">
         <name>EPwm4RegsFile</name>
         <uninitialized>true</uninitialized>
         <run_address>0x68c0</run_address>
         <size>0x40</size>
         <input_file_ref idref="fl-7"/>
      </object_component>
      <object_component id="oc-9b">
         <name>EPwm5RegsFile</name>
         <uninitialized>true</uninitialized>
         <run_address>0x6900</run_address>
         <size>0x40</size>
         <input_file_ref idref="fl-7"/>
      </object_component>
      <object_component id="oc-97">
         <name>EPwm6RegsFile</name>
         <uninitialized>true</uninitialized>
         <run_address>0x6940</run_address>
         <size>0x40</size>
         <input_file_ref idref="fl-7"/>
      </object_component>
      <object_component id="oc-96">
         <name>EPwm7RegsFile</name>
         <uninitialized>true</uninitialized>
         <run_address>0x6980</run_address>
         <size>0x40</size>
         <input_file_ref idref="fl-7"/>
      </object_component>
      <object_component id="oc-99">
         <name>EPwm8RegsFile</name>
         <uninitialized>true</uninitialized>
         <run_address>0x69c0</run_address>
         <size>0x40</size>
         <input_file_ref idref="fl-7"/>
      </object_component>
      <object_component id="oc-8d">
         <name>McbspaRegsFile</name>
         <uninitialized>true</uninitialized>
         <run_address>0x5000</run_address>
         <size>0x24</size>
         <input_file_ref idref="fl-7"/>
      </object_component>
      <object_component id="oc-a1">
         <name>Usb0RegsFile</name>
         <uninitialized>true</uninitialized>
         <run_address>0x4000</run_address>
         <size>0x454</size>
         <input_file_ref idref="fl-7"/>
      </object_component>
      <object_component id="oc-73">
         <name>CsmPwlFile</name>
         <uninitialized>true</uninitialized>
         <run_address>0x3f7ff8</run_address>
         <size>0x8</size>
         <input_file_ref idref="fl-7"/>
      </object_component>
      <object_component id="oc-69">
         <name>PartIdRegsFile</name>
         <uninitialized>true</uninitialized>
         <run_address>0x3d7e80</run_address>
         <size>0x1</size>
         <input_file_ref idref="fl-7"/>
      </object_component>
      <object_component id="oc-e2">
         <name>.cinit</name>
         <load_address>0x3deb1c</load_address>
         <run_address>0x3deb1c</run_address>
         <size>0x47b</size>
         <input_file_ref idref="fl-19"/>
      </object_component>
      <object_component id="oc-bd">
         <name>.cinit</name>
         <load_address>0x3def97</load_address>
         <run_address>0x3def97</run_address>
         <size>0x15</size>
         <input_file_ref idref="fl-e"/>
      </object_component>
      <object_component id="oc-153">
         <name>.cinit</name>
         <load_address>0x3defac</load_address>
         <run_address>0x3defac</run_address>
         <size>0xa</size>
         <input_file_ref idref="fl-48"/>
      </object_component>
      <object_component id="oc-169">
         <name>.cinit</name>
         <load_address>0x3defb6</load_address>
         <run_address>0x3defb6</run_address>
         <size>0xa</size>
         <input_file_ref idref="fl-4d"/>
      </object_component>
      <object_component id="oc-108">
         <name>.cinit</name>
         <load_address>0x3defc0</load_address>
         <run_address>0x3defc0</run_address>
         <size>0x9</size>
         <input_file_ref idref="fl-2c"/>
      </object_component>
      <object_component id="oc-19c">
         <name>.cinit</name>
         <load_address>0x3defc9</load_address>
         <run_address>0x3defc9</run_address>
         <size>0x5</size>
         <input_file_ref idref="fl-59"/>
      </object_component>
      <object_component id="oc-1a9">
         <name>.cinit</name>
         <load_address>0x3defce</load_address>
         <run_address>0x3defce</run_address>
         <size>0x4</size>
         <input_file_ref idref="fl-5c"/>
      </object_component>
      <object_component id="oc-1de">
         <name>.text</name>
         <load_address>0x3d8000</load_address>
         <run_address>0x3d8000</run_address>
         <size>0x538</size>
         <input_file_ref idref="fl-14"/>
      </object_component>
      <object_component id="oc-60">
         <name>.text:retain</name>
         <load_address>0x3d8538</load_address>
         <run_address>0x3d8538</run_address>
         <size>0x39b</size>
         <input_file_ref idref="fl-5"/>
      </object_component>
      <object_component id="oc-1e0">
         <name>.text</name>
         <load_address>0x3d88d3</load_address>
         <run_address>0x3d88d3</run_address>
         <size>0x31e</size>
         <input_file_ref idref="fl-12"/>
      </object_component>
      <object_component id="oc-23d">
         <name>.text</name>
         <load_address>0x3d8bf1</load_address>
         <run_address>0x3d8bf1</run_address>
         <size>0x259</size>
         <input_file_ref idref="fl-2"/>
      </object_component>
      <object_component id="oc-28f">
         <name>.text:_xdc_runtime_System_doPrint__I</name>
         <load_address>0x3d8e4a</load_address>
         <run_address>0x3d8e4a</run_address>
         <size>0x234</size>
         <input_file_ref idref="fl-36"/>
      </object_component>
      <object_component id="oc-34f">
         <name>.text</name>
         <load_address>0x3d907e</load_address>
         <run_address>0x3d907e</run_address>
         <size>0x211</size>
         <input_file_ref idref="fl-58"/>
      </object_component>
      <object_component id="oc-252">
         <name>.text:_ti_sysbios_knl_Semaphore_pend__E</name>
         <load_address>0x3d928f</load_address>
         <run_address>0x3d928f</run_address>
         <size>0x1e6</size>
         <input_file_ref idref="fl-25"/>
      </object_component>
      <object_component id="oc-1d6">
         <name>.text:_ti_sysbios_heaps_HeapMem_free__E</name>
         <load_address>0x3d9475</load_address>
         <run_address>0x3d9475</run_address>
         <size>0x1d8</size>
         <input_file_ref idref="fl-25"/>
      </object_component>
      <object_component id="oc-1d5">
         <name>.text:_ti_sysbios_heaps_HeapMem_alloc__E</name>
         <load_address>0x3d964d</load_address>
         <run_address>0x3d964d</run_address>
         <size>0x1d0</size>
         <input_file_ref idref="fl-25"/>
      </object_component>
      <object_component id="oc-295">
         <name>.text</name>
         <load_address>0x3d981d</load_address>
         <run_address>0x3d981d</run_address>
         <size>0x192</size>
         <input_file_ref idref="fl-11"/>
      </object_component>
      <object_component id="oc-238">
         <name>.text</name>
         <load_address>0x3d99af</load_address>
         <run_address>0x3d99af</run_address>
         <size>0x14e</size>
         <input_file_ref idref="fl-f"/>
      </object_component>
      <object_component id="oc-213">
         <name>.text:_ti_uia_loggers_LoggerStopMode_writeMemoryRange__E</name>
         <load_address>0x3d9afd</load_address>
         <run_address>0x3d9afd</run_address>
         <size>0x10a</size>
         <input_file_ref idref="fl-19"/>
      </object_component>
      <object_component id="oc-319">
         <name>.text:_xdc_runtime_System_printfExtend__I</name>
         <load_address>0x3d9c07</load_address>
         <run_address>0x3d9c07</run_address>
         <size>0x10a</size>
         <input_file_ref idref="fl-19"/>
      </object_component>
      <object_component id="oc-176">
         <name>.text</name>
         <load_address>0x3d9d11</load_address>
         <run_address>0x3d9d11</run_address>
         <size>0x107</size>
         <input_file_ref idref="fl-50"/>
      </object_component>
      <object_component id="oc-234">
         <name>.text:_ti_sysbios_heaps_HeapMem_Instance_init__E</name>
         <load_address>0x3d9e18</load_address>
         <run_address>0x3d9e18</run_address>
         <size>0x105</size>
         <input_file_ref idref="fl-25"/>
      </object_component>
      <object_component id="oc-267">
         <name>.text:_ti_uia_loggers_LoggerStopMode_writeFinish</name>
         <load_address>0x3d9f1d</load_address>
         <run_address>0x3d9f1d</run_address>
         <size>0xf7</size>
         <input_file_ref idref="fl-19"/>
      </object_component>
      <object_component id="oc-29e">
         <name>.text:_ti_sysbios_family_c28_Hwi_clearInterrupt__E</name>
         <load_address>0x3da014</load_address>
         <run_address>0x3da014</run_address>
         <size>0xe7</size>
         <input_file_ref idref="fl-25"/>
      </object_component>
      <object_component id="oc-222">
         <name>.text:_xdc_runtime_Core_createObject__I</name>
         <load_address>0x3da0fb</load_address>
         <run_address>0x3da0fb</run_address>
         <size>0xc9</size>
         <input_file_ref idref="fl-2e"/>
      </object_component>
      <object_component id="oc-3b3">
         <name>.text:_ti_sysbios_family_c28_Hwi_dispatchCore__I</name>
         <load_address>0x3da1c4</load_address>
         <run_address>0x3da1c4</run_address>
         <size>0xc0</size>
         <input_file_ref idref="fl-25"/>
      </object_component>
      <object_component id="oc-253">
         <name>.text:_ti_sysbios_knl_Semaphore_post__E</name>
         <load_address>0x3da284</load_address>
         <run_address>0x3da284</run_address>
         <size>0xbf</size>
         <input_file_ref idref="fl-25"/>
      </object_component>
      <object_component id="oc-1bd">
         <name>.text:_ti_sysbios_knl_Clock_workFunc__E</name>
         <load_address>0x3da343</load_address>
         <run_address>0x3da343</run_address>
         <size>0xbd</size>
         <input_file_ref idref="fl-25"/>
      </object_component>
      <object_component id="oc-309">
         <name>.text:_ti_sysbios_knl_Swi_run__I</name>
         <load_address>0x3da400</load_address>
         <run_address>0x3da400</run_address>
         <size>0xb2</size>
         <input_file_ref idref="fl-25"/>
      </object_component>
      <object_component id="oc-306">
         <name>.text:_xdc_runtime_Core_constructObject__I</name>
         <load_address>0x3da4b2</load_address>
         <run_address>0x3da4b2</run_address>
         <size>0xa2</size>
         <input_file_ref idref="fl-2f"/>
      </object_component>
      <object_component id="oc-383">
         <name>.text:_ti_sysbios_family_c28_Hwi_dispatch</name>
         <load_address>0x3da554</load_address>
         <run_address>0x3da554</run_address>
         <size>0x9a</size>
         <input_file_ref idref="fl-27"/>
      </object_component>
      <object_component id="oc-270">
         <name>.text:_xdc_runtime_Error_policyDefault__E</name>
         <load_address>0x3da5ee</load_address>
         <run_address>0x3da5ee</run_address>
         <size>0x9a</size>
         <input_file_ref idref="fl-32"/>
      </object_component>
      <object_component id="oc-29f">
         <name>.text:_ti_sysbios_family_c28_Hwi_enableInterrupt__E</name>
         <load_address>0x3da688</load_address>
         <run_address>0x3da688</run_address>
         <size>0x92</size>
         <input_file_ref idref="fl-25"/>
      </object_component>
      <object_component id="oc-372">
         <name>.text</name>
         <load_address>0x3da71a</load_address>
         <run_address>0x3da71a</run_address>
         <size>0x8e</size>
         <input_file_ref idref="fl-5a"/>
      </object_component>
      <object_component id="oc-172">
         <name>.text</name>
         <load_address>0x3da7a8</load_address>
         <run_address>0x3da7a8</run_address>
         <size>0x88</size>
         <input_file_ref idref="fl-4f"/>
      </object_component>
      <object_component id="oc-3a2">
         <name>.text:_ti_sysbios_family_c28_Hwi_disableInterrupt__E</name>
         <load_address>0x3da830</load_address>
         <run_address>0x3da830</run_address>
         <size>0x87</size>
         <input_file_ref idref="fl-25"/>
      </object_component>
      <object_component id="oc-2f7">
         <name>.text:_ti_sysbios_family_c28_Hwi_disablePIEIER__E</name>
         <load_address>0x3da8b7</load_address>
         <run_address>0x3da8b7</run_address>
         <size>0x86</size>
         <input_file_ref idref="fl-25"/>
      </object_component>
      <object_component id="oc-2f6">
         <name>.text:_ti_sysbios_family_c28_Hwi_enablePIEIER__E</name>
         <load_address>0x3da93d</load_address>
         <run_address>0x3da93d</run_address>
         <size>0x83</size>
         <input_file_ref idref="fl-25"/>
      </object_component>
      <object_component id="oc-2dc">
         <name>.text:_xdc_runtime_Startup_startMods__I</name>
         <load_address>0x3da9c0</load_address>
         <run_address>0x3da9c0</run_address>
         <size>0x7d</size>
         <input_file_ref idref="fl-35"/>
      </object_component>
      <object_component id="oc-26b">
         <name>.text:_ti_uia_loggers_LoggerStopMode_flush__E</name>
         <load_address>0x3daa3d</load_address>
         <run_address>0x3daa3d</run_address>
         <size>0x7a</size>
         <input_file_ref idref="fl-24"/>
      </object_component>
      <object_component id="oc-385">
         <name>.text:_ti_sysbios_family_c28_Timer_stopAndClear__I</name>
         <load_address>0x3daab7</load_address>
         <run_address>0x3daab7</run_address>
         <size>0x78</size>
         <input_file_ref idref="fl-25"/>
      </object_component>
      <object_component id="oc-1f7">
         <name>.text:_ti_sysbios_gates_GateMutex_enter__E</name>
         <load_address>0x3dab2f</load_address>
         <run_address>0x3dab2f</run_address>
         <size>0x74</size>
         <input_file_ref idref="fl-25"/>
      </object_component>
      <object_component id="oc-340">
         <name>.text:_ti_sysbios_utils_Load_updateLoads__E</name>
         <load_address>0x3daba3</load_address>
         <run_address>0x3daba3</run_address>
         <size>0x73</size>
         <input_file_ref idref="fl-25"/>
      </object_component>
      <object_component id="oc-2fa">
         <name>.text:_ti_sysbios_knl_Task_schedule__I</name>
         <load_address>0x3dac16</load_address>
         <run_address>0x3dac16</run_address>
         <size>0x70</size>
         <input_file_ref idref="fl-25"/>
      </object_component>
      <object_component id="oc-24a">
         <name>.text:_ti_sysbios_knl_Task_startCore__E</name>
         <load_address>0x3dac86</load_address>
         <run_address>0x3dac86</run_address>
         <size>0x6f</size>
         <input_file_ref idref="fl-25"/>
      </object_component>
      <object_component id="oc-23c">
         <name>.text</name>
         <load_address>0x3dacf5</load_address>
         <run_address>0x3dacf5</run_address>
         <size>0x6f</size>
         <input_file_ref idref="fl-4b"/>
      </object_component>
      <object_component id="oc-307">
         <name>.text:_ti_sysbios_knl_Semaphore_Instance_init__E</name>
         <load_address>0x3dad64</load_address>
         <run_address>0x3dad64</run_address>
         <size>0x6e</size>
         <input_file_ref idref="fl-25"/>
      </object_component>
      <object_component id="oc-2a4">
         <name>.text:_ti_sysbios_knl_Task_checkStacks__E</name>
         <load_address>0x3dadd2</load_address>
         <run_address>0x3dadd2</run_address>
         <size>0x6d</size>
         <input_file_ref idref="fl-25"/>
      </object_component>
      <object_component id="oc-339">
         <name>.text:_xdc_runtime_Text_putSite__E</name>
         <load_address>0x3dae3f</load_address>
         <run_address>0x3dae3f</run_address>
         <size>0x68</size>
         <input_file_ref idref="fl-38"/>
      </object_component>
      <object_component id="oc-30b">
         <name>.text:_ti_sysbios_utils_Load_idleFxn__E</name>
         <load_address>0x3daea7</load_address>
         <run_address>0x3daea7</run_address>
         <size>0x67</size>
         <input_file_ref idref="fl-25"/>
      </object_component>
      <object_component id="oc-2bd">
         <name>.text:_ti_sysbios_knl_Task_blockI__E</name>
         <load_address>0x3daf0e</load_address>
         <run_address>0x3daf0e</run_address>
         <size>0x66</size>
         <input_file_ref idref="fl-25"/>
      </object_component>
      <object_component id="oc-50">
         <name>.text</name>
         <load_address>0x3daf74</load_address>
         <run_address>0x3daf74</run_address>
         <size>0x63</size>
         <input_file_ref idref="fl-3c"/>
      </object_component>
      <object_component id="oc-1ff">
         <name>.text:_ti_sysbios_knl_Swi_post__E</name>
         <load_address>0x3dafd7</load_address>
         <run_address>0x3dafd7</run_address>
         <size>0x62</size>
         <input_file_ref idref="fl-25"/>
      </object_component>
      <object_component id="oc-208">
         <name>.text:_ti_uia_loggers_LoggerStopMode_write8__E</name>
         <load_address>0x3db039</load_address>
         <run_address>0x3db039</run_address>
         <size>0x5f</size>
         <input_file_ref idref="fl-19"/>
      </object_component>
      <object_component id="oc-1df">
         <name>.text</name>
         <load_address>0x3db098</load_address>
         <run_address>0x3db098</run_address>
         <size>0x59</size>
         <input_file_ref idref="fl-10"/>
      </object_component>
      <object_component id="oc-38d">
         <name>.text:_ti_sysbios_knl_Task_exit__E</name>
         <load_address>0x3db0f1</load_address>
         <run_address>0x3db0f1</run_address>
         <size>0x59</size>
         <input_file_ref idref="fl-25"/>
      </object_component>
      <object_component id="oc-370">
         <name>.text:_ti_uia_loggers_LoggerStopMode_initQueueDescriptor__E</name>
         <load_address>0x3db14a</load_address>
         <run_address>0x3db14a</run_address>
         <size>0x58</size>
         <input_file_ref idref="fl-24"/>
      </object_component>
      <object_component id="oc-291">
         <name>.text:_xdc_runtime_Memory_alloc__E</name>
         <load_address>0x3db1a2</load_address>
         <run_address>0x3db1a2</run_address>
         <size>0x58</size>
         <input_file_ref idref="fl-34"/>
      </object_component>
      <object_component id="oc-1ba">
         <name>.text</name>
         <load_address>0x3db1fa</load_address>
         <run_address>0x3db1fa</run_address>
         <size>0x55</size>
         <input_file_ref idref="fl-15"/>
      </object_component>
      <object_component id="oc-2c0">
         <name>.text:_ti_sysbios_knl_Task_unblockI__E</name>
         <load_address>0x3db24f</load_address>
         <run_address>0x3db24f</run_address>
         <size>0x53</size>
         <input_file_ref idref="fl-25"/>
      </object_component>
      <object_component id="oc-36c">
         <name>.text:_ti_sysbios_knl_Task_postInit__I</name>
         <load_address>0x3db2a2</load_address>
         <run_address>0x3db2a2</run_address>
         <size>0x4b</size>
         <input_file_ref idref="fl-25"/>
      </object_component>
      <object_component id="oc-338">
         <name>.text:_xdc_runtime_Text_putLab__E</name>
         <load_address>0x3db2ed</load_address>
         <run_address>0x3db2ed</run_address>
         <size>0x4a</size>
         <input_file_ref idref="fl-38"/>
      </object_component>
      <object_component id="oc-331">
         <name>.text:_ti_sysbios_family_c28_TimestampProvider_get64__E</name>
         <load_address>0x3db337</load_address>
         <run_address>0x3db337</run_address>
         <size>0x49</size>
         <input_file_ref idref="fl-25"/>
      </object_component>
      <object_component id="oc-364">
         <name>.text:_ti_sysbios_family_c28_Timer_postInit__I</name>
         <load_address>0x3db380</load_address>
         <run_address>0x3db380</run_address>
         <size>0x48</size>
         <input_file_ref idref="fl-25"/>
      </object_component>
      <object_component id="oc-266">
         <name>.text:_ti_uia_loggers_LoggerStopMode_writeStart</name>
         <load_address>0x3db3c8</load_address>
         <run_address>0x3db3c8</run_address>
         <size>0x48</size>
         <input_file_ref idref="fl-19"/>
      </object_component>
      <object_component id="oc-348">
         <name>.text:_ti_sysbios_family_c28_Hwi_Module_startup__E</name>
         <load_address>0x3db410</load_address>
         <run_address>0x3db410</run_address>
         <size>0x47</size>
         <input_file_ref idref="fl-25"/>
      </object_component>
      <object_component id="oc-207">
         <name>.text:_ti_uia_loggers_LoggerStopMode_write4__E</name>
         <load_address>0x3db457</load_address>
         <run_address>0x3db457</run_address>
         <size>0x47</size>
         <input_file_ref idref="fl-19"/>
      </object_component>
      <object_component id="oc-224">
         <name>.text:_xdc_runtime_Core_deleteObject__I</name>
         <load_address>0x3db49e</load_address>
         <run_address>0x3db49e</run_address>
         <size>0x46</size>
         <input_file_ref idref="fl-2e"/>
      </object_component>
      <object_component id="oc-1b1">
         <name>.text</name>
         <load_address>0x3db4e4</load_address>
         <run_address>0x3db4e4</run_address>
         <size>0x46</size>
         <input_file_ref idref="fl-4e"/>
      </object_component>
      <object_component id="oc-37c">
         <name>.text:_ti_sysbios_utils_Load_logLoads__I</name>
         <load_address>0x3db52a</load_address>
         <run_address>0x3db52a</run_address>
         <size>0x42</size>
         <input_file_ref idref="fl-25"/>
      </object_component>
      <object_component id="oc-f0">
         <name>.text:_ti_sysbios_family_c28_Hwi_unPluggedInterrupt__I</name>
         <load_address>0x3db56c</load_address>
         <run_address>0x3db56c</run_address>
         <size>0x41</size>
         <input_file_ref idref="fl-25"/>
      </object_component>
      <object_component id="oc-3a6">
         <name>.text:_ti_sysbios_family_c28_TaskSupport_start__E</name>
         <load_address>0x3db5ad</load_address>
         <run_address>0x3db5ad</run_address>
         <size>0x3e</size>
         <input_file_ref idref="fl-25"/>
      </object_component>
      <object_component id="oc-2e8">
         <name>.text:_xdc_runtime_System_formatNum__I</name>
         <load_address>0x3db5eb</load_address>
         <run_address>0x3db5eb</run_address>
         <size>0x3e</size>
         <input_file_ref idref="fl-36"/>
      </object_component>
      <object_component id="oc-397">
         <name>.text:_ti_uia_runtime_QueueDescriptor_addToList__E</name>
         <load_address>0x3db629</load_address>
         <run_address>0x3db629</run_address>
         <size>0x3d</size>
         <input_file_ref idref="fl-2c"/>
      </object_component>
      <object_component id="oc-206">
         <name>.text:_ti_uia_loggers_LoggerStopMode_write2__E</name>
         <load_address>0x3db666</load_address>
         <run_address>0x3db666</run_address>
         <size>0x3b</size>
         <input_file_ref idref="fl-19"/>
      </object_component>
      <object_component id="oc-280">
         <name>.text:_xdc_runtime_Core_assignParams__I</name>
         <load_address>0x3db6a1</load_address>
         <run_address>0x3db6a1</run_address>
         <size>0x3b</size>
         <input_file_ref idref="fl-31"/>
      </object_component>
      <object_component id="oc-350">
         <name>.text:_xdc_runtime_Text_putMod__E</name>
         <load_address>0x3db6dc</load_address>
         <run_address>0x3db6dc</run_address>
         <size>0x3a</size>
         <input_file_ref idref="fl-38"/>
      </object_component>
      <object_component id="oc-1fc">
         <name>.text:_ti_sysbios_knl_Clock_logTick__E</name>
         <load_address>0x3db716</load_address>
         <run_address>0x3db716</run_address>
         <size>0x38</size>
         <input_file_ref idref="fl-25"/>
      </object_component>
      <object_component id="oc-3bb">
         <name>.text:_ti_sysbios_knl_Swi_restoreHwi__E</name>
         <load_address>0x3db74e</load_address>
         <run_address>0x3db74e</run_address>
         <size>0x38</size>
         <input_file_ref idref="fl-25"/>
      </object_component>
      <object_component id="oc-359">
         <name>.text:_ti_sysbios_utils_Load_logCPULoad__I</name>
         <load_address>0x3db786</load_address>
         <run_address>0x3db786</run_address>
         <size>0x38</size>
         <input_file_ref idref="fl-25"/>
      </object_component>
      <object_component id="oc-358">
         <name>.text:_ti_sysbios_utils_Load_updateThreadContexts__E</name>
         <load_address>0x3db7be</load_address>
         <run_address>0x3db7be</run_address>
         <size>0x37</size>
         <input_file_ref idref="fl-25"/>
      </object_component>
      <object_component id="oc-347">
         <name>.text:_ti_sysbios_family_c28_TimestampProvider_Module_startup__E</name>
         <load_address>0x3db7f5</load_address>
         <run_address>0x3db7f5</run_address>
         <size>0x36</size>
         <input_file_ref idref="fl-25"/>
      </object_component>
      <object_component id="oc-205">
         <name>.text:_ti_uia_loggers_LoggerStopMode_write1__E</name>
         <load_address>0x3db82b</load_address>
         <run_address>0x3db82b</run_address>
         <size>0x35</size>
         <input_file_ref idref="fl-19"/>
      </object_component>
      <object_component id="oc-245">
         <name>.text:_ti_sysbios_BIOS_rtsUnlock__I</name>
         <load_address>0x3db860</load_address>
         <run_address>0x3db860</run_address>
         <size>0x34</size>
         <input_file_ref idref="fl-19"/>
      </object_component>
      <object_component id="oc-3aa">
         <name>.text:_xdc_runtime_Text_visitRope2__I</name>
         <load_address>0x3db894</load_address>
         <run_address>0x3db894</run_address>
         <size>0x34</size>
         <input_file_ref idref="fl-38"/>
      </object_component>
      <object_component id="oc-355">
         <name>.text:_ti_sysbios_family_c28_TimestampProvider_get32__E</name>
         <load_address>0x3db8c8</load_address>
         <run_address>0x3db8c8</run_address>
         <size>0x33</size>
         <input_file_ref idref="fl-25"/>
      </object_component>
      <object_component id="oc-22b">
         <name>.text:_xdc_runtime_Assert_raise__I</name>
         <load_address>0x3db8fb</load_address>
         <run_address>0x3db8fb</run_address>
         <size>0x33</size>
         <input_file_ref idref="fl-2d"/>
      </object_component>
      <object_component id="oc-247">
         <name>.text:_ti_sysbios_family_c28_Timer_start__E</name>
         <load_address>0x3db92e</load_address>
         <run_address>0x3db92e</run_address>
         <size>0x32</size>
         <input_file_ref idref="fl-25"/>
      </object_component>
      <object_component id="oc-34c">
         <name>.text:_ti_sysbios_knl_Task_Module_startup__E</name>
         <load_address>0x3db960</load_address>
         <run_address>0x3db960</run_address>
         <size>0x32</size>
         <input_file_ref idref="fl-25"/>
      </object_component>
      <object_component id="oc-2cc">
         <name>.text:_xdc_runtime_Error_setX__E</name>
         <load_address>0x3db992</load_address>
         <run_address>0x3db992</run_address>
         <size>0x32</size>
         <input_file_ref idref="fl-32"/>
      </object_component>
      <object_component id="oc-1b2">
         <name>.text:_xdc_runtime_Startup_exec__E</name>
         <load_address>0x3db9c4</load_address>
         <run_address>0x3db9c4</run_address>
         <size>0x31</size>
         <input_file_ref idref="fl-35"/>
      </object_component>
      <object_component id="oc-344">
         <name>.text:_xdc_runtime_Error_print__E</name>
         <load_address>0x3db9f5</load_address>
         <run_address>0x3db9f5</run_address>
         <size>0x30</size>
         <input_file_ref idref="fl-32"/>
      </object_component>
      <object_component id="oc-2c5">
         <name>.text:_ti_sysbios_knl_Swi_runLoop__I</name>
         <load_address>0x3dba25</load_address>
         <run_address>0x3dba25</run_address>
         <size>0x2f</size>
         <input_file_ref idref="fl-25"/>
      </object_component>
      <object_component id="oc-219">
         <name>.text:.bootCodeSection:_ti_catalog_c2800_init_Boot_configurePll2802x</name>
         <load_address>0x3dba54</load_address>
         <run_address>0x3dba54</run_address>
         <size>0x2e</size>
         <input_file_ref idref="fl-2a"/>
      </object_component>
      <object_component id="oc-37a">
         <name>.text:_ti_sysbios_family_c28_Timer_getFreq__E</name>
         <load_address>0x3dba82</load_address>
         <run_address>0x3dba82</run_address>
         <size>0x2e</size>
         <input_file_ref idref="fl-25"/>
      </object_component>
      <object_component id="oc-260">
         <name>.text:_ti_sysbios_knl_Swi_schedule__I</name>
         <load_address>0x3dbab0</load_address>
         <run_address>0x3dbab0</run_address>
         <size>0x2e</size>
         <input_file_ref idref="fl-25"/>
      </object_component>
      <object_component id="oc-357">
         <name>.text:_ti_sysbios_utils_Load_updateCurrentThreadTime__E</name>
         <load_address>0x3dbade</load_address>
         <run_address>0x3dbade</run_address>
         <size>0x2e</size>
         <input_file_ref idref="fl-25"/>
      </object_component>
      <object_component id="oc-313">
         <name>.text:_ti_sysbios_family_c28_Hwi_getStackInfo__E</name>
         <load_address>0x3dbb0c</load_address>
         <run_address>0x3dbb0c</run_address>
         <size>0x2d</size>
         <input_file_ref idref="fl-25"/>
      </object_component>
      <object_component id="oc-1d8">
         <name>.text:_ti_sysbios_heaps_HeapMem_getStats__E</name>
         <load_address>0x3dbb39</load_address>
         <run_address>0x3dbb39</run_address>
         <size>0x2d</size>
         <input_file_ref idref="fl-25"/>
      </object_component>
      <object_component id="oc-273">
         <name>.text:_ti_sysbios_heaps_HeapMem_init__I</name>
         <load_address>0x3dbb66</load_address>
         <run_address>0x3dbb66</run_address>
         <size>0x2d</size>
         <input_file_ref idref="fl-25"/>
      </object_component>
      <object_component id="oc-35a">
         <name>.text:_ti_sysbios_family_c28_Hwi_getInterruptFlag__E</name>
         <load_address>0x3dbb93</load_address>
         <run_address>0x3dbb93</run_address>
         <size>0x2c</size>
         <input_file_ref idref="fl-25"/>
      </object_component>
      <object_component id="oc-34d">
         <name>.text:_ti_uia_loggers_LoggerStopMode_Module_startup__E</name>
         <load_address>0x3dbbbf</load_address>
         <run_address>0x3dbbbf</run_address>
         <size>0x2c</size>
         <input_file_ref idref="fl-24"/>
      </object_component>
      <object_component id="oc-342">
         <name>.text:_ti_sysbios_family_c28_Timer_getExpiredCounts64__E</name>
         <load_address>0x3dbbeb</load_address>
         <run_address>0x3dbbeb</run_address>
         <size>0x2b</size>
         <input_file_ref idref="fl-25"/>
      </object_component>
      <object_component id="oc-204">
         <name>.text:_ti_uia_loggers_LoggerStopMode_write0__E</name>
         <load_address>0x3dbc16</load_address>
         <run_address>0x3dbc16</run_address>
         <size>0x2b</size>
         <input_file_ref idref="fl-19"/>
      </object_component>
      <object_component id="oc-2df">
         <name>.text:_xdc_runtime_SysMin_flush__E</name>
         <load_address>0x3dbc41</load_address>
         <run_address>0x3dbc41</run_address>
         <size>0x28</size>
         <input_file_ref idref="fl-37"/>
      </object_component>
      <object_component id="oc-351">
         <name>.text:_xdc_runtime_Text_xprintf__I</name>
         <load_address>0x3dbc69</load_address>
         <run_address>0x3dbc69</run_address>
         <size>0x27</size>
         <input_file_ref idref="fl-38"/>
      </object_component>
      <object_component id="oc-343">
         <name>.text:_ti_sysbios_family_c28_Timer_getExpiredCounts__E</name>
         <load_address>0x3dbc90</load_address>
         <run_address>0x3dbc90</run_address>
         <size>0x26</size>
         <input_file_ref idref="fl-25"/>
      </object_component>
      <object_component id="oc-387">
         <name>.text:_ti_sysbios_family_c28_Timer_setPrescale__E</name>
         <load_address>0x3dbcb6</load_address>
         <run_address>0x3dbcb6</run_address>
         <size>0x26</size>
         <input_file_ref idref="fl-25"/>
      </object_component>
      <object_component id="oc-3b1">
         <name>.text:_ti_sysbios_family_c28_TaskSupport_buildTaskStack</name>
         <load_address>0x3dbcdc</load_address>
         <run_address>0x3dbcdc</run_address>
         <size>0x25</size>
         <input_file_ref idref="fl-29"/>
      </object_component>
      <object_component id="oc-2cb">
         <name>.text:_ti_uia_loggers_LoggerStopMode_initBuffer__I</name>
         <load_address>0x3dbd01</load_address>
         <run_address>0x3dbd01</run_address>
         <size>0x25</size>
         <input_file_ref idref="fl-24"/>
      </object_component>
      <object_component id="oc-212">
         <name>.text:_ti_uia_loggers_LoggerStopMode_reset__E</name>
         <load_address>0x3dbd26</load_address>
         <run_address>0x3dbd26</run_address>
         <size>0x24</size>
         <input_file_ref idref="fl-24"/>
      </object_component>
      <object_component id="oc-1cb">
         <name>.text:_xdc_runtime_System_processAtExit__E</name>
         <load_address>0x3dbd4a</load_address>
         <run_address>0x3dbd4a</run_address>
         <size>0x24</size>
         <input_file_ref idref="fl-36"/>
      </object_component>
      <object_component id="oc-236">
         <name>.text:_malloc</name>
         <load_address>0x3dbd6e</load_address>
         <run_address>0x3dbd6e</run_address>
         <size>0x23</size>
         <input_file_ref idref="fl-19"/>
      </object_component>
      <object_component id="oc-24b">
         <name>.text:_ti_sysbios_BIOS_nullFunc__I</name>
         <load_address>0x3dbd91</load_address>
         <run_address>0x3dbd91</run_address>
         <size>0x1</size>
         <input_file_ref idref="fl-19"/>
      </object_component>
      <object_component id="oc-23b">
         <name>.text</name>
         <load_address>0x3dbd92</load_address>
         <run_address>0x3dbd92</run_address>
         <size>0x23</size>
         <input_file_ref idref="fl-55"/>
      </object_component>
      <object_component id="oc-2a2">
         <name>.text:_ti_sysbios_knl_Task_allBlockedFunction__I</name>
         <load_address>0x3dbdb5</load_address>
         <run_address>0x3dbdb5</run_address>
         <size>0x21</size>
         <input_file_ref idref="fl-25"/>
      </object_component>
      <object_component id="oc-1e3">
         <name>.text:_xdc_runtime_System_atexit__E</name>
         <load_address>0x3dbdd6</load_address>
         <run_address>0x3dbdd6</run_address>
         <size>0x21</size>
         <input_file_ref idref="fl-36"/>
      </object_component>
      <object_component id="oc-26d">
         <name>.text</name>
         <load_address>0x3dbdf7</load_address>
         <run_address>0x3dbdf7</run_address>
         <size>0x21</size>
         <input_file_ref idref="fl-51"/>
      </object_component>
      <object_component id="oc-1dd">
         <name>.text</name>
         <load_address>0x3dbe18</load_address>
         <run_address>0x3dbe18</run_address>
         <size>0x20</size>
         <input_file_ref idref="fl-53"/>
      </object_component>
      <object_component id="oc-1d1">
         <name>.text:_ti_sysbios_gates_GateHwi_Object__create__S</name>
         <load_address>0x3dbe38</load_address>
         <run_address>0x3dbe38</run_address>
         <size>0x1e</size>
         <input_file_ref idref="fl-19"/>
      </object_component>
      <object_component id="oc-1f9">
         <name>.text:_ti_sysbios_gates_GateMutex_Object__create__S</name>
         <load_address>0x3dbe56</load_address>
         <run_address>0x3dbe56</run_address>
         <size>0x1e</size>
         <input_file_ref idref="fl-19"/>
      </object_component>
      <object_component id="oc-1d9">
         <name>.text:_ti_sysbios_heaps_HeapMem_Object__create__S</name>
         <load_address>0x3dbe74</load_address>
         <run_address>0x3dbe74</run_address>
         <size>0x1e</size>
         <input_file_ref idref="fl-19"/>
      </object_component>
      <object_component id="oc-214">
         <name>.text:_ti_uia_loggers_LoggerStopMode_Object__create__S</name>
         <load_address>0x3dbe92</load_address>
         <run_address>0x3dbe92</run_address>
         <size>0x1e</size>
         <input_file_ref idref="fl-19"/>
      </object_component>
      <object_component id="oc-33a">
         <name>.text:_xdc_runtime_SysMin_putch__E</name>
         <load_address>0x3dbeb0</load_address>
         <run_address>0x3dbeb0</run_address>
         <size>0x1e</size>
         <input_file_ref idref="fl-37"/>
      </object_component>
      <object_component id="oc-300">
         <name>.text:_ti_sysbios_family_c28_TaskSupport_swap__E</name>
         <load_address>0x3dbece</load_address>
         <run_address>0x3dbece</run_address>
         <size>0x1d</size>
         <input_file_ref idref="fl-29"/>
      </object_component>
      <object_component id="oc-363">
         <name>.text:_ti_sysbios_family_c28_Hwi_Object__get__S</name>
         <load_address>0x3dbeeb</load_address>
         <run_address>0x3dbeeb</run_address>
         <size>0x1c</size>
         <input_file_ref idref="fl-19"/>
      </object_component>
      <object_component id="oc-2b8">
         <name>.text:_ti_sysbios_knl_Clock_addI__E</name>
         <load_address>0x3dbf07</load_address>
         <run_address>0x3dbf07</run_address>
         <size>0x1c</size>
         <input_file_ref idref="fl-25"/>
      </object_component>
      <object_component id="oc-390">
         <name>.text:_ti_sysbios_knl_Queue_Object__get__S</name>
         <load_address>0x3dbf23</load_address>
         <run_address>0x3dbf23</run_address>
         <size>0x1c</size>
         <input_file_ref idref="fl-19"/>
      </object_component>
      <object_component id="oc-3ab">
         <name>.text:_ti_sysbios_family_c28_Hwi_switchAndDispatch__I</name>
         <load_address>0x3dbf3f</load_address>
         <run_address>0x3dbf3f</run_address>
         <size>0x1b</size>
         <input_file_ref idref="fl-26"/>
      </object_component>
      <object_component id="oc-30a">
         <name>.text:_ti_sysbios_hal_Hwi_checkStack</name>
         <load_address>0x3dbf5a</load_address>
         <run_address>0x3dbf5a</run_address>
         <size>0x1b</size>
         <input_file_ref idref="fl-25"/>
      </object_component>
      <object_component id="oc-337">
         <name>.text:_xdc_runtime_SysMin_output__I</name>
         <load_address>0x3dbf75</load_address>
         <run_address>0x3dbf75</run_address>
         <size>0x1b</size>
         <input_file_ref idref="fl-19"/>
      </object_component>
      <object_component id="oc-274">
         <name>.text:_ti_sysbios_hal_Hwi_initStack</name>
         <load_address>0x3dbf90</load_address>
         <run_address>0x3dbf90</run_address>
         <size>0x1a</size>
         <input_file_ref idref="fl-25"/>
      </object_component>
      <object_component id="oc-3a5">
         <name>.text:_ti_sysbios_knl_Task_processVitalTaskFlag__I</name>
         <load_address>0x3dbfaa</load_address>
         <run_address>0x3dbfaa</run_address>
         <size>0x1a</size>
         <input_file_ref idref="fl-25"/>
      </object_component>
      <object_component id="oc-225">
         <name>.text:_xdc_runtime_Core_assignLabel__I</name>
         <load_address>0x3dbfc4</load_address>
         <run_address>0x3dbfc4</run_address>
         <size>0x1a</size>
         <input_file_ref idref="fl-30"/>
      </object_component>
      <object_component id="oc-1a4">
         <name>.text</name>
         <load_address>0x3dbfde</load_address>
         <run_address>0x3dbfde</run_address>
         <size>0x1a</size>
         <input_file_ref idref="fl-5b"/>
      </object_component>
      <object_component id="oc-2da">
         <name>.text:_ti_sysbios_heaps_HeapMem_Object__get__S</name>
         <load_address>0x3dbff8</load_address>
         <run_address>0x3dbff8</run_address>
         <size>0x19</size>
         <input_file_ref idref="fl-19"/>
      </object_component>
      <object_component id="oc-2c3">
         <name>.text:_ti_sysbios_knl_Semaphore_construct</name>
         <load_address>0x3dc011</load_address>
         <run_address>0x3dc011</run_address>
         <size>0x19</size>
         <input_file_ref idref="fl-19"/>
      </object_component>
      <object_component id="oc-2b7">
         <name>.text:_ti_sysbios_knl_Semaphore_pendTimeout__I</name>
         <load_address>0x3dc02a</load_address>
         <run_address>0x3dc02a</run_address>
         <size>0x19</size>
         <input_file_ref idref="fl-25"/>
      </object_component>
      <object_component id="oc-368">
         <name>.text:_ti_sysbios_knl_Swi_Object__get__S</name>
         <load_address>0x3dc043</load_address>
         <run_address>0x3dc043</run_address>
         <size>0x19</size>
         <input_file_ref idref="fl-19"/>
      </object_component>
      <object_component id="oc-249">
         <name>.text:_ti_sysbios_knl_Swi_restore__E</name>
         <load_address>0x3dc05c</load_address>
         <run_address>0x3dc05c</run_address>
         <size>0x19</size>
         <input_file_ref idref="fl-25"/>
      </object_component>
      <object_component id="oc-36b">
         <name>.text:_ti_sysbios_knl_Task_Object__get__S</name>
         <load_address>0x3dc075</load_address>
         <run_address>0x3dc075</run_address>
         <size>0x19</size>
         <input_file_ref idref="fl-19"/>
      </object_component>
      <object_component id="oc-36f">
         <name>.text:_ti_uia_loggers_LoggerStopMode_Object__get__S</name>
         <load_address>0x3dc08e</load_address>
         <run_address>0x3dc08e</run_address>
         <size>0x19</size>
         <input_file_ref idref="fl-19"/>
      </object_component>
      <object_component id="oc-382">
         <name>.text:_xdc_runtime_System_avprintf__E</name>
         <load_address>0x3dc0a7</load_address>
         <run_address>0x3dc0a7</run_address>
         <size>0x19</size>
         <input_file_ref idref="fl-36"/>
      </object_component>
      <object_component id="oc-2e9">
         <name>.text:_xdc_runtime_System_putchar__I</name>
         <load_address>0x3dc0c0</load_address>
         <run_address>0x3dc0c0</run_address>
         <size>0x19</size>
         <input_file_ref idref="fl-36"/>
      </object_component>
      <object_component id="oc-1b3">
         <name>.text</name>
         <load_address>0x3dc0d9</load_address>
         <run_address>0x3dc0d9</run_address>
         <size>0x19</size>
         <input_file_ref idref="fl-49"/>
      </object_component>
      <object_component id="oc-279">
         <name>.text</name>
         <load_address>0x3dc0f2</load_address>
         <run_address>0x3dc0f2</run_address>
         <size>0x19</size>
         <input_file_ref idref="fl-4d"/>
      </object_component>
      <object_component id="oc-2c6">
         <name>.text:_ti_sysbios_family_xxx_Hwi_switchAndRunFunc</name>
         <load_address>0x3dc10b</load_address>
         <run_address>0x3dc10b</run_address>
         <size>0x18</size>
         <input_file_ref idref="fl-26"/>
      </object_component>
      <object_component id="oc-235">
         <name>.text:_xdc_runtime_System_vprintf__E</name>
         <load_address>0x3dc123</load_address>
         <run_address>0x3dc123</run_address>
         <size>0x18</size>
         <input_file_ref idref="fl-36"/>
      </object_component>
      <object_component id="oc-378">
         <name>.text:_xdc_runtime_Text_printVisFxn__I</name>
         <load_address>0x3dc13b</load_address>
         <run_address>0x3dc13b</run_address>
         <size>0x18</size>
         <input_file_ref idref="fl-38"/>
      </object_component>
      <object_component id="oc-1e2">
         <name>.text:_ti_sysbios_BIOS_atExitFunc__I</name>
         <load_address>0x3dc153</load_address>
         <run_address>0x3dc153</run_address>
         <size>0x17</size>
         <input_file_ref idref="fl-19"/>
      </object_component>
      <object_component id="oc-1c0">
         <name>.text:_ti_sysbios_knl_Clock_doTick__I</name>
         <load_address>0x3dc16a</load_address>
         <run_address>0x3dc16a</run_address>
         <size>0x17</size>
         <input_file_ref idref="fl-19"/>
      </object_component>
      <object_component id="oc-321">
         <name>.text:_ti_sysbios_knl_Queue_construct</name>
         <load_address>0x3dc181</load_address>
         <run_address>0x3dc181</run_address>
         <size>0x17</size>
         <input_file_ref idref="fl-19"/>
      </object_component>
      <object_component id="oc-2e0">
         <name>.text:_xdc_runtime_Memory_valloc__E</name>
         <load_address>0x3dc198</load_address>
         <run_address>0x3dc198</run_address>
         <size>0x17</size>
         <input_file_ref idref="fl-34"/>
      </object_component>
      <object_component id="oc-349">
         <name>.text:_ti_sysbios_family_c28_Timer_Module_startup__E</name>
         <load_address>0x3dc1af</load_address>
         <run_address>0x3dc1af</run_address>
         <size>0x16</size>
         <input_file_ref idref="fl-25"/>
      </object_component>
      <object_component id="oc-1e5">
         <name>.text:_ti_sysbios_family_c28_Timer_startup__E</name>
         <load_address>0x3dc1c5</load_address>
         <run_address>0x3dc1c5</run_address>
         <size>0x16</size>
         <input_file_ref idref="fl-25"/>
      </object_component>
      <object_component id="oc-2a1">
         <name>.text:_ti_sysbios_knl_Task_restore__E</name>
         <load_address>0x3dc1db</load_address>
         <run_address>0x3dc1db</run_address>
         <size>0x16</size>
         <input_file_ref idref="fl-25"/>
      </object_component>
      <object_component id="oc-333">
         <name>.text:_xdc_runtime_SysMin_abort__E</name>
         <load_address>0x3dc1f1</load_address>
         <run_address>0x3dc1f1</run_address>
         <size>0x16</size>
         <input_file_ref idref="fl-37"/>
      </object_component>
      <object_component id="oc-200">
         <name>.text:_ti_sysbios_knl_Idle_run__E</name>
         <load_address>0x3dc207</load_address>
         <run_address>0x3dc207</run_address>
         <size>0x15</size>
         <input_file_ref idref="fl-25"/>
      </object_component>
      <object_component id="oc-34b">
         <name>.text:_ti_sysbios_knl_Swi_Module_startup__E</name>
         <load_address>0x3dc21c</load_address>
         <run_address>0x3dc21c</run_address>
         <size>0x15</size>
         <input_file_ref idref="fl-25"/>
      </object_component>
      <object_component id="oc-39e">
         <name>.text:_ti_sysbios_utils_Load_getGlobalHwiLoad__E</name>
         <load_address>0x3dc231</load_address>
         <run_address>0x3dc231</run_address>
         <size>0x15</size>
         <input_file_ref idref="fl-25"/>
      </object_component>
      <object_component id="oc-26c">
         <name>.text:_ti_uia_loggers_LoggerStopMode_fillInTimestamp</name>
         <load_address>0x3dc246</load_address>
         <run_address>0x3dc246</run_address>
         <size>0x15</size>
         <input_file_ref idref="fl-19"/>
      </object_component>
      <object_component id="oc-30f">
         <name>.text:_ti_sysbios_BIOS_errorRaiseHook__I</name>
         <load_address>0x3dc25b</load_address>
         <run_address>0x3dc25b</run_address>
         <size>0x14</size>
         <input_file_ref idref="fl-19"/>
      </object_component>
      <object_component id="oc-293">
         <name>.text:_free</name>
         <load_address>0x3dc26f</load_address>
         <run_address>0x3dc26f</run_address>
         <size>0x13</size>
         <input_file_ref idref="fl-19"/>
      </object_component>
      <object_component id="oc-1fa">
         <name>.text:_ti_sysbios_gates_GateMutex_Object__delete__S</name>
         <load_address>0x3dc282</load_address>
         <run_address>0x3dc282</run_address>
         <size>0x13</size>
         <input_file_ref idref="fl-19"/>
      </object_component>
      <object_component id="oc-3ad">
         <name>.text:_ti_sysbios_family_c28_Hwi_disableIER__E</name>
         <load_address>0x3dc295</load_address>
         <run_address>0x3dc295</run_address>
         <size>0x12</size>
         <input_file_ref idref="fl-19"/>
      </object_component>
      <object_component id="oc-386">
         <name>.text:_ti_sysbios_family_c28_Timer_stop__E</name>
         <load_address>0x3dc2a7</load_address>
         <run_address>0x3dc2a7</run_address>
         <size>0x12</size>
         <input_file_ref idref="fl-25"/>
      </object_component>
      <object_component id="oc-1d2">
         <name>.text:_ti_sysbios_gates_GateHwi_Object__delete__S</name>
         <load_address>0x3dc2b9</load_address>
         <run_address>0x3dc2b9</run_address>
         <size>0x12</size>
         <input_file_ref idref="fl-19"/>
      </object_component>
      <object_component id="oc-1da">
         <name>.text:_ti_sysbios_heaps_HeapMem_Object__delete__S</name>
         <load_address>0x3dc2cb</load_address>
         <run_address>0x3dc2cb</run_address>
         <size>0x12</size>
         <input_file_ref idref="fl-19"/>
      </object_component>
      <object_component id="oc-34a">
         <name>.text:_ti_sysbios_knl_Clock_Module_startup__E</name>
         <load_address>0x3dc2dd</load_address>
         <run_address>0x3dc2dd</run_address>
         <size>0x12</size>
         <input_file_ref idref="fl-25"/>
[...]
         <value>0x3dc599</value>
         <object_component_ref idref="oc-3b4"/>
      </symbol>
      <symbol id="sm-b0f">
         <name>_ti_catalog_c2800_init_Boot_configurePll2802x</name>
         <value>0x3dba54</value>
         <object_component_ref idref="oc-219"/>
      </symbol>
      <symbol id="sm-b10">
         <name>_ti_catalog_c2800_init_Boot_disableWatchdog</name>
         <value>0x3dc3b9</value>
         <object_component_ref idref="oc-218"/>
      </symbol>
      <symbol id="sm-b11">
         <name>_ti_catalog_c2800_init_Boot_defaultLimpAbortFunction</name>
         <value>0x3dc759</value>
         <object_component_ref idref="oc-2d8"/>
      </symbol>
      <symbol id="sm-b19">
         <name>_ti_catalog_c2800_init_Boot_entry</name>
         <value>0x3f7ff6</value>
         <object_component_ref idref="oc-51"/>
      </symbol>
      <symbol id="sm-b2d">
         <name>_ti_uia_runtime_QueueDescriptor_gPtrToFirstDescriptor</name>
         <value>0xc634</value>
         <object_component_ref idref="oc-109"/>
      </symbol>
      <symbol id="sm-b2e">
         <name>_ti_uia_runtime_QueueDescriptor_addToList__E</name>
         <value>0x3db629</value>
         <object_component_ref idref="oc-397"/>
      </symbol>
      <symbol id="sm-b2f">
         <name>_ti_uia_runtime_QueueDescriptor_gUpdateCount</name>
         <value>0xc632</value>
         <object_component_ref idref="oc-109"/>
      </symbol>
      <symbol id="sm-b41">
         <name>_xdc_runtime_Assert_raise__I</name>
         <value>0x3db8fb</value>
         <object_component_ref idref="oc-22b"/>
      </symbol>
      <symbol id="sm-b61">
         <name>_xdc_runtime_Core_deleteObject__I</name>
         <value>0x3db49e</value>
         <object_component_ref idref="oc-224"/>
      </symbol>
      <symbol id="sm-b62">
         <name>_xdc_runtime_Core_createObject__I</name>
         <value>0x3da0fb</value>
         <object_component_ref idref="oc-222"/>
      </symbol>
      <symbol id="sm-b78">
         <name>_xdc_runtime_Core_constructObject__I</name>
         <value>0x3da4b2</value>
         <object_component_ref idref="oc-306"/>
      </symbol>
      <symbol id="sm-b85">
         <name>_xdc_runtime_Core_assignLabel__I</name>
         <value>0x3dbfc4</value>
         <object_component_ref idref="oc-225"/>
      </symbol>
      <symbol id="sm-b92">
         <name>_xdc_runtime_Core_assignParams__I</name>
         <value>0x3db6a1</value>
         <object_component_ref idref="oc-280"/>
      </symbol>
      <symbol id="sm-bbb">
         <name>_xdc_runtime_Error_getSite__E</name>
         <value>0x3dc76b</value>
         <object_component_ref idref="oc-35b"/>
      </symbol>
      <symbol id="sm-bbc">
         <name>_xdc_runtime_Error_print__E</name>
         <value>0x3db9f5</value>
         <object_component_ref idref="oc-344"/>
      </symbol>
      <symbol id="sm-bbd">
         <name>_xdc_runtime_Error_policyDefault__E</name>
         <value>0x3da5ee</value>
         <object_component_ref idref="oc-270"/>
      </symbol>
      <symbol id="sm-bbe">
         <name>_xdc_runtime_Error_init__E</name>
         <value>0x3dc6de</value>
         <object_component_ref idref="oc-290"/>
      </symbol>
      <symbol id="sm-bbf">
         <name>_xdc_runtime_Error_raiseX__E</name>
         <value>0x3dc368</value>
         <object_component_ref idref="oc-1c5"/>
      </symbol>
      <symbol id="sm-bc0">
         <name>_xdc_runtime_Error_check__E</name>
         <value>0x3dc4ef</value>
         <object_component_ref idref="oc-2ea"/>
      </symbol>
      <symbol id="sm-bc1">
         <name>_xdc_runtime_Error_setX__E</name>
         <value>0x3db992</value>
         <object_component_ref idref="oc-2cc"/>
      </symbol>
      <symbol id="sm-bcd">
         <name>_xdc_runtime_Gate_leaveSystem__E</name>
         <value>0x3dc6b8</value>
         <object_component_ref idref="oc-243"/>
      </symbol>
      <symbol id="sm-bce">
         <name>_xdc_runtime_Gate_enterSystem__E</name>
         <value>0x3dc6b2</value>
         <object_component_ref idref="oc-21d"/>
      </symbol>
      <symbol id="sm-be7">
         <name>_xdc_runtime_Memory_calloc__E</name>
         <value>0x3dc611</value>
         <object_component_ref idref="oc-281"/>
      </symbol>
      <symbol id="sm-be8">
         <name>_xdc_runtime_Memory_free__E</name>
         <value>0x3dc573</value>
         <object_component_ref idref="oc-283"/>
      </symbol>
      <symbol id="sm-be9">
         <name>_xdc_runtime_Memory_valloc__E</name>
         <value>0x3dc198</value>
         <object_component_ref idref="oc-2e0"/>
      </symbol>
      <symbol id="sm-bea">
         <name>_xdc_runtime_Memory_alloc__E</name>
         <value>0x3db1a2</value>
         <object_component_ref idref="oc-291"/>
      </symbol>
      <symbol id="sm-beb">
         <name>_xdc_runtime_Memory_getMaxDefaultTypeAlign__E</name>
         <value>0x3dc701</value>
         <object_component_ref idref="oc-2eb"/>
      </symbol>
      <symbol id="sm-c0a">
         <name>_xdc_runtime_Startup_startMods__I</name>
         <value>0x3da9c0</value>
         <object_component_ref idref="oc-2dc"/>
      </symbol>
      <symbol id="sm-c0b">
         <name>_xdc_runtime_Startup_exec__E</name>
         <value>0x3db9c4</value>
         <object_component_ref idref="oc-1b2"/>
      </symbol>
      <symbol id="sm-c92">
         <name>_xdc_runtime_System_formatNum__I</name>
         <value>0x3db5eb</value>
         <object_component_ref idref="oc-2e8"/>
      </symbol>
      <symbol id="sm-c93">
         <name>_xdc_runtime_System_exit__E</name>
         <value>0x3dc548</value>
         <object_component_ref idref="oc-1b4"/>
      </symbol>
      <symbol id="sm-c94">
         <name>_xdc_runtime_System_exitStd__E</name>
         <value>0x3dc747</value>
         <object_component_ref idref="oc-21f"/>
      </symbol>
      <symbol id="sm-c95">
         <name>_xdc_runtime_System_printf_va__F</name>
         <value>0x3dc123</value>
         <object_component_ref idref="oc-235"/>
      </symbol>
      <symbol id="sm-c96">
         <name>_xdc_runtime_System_atexit__E</name>
         <value>0x3dbdd6</value>
         <object_component_ref idref="oc-1e3"/>
      </symbol>
      <symbol id="sm-c97">
         <name>_xdc_runtime_System_abortStd__E</name>
         <value>0x3dc744</value>
         <object_component_ref idref="oc-334"/>
      </symbol>
      <symbol id="sm-c98">
         <name>_xdc_runtime_System_putchar__I</name>
         <value>0x3dc0c0</value>
         <object_component_ref idref="oc-2e9"/>
      </symbol>
      <symbol id="sm-c99">
         <name>_xdc_runtime_System_snprintf_va__F</name>
         <value>0x3dc5cf</value>
         <object_component_ref idref="oc-379"/>
      </symbol>
      <symbol id="sm-c9a">
         <name>_xdc_runtime_System_Module_startup__E</name>
         <value>0x3dc73e</value>
         <object_component_ref idref="oc-345"/>
      </symbol>
      <symbol id="sm-c9b">
         <name>_xdc_runtime_System_avprintf__E</name>
         <value>0x3dc0a7</value>
         <object_component_ref idref="oc-382"/>
      </symbol>
      <symbol id="sm-c9c">
         <name>_xdc_runtime_System_vprintf__E</name>
         <value>0x3dc123</value>
         <object_component_ref idref="oc-235"/>
      </symbol>
      <symbol id="sm-c9d">
         <name>_xdc_runtime_System_aprintf_va__F</name>
         <value>0x3dc0a7</value>
         <object_component_ref idref="oc-382"/>
      </symbol>
      <symbol id="sm-c9e">
         <name>_xdc_runtime_System_doPrint__I</name>
         <value>0x3d8e4a</value>
         <object_component_ref idref="oc-28f"/>
      </symbol>
      <symbol id="sm-c9f">
         <name>_xdc_runtime_System_processAtExit__E</name>
         <value>0x3dbd4a</value>
         <object_component_ref idref="oc-1cb"/>
      </symbol>
      <symbol id="sm-ca0">
         <name>_xdc_runtime_System_vsnprintf__E</name>
         <value>0x3dc5cf</value>
         <object_component_ref idref="oc-379"/>
      </symbol>
      <symbol id="sm-ca1">
         <name>_xdc_runtime_System_abort__E</name>
         <value>0x3dc4a5</value>
         <object_component_ref idref="oc-2d7"/>
      </symbol>
      <symbol id="sm-cbe">
         <name>_xdc_runtime_SysMin_abort__E</name>
         <value>0x3dc1f1</value>
         <object_component_ref idref="oc-333"/>
      </symbol>
      <symbol id="sm-cbf">
         <name>_xdc_runtime_SysMin_ready__E</name>
         <value>0x3dc619</value>
         <object_component_ref idref="oc-2e5"/>
      </symbol>
      <symbol id="sm-cc0">
         <name>_xdc_runtime_SysMin_flush__E</name>
         <value>0x3dbc41</value>
         <object_component_ref idref="oc-2df"/>
      </symbol>
      <symbol id="sm-cc1">
         <name>_xdc_runtime_SysMin_Module_startup__E</name>
         <value>0x3dc3a9</value>
         <object_component_ref idref="oc-346"/>
      </symbol>
      <symbol id="sm-cc2">
         <name>_xdc_runtime_SysMin_putch__E</name>
         <value>0x3dbeb0</value>
         <object_component_ref idref="oc-33a"/>
      </symbol>
      <symbol id="sm-cc3">
         <name>_xdc_runtime_SysMin_exit__E</name>
         <value>0x3dc532</value>
         <object_component_ref idref="oc-278"/>
      </symbol>
      <symbol id="sm-d07">
         <name>_xdc_runtime_Text_putLab__E</name>
         <value>0x3db2ed</value>
         <object_component_ref idref="oc-338"/>
      </symbol>
      <symbol id="sm-d08">
         <name>_xdc_runtime_Text_printVisFxn__I</name>
         <value>0x3dc13b</value>
         <object_component_ref idref="oc-378"/>
      </symbol>
      <symbol id="sm-d09">
         <name>_xdc_runtime_Text_putMod__E</name>
         <value>0x3db6dc</value>
         <object_component_ref idref="oc-350"/>
      </symbol>
      <symbol id="sm-d0a">
         <name>_xdc_runtime_Text_cordText__E</name>
         <value>0x3dc301</value>
         <object_component_ref idref="oc-284"/>
      </symbol>
      <symbol id="sm-d0b">
         <name>_xdc_runtime_Text_xprintf__I</name>
         <value>0x3dbc69</value>
         <object_component_ref idref="oc-351"/>
      </symbol>
      <symbol id="sm-d0c">
         <name>_xdc_runtime_Text_visitRope2__I</name>
         <value>0x3db894</value>
         <object_component_ref idref="oc-3aa"/>
      </symbol>
      <symbol id="sm-d0d">
         <name>_xdc_runtime_Text_ropeText__E</name>
         <value>0x3dc55e</value>
         <object_component_ref idref="oc-289"/>
      </symbol>
      <symbol id="sm-d0e">
         <name>_xdc_runtime_Text_putSite__E</name>
         <value>0x3dae3f</value>
         <object_component_ref idref="oc-339"/>
      </symbol>
      <symbol id="sm-d1c">
         <name>_xdc_runtime_Timestamp_getFreq__E</name>
         <value>0x3dc753</value>
         <object_component_ref idref="oc-328"/>
      </symbol>
      <symbol id="sm-d1d">
         <name>_xdc_runtime_Timestamp_get64__E</name>
         <value>0x3dc750</value>
         <object_component_ref idref="oc-2c9"/>
      </symbol>
      <symbol id="sm-d1e">
         <name>_xdc_runtime_Timestamp_get32__E</name>
         <value>0x3dc74d</value>
         <object_component_ref idref="oc-32e"/>
      </symbol>
      <symbol id="sm-d28">
         <name>___xdc__init</name>
         <value>0x3dc705</value>
         <object_component_ref idref="oc-1b5"/>
      </symbol>
      <symbol id="sm-d35">
         <name>_xdc_runtime_Registry_findById__E</name>
         <value>0x3dc404</value>
         <object_component_ref idref="oc-376"/>
      </symbol>
      <symbol id="sm-d4a">
         <name>_c_int00</name>
         <value>0x3daf74</value>
         <object_component_ref idref="oc-50"/>
      </symbol>
      <symbol id="sm-d4b">
         <name>__stack</name>
         <value>0xc6dc</value>
         <object_component_ref idref="oc-14e"/>
      </symbol>
      <symbol id="sm-d59">
         <name>__unlock</name>
         <value>0xc62a</value>
         <object_component_ref idref="oc-154"/>
      </symbol>
      <symbol id="sm-d5a">
         <name>__lock</name>
         <value>0xc62c</value>
         <object_component_ref idref="oc-154"/>
      </symbol>
      <symbol id="sm-d5b">
         <name>__register_lock</name>
         <value>0x3dc5dc</value>
         <object_component_ref idref="oc-1c6"/>
      </symbol>
      <symbol id="sm-d5c">
         <name>__nop</name>
         <value>0x3dc5e0</value>
         <object_component_ref idref="oc-1c6"/>
      </symbol>
      <symbol id="sm-d5d">
         <name>__register_unlock</name>
         <value>0x3dc5d8</value>
         <object_component_ref idref="oc-1c6"/>
      </symbol>
      <symbol id="sm-d69">
         <name>__args_main</name>
         <value>0x3dc0d9</value>
         <object_component_ref idref="oc-1b3"/>
      </symbol>
      <symbol id="sm-d6a">
         <name>__TI_args_main</name>
         <value>0x1</value>
      </symbol>
      <symbol id="sm-d74">
         <name>___dla__FPv</name>
         <value>0x3dc756</value>
         <object_component_ref idref="oc-292"/>
      </symbol>
      <symbol id="sm-d85">
         <name>_atan</name>
         <value>0x3dacf5</value>
         <object_component_ref idref="oc-23c"/>
      </symbol>
      <symbol id="sm-d90">
         <name>___dl__FPv</name>
         <value>0x3dc6e3</value>
         <object_component_ref idref="oc-239"/>
      </symbol>
      <symbol id="sm-da1">
         <name>C$$EXIT</name>
         <value>0x3dc0f2</value>
         <object_component_ref idref="oc-279"/>
      </symbol>
      <symbol id="sm-da2">
         <name>_exit</name>
         <value>0x3dc0f4</value>
         <object_component_ref idref="oc-279"/>
      </symbol>
      <symbol id="sm-da3">
         <name>___TI_cleanup_ptr</name>
         <value>0xc62e</value>
         <object_component_ref idref="oc-16a"/>
      </symbol>
      <symbol id="sm-da4">
         <name>_abort</name>
         <value>0x3dc0f2</value>
         <object_component_ref idref="oc-279"/>
      </symbol>
      <symbol id="sm-da5">
         <name>___TI_dtors_ptr</name>
         <value>0xc630</value>
         <object_component_ref idref="oc-16a"/>
      </symbol>
      <symbol id="sm-db8">
         <name>_far_copy_in</name>
         <value>0x3db4e4</value>
         <object_component_ref idref="oc-1b1"/>
      </symbol>
      <symbol id="sm-dc5">
         <name>FS$$DIV</name>
         <value>0x3da7a8</value>
         <object_component_ref idref="oc-172"/>
      </symbol>
      <symbol id="sm-dec">
         <name>ULL$$MOD</name>
         <value>0x3d9db6</value>
         <object_component_ref idref="oc-176"/>
      </symbol>
      <symbol id="sm-ded">
         <name>ULL$$DIV</name>
         <value>0x3d9d87</value>
         <object_component_ref idref="oc-176"/>
      </symbol>
      <symbol id="sm-dee">
         <name>LL$$MOD</name>
         <value>0x3d9d4d</value>
         <object_component_ref idref="oc-176"/>
      </symbol>
      <symbol id="sm-def">
         <name>LL$$DIV</name>
         <value>0x3d9d11</value>
         <object_component_ref idref="oc-176"/>
      </symbol>
      <symbol id="sm-dfe">
         <name>___memcpy_ff</name>
         <value>0x3dbdf7</value>
         <object_component_ref idref="oc-26d"/>
      </symbol>
      <symbol id="sm-e0a">
         <name>_memset</name>
         <value>0x3dc4b2</value>
         <object_component_ref idref="oc-282"/>
      </symbol>
      <symbol id="sm-e17">
         <name>___nw__FUl</name>
         <value>0x3dbe18</value>
         <object_component_ref idref="oc-1dd"/>
      </symbol>
      <symbol id="sm-e1f">
         <name>___default_new_handler__Fv</name>
         <value>0x3dc770</value>
         <object_component_ref idref="oc-237"/>
      </symbol>
      <symbol id="sm-e2d">
         <name>_sqrt</name>
         <value>0x3dbd92</value>
         <object_component_ref idref="oc-23b"/>
      </symbol>
      <symbol id="sm-e3f">
         <name>_strlen</name>
         <value>0x3dc621</value>
         <object_component_ref idref="oc-2e7"/>
      </symbol>
      <symbol id="sm-e50">
         <name>_HOSTopen</name>
         <value>0x3d9184</value>
         <object_component_ref idref="oc-34f"/>
      </symbol>
      <symbol id="sm-e51">
         <name>_HOSTread</name>
         <value>0x3d9146</value>
         <object_component_ref idref="oc-34f"/>
      </symbol>
      <symbol id="sm-e52">
         <name>_HOSTgetenv</name>
         <value>0x3d9210</value>
         <object_component_ref idref="oc-34f"/>
      </symbol>
      <symbol id="sm-e53">
         <name>_HOSTtime</name>
         <value>0x3d90dd</value>
         <object_component_ref idref="oc-34f"/>
      </symbol>
      <symbol id="sm-e54">
         <name>_HOSTrename</name>
         <value>0x3d9108</value>
         <object_component_ref idref="oc-34f"/>
      </symbol>
      <symbol id="sm-e55">
         <name>_HOSTclock</name>
         <value>0x3d9264</value>
         <object_component_ref idref="oc-34f"/>
      </symbol>
      <symbol id="sm-e56">
         <name>_HOSTwrite</name>
         <value>0x3d907e</value>
         <object_component_ref idref="oc-34f"/>
      </symbol>
      <symbol id="sm-e57">
         <name>_HOSTlseek</name>
         <value>0x3d91c3</value>
         <object_component_ref idref="oc-34f"/>
      </symbol>
      <symbol id="sm-e58">
         <name>_HOSTunlink</name>
         <value>0x3d90b5</value>
         <object_component_ref idref="oc-34f"/>
      </symbol>
      <symbol id="sm-e59">
         <name>_HOSTclose</name>
         <value>0x3d923a</value>
         <object_component_ref idref="oc-34f"/>
      </symbol>
      <symbol id="sm-e63">
         <name>__new_handler</name>
         <value>0xc636</value>
         <object_component_ref idref="oc-19d"/>
      </symbol>
      <symbol id="sm-e7a">
         <name>___TI_readmsg</name>
         <value>0x3da76e</value>
         <object_component_ref idref="oc-372"/>
      </symbol>
      <symbol id="sm-e7b">
         <name>C$$IO$$</name>
         <value>0x3da76a</value>
         <object_component_ref idref="oc-372"/>
      </symbol>
      <symbol id="sm-e7c">
         <name>__CIOBUF_</name>
         <value>0x10000</value>
         <object_component_ref idref="oc-1a0"/>
      </symbol>
      <symbol id="sm-e7d">
         <name>___TI_writemsg</name>
         <value>0x3da71a</value>
         <object_component_ref idref="oc-372"/>
      </symbol>
      <symbol id="sm-e88">
         <name>_ppcopy</name>
         <value>0x3dbfde</value>
         <object_component_ref idref="oc-1a4"/>
      </symbol>
      <symbol id="sm-e89">
         <name>_dpcopy</name>
         <value>0x3dbfde</value>
         <object_component_ref idref="oc-1a4"/>
      </symbol>
      <symbol id="sm-e8a">
         <name>_pdcopy</name>
         <value>0x3dbfde</value>
         <object_component_ref idref="oc-1a4"/>
      </symbol>
      <symbol id="sm-e8b">
         <name>_ddcopy</name>
         <value>0x3dbfde</value>
         <object_component_ref idref="oc-1a4"/>
      </symbol>
      <symbol id="sm-e95">
         <name>_errno</name>
         <value>0xc603</value>
         <object_component_ref idref="oc-1aa"/>
      </symbol>
      <symbol id="sm-ea0">
         <name>_strcpy</name>
         <value>0x3dc6e8</value>
         <object_component_ref idref="oc-373"/>
      </symbol>
   </symbol_table>
   <title>Link successful</title>
</link_info>
