******************************************************************************
             TMS320C2000 Linker PC v6.2.11                     
******************************************************************************
>> Linked Thu Oct 22 07:49:25 2015

OUTPUT FILE NAME:   <Quad_RTSC.out>
ENTRY POINT SYMBOL: "_c_int00"  address: 003da7f3


MEMORY CONFIGURATION

         name            origin    length      used     unused   attr    fill
----------------------  --------  ---------  --------  --------  ----  --------
PAGE 0:
  L03SARAM              00008000   00002000  00000004  00001ffc  RWIX
  OTP                   003d7800   00000400  00000000  00000400  RWIX
  FLASH                 003d8000   0001ff80  000068c8  000196b8  RWIX
  CSM_RSVD              003f7f80   00000076  00000000  00000076  RWIX
  BEGIN                 003f7ff6   00000002  00000000  00000002  RWIX
  CSM_PWL               003f7ff8   00000008  00000000  00000008  RWIX
  FPUTABLES             003fd860   000006a0  00000000  000006a0  RWIX
  IQTABLES              003fdf00   00000b50  00000000  00000b50  RWIX
  IQTABLES2             003fea50   0000008c  00000000  0000008c  RWIX
  IQTABLES3             003feadc   000000aa  00000000  000000aa  RWIX
  ROM                   003ff3b0   00000c10  00000000  00000c10  RWIX
  RESET                 003fffc0   00000002  00000000  00000002  RWIX
  VECTORS               003fffc2   0000003e  00000000  0000003e  RWIX

PAGE 1:
  M01SARAM              00000000   00000800  00000000  00000800  RWIX
  DEV_EMU               00000880   00000105  00000004  00000101  RWIX
  SYS_PWR_CTL           00000985   00000003  00000003  00000000  RWIX
  FLASH_REGS            00000a80   00000060  00000008  00000058  RWIX
  CSM                   00000ae0   00000020  00000010  00000010  RWIX
  ADC_RESULT            00000b00   00000020  00000010  00000010  RWIX
  CPU_TIMER0            00000c00   00000008  00000008  00000000  RWIX
  CPU_TIMER1            00000c08   00000008  00000008  00000000  RWIX
  CPU_TIMER2            00000c10   00000008  00000008  00000000  RWIX
  PIE_CTRL              00000ce0   00000020  0000001a  00000006  RWIX
  PIEVECT               00000d00   00000100  00000000  00000100  RWIX
  DMA                   00001000   00000200  000000e0  00000120  RWIX
  CLA1                  00001400   00000080  00000040  00000040  RWIX
  USB0                  00004000   00001000  00000454  00000bac  RWIX
  McBSPA                00005000   00000040  00000024  0000001c  RWIX
  ECANA                 00006000   00000040  00000034  0000000c  RWIX
  ECANA_LAM             00006040   00000040  00000040  00000000  RWIX
  ECANA_MOTS            00006080   00000040  00000040  00000000  RWIX
  ECANA_MOTO            000060c0   00000040  00000040  00000000  RWIX
  ECANA_MBOX            00006100   00000100  00000100  00000000  RWIX
  COMP1                 00006400   00000020  00000014  0000000c  RWIX
  COMP2                 00006420   00000020  00000014  0000000c  RWIX
  COMP3                 00006440   00000020  00000014  0000000c  RWIX
  EPWM1                 00006800   00000040  00000040  00000000  RWIX
  EPWM2                 00006840   00000040  00000040  00000000  RWIX
  EPWM3                 00006880   00000040  00000040  00000000  RWIX
  EPWM4                 000068c0   00000040  00000040  00000000  RWIX
  EPWM5                 00006900   00000040  00000040  00000000  RWIX
  EPWM6                 00006940   00000040  00000040  00000000  RWIX
  EPWM7                 00006980   00000040  00000040  00000000  RWIX
  EPWM8                 000069c0   00000040  00000040  00000000  RWIX
  ECAP1                 00006a00   00000020  00000020  00000000  RWIX
  ECAP2                 00006a20   00000020  00000020  00000000  RWIX
  ECAP3                 00006a40   00000020  00000020  00000000  RWIX
  HRCAP1                00006ac0   00000020  00000020  00000000  RWIX
  HRCAP2                00006ae0   00000020  00000020  00000000  RWIX
  EQEP1                 00006b00   00000040  00000022  0000001e  RWIX
  EQEP2                 00006b40   00000040  00000022  0000001e  RWIX
  HRCAP3                00006c80   00000020  00000020  00000000  RWIX
  HRCAP4                00006ca0   00000020  00000020  00000000  RWIX
  GPIOCTRL              00006f80   00000040  00000040  00000000  RWIX
  GPIODAT               00006fc0   00000020  00000020  00000000  RWIX
  GPIOINT               00006fe0   00000020  00000020  00000000  RWIX
  SYSTEM                00007010   00000030  00000030  00000000  RWIX
  SPIA                  00007040   00000010  00000010  00000000  RWIX
  SCIA                  00007050   00000010  00000010  00000000  RWIX
  NMIINTRUPT            00007060   00000010  00000010  00000000  RWIX
  XINTRUPT              00007070   00000010  00000010  00000000  RWIX
  ADC                   00007100   00000080  00000050  00000030  RWIX
  SPIB                  00007740   00000010  00000010  00000000  RWIX
  SCIB                  00007750   00000010  00000010  00000000  RWIX
  I2CA                  00007900   00000040  00000022  0000001e  RWIX
  L46SARAM              0000a000   00006000  000036cc  00002934  RWIX
  L78SARAM              00010000   00004000  00000120  00003ee0  RWIX
  PARTID                003d7e80   00000001  00000001  00000000  RWIX
  CSM_PWL               003f7ff8   00000008  00000008  00000000  RWIX


SECTION ALLOCATION MAP

 output                                  attributes/
section   page    origin      length       input sections
--------  ----  ----------  ----------   ----------------
.pinit     0    003d8000    00000000     UNINITIALIZED

xdc.meta   0    00000000    000000e1     COPY SECTION
                  00000000    000000e1     Quad_p28FP.o28FP (xdc.meta)

EmuKeyVar 
*          0    00000d00    00000001     DSECT
                  00000d00    00000001     F2806x_GlobalVariableDefs.obj (EmuKeyVar)

PieVectTableFile 
*          0    00000d00    00000100     DSECT
                  00000d00    00000100     F2806x_GlobalVariableDefs.obj (PieVectTableFile)

EmuBModeVar 
*          0    00000d01    00000001     DSECT
                  00000d01    00000001     F2806x_GlobalVariableDefs.obj (EmuBModeVar)

FlashCallbackVar 
*          0    00000d02    00000002     DSECT
                  00000d02    00000002     F2806x_GlobalVariableDefs.obj (FlashCallbackVar)

FlashScalingVar 
*          0    00000d04    00000002     DSECT
                  00000d04    00000002     F2806x_GlobalVariableDefs.obj (FlashScalingVar)

.text      0    003d8000    00004060     
                  003d8000    000003f0     Sensor_Drvr.obj (.text)
                  003d83f0    0000039b     F2806x_DefaultIsr.obj (.text:retain)
                  003d878b    00000234     ti.targets.rts2800.a28FP : System.o28FP (.text:_xdc_runtime_System_doPrint__I)
                  003d89bf    00000211     rts2800_fpu32.lib : trgdrv.obj (.text)
                  003d8bd0    000001e6     sysbios.a28FP : BIOS.obj (.text:_ti_sysbios_knl_Semaphore_pend__E)
                  003d8db6    000001d8                   : BIOS.obj (.text:_ti_sysbios_heaps_HeapMem_free__E)
                  003d8f8e    000001d0                   : BIOS.obj (.text:_ti_sysbios_heaps_HeapMem_alloc__E)
                  003d915e    00000151     I2C_Device.obj (.text)
                  003d92af    0000013c     sysbios.a28FP : BIOS.obj (.text:_ti_sysbios_knl_Task_sleep__E)
                  003d93eb    0000010a     Quad_p28FP.o28FP (.text:_ti_uia_loggers_LoggerStopMode_writeMemoryRange__E)
                  003d94f5    0000010a     Quad_p28FP.o28FP (.text:_xdc_runtime_System_printfExtend__I)
                  003d95ff    00000107     rts2800_fpu32.lib : ll_div.obj (.text)
                  003d9706    00000105     sysbios.a28FP : BIOS.obj (.text:_ti_sysbios_heaps_HeapMem_Instance_init__E)
                  003d980b    000000f7     Quad_p28FP.o28FP (.text:_ti_uia_loggers_LoggerStopMode_writeFinish)
                  003d9902    000000e7     sysbios.a28FP : BIOS.obj (.text:_ti_sysbios_family_c28_Hwi_clearInterrupt__E)
                  003d99e9    000000c9     ti.targets.rts2800.a28FP : Core-mem.o28FP (.text:_xdc_runtime_Core_createObject__I)
                  003d9ab2    000000c0     sysbios.a28FP : BIOS.obj (.text:_ti_sysbios_family_c28_Hwi_dispatchCore__I)
                  003d9b72    000000bf                   : BIOS.obj (.text:_ti_sysbios_knl_Semaphore_post__E)
                  003d9c31    000000bd                   : BIOS.obj (.text:_ti_sysbios_knl_Clock_workFunc__E)
                  003d9cee    000000b2                   : BIOS.obj (.text:_ti_sysbios_knl_Swi_run__I)
                  003d9da0    000000a2     ti.targets.rts2800.a28FP : Core-smem.o28FP (.text:_xdc_runtime_Core_constructObject__I)
                  003d9e42    0000009a     sysbios.a28FP : c28_Hwi_disp.obj (.text:_ti_sysbios_family_c28_Hwi_dispatch)
                  003d9edc    0000009a     ti.targets.rts2800.a28FP : Error.o28FP (.text:_xdc_runtime_Error_policyDefault__E)
                  003d9f76    00000092     sysbios.a28FP : BIOS.obj (.text:_ti_sysbios_family_c28_Hwi_enableInterrupt__E)
                  003da008    0000008e     rts2800_fpu32.lib : ankmsg.obj (.text)
                  003da096    00000088                       : fs_div.obj (.text)
                  003da11e    00000087     sysbios.a28FP : BIOS.obj (.text:_ti_sysbios_family_c28_Hwi_disableInterrupt__E)
                  003da1a5    00000086                   : BIOS.obj (.text:_ti_sysbios_family_c28_Hwi_disablePIEIER__E)
                  003da22b    00000083                   : BIOS.obj (.text:_ti_sysbios_family_c28_Hwi_enablePIEIER__E)
                  003da2ae    0000007d     ti.targets.rts2800.a28FP : Startup.o28FP (.text:_xdc_runtime_Startup_startMods__I)
                  003da32b    0000007a     ti.uia.loggers.a28FP : LoggerStopMode.o28FP (.text:_ti_uia_loggers_LoggerStopMode_flush__E)
                  003da3a5    00000078     sysbios.a28FP : BIOS.obj (.text:_ti_sysbios_family_c28_Timer_stopAndClear__I)
                  003da41d    00000074                   : BIOS.obj (.text:_ti_sysbios_gates_GateMutex_enter__E)
                  003da491    00000073                   : BIOS.obj (.text:_ti_sysbios_utils_Load_updateLoads__E)
                  003da504    00000070                   : BIOS.obj (.text:_ti_sysbios_knl_Task_schedule__I)
                  003da574    0000006f                   : BIOS.obj (.text:_ti_sysbios_knl_Task_startCore__E)
                  003da5e3    0000006e                   : BIOS.obj (.text:_ti_sysbios_knl_Semaphore_Instance_init__E)
                  003da651    0000006d                   : BIOS.obj (.text:_ti_sysbios_knl_Task_checkStacks__E)
                  003da6be    00000068     ti.targets.rts2800.a28FP : Text.o28FP (.text:_xdc_runtime_Text_putSite__E)
                  003da726    00000067     sysbios.a28FP : BIOS.obj (.text:_ti_sysbios_utils_Load_idleFxn__E)
                  003da78d    00000066                   : BIOS.obj (.text:_ti_sysbios_knl_Task_blockI__E)
                  003da7f3    00000063     boot.a28FP : boot_cg.o28FP (.text)
                  003da856    00000062     sysbios.a28FP : BIOS.obj (.text:_ti_sysbios_knl_Swi_post__E)
                  003da8b8    0000005f     Quad_p28FP.o28FP (.text:_ti_uia_loggers_LoggerStopMode_write8__E)
                  003da917    00000059     LED_Driver.obj (.text)
                  003da970    00000059     sysbios.a28FP : BIOS.obj (.text:_ti_sysbios_knl_Task_exit__E)
                  003da9c9    00000058     ti.uia.loggers.a28FP : LoggerStopMode.o28FP (.text:_ti_uia_loggers_LoggerStopMode_initQueueDescriptor__E)
                  003daa21    00000058     ti.targets.rts2800.a28FP : Memory.o28FP (.text:_xdc_runtime_Memory_alloc__E)
                  003daa79    00000053     sysbios.a28FP : BIOS.obj (.text:_ti_sysbios_knl_Task_unblockI__E)
                  003daacc    0000004d     main.obj (.text)
                  003dab19    0000004b     sysbios.a28FP : BIOS.obj (.text:_ti_sysbios_knl_Task_postInit__I)
                  003dab64    0000004a     ti.targets.rts2800.a28FP : Text.o28FP (.text:_xdc_runtime_Text_putLab__E)
                  003dabae    00000049     sysbios.a28FP : BIOS.obj (.text:_ti_sysbios_family_c28_TimestampProvider_get64__E)
                  003dabf7    00000048                   : BIOS.obj (.text:_ti_sysbios_family_c28_Timer_postInit__I)
                  003dac3f    00000048     Quad_p28FP.o28FP (.text:_ti_uia_loggers_LoggerStopMode_writeStart)
                  003dac87    00000047     sysbios.a28FP : BIOS.obj (.text:_ti_sysbios_family_c28_Hwi_Module_startup__E)
                  003dacce    00000047     Quad_p28FP.o28FP (.text:_ti_uia_loggers_LoggerStopMode_write4__E)
                  003dad15    00000046     ti.targets.rts2800.a28FP : Core-mem.o28FP (.text:_xdc_runtime_Core_deleteObject__I)
                  003dad5b    00000046     rts2800_fpu32.lib : far_cpy_tbl.obj (.text)
                  003dada1    00000042     sysbios.a28FP : BIOS.obj (.text:_ti_sysbios_utils_Load_logLoads__I)
                  003dade3    00000041                   : BIOS.obj (.text:_ti_sysbios_family_c28_Hwi_unPluggedInterrupt__I)
                  003dae24    0000003e                   : BIOS.obj (.text:_ti_sysbios_family_c28_TaskSupport_start__E)
                  003dae62    0000003e     ti.targets.rts2800.a28FP : System.o28FP (.text:_xdc_runtime_System_formatNum__I)
                  003daea0    0000003d     ti.uia.runtime.a28FP : QueueDescriptor.o28FP (.text:_ti_uia_runtime_QueueDescriptor_addToList__E)
                  003daedd    0000003b     Quad_p28FP.o28FP (.text:_ti_uia_loggers_LoggerStopMode_write2__E)
                  003daf18    0000003b     ti.targets.rts2800.a28FP : Core-params.o28FP (.text:_xdc_runtime_Core_assignParams__I)
                  003daf53    0000003a                              : Text.o28FP (.text:_xdc_runtime_Text_putMod__E)
                  003daf8d    00000038     sysbios.a28FP : BIOS.obj (.text:_ti_sysbios_knl_Clock_logTick__E)
                  003dafc5    00000038                   : BIOS.obj (.text:_ti_sysbios_knl_Swi_restoreHwi__E)
                  003daffd    00000038                   : BIOS.obj (.text:_ti_sysbios_utils_Load_logCPULoad__I)
                  003db035    00000037                   : BIOS.obj (.text:_ti_sysbios_utils_Load_updateThreadContexts__E)
                  003db06c    00000036                   : BIOS.obj (.text:_ti_sysbios_family_c28_TimestampProvider_Module_startup__E)
                  003db0a2    00000035     Quad_p28FP.o28FP (.text:_ti_uia_loggers_LoggerStopMode_write1__E)
                  003db0d7    00000034     Quad_p28FP.o28FP (.text:_ti_sysbios_BIOS_rtsUnlock__I)
                  003db10b    00000034     ti.targets.rts2800.a28FP : Text.o28FP (.text:_xdc_runtime_Text_visitRope2__I)
                  003db13f    00000033     sysbios.a28FP : BIOS.obj (.text:_ti_sysbios_family_c28_TimestampProvider_get32__E)
                  003db172    00000033     ti.targets.rts2800.a28FP : Assert.o28FP (.text:_xdc_runtime_Assert_raise__I)
                  003db1a5    00000032     sysbios.a28FP : BIOS.obj (.text:_ti_sysbios_family_c28_Timer_start__E)
                  003db1d7    00000032                   : BIOS.obj (.text:_ti_sysbios_knl_Task_Module_startup__E)
                  003db209    00000032     ti.targets.rts2800.a28FP : Error.o28FP (.text:_xdc_runtime_Error_setX__E)
                  003db23b    00000031                              : Startup.o28FP (.text:_xdc_runtime_Startup_exec__E)
                  003db26c    00000030                              : Error.o28FP (.text:_xdc_runtime_Error_print__E)
                  003db29c    0000002f     sysbios.a28FP : BIOS.obj (.text:_ti_sysbios_knl_Swi_runLoop__I)
                  003db2cb    0000002e     Boot.a28FP : Boot.o28FP (.text:.bootCodeSection:_ti_catalog_c2800_init_Boot_configurePll2802x)
                  003db2f9    0000002e     sysbios.a28FP : BIOS.obj (.text:_ti_sysbios_family_c28_Timer_getFreq__E)
                  003db327    0000002e                   : BIOS.obj (.text:_ti_sysbios_knl_Swi_schedule__I)
                  003db355    0000002e                   : BIOS.obj (.text:_ti_sysbios_utils_Load_updateCurrentThreadTime__E)
                  003db383    0000002d                   : BIOS.obj (.text:_ti_sysbios_family_c28_Hwi_getStackInfo__E)
                  003db3b0    0000002d                   : BIOS.obj (.text:_ti_sysbios_heaps_HeapMem_getStats__E)
                  003db3dd    0000002d                   : BIOS.obj (.text:_ti_sysbios_heaps_HeapMem_init__I)
                  003db40a    0000002c                   : BIOS.obj (.text:_ti_sysbios_family_c28_Hwi_getInterruptFlag__E)
                  003db436    0000002c     ti.uia.loggers.a28FP : LoggerStopMode.o28FP (.text:_ti_uia_loggers_LoggerStopMode_Module_startup__E)
                  003db462    0000002b     sysbios.a28FP : BIOS.obj (.text:_ti_sysbios_family_c28_Timer_getExpiredCounts64__E)
                  003db48d    0000002b     Quad_p28FP.o28FP (.text:_ti_uia_loggers_LoggerStopMode_write0__E)
                  003db4b8    00000028     F2806x_PieCtrl.obj (.text)
                  003db4e0    00000028     ti.targets.rts2800.a28FP : SysMin.o28FP (.text:_xdc_runtime_SysMin_flush__E)
                  003db508    00000027                              : Text.o28FP (.text:_xdc_runtime_Text_xprintf__I)
                  003db52f    00000026     sysbios.a28FP : BIOS.obj (.text:_ti_sysbios_family_c28_Timer_getExpiredCounts__E)
                  003db555    00000026                   : BIOS.obj (.text:_ti_sysbios_family_c28_Timer_setPrescale__E)
                  003db57b    00000025     F2806x_PieVect.obj (.text)
                  003db5a0    00000025     sysbios.a28FP : c28_TaskSupport_asm.obj (.text:_ti_sysbios_family_c28_TaskSupport_buildTaskStack)
                  003db5c5    00000025     ti.uia.loggers.a28FP : LoggerStopMode.o28FP (.text:_ti_uia_loggers_LoggerStopMode_initBuffer__I)
                  003db5ea    00000024                          : LoggerStopMode.o28FP (.text:_ti_uia_loggers_LoggerStopMode_reset__E)
                  003db60e    00000024     ti.targets.rts2800.a28FP : System.o28FP (.text:_xdc_runtime_System_processAtExit__E)
                  003db632    00000023     Quad_p28FP.o28FP (.text:_malloc)
                  003db655    00000001     Quad_p28FP.o28FP (.text:_ti_sysbios_BIOS_nullFunc__I)
                  003db656    00000023     rts2800_fpu32.lib : sqrt.obj (.text)
                  003db679    00000022                       : i_div.obj (.text)
                  003db69b    00000021     sysbios.a28FP : BIOS.obj (.text:_ti_sysbios_knl_Task_allBlockedFunction__I)
                  003db6bc    00000021     ti.targets.rts2800.a28FP : System.o28FP (.text:_xdc_runtime_System_atexit__E)
                  003db6dd    00000021     rts2800_fpu32.lib : memcpy_ff.obj (.text)
                  003db6fe    00000020                       : new_.obj (.text)
                  003db71e    0000001e     Quad_p28FP.o28FP (.text:_ti_sysbios_gates_GateHwi_Object__create__S)
                  003db73c    0000001e     Quad_p28FP.o28FP (.text:_ti_sysbios_gates_GateMutex_Object__create__S)
                  003db75a    0000001e     Quad_p28FP.o28FP (.text:_ti_sysbios_heaps_HeapMem_Object__create__S)
                  003db778    0000001e     Quad_p28FP.o28FP (.text:_ti_uia_loggers_LoggerStopMode_Object__create__S)
                  003db796    0000001e     ti.targets.rts2800.a28FP : SysMin.o28FP (.text:_xdc_runtime_SysMin_putch__E)
                  003db7b4    0000001d     sysbios.a28FP : c28_TaskSupport_asm.obj (.text:_ti_sysbios_family_c28_TaskSupport_swap__E)
                  003db7d1    0000001c     Quad_p28FP.o28FP (.text:_ti_sysbios_family_c28_Hwi_Object__get__S)
                  003db7ed    0000001c     sysbios.a28FP : BIOS.obj (.text:_ti_sysbios_knl_Clock_addI__E)
                  003db809    0000001c     Quad_p28FP.o28FP (.text:_ti_sysbios_knl_Queue_Object__get__S)
                  003db825    0000001b     sysbios.a28FP : c28_Hwi_asm.obj (.text:_ti_sysbios_family_c28_Hwi_switchAndDispatch__I)
                  003db840    0000001b                   : BIOS.obj (.text:_ti_sysbios_hal_Hwi_checkStack)
                  003db85b    0000001b     Quad_p28FP.o28FP (.text:_xdc_runtime_SysMin_output__I)
                  003db876    0000001a     sysbios.a28FP : BIOS.obj (.text:_ti_sysbios_hal_Hwi_initStack)
                  003db890    0000001a                   : BIOS.obj (.text:_ti_sysbios_knl_Task_processVitalTaskFlag__I)
                  003db8aa    0000001a     ti.targets.rts2800.a28FP : Core-label.o28FP (.text:_xdc_runtime_Core_assignLabel__I)
                  003db8c4    0000001a     rts2800_fpu32.lib : cpy_utils.obj (.text)
                  003db8de    00000019     Quad_p28FP.o28FP (.text:_ti_sysbios_heaps_HeapMem_Object__get__S)
                  003db8f7    00000019     Quad_p28FP.o28FP (.text:_ti_sysbios_knl_Semaphore_construct)
                  003db910    00000019     sysbios.a28FP : BIOS.obj (.text:_ti_sysbios_knl_Semaphore_pendTimeout__I)
                  003db929    00000019     Quad_p28FP.o28FP (.text:_ti_sysbios_knl_Swi_Object__get__S)
                  003db942    00000019     sysbios.a28FP : BIOS.obj (.text:_ti_sysbios_knl_Swi_restore__E)
                  003db95b    00000019     Quad_p28FP.o28FP (.text:_ti_sysbios_knl_Task_Object__get__S)
                  003db974    00000019     Quad_p28FP.o28FP (.text:_ti_uia_loggers_LoggerStopMode_Object__get__S)
                  003db98d    00000019     ti.targets.rts2800.a28FP : System.o28FP (.text:_xdc_runtime_System_avprintf__E)
                  003db9a6    00000019                              : System.o28FP (.text:_xdc_runtime_System_putchar__I)
                  003db9bf    00000019     rts2800_fpu32.lib : args_main.obj (.text)
                  003db9d8    00000019                       : exit.obj (.text)
                  003db9f1    00000018     sysbios.a28FP : c28_Hwi_asm.obj (.text:_ti_sysbios_family_xxx_Hwi_switchAndRunFunc)
                  003dba09    00000018     ti.targets.rts2800.a28FP : System.o28FP (.text:_xdc_runtime_System_vprintf__E)
                  003dba21    00000018                              : Text.o28FP (.text:_xdc_runtime_Text_printVisFxn__I)
                  003dba39    00000017     Quad_p28FP.o28FP (.text:_ti_sysbios_BIOS_atExitFunc__I)
                  003dba50    00000017     Quad_p28FP.o28FP (.text:_ti_sysbios_knl_Clock_doTick__I)
                  003dba67    00000017     Quad_p28FP.o28FP (.text:_ti_sysbios_knl_Queue_construct)
                  003dba7e    00000017     ti.targets.rts2800.a28FP : Memory.o28FP (.text:_xdc_runtime_Memory_valloc__E)
                  003dba95    00000016     sysbios.a28FP : BIOS.obj (.text:_ti_sysbios_family_c28_Timer_Module_startup__E)
                  003dbaab    00000016                   : BIOS.obj (.text:_ti_sysbios_family_c28_Timer_startup__E)
                  003dbac1    00000016                   : BIOS.obj (.text:_ti_sysbios_knl_Task_restore__E)
                  003dbad7    00000016     ti.targets.rts2800.a28FP : SysMin.o28FP (.text:_xdc_runtime_SysMin_abort__E)
                  003dbaed    00000015     sysbios.a28FP : BIOS.obj (.text:_ti_sysbios_knl_Idle_run__E)
                  003dbb02    00000015                   : BIOS.obj (.text:_ti_sysbios_knl_Swi_Module_startup__E)
                  003dbb17    00000015                   : BIOS.obj (.text:_ti_sysbios_utils_Load_getGlobalHwiLoad__E)
                  003dbb2c    00000015     Quad_p28FP.o28FP (.text:_ti_uia_loggers_LoggerStopMode_fillInTimestamp)
                  003dbb41    00000014     Quad_p28FP.o28FP (.text:_ti_sysbios_BIOS_errorRaiseHook__I)
                  003dbb55    00000013     Quad_p28FP.o28FP (.text:_free)
                  003dbb68    00000013     Quad_p28FP.o28FP (.text:_ti_sysbios_gates_GateMutex_Object__delete__S)
                  003dbb7b    00000012     Quad_p28FP.o28FP (.text:_ti_sysbios_family_c28_Hwi_disableIER__E)
                  003dbb8d    00000012     sysbios.a28FP : BIOS.obj (.text:_ti_sysbios_family_c28_Timer_stop__E)
                  003dbb9f    00000012     Quad_p28FP.o28FP (.text:_ti_sysbios_gates_GateHwi_Object__delete__S)
                  003dbbb1    00000012     Quad_p28FP.o28FP (.text:_ti_sysbios_heaps_HeapMem_Object__delete__S)
                  003dbbc3    00000012     sysbios.a28FP : BIOS.obj (.text:_ti_sysbios_knl_Clock_Module_startup__E)
                  003dbbd5    00000012     Quad_p28FP.o28FP (.text:_ti_uia_loggers_LoggerStopMode_Object__delete__S)
                  003dbbe7    00000012     ti.targets.rts2800.a28FP : Text.o28FP (.text:_xdc_runtime_Text_cordText__E)
                  003dbbf9    00000011     Quad_p28FP.o28FP (.text:_ti_sysbios_gates_GateHwi_Handle__label__S)
                  003dbc0a    00000011     Quad_p28FP.o28FP (.text:_ti_sysbios_gates_GateMutex_Handle__label__S)
                  003dbc1b    00000011     Quad_p28FP.o28FP (.text:_ti_sysbios_heaps_HeapMem_Handle__label__S)
                  003dbc2c    00000011     Quad_p28FP.o28FP (.text:_ti_uia_loggers_LoggerStopMode_Handle__label__S)
                  003dbc3d    00000011     ti.uia.loggers.a28FP : LoggerStopMode.o28FP (.text:_ti_uia_loggers_LoggerStopMode_Instance_init__E)
                  003dbc4e    00000011     ti.targets.rts2800.a28FP : Error.o28FP (.text:_xdc_runtime_Error_raiseX__E)
                  003dbc5f    00000010     Quad_p28FP.o28FP (.text:_ti_sysbios_BIOS_rtsLock__I)
                  003dbc6f    00000010     Quad_p28FP.o28FP (.text:_ti_sysbios_family_c28_Hwi_enableIER__E)
                  003dbc7f    00000010     sysbios.a28FP : BIOS.obj (.text:_ti_sysbios_knl_Task_restoreHwi__E)
                  003dbc8f    00000010     ti.targets.rts2800.a28FP : SysMin.o28FP (.text:_xdc_runtime_SysMin_Module_startup__E)
                  003dbc9f    0000000f     Boot.a28FP : Boot.o28FP (.text:.bootCodeSection:_ti_catalog_c2800_init_Boot_disableWatchdog)
                  003dbcae    0000000f     Quad_p28FP.o28FP (.text:_ti_sysbios_BIOS_startFunc__I)
                  003dbcbd    0000000f     sysbios.a28FP : BIOS.obj (.text:_ti_sysbios_gates_GateMutex_Instance_init__E)
                  003dbccc    0000000f     Quad_p28FP.o28FP (.text:_ti_sysbios_knl_Semaphore_Object__destruct__S)
                  003dbcdb    0000000f     Quad_p28FP.o28FP (.text:_xdc_runtime_IHeap_alloc)
                  003dbcea    0000000f     ti.targets.rts2800.a28FP : Registry.o28FP (.text:_xdc_runtime_Registry_findById__E)
                  003dbcf9    0000000e     Quad_p28FP.o28FP (.text:_ti_sysbios_knl_Queue_Object__destruct__S)
                  003dbd07    0000000e     ti.uia.loggers.a28FP : LoggerStopMode.o28FP (.text:_ti_uia_loggers_LoggerStopMode_enable__E)
                  003dbd15    0000000e     Quad_p28FP.o28FP (.text:_xdc_runtime_Text_visitRope__I)
                  003dbd23    0000000d     Quad_p28FP.o28FP (.text:_ti_sysbios_BIOS_registerRTSLock__I)
                  003dbd30    0000000d     Quad_p28FP.o28FP (.text:_ti_sysbios_BIOS_removeRTSLock__I)
                  003dbd3d    0000000d     sysbios.a28FP : BIOS.obj (.text:_ti_sysbios_family_c28_Hwi_dispatchC__I)
                  003dbd4a    0000000d     Quad_p28FP.o28FP (.text:_ti_sysbios_family_c28_Hwi_restoreIER__E)
                  003dbd57    0000000d     Quad_p28FP.o28FP (.text:_ti_sysbios_knl_Task_SupportProxy_start__E)
                  003dbd64    0000000d     sysbios.a28FP : BIOS.obj (.text:_ti_sysbios_knl_Task_sleepTimeout__I)
                  003dbd71    0000000d     ti.uia.loggers.a28FP : LoggerStopMode.o28FP (.text:_ti_uia_loggers_LoggerStopMode_disable__E)
                  003dbd7e    0000000d     Quad_p28FP.o28FP (.text:_xdc_runtime_IHeap_free)
                  003dbd8b    0000000d     Quad_p28FP.o28FP (.text:_xdc_runtime_Memory_HeapProxy_alloc__E)
                  003dbd98    0000000d     ti.targets.rts2800.a28FP : System.o28FP (.text:_xdc_runtime_System_abort__E)
                  003dbda5    0000000d     rts2800_fpu32.lib : memset.obj (.text)
                  003dbdb2    0000000c     Quad_p28FP.o28FP (.text:_ti_sysbios_BIOS_exitFunc__I)
                  003dbdbe    0000000c     sysbios.a28FP : BIOS.obj (.text:_ti_sysbios_gates_GateMutex_leave__E)
                  003dbdca    0000000c                   : BIOS.obj (.text:_ti_sysbios_knl_Queue_put__E)
                  003dbdd6    0000000c                   : BIOS.obj (.text:_ti_sysbios_knl_Task_enabled__E)
                  003dbde2    0000000c     ti.targets.rts2800.a28FP : Error.o28FP (.text:_xdc_runtime_Error_check__E)
                  003dbdee    0000000b     Quad_p28FP.o28FP (.text:_ti_sysbios_family_c28_Hwi_Module__startupDone__F)
                  003dbdf9    0000000b     Quad_p28FP.o28FP (.text:_ti_sysbios_family_c28_Timer_Module__startupDone__F)
                  003dbe04    0000000b     sysbios.a28FP : BIOS.obj (.text:_ti_sysbios_knl_Task_enter__I)
                  003dbe0f    0000000b                   : BIOS.obj (.text:_ti_sysbios_knl_Task_unblock__E)
                  003dbe1a    0000000b     Quad_p28FP.o28FP (.text:_xdc_runtime_Memory_HeapProxy_free__E)
                  003dbe25    0000000b     ti.targets.rts2800.a28FP : SysMin.o28FP (.text:_xdc_runtime_SysMin_exit__E)
                  003dbe30    0000000b     Quad_p28FP.o28FP (.text:_xdc_runtime_System_aprintf__E)
                  003dbe3b    0000000b     ti.targets.rts2800.a28FP : System.o28FP (.text:_xdc_runtime_System_exit__E)
                  003dbe46    0000000b     Quad_p28FP.o28FP (.text:_xdc_runtime_System_printf__E)
                  003dbe51    0000000b     ti.targets.rts2800.a28FP : Text.o28FP (.text:_xdc_runtime_Text_ropeText__E)
                  003dbe5c    0000000a     ti.uia.loggers.a28FP : LoggerStopMode.o28FP (.text:_ti_uia_loggers_LoggerStopMode_isEmpty__E)
                  003dbe66    0000000a     ti.targets.rts2800.a28FP : Memory.o28FP (.text:_xdc_runtime_Memory_free__E)
                  003dbe70    0000000a     Quad_p28FP.o28FP (.text:_xdc_runtime_Startup_exec__I)
                  003dbe7a    00000009     Quad_p28FP.o28FP (.text:_ti_sysbios_BIOS_RtsGateProxy_leave__E)
                  003dbe83    00000009     sysbios.a28FP : BIOS.obj (.text:_ti_sysbios_family_c28_TaskSupport_checkStack__E)
                  003dbe8c    00000009                   : c28_TaskSupport_asm.obj (.text:_ti_sysbios_family_c28_TaskSupport_glue)
                  003dbe95    00000009                   : BIOS.obj (.text:_ti_sysbios_hal_Hwi_Module_startup__E)
                  003dbe9e    00000009     Quad_p28FP.o28FP (.text:_ti_sysbios_heaps_HeapMem_Module_GateProxy_leave__E)
                  003dbea7    00000009     Quad_p28FP.o28FP (.text:_ti_sysbios_knl_Task_SupportProxy_checkStack__E)
                  003dbeb0    00000009     Quad_p28FP.o28FP (.text:_ti_sysbios_knl_Task_SupportProxy_swap__E)
                  003dbeb9    00000009     Quad_p28FP.o28FP (.text:_xdc_runtime_System_Module_GateProxy_leave__E)
                  003dbec2    00000009     ti.targets.rts2800.a28FP : System.o28FP (.text:_xdc_runtime_System_vsnprintf__E)
                  003dbecb    00000009     rts2800_fpu32.lib : _lock.obj (.text)
                  003dbed4    00000008     sysbios.a28FP : BIOS.obj (.text:_ti_sysbios_BIOS_setThreadType__E)
                  003dbedc    00000008                   : BIOS.obj (.text:_ti_sysbios_gates_GateMutex_Instance_finalize__E)
                  003dbee4    00000008     Quad_p28FP.o28FP (.text:_ti_sysbios_hal_Hwi_HwiProxy_getStackInfo__E)
                  003dbeec    00000008     Quad_p28FP.o28FP (.text:_ti_sysbios_knl_Clock_Module_State_clockQ)
                  003dbef4    00000008     sysbios.a28FP : BIOS.obj (.text:_ti_sysbios_knl_Queue_empty__E)
                  003dbefc    00000008                   : BIOS.obj (.text:_ti_sysbios_knl_Semaphore_Instance_finalize__E)
                  003dbf04    00000008     ti.targets.rts2800.a28FP : Memory.o28FP (.text:_xdc_runtime_Memory_calloc__E)
                  003dbf0c    00000008                              : SysMin.o28FP (.text:_xdc_runtime_SysMin_ready__E)
                  003dbf14    00000008     rts2800_fpu32.lib : strlen.obj (.text)
                  003dbf1c    00000007     Quad_p28FP.o28FP (.text:.bootCodeSection:_ti_catalog_c2800_init_Boot_init)
                  003dbf23    00000007     Quad_p28FP.o28FP (.text:_ti_sysbios_BIOS_RtsGateProxy_enter__E)
                  003dbf2a    00000007     Quad_p28FP.o28FP (.text:_ti_sysbios_family_c28_Hwi_disable__E)
                  003dbf31    00000007     Quad_p28FP.o28FP (.text:_ti_sysbios_heaps_HeapMem_Module_GateProxy_enter__E)
                  003dbf38    00000007     Quad_p28FP.o28FP (.text:_ti_sysbios_knl_Clock_TimerProxy_getMaxTicks__E)
                  003dbf3f    00000007     Quad_p28FP.o28FP (.text:_ti_sysbios_knl_Queue_destruct)
                  003dbf46    00000007     Quad_p28FP.o28FP (.text:_ti_sysbios_knl_Semaphore_destruct)
                  003dbf4d    00000007     Quad_p28FP.o28FP (.text:_xdc_runtime_System_Module_GateProxy_enter__E)
                  003dbf54    00000007     Quad_p28FP.o28FP (.text:_xdc_runtime_System_SupportProxy_abort__E)
                  003dbf5b    00000007     Quad_p28FP.o28FP (.text:_xdc_runtime_Timestamp_SupportProxy_get64__E)
                  003dbf62    00000007     Quad_p28FP.o28FP (.text:_xdc_runtime_Timestamp_SupportProxy_getFreq__E)
                  003dbf69    00000006     Quad_p28FP.o28FP (.text:_ti_sysbios_family_c28_Hwi_restore__E)
                  003dbf6f    00000006     sysbios.a28FP : c28_IntrinsicsSupport_asm.obj (.text:_ti_sysbios_family_c28_IntrinsicsSupport_maxbit__E)
                  003dbf75    00000006                   : BIOS.obj (.text:_ti_sysbios_family_c28_TimestampProvider_rolloverFunc__E)
                  003dbf7b    00000006                   : BIOS.obj (.text:_ti_sysbios_family_c28_TimestampProvider_startTimer__E)
                  003dbf81    00000006     Quad_p28FP.o28FP (.text:_ti_sysbios_hal_Hwi_restore)
                  003dbf87    00000006     Quad_p28FP.o28FP (.text:_ti_sysbios_heaps_HeapMem_Module_GateProxy_query__E)
                  003dbf8d    00000006     sysbios.a28FP : BIOS.obj (.text:_ti_sysbios_knl_Swi_disable__E)
                  003dbf93    00000006                   : BIOS.obj (.text:_ti_sysbios_knl_Task_disable__E)
                  003dbf99    00000006     Quad_p28FP.o28FP (.text:_ti_uia_loggers_LoggerStopMode_getFilterLevel__E)
                  003dbf9f    00000006     Quad_p28FP.o28FP (.text:_ti_uia_loggers_LoggerStopMode_setFilterLevel__E)
                  003dbfa5    00000006     ti.targets.rts2800.a28FP : Gate.o28FP (.text:_xdc_runtime_Gate_enterSystem__E)
                  003dbfab    00000006                              : Gate.o28FP (.text:_xdc_runtime_Gate_leaveSystem__E)
                  003dbfb1    00000006     Quad_p28FP.o28FP (.text:_xdc_runtime_System_SupportProxy_exit__E)
                  003dbfb7    00000006     Quad_p28FP.o28FP (.text:_xdc_runtime_System_SupportProxy_putch__E)
                  003dbfbd    00000005     sysbios.a28FP : BIOS.obj (.text:_ti_sysbios_BIOS_start__E)
                  003dbfc2    00000005                   : BIOS.obj (.text:_ti_sysbios_family_c28_Hwi_switchFromBootStack__E)
                  003dbfc7    00000005                   : BIOS.obj (.text:_ti_sysbios_gates_GateHwi_enter__E)
                  003dbfcc    00000005     Quad_p28FP.o28FP (.text:_xdc_iargToPtr)
                  003dbfd1    00000005     ti.targets.rts2800.a28FP : Error.o28FP (.text:_xdc_runtime_Error_init__E)
                  003dbfd6    00000005     rts2800_fpu32.lib : delete.obj (.text)
                  003dbfdb    00000005                       : strcpy.obj (.text)
                  003dbfe0    00000004     Quad_p28FP.o28FP (.text:_ti_sysbios_family_c28_Hwi_startup__E)
                  003dbfe4    00000004     sysbios.a28FP : BIOS.obj (.text:_ti_sysbios_family_c28_TimestampProvider_getFreq__E)
                  003dbfe8    00000004                   : BIOS.obj (.text:_ti_sysbios_heaps_HeapMem_isBlocking__E)
                  003dbfec    00000004                   : BIOS.obj (.text:_ti_sysbios_knl_Swi_startup__E)
                  003dbff0    00000004     ti.targets.rts2800.a28FP : Memory.o28FP (.text:_xdc_runtime_Memory_getMaxDefaultTypeAlign__E)
                  003dbff4    00000003                              : xdc_noinit.o28FP (.text:___xdc__init)
                  003dbff7    00000003     Quad_p28FP.o28FP (.text:_ti_catalog_c2800_init_Boot_limpAbort)
                  003dbffa    00000003     Quad_p28FP.o28FP (.text:_ti_sysbios_family_c28_Hwi_Module__startupDone__S)
                  003dbffd    00000003     sysbios.a28FP : c28_Hwi_asm.obj (.text:_ti_sysbios_family_c28_Hwi_getIFR__I)
                  003dc000    00000003     Quad_p28FP.o28FP (.text:_ti_sysbios_family_c28_Timer_Module__startupDone__S)
                  003dc003    00000003     sysbios.a28FP : BIOS.obj (.text:_ti_sysbios_gates_GateHwi_leave__E)
                  003dc006    00000003     Quad_p28FP.o28FP (.text:_ti_sysbios_hal_Hwi_HwiProxy_Module__startupDone__S)
                  003dc009    00000003     Quad_p28FP.o28FP (.text:_ti_sysbios_hal_Hwi_HwiProxy_startup__E)
                  003dc00c    00000003     Quad_p28FP.o28FP (.text:_ti_sysbios_hal_Hwi_HwiProxy_switchFromBootStack__E)
                  003dc00f    00000003     Quad_p28FP.o28FP (.text:_ti_sysbios_hal_Hwi_disable)
                  003dc012    00000003     sysbios.a28FP : BIOS.obj (.text:_ti_sysbios_hal_Hwi_startup__E)
                  003dc015    00000003     Quad_p28FP.o28FP (.text:_ti_sysbios_knl_Clock_TimerProxy_Module__startupDone__S)
                  003dc018    00000003     sysbios.a28FP : BIOS.obj (.text:_ti_sysbios_knl_Idle_loop__E)
                  003dc01b    00000003                   : BIOS.obj (.text:_ti_sysbios_knl_Queue_Instance_init__E)
                  003dc01e    00000003     Quad_p28FP.o28FP (.text:_ti_sysbios_knl_Task_SupportProxy_Module__startupDone__S)
                  003dc021    00000003     sysbios.a28FP : BIOS.obj (.text:_ti_sysbios_knl_Task_startup__E)
                  003dc024    00000003     Quad_p28FP.o28FP (.text:_ti_sysbios_utils_Load_update__E)
                  003dc027    00000003     ti.uia.loggers.a28FP : LoggerStopMode.o28FP (.text:_ti_uia_loggers_LoggerStopMode_getMaxLength__E)
                  003dc02a    00000003     Quad_p28FP.o28FP (.text:_xdc_runtime_Startup_reset__I)
                  003dc02d    00000003     ti.targets.rts2800.a28FP : System.o28FP (.text:_xdc_runtime_System_Module_startup__E)
                  003dc030    00000003     Quad_p28FP.o28FP (.text:_xdc_runtime_System_SupportProxy_ready__E)
                  003dc033    00000003     ti.targets.rts2800.a28FP : System.o28FP (.text:_xdc_runtime_System_abortStd__E)
                  003dc036    00000003                              : System.o28FP (.text:_xdc_runtime_System_exitStd__E)
                  003dc039    00000003     Quad_p28FP.o28FP (.text:_xdc_runtime_Timestamp_SupportProxy_get32__E)
                  003dc03c    00000003     ti.targets.rts2800.a28FP : Timestamp.o28FP (.text:_xdc_runtime_Timestamp_get32__E)
                  003dc03f    00000003                              : Timestamp.o28FP (.text:_xdc_runtime_Timestamp_get64__E)
                  003dc042    00000003                              : Timestamp.o28FP (.text:_xdc_runtime_Timestamp_getFreq__E)
                  003dc045    00000003     rts2800_fpu32.lib : array_del.obj (.text)
                  003dc048    00000002     Boot.a28FP : Boot.o28FP (.text:_ti_catalog_c2800_init_Boot_defaultLimpAbortFunction)
                  003dc04a    00000002     Quad_p28FP.o28FP (.text:_ti_sysbios_family_c28_TaskSupport_Module__startupDone__S)
                  003dc04c    00000002     sysbios.a28FP : BIOS.obj (.text:_ti_sysbios_family_c28_Timer_getMaxTicks__E)
                  003dc04e    00000002                   : BIOS.obj (.text:_ti_sysbios_gates_GateHwi_query__E)
                  003dc050    00000002                   : BIOS.obj (.text:_ti_sysbios_gates_GateMutex_query__E)
                  003dc052    00000002     ti.uia.loggers.a28FP : LoggerStopMode.o28FP (.text:_ti_uia_loggers_LoggerStopMode_getContents__E)
                  003dc054    00000002                          : LoggerStopMode.o28FP (.text:_ti_uia_loggers_LoggerStopMode_getInstanceId__E)
                  003dc056    00000002                          : LoggerStopMode.o28FP (.text:_ti_uia_loggers_LoggerStopMode_getPriority__E)
                  003dc058    00000002                          : LoggerStopMode.o28FP (.text:_ti_uia_loggers_LoggerStopMode_getTransferType__E)
                  003dc05a    00000002     ti.targets.rts2800.a28FP : Error.o28FP (.text:_xdc_runtime_Error_getSite__E)
                  003dc05c    00000001     sysbios.a28FP : c28_Hwi_asm.obj (.text:_ti_sysbios_family_c28_Hwi_interruptReturn__I)
                  003dc05d    00000001                   : BIOS.obj (.text:_ti_sysbios_gates_GateHwi_Instance_init__E)
                  003dc05e    00000001     ti.uia.loggers.a28FP : LoggerStopMode.o28FP (.text:_ti_uia_loggers_LoggerStopMode_setPriority__E)
                  003dc05f    00000001     rts2800_fpu32.lib : newhandler.obj (.text)

.econst    0    003dc060    00002390     
                  003dc060    00001ce8     Quad_p28FP.o28FP (.econst:xdc_runtime_Text_charTab__A)
                  003ddd48    00000100     F2806x_PieVect.obj (.econst)
                  003dde48    00000100     Quad_p28FP.o28FP (.econst:_ti_sysbios_family_c28_Hwi_vectors)
                  003ddf48    00000077     Quad_p28FP.o28FP (.econst:.string)
                  003ddfbf    00000070     Quad_p28FP.o28FP (.econst:xdc_runtime_Text_nodeTab__A)
                  003de02f    00000001     Quad_p28FP.o28FP (.econst:ti_sysbios_family_c28_Hwi_Module__id__C)
                  003de030    00000058     ti.targets.rts2800.a28FP : Error.o28FP (.econst:.string)
                  003de088    00000043                              : Text.o28FP (.econst:.string)
                  003de0cb    00000001     Quad_p28FP.o28FP (.econst:ti_sysbios_family_c28_Hwi_Module__loggerDefined__C)
                  003de0cc    00000030     Quad_p28FP.o28FP (.econst:ti_uia_loggers_LoggerStopMode_Module__FXNS__C)
                  003de0fc    0000002a     ti.targets.rts2800.a28FP : Startup.o28FP (.econst:.string)
                  003de126    00000026     main.obj (.econst:.string)
                  003de14c    00000016     Quad_p28FP.o28FP (.econst:ti_uia_loggers_LoggerStopMode_Object__PARAMS__C)
                  003de162    00000014     Quad_p28FP.o28FP (.econst:ti_sysbios_heaps_HeapMem_Module__FXNS__C)
                  003de176    00000014     Quad_p28FP.o28FP (.econst:xdc_runtime_Startup_sfxnTab__A)
                  003de18a    00000012     Quad_p28FP.o28FP (.econst:ti_sysbios_gates_GateHwi_Module__FXNS__C)
                  003de19c    00000012     Quad_p28FP.o28FP (.econst:ti_sysbios_gates_GateMutex_Module__FXNS__C)
                  003de1ae    00000012     Quad_p28FP.o28FP (.econst:ti_sysbios_heaps_HeapMem_Object__PARAMS__C)
                  003de1c0    00000011     ti.targets.rts2800.a28FP : System.o28FP (.econst:.string:_digtohex)
                  003de1d1    00000001     Quad_p28FP.o28FP (.econst:ti_sysbios_family_c28_Hwi_NUM_INTERRUPTS_ALL__C)
                  003de1d2    00000010     I2C_Device.obj (.econst:.string)
                  003de1e2    00000010     Quad_p28FP.o28FP (.econst:ti_sysbios_gates_GateHwi_Object__DESC__C)
                  003de1f2    00000010     Quad_p28FP.o28FP (.econst:ti_sysbios_gates_GateMutex_Object__DESC__C)
                  003de202    00000010     Quad_p28FP.o28FP (.econst:ti_sysbios_heaps_HeapMem_Object__DESC__C)
                  003de212    00000010     Quad_p28FP.o28FP (.econst:ti_sysbios_knl_Queue_Object__DESC__C)
                  003de222    00000010     Quad_p28FP.o28FP (.econst:ti_sysbios_knl_Semaphore_Object__DESC__C)
                  003de232    00000010     Quad_p28FP.o28FP (.econst:ti_sysbios_knl_Semaphore_Object__PARAMS__C)
                  003de242    00000010     Quad_p28FP.o28FP (.econst:ti_uia_loggers_LoggerStopMode_Object__DESC__C)
                  003de252    0000000c     Quad_p28FP.o28FP (.econst:ti_sysbios_gates_GateHwi_Object__PARAMS__C)
                  003de25e    0000000c     Quad_p28FP.o28FP (.econst:ti_sysbios_gates_GateMutex_Object__PARAMS__C)
                  003de26a    0000000c     Quad_p28FP.o28FP (.econst:ti_sysbios_knl_Queue_Object__PARAMS__C)
                  003de276    0000000a     Quad_p28FP.o28FP (.econst:xdc_runtime_Startup_sfxnRts__A)
                  003de280    00000007     ti.targets.rts2800.a28FP : System.o28FP (.econst:.string)
                  003de287    00000001     Quad_p28FP.o28FP (.econst:ti_sysbios_family_c28_Hwi_Object__count__C)
                  003de288    00000005     ti.targets.rts2800.a28FP : Assert.o28FP (.econst:.string)
                  003de28d    00000001     Quad_p28FP.o28FP (.econst:ti_sysbios_family_c28_TaskSupport_Module__id__C)
                  003de28e    00000004     Quad_p28FP.o28FP (.econst)
                  003de292    00000004     Quad_p28FP.o28FP (.econst:ti_sysbios_knl_Idle_funcList__A)
                  003de296    00000004     Quad_p28FP.o28FP (.econst:ti_sysbios_knl_Idle_funcList__C)
                  003de29a    00000004     Quad_p28FP.o28FP (.econst:xdc_runtime_Startup_firstFxns__A)
                  003de29e    00000004     Quad_p28FP.o28FP (.econst:xdc_runtime_Startup_firstFxns__C)
                  003de2a2    00000004     Quad_p28FP.o28FP (.econst:xdc_runtime_Startup_lastFxns__C)
                  003de2a6    00000002     Quad_p28FP.o28FP (.econst:ti_sysbios_BIOS_installedErrorHook__C)
                  003de2a8    00000002     Quad_p28FP.o28FP (.econst:ti_sysbios_family_c28_Hwi_A_badIntNum__C)
                  003de2aa    00000002     Quad_p28FP.o28FP (.econst:ti_sysbios_family_c28_Hwi_A_invalidArg__C)
                  003de2ac    00000002     Quad_p28FP.o28FP (.econst:ti_sysbios_family_c28_Hwi_E_unpluggedInterrupt__C)
                  003de2ae    00000002     Quad_p28FP.o28FP (.econst:ti_sysbios_family_c28_Hwi_LD_end__C)
                  003de2b0    00000002     Quad_p28FP.o28FP (.econst:ti_sysbios_family_c28_Hwi_LM_begin__C)
                  003de2b2    00000002     Quad_p28FP.o28FP (.econst:ti_sysbios_family_c28_Hwi_Module__diagsEnabled__C)
                  003de2b4    00000002     Quad_p28FP.o28FP (.econst:ti_sysbios_family_c28_Hwi_Module__diagsIncluded__C)
                  003de2b6    00000002     Quad_p28FP.o28FP (.econst:ti_sysbios_family_c28_Hwi_Module__diagsMask__C)
                  003de2b8    00000002     Quad_p28FP.o28FP (.econst:ti_sysbios_family_c28_Hwi_Module__loggerFxn1__C)
                  003de2ba    00000002     Quad_p28FP.o28FP (.econst:ti_sysbios_family_c28_Hwi_Module__loggerFxn8__C)
                  003de2bc    00000002     Quad_p28FP.o28FP (.econst:ti_sysbios_family_c28_Hwi_Module__loggerObj__C)
                  003de2be    00000002     Quad_p28FP.o28FP (.econst:ti_sysbios_family_c28_Hwi_Object__table__C)
                  003de2c0    00000002     Quad_p28FP.o28FP (.econst:ti_sysbios_family_c28_TaskSupport_E_invalidStack__C)
                  003de2c2    00000002     Quad_p28FP.o28FP (.econst:ti_sysbios_family_c28_Timer_Module__diagsEnabled__C)
                  003de2c4    00000002     Quad_p28FP.o28FP (.econst:ti_sysbios_family_c28_Timer_Module__diagsIncluded__C)
                  003de2c6    00000002     Quad_p28FP.o28FP (.econst:ti_sysbios_family_c28_Timer_Module__diagsMask__C)
                  003de2c8    00000002     Quad_p28FP.o28FP (.econst:ti_sysbios_family_c28_TimestampProvider_Module__diagsEnabled__C)
                  003de2ca    00000002     Quad_p28FP.o28FP (.econst:ti_sysbios_family_c28_TimestampProvider_Module__diagsIncluded__C)
                  003de2cc    00000002     Quad_p28FP.o28FP (.econst:ti_sysbios_family_c28_TimestampProvider_Module__diagsMask__C)
                  003de2ce    00000002     Quad_p28FP.o28FP (.econst:ti_sysbios_gates_GateMutex_A_badContext__C)
                  003de2d0    00000002     Quad_p28FP.o28FP (.econst:ti_sysbios_gates_GateMutex_Instance_State_sem__O)
                  003de2d2    00000002     Quad_p28FP.o28FP (.econst:ti_sysbios_gates_GateMutex_Module__diagsEnabled__C)
                  003de2d4    00000002     Quad_p28FP.o28FP (.econst:ti_sysbios_gates_GateMutex_Module__diagsIncluded__C)
                  003de2d6    00000002     Quad_p28FP.o28FP (.econst:ti_sysbios_gates_GateMutex_Module__diagsMask__C)
                  003de2d8    00000002     Quad_p28FP.o28FP (.econst:ti_sysbios_hal_Hwi_E_stackOverflow__C)
                  003de2da    00000002     Quad_p28FP.o28FP (.econst:ti_sysbios_heaps_HeapMem_A_align__C)
                  003de2dc    00000002     Quad_p28FP.o28FP (.econst:ti_sysbios_heaps_HeapMem_A_heapSize__C)
                  003de2de    00000002     Quad_p28FP.o28FP (.econst:ti_sysbios_heaps_HeapMem_A_invalidFree__C)
                  003de2e0    00000002     Quad_p28FP.o28FP (.econst:ti_sysbios_heaps_HeapMem_A_zeroBlock__C)
                  003de2e2    00000002     Quad_p28FP.o28FP (.econst:ti_sysbios_heaps_HeapMem_E_memory__C)
                  003de2e4    00000002     Quad_p28FP.o28FP (.econst:ti_sysbios_heaps_HeapMem_Module__diagsEnabled__C)
                  003de2e6    00000002     Quad_p28FP.o28FP (.econst:ti_sysbios_heaps_HeapMem_Module__diagsIncluded__C)
                  003de2e8    00000002     Quad_p28FP.o28FP (.econst:ti_sysbios_heaps_HeapMem_Module__diagsMask__C)
                  003de2ea    00000002     Quad_p28FP.o28FP (.econst:ti_sysbios_heaps_HeapMem_Module__gateObj__C)
                  003de2ec    00000002     Quad_p28FP.o28FP (.econst:ti_sysbios_heaps_HeapMem_Object__table__C)
                  003de2ee    00000002     Quad_p28FP.o28FP (.econst:ti_sysbios_heaps_HeapMem_reqAlign__C)
                  003de2f0    00000002     Quad_p28FP.o28FP (.econst:ti_sysbios_knl_Clock_LM_begin__C)
                  003de2f2    00000002     Quad_p28FP.o28FP (.econst:ti_sysbios_knl_Clock_LM_tick__C)
                  003de2f4    00000002     Quad_p28FP.o28FP (.econst:ti_sysbios_knl_Clock_LW_delayed__C)
                  003de2f6    00000002     Quad_p28FP.o28FP (.econst:ti_sysbios_knl_Clock_Module_State_clockQ__O)
                  003de2f8    00000002     Quad_p28FP.o28FP (.econst:ti_sysbios_knl_Clock_Module__diagsEnabled__C)
                  003de2fa    00000002     Quad_p28FP.o28FP (.econst:ti_sysbios_knl_Clock_Module__diagsIncluded__C)
                  003de2fc    00000002     Quad_p28FP.o28FP (.econst:ti_sysbios_knl_Clock_Module__diagsMask__C)
                  003de2fe    00000002     Quad_p28FP.o28FP (.econst:ti_sysbios_knl_Clock_Module__loggerFxn1__C)
                  003de300    00000002     Quad_p28FP.o28FP (.econst:ti_sysbios_knl_Clock_Module__loggerFxn2__C)
                  003de302    00000002     Quad_p28FP.o28FP (.econst:ti_sysbios_knl_Clock_Module__loggerObj__C)
                  003de304    00000002     Quad_p28FP.o28FP (.econst:ti_sysbios_knl_Queue_Object__table__C)
                  003de306    00000002     Quad_p28FP.o28FP (.econst:ti_sysbios_knl_Semaphore_A_badContext__C)
                  003de308    00000002     Quad_p28FP.o28FP (.econst:ti_sysbios_knl_Semaphore_A_noEvents__C)
                  003de30a    00000002     Quad_p28FP.o28FP (.econst:ti_sysbios_knl_Semaphore_A_overflow__C)
                  003de30c    00000002     Quad_p28FP.o28FP (.econst:ti_sysbios_knl_Semaphore_A_pendTaskDisabled__C)
                  003de30e    00000002     Quad_p28FP.o28FP (.econst:ti_sysbios_knl_Semaphore_Instance_State_pendQ__O)
                  003de310    00000002     Quad_p28FP.o28FP (.econst:ti_sysbios_knl_Semaphore_LM_pend__C)
                  003de312    00000002     Quad_p28FP.o28FP (.econst:ti_sysbios_knl_Semaphore_LM_post__C)
                  003de314    00000002     Quad_p28FP.o28FP (.econst:ti_sysbios_knl_Semaphore_Module__diagsEnabled__C)
                  003de316    00000002     Quad_p28FP.o28FP (.econst:ti_sysbios_knl_Semaphore_Module__diagsIncluded__C)
                  003de318    00000002     Quad_p28FP.o28FP (.econst:ti_sysbios_knl_Semaphore_Module__diagsMask__C)
                  003de31a    00000002     Quad_p28FP.o28FP (.econst:ti_sysbios_knl_Semaphore_Module__loggerFxn2__C)
                  003de31c    00000002     Quad_p28FP.o28FP (.econst:ti_sysbios_knl_Semaphore_Module__loggerFxn4__C)
                  003de31e    00000002     Quad_p28FP.o28FP (.econst:ti_sysbios_knl_Semaphore_Module__loggerObj__C)
                  003de320    00000002     Quad_p28FP.o28FP (.econst:ti_sysbios_knl_Swi_LD_end__C)
                  003de322    00000002     Quad_p28FP.o28FP (.econst:ti_sysbios_knl_Swi_LM_begin__C)
                  003de324    00000002     Quad_p28FP.o28FP (.econst:ti_sysbios_knl_Swi_LM_post__C)
                  003de326    00000002     Quad_p28FP.o28FP (.econst:ti_sysbios_knl_Swi_Module__diagsEnabled__C)
                  003de328    00000002     Quad_p28FP.o28FP (.econst:ti_sysbios_knl_Swi_Module__diagsIncluded__C)
                  003de32a    00000002     Quad_p28FP.o28FP (.econst:ti_sysbios_knl_Swi_Module__diagsMask__C)
                  003de32c    00000002     Quad_p28FP.o28FP (.econst:ti_sysbios_knl_Swi_Module__loggerFxn1__C)
                  003de32e    00000002     Quad_p28FP.o28FP (.econst:ti_sysbios_knl_Swi_Module__loggerFxn4__C)
                  003de330    00000002     Quad_p28FP.o28FP (.econst:ti_sysbios_knl_Swi_Module__loggerObj__C)
                  003de332    00000002     Quad_p28FP.o28FP (.econst:ti_sysbios_knl_Swi_Object__table__C)
                  003de334    00000002     Quad_p28FP.o28FP (.econst:ti_sysbios_knl_Task_A_badTimeout__C)
                  003de336    00000002     Quad_p28FP.o28FP (.econst:ti_sysbios_knl_Task_A_sleepTaskDisabled__C)
                  003de338    00000002     Quad_p28FP.o28FP (.econst:ti_sysbios_knl_Task_E_spOutOfBounds__C)
                  003de33a    00000002     Quad_p28FP.o28FP (.econst:ti_sysbios_knl_Task_E_stackOverflow__C)
                  003de33c    00000002     Quad_p28FP.o28FP (.econst:ti_sysbios_knl_Task_LD_block__C)
                  003de33e    00000002     Quad_p28FP.o28FP (.econst:ti_sysbios_knl_Task_LD_exit__C)
                  003de340    00000002     Quad_p28FP.o28FP (.econst:ti_sysbios_knl_Task_LD_ready__C)
                  003de342    00000002     Quad_p28FP.o28FP (.econst:ti_sysbios_knl_Task_LM_sleep__C)
                  003de344    00000002     Quad_p28FP.o28FP (.econst:ti_sysbios_knl_Task_LM_switch__C)
                  003de346    00000002     Quad_p28FP.o28FP (.econst:ti_sysbios_knl_Task_Module_State_inactiveQ__O)
                  003de348    00000002     Quad_p28FP.o28FP (.econst:ti_sysbios_knl_Task_Module__diagsEnabled__C)
                  003de34a    00000002     Quad_p28FP.o28FP (.econst:ti_sysbios_knl_Task_Module__diagsIncluded__C)
                  003de34c    00000002     Quad_p28FP.o28FP (.econst:ti_sysbios_knl_Task_Module__diagsMask__C)
                  003de34e    00000002     Quad_p28FP.o28FP (.econst:ti_sysbios_knl_Task_Module__loggerFxn2__C)
                  003de350    00000002     Quad_p28FP.o28FP (.econst:ti_sysbios_knl_Task_Module__loggerFxn4__C)
                  003de352    00000002     Quad_p28FP.o28FP (.econst:ti_sysbios_knl_Task_Module__loggerObj__C)
                  003de354    00000002     Quad_p28FP.o28FP (.econst:ti_sysbios_knl_Task_Object__table__C)
                  003de356    00000002     Quad_p28FP.o28FP (.econst:ti_sysbios_knl_Task_allBlockedFunc__C)
                  003de358    00000002     Quad_p28FP.o28FP (.econst:ti_sysbios_utils_Load_LS_cpuLoad__C)
                  003de35a    00000002     Quad_p28FP.o28FP (.econst:ti_sysbios_utils_Load_LS_hwiLoad__C)
                  003de35c    00000002     Quad_p28FP.o28FP (.econst:ti_sysbios_utils_Load_Module__diagsEnabled__C)
                  003de35e    00000002     Quad_p28FP.o28FP (.econst:ti_sysbios_utils_Load_Module__diagsIncluded__C)
                  003de360    00000002     Quad_p28FP.o28FP (.econst:ti_sysbios_utils_Load_Module__diagsMask__C)
                  003de362    00000002     Quad_p28FP.o28FP (.econst:ti_sysbios_utils_Load_Module__loggerFxn1__C)
                  003de364    00000002     Quad_p28FP.o28FP (.econst:ti_sysbios_utils_Load_Module__loggerFxn2__C)
                  003de366    00000002     Quad_p28FP.o28FP (.econst:ti_sysbios_utils_Load_Module__loggerObj__C)
                  003de368    00000002     Quad_p28FP.o28FP (.econst:ti_sysbios_utils_Load_postUpdate__C)
                  003de36a    00000002     Quad_p28FP.o28FP (.econst:ti_uia_loggers_LoggerStopMode_Module__diagsEnabled__C)
                  003de36c    00000002     Quad_p28FP.o28FP (.econst:ti_uia_loggers_LoggerStopMode_Module__diagsIncluded__C)
                  003de36e    00000002     Quad_p28FP.o28FP (.econst:ti_uia_loggers_LoggerStopMode_Module__diagsMask__C)
                  003de370    00000002     Quad_p28FP.o28FP (.econst:ti_uia_loggers_LoggerStopMode_Object__table__C)
                  003de372    00000002     Quad_p28FP.o28FP (.econst:ti_uia_runtime_ILoggerSnapshot_Interface__BASE__C)
                  003de374    00000002     Quad_p28FP.o28FP (.econst:ti_uia_runtime_IUIATransfer_Interface__BASE__C)
                  003de376    00000002     Quad_p28FP.o28FP (.econst:xdc_runtime_Assert_E_assertFailed__C)
                  003de378    00000002     Quad_p28FP.o28FP (.econst:xdc_runtime_Core_A_initializedParams__C)
                  003de37a    00000002     Quad_p28FP.o28FP (.econst:xdc_runtime_Core_Module__diagsEnabled__C)
                  003de37c    00000002     Quad_p28FP.o28FP (.econst:xdc_runtime_Core_Module__diagsIncluded__C)
                  003de37e    00000002     Quad_p28FP.o28FP (.econst:xdc_runtime_Core_Module__diagsMask__C)
                  003de380    00000002     Quad_p28FP.o28FP (.econst:xdc_runtime_Error_E_memory__C)
                  003de382    00000002     Quad_p28FP.o28FP (.econst:xdc_runtime_Error_Module__diagsEnabled__C)
                  003de384    00000002     Quad_p28FP.o28FP (.econst:xdc_runtime_Error_Module__diagsIncluded__C)
                  003de386    00000002     Quad_p28FP.o28FP (.econst:xdc_runtime_Error_Module__diagsMask__C)
                  003de388    00000002     Quad_p28FP.o28FP (.econst:xdc_runtime_Error_Module__loggerFxn8__C)
                  003de38a    00000002     Quad_p28FP.o28FP (.econst:xdc_runtime_Error_Module__loggerObj__C)
                  003de38c    00000002     Quad_p28FP.o28FP (.econst:xdc_runtime_Error_policyFxn__C)
                  003de38e    00000002     Quad_p28FP.o28FP (.econst:xdc_runtime_Error_raiseHook__C)
                  003de390    00000002     Quad_p28FP.o28FP (.econst:xdc_runtime_IFilterLogger_Interface__BASE__C)
                  003de392    00000002     Quad_p28FP.o28FP (.econst:xdc_runtime_IGateProvider_Interface__BASE__C)
                  003de394    00000002     Quad_p28FP.o28FP (.econst:xdc_runtime_IHeap_Interface__BASE__C)
                  003de396    00000002     Quad_p28FP.o28FP (.econst:xdc_runtime_ILogger_Interface__BASE__C)
                  003de398    00000002     Quad_p28FP.o28FP (.econst:xdc_runtime_IModule_Interface__BASE__C)
                  003de39a    00000002     Quad_p28FP.o28FP (.econst:xdc_runtime_Log_L_error__C)
                  003de39c    00000002     Quad_p28FP.o28FP (.econst:xdc_runtime_Main_Module__diagsEnabled__C)
                  003de39e    00000002     Quad_p28FP.o28FP (.econst:xdc_runtime_Main_Module__diagsIncluded__C)
                  003de3a0    00000002     Quad_p28FP.o28FP (.econst:xdc_runtime_Main_Module__diagsMask__C)
                  003de3a2    00000002     Quad_p28FP.o28FP (.econst:xdc_runtime_Memory_defaultHeapInstance__C)
                  003de3a4    00000002     Quad_p28FP.o28FP (.econst:xdc_runtime_Startup_execImpl__C)
                  003de3a6    00000002     Quad_p28FP.o28FP (.econst:xdc_runtime_Startup_lastFxns__A)
                  003de3a8    00000002     Quad_p28FP.o28FP (.econst:xdc_runtime_Startup_sfxnRts__C)
                  003de3aa    00000002     Quad_p28FP.o28FP (.econst:xdc_runtime_Startup_sfxnTab__C)
                  003de3ac    00000002     Quad_p28FP.o28FP (.econst:xdc_runtime_Startup_startModsFxn__C)
                  003de3ae    00000002     Quad_p28FP.o28FP (.econst:xdc_runtime_SysMin_bufSize__C)
                  003de3b0    00000002     Quad_p28FP.o28FP (.econst:xdc_runtime_SysMin_outputFunc__C)
                  003de3b2    00000002     Quad_p28FP.o28FP (.econst:xdc_runtime_System_Module__gateObj__C)
                  003de3b4    00000002     Quad_p28FP.o28FP (.econst:xdc_runtime_System_abortFxn__C)
                  003de3b6    00000002     Quad_p28FP.o28FP (.econst:xdc_runtime_System_exitFxn__C)
                  003de3b8    00000002     Quad_p28FP.o28FP (.econst:xdc_runtime_System_extendFxn__C)
                  003de3ba    00000002     Quad_p28FP.o28FP (.econst:xdc_runtime_Text_charTab__C)
                  003de3bc    00000002     Quad_p28FP.o28FP (.econst:xdc_runtime_Text_nameEmpty__C)
                  003de3be    00000002     Quad_p28FP.o28FP (.econst:xdc_runtime_Text_nameStatic__C)
                  003de3c0    00000002     Quad_p28FP.o28FP (.econst:xdc_runtime_Text_nameUnknown__C)
                  003de3c2    00000002     Quad_p28FP.o28FP (.econst:xdc_runtime_Text_nodeTab__C)
                  003de3c4    00000002     Quad_p28FP.o28FP (.econst:xdc_runtime_Text_visitRopeFxn__C)
                  003de3c6    00000001     Quad_p28FP.o28FP (.econst:ti_sysbios_family_c28_Timer_Module__id__C)
                  003de3c7    00000001     Quad_p28FP.o28FP (.econst:ti_sysbios_family_c28_Timer_startupNeeded__C)
                  003de3c8    00000001     Quad_p28FP.o28FP (.econst:ti_sysbios_family_c28_TimestampProvider_Module__id__C)
                  003de3c9    00000001     Quad_p28FP.o28FP (.econst:ti_sysbios_family_c28_TimestampProvider_useClockTimer__C)
                  003de3ca    00000001     Quad_p28FP.o28FP (.econst:ti_sysbios_gates_GateMutex_Module__id__C)
                  003de3cb    00000001     Quad_p28FP.o28FP (.econst:ti_sysbios_hal_Hwi_Module__id__C)
                  003de3cc    00000001     Quad_p28FP.o28FP (.econst:ti_sysbios_heaps_HeapMem_Module__id__C)
                  003de3cd    00000001     Quad_p28FP.o28FP (.econst:ti_sysbios_heaps_HeapMem_Object__count__C)
                  003de3ce    00000001     Quad_p28FP.o28FP (.econst:ti_sysbios_knl_Clock_Module__id__C)
                  003de3cf    00000001     Quad_p28FP.o28FP (.econst:ti_sysbios_knl_Clock_Module__loggerDefined__C)
                  003de3d0    00000001     Quad_p28FP.o28FP (.econst:ti_sysbios_knl_Queue_Object__count__C)
                  003de3d1    00000001     Quad_p28FP.o28FP (.econst:ti_sysbios_knl_Semaphore_Module__id__C)
                  003de3d2    00000001     Quad_p28FP.o28FP (.econst:ti_sysbios_knl_Semaphore_Module__loggerDefined__C)
                  003de3d3    00000001     Quad_p28FP.o28FP (.econst:ti_sysbios_knl_Swi_Module__id__C)
                  003de3d4    00000001     Quad_p28FP.o28FP (.econst:ti_sysbios_knl_Swi_Module__loggerDefined__C)
                  003de3d5    00000001     Quad_p28FP.o28FP (.econst:ti_sysbios_knl_Swi_Object__count__C)
                  003de3d6    00000001     Quad_p28FP.o28FP (.econst:ti_sysbios_knl_Task_Module__id__C)
                  003de3d7    00000001     Quad_p28FP.o28FP (.econst:ti_sysbios_knl_Task_Module__loggerDefined__C)
                  003de3d8    00000001     Quad_p28FP.o28FP (.econst:ti_sysbios_knl_Task_Object__count__C)
                  003de3d9    00000001     Quad_p28FP.o28FP (.econst:ti_sysbios_knl_Task_initStackFlag__C)
                  003de3da    00000001     Quad_p28FP.o28FP (.econst:ti_sysbios_knl_Task_numConstructedTasks__C)
                  003de3db    00000001     Quad_p28FP.o28FP (.econst:ti_sysbios_utils_Load_Module__id__C)
                  003de3dc    00000001     Quad_p28FP.o28FP (.econst:ti_sysbios_utils_Load_Module__loggerDefined__C)
                  003de3dd    00000001     Quad_p28FP.o28FP (.econst:ti_sysbios_utils_Load_hwiEnabled__C)
                  003de3de    00000001     Quad_p28FP.o28FP (.econst:ti_sysbios_utils_Load_updateInIdle__C)
                  003de3df    00000001     Quad_p28FP.o28FP (.econst:ti_sysbios_utils_Load_windowInMs__C)
                  003de3e0    00000001     Quad_p28FP.o28FP (.econst:ti_uia_loggers_LoggerStopMode_Module__id__C)
                  003de3e1    00000001     Quad_p28FP.o28FP (.econst:ti_uia_loggers_LoggerStopMode_Object__count__C)
                  003de3e2    00000001     Quad_p28FP.o28FP (.econst:ti_uia_loggers_LoggerStopMode_isTimestampEnabled__C)
                  003de3e3    00000001     Quad_p28FP.o28FP (.econst:xdc_runtime_Core_Module__id__C)
                  003de3e4    00000001     Quad_p28FP.o28FP (.econst:xdc_runtime_Error_Module__loggerDefined__C)
                  003de3e5    00000001     Quad_p28FP.o28FP (.econst:xdc_runtime_Error_maxDepth__C)
                  003de3e6    00000001     Quad_p28FP.o28FP (.econst:xdc_runtime_Error_policy__C)
                  003de3e7    00000001     Quad_p28FP.o28FP (.econst:xdc_runtime_Main_Module__id__C)
                  003de3e8    00000001     Quad_p28FP.o28FP (.econst:xdc_runtime_Memory_Module__id__C)
                  003de3e9    00000001     Quad_p28FP.o28FP (.econst:xdc_runtime_Startup_maxPasses__C)
                  003de3ea    00000001     Quad_p28FP.o28FP (.econst:xdc_runtime_SysMin_flushAtExit__C)
                  003de3eb    00000001     Quad_p28FP.o28FP (.econst:xdc_runtime_System_maxAtexitHandlers__C)
                  003de3ec    00000001     Quad_p28FP.o28FP (.econst:xdc_runtime_Text_charCnt__C)
                  003de3ed    00000001     Quad_p28FP.o28FP (.econst:xdc_runtime_Text_isLoaded__C)
                  003de3ee    00000001     Quad_p28FP.o28FP (.econst:xdc_runtime_Text_registryModsLastId__C)
                  003de3ef    00000001     Quad_p28FP.o28FP (.econst:xdc_runtime_Text_unnamedModsLastId__C)

.cinit     0    003de3f0    000004b8     
                  003de3f0    0000047b     Quad_p28FP.o28FP (.cinit)
                  003de86b    00000015     HUD_Interface.obj (.cinit)
                  003de880    0000000a     rts2800_fpu32.lib : _lock.obj (.cinit)
                  003de88a    0000000a                       : exit.obj (.cinit)
                  003de894    00000009     ti.uia.runtime.a28FP : QueueDescriptor.o28FP (.cinit)
                  003de89d    00000005     rts2800_fpu32.lib : vars.obj (.cinit)
                  003de8a2    00000004                       : errno.obj (.cinit)
                  003de8a6    00000002     --HOLE-- [fill = 0]

ramfuncs   0    003de8a8    00000004     RUN ADDR = 00008000
                  003de8a8    00000004     F2806x_usDelay.obj (ramfuncs)

.switch    0    003de8ac    0000001c     
                  003de8ac    0000001c     sysbios.a28FP : BIOS.obj (.switch:_ti_sysbios_family_c28_Hwi_clearInterrupt__E)

DevEmuRegsFile 
*          1    00000880    00000004     UNINITIALIZED
                  00000880    00000004     F2806x_GlobalVariableDefs.obj (DevEmuRegsFile)

SysPwrCtrlRegsFile 
*          1    00000985    00000003     UNINITIALIZED
                  00000985    00000003     F2806x_GlobalVariableDefs.obj (SysPwrCtrlRegsFile)

FlashRegsFile 
*          1    00000a80    00000008     UNINITIALIZED
                  00000a80    00000008     F2806x_GlobalVariableDefs.obj (FlashRegsFile)

CsmRegsFile 
*          1    00000ae0    00000010     UNINITIALIZED
                  00000ae0    00000010     F2806x_GlobalVariableDefs.obj (CsmRegsFile)

AdcResultFile 
*          1    00000b00    00000010     UNINITIALIZED
                  00000b00    00000010     F2806x_GlobalVariableDefs.obj (AdcResultFile)

CpuTimer0RegsFile 
*          1    00000c00    00000008     UNINITIALIZED
                  00000c00    00000008     F2806x_GlobalVariableDefs.obj (CpuTimer0RegsFile)

CpuTimer1RegsFile 
*          1    00000c08    00000008     UNINITIALIZED
                  00000c08    00000008     F2806x_GlobalVariableDefs.obj (CpuTimer1RegsFile)

CpuTimer2RegsFile 
*          1    00000c10    00000008     UNINITIALIZED
                  00000c10    00000008     F2806x_GlobalVariableDefs.obj (CpuTimer2RegsFile)

PieCtrlRegsFile 
*          1    00000ce0    0000001a     UNINITIALIZED
                  00000ce0    0000001a     F2806x_GlobalVariableDefs.obj (PieCtrlRegsFile)

DmaRegsFile 
*          1    00001000    000000e0     UNINITIALIZED
                  00001000    000000e0     F2806x_GlobalVariableDefs.obj (DmaRegsFile)

Cla1RegsFile 
*          1    00001400    00000040     UNINITIALIZED
                  00001400    00000040     F2806x_GlobalVariableDefs.obj (Cla1RegsFile)

Usb0RegsFile 
*          1    00004000    00000454     UNINITIALIZED
                  00004000    00000454     F2806x_GlobalVariableDefs.obj (Usb0RegsFile)

McbspaRegsFile 
*          1    00005000    00000024     UNINITIALIZED
                  00005000    00000024     F2806x_GlobalVariableDefs.obj (McbspaRegsFile)

ECanaRegsFile 
*          1    00006000    00000034     UNINITIALIZED
                  00006000    00000034     F2806x_GlobalVariableDefs.obj (ECanaRegsFile)

ECanaLAMRegsFile 
*          1    00006040    00000040     UNINITIALIZED
                  00006040    00000040     F2806x_GlobalVariableDefs.obj (ECanaLAMRegsFile)

ECanaMOTSRegsFile 
*          1    00006080    00000040     UNINITIALIZED
                  00006080    00000040     F2806x_GlobalVariableDefs.obj (ECanaMOTSRegsFile)

ECanaMOTORegsFile 
*          1    000060c0    00000040     UNINITIALIZED
                  000060c0    00000040     F2806x_GlobalVariableDefs.obj (ECanaMOTORegsFile)

ECanaMboxesFile 
*          1    00006100    00000100     UNINITIALIZED
                  00006100    00000100     F2806x_GlobalVariableDefs.obj (ECanaMboxesFile)

Comp1RegsFile 
*          1    00006400    00000014     UNINITIALIZED
                  00006400    00000014     F2806x_GlobalVariableDefs.obj (Comp1RegsFile)

Comp2RegsFile 
*          1    00006420    00000014     UNINITIALIZED
                  00006420    00000014     F2806x_GlobalVariableDefs.obj (Comp2RegsFile)

Comp3RegsFile 
*          1    00006440    00000014     UNINITIALIZED
                  00006440    00000014     F2806x_GlobalVariableDefs.obj (Comp3RegsFile)

EPwm1RegsFile 
*          1    00006800    00000040     UNINITIALIZED
                  00006800    00000040     F2806x_GlobalVariableDefs.obj (EPwm1RegsFile)

EPwm2RegsFile 
*          1    00006840    00000040     UNINITIALIZED
                  00006840    00000040     F2806x_GlobalVariableDefs.obj (EPwm2RegsFile)

EPwm3RegsFile 
*          1    00006880    00000040     UNINITIALIZED
                  00006880    00000040     F2806x_GlobalVariableDefs.obj (EPwm3RegsFile)

EPwm4RegsFile 
*          1    000068c0    00000040     UNINITIALIZED
                  000068c0    00000040     F2806x_GlobalVariableDefs.obj (EPwm4RegsFile)

EPwm5RegsFile 
*          1    00006900    00000040     UNINITIALIZED
                  00006900    00000040     F2806x_GlobalVariableDefs.obj (EPwm5RegsFile)

EPwm6RegsFile 
*          1    00006940    00000040     UNINITIALIZED
                  00006940    00000040     F2806x_GlobalVariableDefs.obj (EPwm6RegsFile)

EPwm7RegsFile 
*          1    00006980    00000040     UNINITIALIZED
                  00006980    00000040     F2806x_GlobalVariableDefs.obj (EPwm7RegsFile)

EPwm8RegsFile 
*          1    000069c0    00000040     UNINITIALIZED
                  000069c0    00000040     F2806x_GlobalVariableDefs.obj (EPwm8RegsFile)

ECap1RegsFile 
*          1    00006a00    00000020     UNINITIALIZED
                  00006a00    00000020     F2806x_GlobalVariableDefs.obj (ECap1RegsFile)

ECap2RegsFile 
*          1    00006a20    00000020     UNINITIALIZED
                  00006a20    00000020     F2806x_GlobalVariableDefs.obj (ECap2RegsFile)

ECap3RegsFile 
*          1    00006a40    00000020     UNINITIALIZED
                  00006a40    00000020     F2806x_GlobalVariableDefs.obj (ECap3RegsFile)

HRCap1RegsFile 
*          1    00006ac0    00000020     UNINITIALIZED
                  00006ac0    00000020     F2806x_GlobalVariableDefs.obj (HRCap1RegsFile)

HRCap2RegsFile 
*          1    00006ae0    00000020     UNINITIALIZED
                  00006ae0    00000020     F2806x_GlobalVariableDefs.obj (HRCap2RegsFile)

EQep1RegsFile 
*          1    00006b00    00000022     UNINITIALIZED
                  00006b00    00000022     F2806x_GlobalVariableDefs.obj (EQep1RegsFile)

EQep2RegsFile 
*          1    00006b40    00000022     UNINITIALIZED
                  00006b40    00000022     F2806x_GlobalVariableDefs.obj (EQep2RegsFile)

HRCap3RegsFile 
*          1    00006c80    00000020     UNINITIALIZED
                  00006c80    00000020     F2806x_GlobalVariableDefs.obj (HRCap3RegsFile)

HRCap4RegsFile 
*          1    00006ca0    00000020     UNINITIALIZED
                  00006ca0    00000020     F2806x_GlobalVariableDefs.obj (HRCap4RegsFile)

GpioCtrlRegsFile 
*          1    00006f80    00000040     UNINITIALIZED
                  00006f80    00000040     F2806x_GlobalVariableDefs.obj (GpioCtrlRegsFile)

GpioDataRegsFile 
*          1    00006fc0    00000020     UNINITIALIZED
                  00006fc0    00000020     F2806x_GlobalVariableDefs.obj (GpioDataRegsFile)

GpioIntRegsFile 
*          1    00006fe0    00000020     UNINITIALIZED
                  00006fe0    00000020     F2806x_GlobalVariableDefs.obj (GpioIntRegsFile)

SysCtrlRegsFile 
*          1    00007010    00000030     UNINITIALIZED
                  00007010    00000030     F2806x_GlobalVariableDefs.obj (SysCtrlRegsFile)

SpiaRegsFile 
*          1    00007040    00000010     UNINITIALIZED
                  00007040    00000010     F2806x_GlobalVariableDefs.obj (SpiaRegsFile)

SciaRegsFile 
*          1    00007050    00000010     UNINITIALIZED
                  00007050    00000010     F2806x_GlobalVariableDefs.obj (SciaRegsFile)

NmiIntruptRegsFile 
*          1    00007060    00000010     UNINITIALIZED
                  00007060    00000010     F2806x_GlobalVariableDefs.obj (NmiIntruptRegsFile)

XIntruptRegsFile 
*          1    00007070    00000010     UNINITIALIZED
                  00007070    00000010     F2806x_GlobalVariableDefs.obj (XIntruptRegsFile)

AdcRegsFile 
*          1    00007100    00000050     UNINITIALIZED
                  00007100    00000050     F2806x_GlobalVariableDefs.obj (AdcRegsFile)

SpibRegsFile 
*          1    00007740    00000010     UNINITIALIZED
                  00007740    00000010     F2806x_GlobalVariableDefs.obj (SpibRegsFile)

ScibRegsFile 
*          1    00007750    00000010     UNINITIALIZED
                  00007750    00000010     F2806x_GlobalVariableDefs.obj (ScibRegsFile)

I2caRegsFile 
*          1    00007900    00000022     UNINITIALIZED
                  00007900    00000022     F2806x_GlobalVariableDefs.obj (I2caRegsFile)

.ebss      1    0000a000    000026cc     UNINITIALIZED
                  0000a000    00001400     Quad_p28FP.o28FP (.ebss)
                  0000b400    00001203     Quad_p28FP.o28FP (.ebss:taskStackSection)
                  0000c603    00000001     rts2800_fpu32.lib : errno.obj (.ebss)
                  0000c604    00000018     F2806x_CpuTimers.obj (.ebss)
                  0000c61c    00000008     rts2800_fpu32.lib : trgdrv.obj (.ebss)
                  0000c624    00000006     HUD_Interface.obj (.ebss)
                  0000c62a    00000004     rts2800_fpu32.lib : _lock.obj (.ebss)
                  0000c62e    00000004                       : exit.obj (.ebss)
                  0000c632    00000004     ti.uia.runtime.a28FP : QueueDescriptor.o28FP (.ebss)
                  0000c636    00000002     rts2800_fpu32.lib : vars.obj (.ebss)
                  0000c638    00000008     --HOLE--
                  0000c640    0000008c     main.obj (.ebss)

.stack     1    0000c6cc    00001000     UNINITIALIZED
                  0000c6cc    00001000     --HOLE--

.cio       1    00010000    00000120     UNINITIALIZED
                  00010000    00000120     rts2800_fpu32.lib : ankmsg.obj (.cio)

PartIdRegsFile 
*          1    003d7e80    00000001     UNINITIALIZED
                  003d7e80    00000001     F2806x_GlobalVariableDefs.obj (PartIdRegsFile)

CsmPwlFile 
*          1    003f7ff8    00000008     UNINITIALIZED
                  003f7ff8    00000008     F2806x_GlobalVariableDefs.obj (CsmPwlFile)


GLOBAL DATA SYMBOLS: SORTED BY DATA PAGE

address     data page           name
--------    ----------------    ----
00000000       0 (00000000)     ___ISA__
00000013       0 (00000000)     ___TARG__
00000037       0 (00000000)     ___PLAT__

0000005d       1 (00000040)     ___TRDR__

00000084       2 (00000080)     ___ASM__

00000880      22 (00000880)     _DevEmuRegs

00000985      26 (00000980)     _SysPwrCtrlRegs

00000a80      2a (00000a80)     _FlashRegs

00000ae0      2b (00000ac0)     _CsmRegs

00000b00      2c (00000b00)     _AdcResult

00000c00      30 (00000c00)     _CpuTimer0Regs
00000c08      30 (00000c00)     _CpuTimer1Regs
00000c10      30 (00000c00)     _CpuTimer2Regs

00000ce0      33 (00000cc0)     _PieCtrlRegs

00000d00      34 (00000d00)     _EmuKey
00000d00      34 (00000d00)     _PieVectTable
00000d01      34 (00000d00)     _EmuBMode
00000d02      34 (00000d00)     _Flash_CallbackPtr
00000d04      34 (00000d00)     _Flash_CPUScaleFactor

00001000      40 (00001000)     _DmaRegs

00001400      50 (00001400)     _Cla1Regs

00004000     100 (00004000)     _Usb0Regs

00005000     140 (00005000)     _McbspaRegs

00006000     180 (00006000)     _ECanaRegs

00006040     181 (00006040)     _ECanaLAMRegs

00006080     182 (00006080)     _ECanaMOTSRegs

000060c0     183 (000060c0)     _ECanaMOTORegs

00006100     184 (00006100)     _ECanaMboxes

00006400     190 (00006400)     _Comp1Regs
00006420     190 (00006400)     _Comp2Regs

00006440     191 (00006440)     _Comp3Regs

00006800     1a0 (00006800)     _EPwm1Regs

00006840     1a1 (00006840)     _EPwm2Regs

00006880     1a2 (00006880)     _EPwm3Regs

000068c0     1a3 (000068c0)     _EPwm4Regs

00006900     1a4 (00006900)     _EPwm5Regs

00006940     1a5 (00006940)     _EPwm6Regs

00006980     1a6 (00006980)     _EPwm7Regs

000069c0     1a7 (000069c0)     _EPwm8Regs

00006a00     1a8 (00006a00)     _ECap1Regs
[...]
003dba67   _ti_sysbios_knl_Queue_construct
003dba7e   _xdc_runtime_Memory_valloc__E
003dba95   _ti_sysbios_family_c28_Timer_Module_startup__E
003dbaab   _ti_sysbios_family_c28_Timer_startup__E
003dbac1   _ti_sysbios_knl_Task_restore__E
003dbad7   _xdc_runtime_SysMin_abort__E
003dbaed   _ti_sysbios_knl_Idle_run__E
003dbb02   _ti_sysbios_knl_Swi_Module_startup__E
003dbb17   _ti_sysbios_utils_Load_getGlobalHwiLoad__E
003dbb41   _ti_sysbios_BIOS_errorRaiseHook__I
003dbb55   _free
003dbb68   _ti_sysbios_gates_GateMutex_Object__delete__S
003dbb7b   _ti_sysbios_family_c28_Hwi_disableIER__E
003dbb8d   _ti_sysbios_family_c28_Timer_stop__E
003dbb9f   _ti_sysbios_gates_GateHwi_Object__delete__S
003dbbb1   _ti_sysbios_heaps_HeapMem_Object__delete__S
003dbbc3   _ti_sysbios_knl_Clock_Module_startup__E
003dbbd5   _ti_uia_loggers_LoggerStopMode_Object__delete__S
003dbbe7   _xdc_runtime_Text_cordText__E
003dbbf9   _ti_sysbios_gates_GateHwi_Handle__label__S
003dbc0a   _ti_sysbios_gates_GateMutex_Handle__label__S
003dbc1b   _ti_sysbios_heaps_HeapMem_Handle__label__S
003dbc2c   _ti_uia_loggers_LoggerStopMode_Handle__label__S
003dbc3d   _ti_uia_loggers_LoggerStopMode_Instance_init__E
003dbc4e   _xdc_runtime_Error_raiseX__E
003dbc5f   _ti_sysbios_BIOS_rtsLock__I
003dbc6f   _ti_sysbios_family_c28_Hwi_enableIER__E
003dbc7f   _ti_sysbios_knl_Task_restoreHwi__E
003dbc8f   _xdc_runtime_SysMin_Module_startup__E
003dbc9f   _ti_catalog_c2800_init_Boot_disableWatchdog
003dbcae   _ti_sysbios_BIOS_startFunc__I
003dbcbd   _ti_sysbios_gates_GateMutex_Instance_init__E
003dbccc   _ti_sysbios_knl_Semaphore_Object__destruct__S
003dbcea   _xdc_runtime_Registry_findById__E
003dbcf9   _ti_sysbios_knl_Queue_Object__destruct__S
003dbd07   _ti_uia_loggers_LoggerStopMode_enable__E
003dbd15   _xdc_runtime_Text_visitRope__I
003dbd23   _ti_sysbios_BIOS_registerRTSLock__I
003dbd30   _ti_sysbios_BIOS_removeRTSLock__I
003dbd3d   _ti_sysbios_family_c28_Hwi_dispatchC__I
003dbd4a   _ti_sysbios_family_c28_Hwi_restoreIER__E
003dbd57   _ti_sysbios_knl_Task_SupportProxy_start__E
003dbd64   _ti_sysbios_knl_Task_sleepTimeout__I
003dbd71   _ti_uia_loggers_LoggerStopMode_disable__E
003dbd8b   _xdc_runtime_Memory_HeapProxy_alloc__E
003dbd98   _xdc_runtime_System_abort__E
003dbda5   _memset
003dbdb2   _ti_sysbios_BIOS_exitFunc__I
003dbdbe   _ti_sysbios_gates_GateMutex_leave__E
003dbdca   _ti_sysbios_knl_Queue_put__E
003dbdd6   _ti_sysbios_knl_Task_enabled__E
003dbde2   _xdc_runtime_Error_check__E
003dbdee   _ti_sysbios_family_c28_Hwi_Module__startupDone__F
003dbdf9   _ti_sysbios_family_c28_Timer_Module__startupDone__F
003dbe04   _ti_sysbios_knl_Task_enter__I
003dbe0f   _ti_sysbios_knl_Task_unblock__E
003dbe1a   _xdc_runtime_Memory_HeapProxy_free__E
003dbe25   _xdc_runtime_SysMin_exit__E
003dbe30   _xdc_runtime_System_aprintf__E
003dbe3b   _xdc_runtime_System_exit__E
003dbe46   _xdc_runtime_System_printf__E
003dbe51   _xdc_runtime_Text_ropeText__E
003dbe5c   _ti_uia_loggers_LoggerStopMode_isEmpty__E
003dbe66   _xdc_runtime_Memory_free__E
003dbe70   _xdc_runtime_Startup_exec__I
003dbe7a   _ti_sysbios_BIOS_RtsGateProxy_leave__E
003dbe83   _ti_sysbios_family_c28_TaskSupport_checkStack__E
003dbe8c   _ti_sysbios_family_c28_TaskSupport_glue
003dbe95   _ti_sysbios_hal_Hwi_Module_startup__E
003dbe9e   _ti_sysbios_heaps_HeapMem_Module_GateProxy_leave__E
003dbea7   _ti_sysbios_knl_Task_SupportProxy_checkStack__E
003dbeb0   _ti_sysbios_knl_Task_SupportProxy_swap__E
003dbeb9   _xdc_runtime_System_Module_GateProxy_leave__E
003dbec2   _xdc_runtime_System_snprintf_va__F
003dbec2   _xdc_runtime_System_vsnprintf__E
003dbecb   __register_unlock
003dbecf   __register_lock
003dbed3   __nop
003dbed4   _ti_sysbios_BIOS_setThreadType__E
003dbedc   _ti_sysbios_gates_GateMutex_Instance_finalize__E
003dbee4   _ti_sysbios_hal_Hwi_HwiProxy_getStackInfo__E
003dbef4   _ti_sysbios_knl_Queue_empty__E
003dbefc   _ti_sysbios_knl_Semaphore_Instance_finalize__E
003dbf04   _xdc_runtime_Memory_calloc__E
003dbf0c   _xdc_runtime_SysMin_ready__E
003dbf14   _strlen
003dbf1c   _ti_catalog_c2800_init_Boot_init
003dbf23   _ti_sysbios_BIOS_RtsGateProxy_enter__E
003dbf2a   _ti_sysbios_family_c28_Hwi_disable__E
003dbf31   _ti_sysbios_heaps_HeapMem_Module_GateProxy_enter__E
003dbf38   _ti_sysbios_knl_Clock_TimerProxy_getMaxTicks__E
003dbf3f   _ti_sysbios_knl_Queue_destruct
003dbf46   _ti_sysbios_knl_Semaphore_destruct
003dbf4d   _xdc_runtime_System_Module_GateProxy_enter__E
003dbf54   _xdc_runtime_System_SupportProxy_abort__E
003dbf5b   _xdc_runtime_Timestamp_SupportProxy_get64__E
003dbf62   _xdc_runtime_Timestamp_SupportProxy_getFreq__E
003dbf69   _ti_sysbios_family_c28_Hwi_restore__E
003dbf6f   _ti_sysbios_family_c28_IntrinsicsSupport_maxbit__E
003dbf75   _ti_sysbios_family_c28_TimestampProvider_rolloverFunc__E
003dbf7b   _ti_sysbios_family_c28_TimestampProvider_startTimer__E
003dbf87   _ti_sysbios_heaps_HeapMem_Module_GateProxy_query__E
003dbf8d   _ti_sysbios_knl_Swi_disable__E
003dbf93   _ti_sysbios_knl_Task_disable__E
003dbf99   _ti_uia_loggers_LoggerStopMode_getFilterLevel__E
003dbf9f   _ti_uia_loggers_LoggerStopMode_setFilterLevel__E
003dbfa5   _xdc_runtime_Gate_enterSystem__E
003dbfab   _xdc_runtime_Gate_leaveSystem__E
003dbfb1   _xdc_runtime_System_SupportProxy_exit__E
003dbfb7   _xdc_runtime_System_SupportProxy_putch__E
003dbfbd   _ti_sysbios_BIOS_start__E
003dbfc2   _ti_sysbios_family_c28_Hwi_switchFromBootStack__E
003dbfc7   _ti_sysbios_gates_GateHwi_enter__E
003dbfd1   _xdc_runtime_Error_init__E
003dbfd6   ___dl__FPv
003dbfdb   _strcpy
003dbfe0   _ti_sysbios_family_c28_Hwi_startup__E
003dbfe4   _ti_sysbios_family_c28_TimestampProvider_getFreq__E
003dbfe8   _ti_sysbios_heaps_HeapMem_isBlocking__E
003dbfec   _ti_sysbios_knl_Swi_startup__E
003dbff0   _xdc_runtime_Memory_getMaxDefaultTypeAlign__E
003dbff4   ___xdc__init
003dbff7   _ti_catalog_c2800_init_Boot_limpAbort
003dbffa   _ti_sysbios_family_c28_Hwi_Module__startupDone__S
003dbffd   _ti_sysbios_family_c28_Hwi_getIFR__I
003dc000   _ti_sysbios_family_c28_Timer_Module__startupDone__S
003dc003   _ti_sysbios_gates_GateHwi_leave__E
003dc006   _ti_sysbios_hal_Hwi_HwiProxy_Module__startupDone__S
003dc009   _ti_sysbios_hal_Hwi_HwiProxy_startup__E
003dc00c   _ti_sysbios_hal_Hwi_HwiProxy_switchFromBootStack__E
003dc012   _ti_sysbios_hal_Hwi_startup__E
003dc015   _ti_sysbios_knl_Clock_TimerProxy_Module__startupDone__S
003dc018   _ti_sysbios_knl_Idle_loop__E
003dc01b   _ti_sysbios_knl_Queue_Instance_init__E
003dc01e   _ti_sysbios_knl_Task_SupportProxy_Module__startupDone__S
003dc021   _ti_sysbios_knl_Task_startup__E
003dc024   _ti_sysbios_utils_Load_update__E
003dc027   _ti_uia_loggers_LoggerStopMode_getMaxLength__E
003dc02a   _xdc_runtime_Startup_reset__I
003dc02d   _xdc_runtime_System_Module_startup__E
003dc030   _xdc_runtime_System_SupportProxy_ready__E
003dc033   _xdc_runtime_System_abortStd__E
003dc036   _xdc_runtime_System_exitStd__E
003dc039   _xdc_runtime_Timestamp_SupportProxy_get32__E
003dc03c   _xdc_runtime_Timestamp_get32__E
003dc03f   _xdc_runtime_Timestamp_get64__E
003dc042   _xdc_runtime_Timestamp_getFreq__E
003dc045   ___dla__FPv
003dc048   _ti_catalog_c2800_init_Boot_defaultLimpAbortFunction
003dc04a   _ti_sysbios_family_c28_TaskSupport_Module__startupDone__S
003dc04c   _ti_sysbios_family_c28_Timer_getMaxTicks__E
003dc04e   _ti_sysbios_gates_GateHwi_query__E
003dc050   _ti_sysbios_gates_GateMutex_query__E
003dc052   _ti_uia_loggers_LoggerStopMode_getContents__E
003dc054   _ti_uia_loggers_LoggerStopMode_getInstanceId__E
003dc056   _ti_uia_loggers_LoggerStopMode_getPriority__E
003dc058   _ti_uia_loggers_LoggerStopMode_getTransferType__E
003dc05a   _xdc_runtime_Error_getSite__E
003dc05c   _ti_sysbios_family_c28_Hwi_interruptReturn__I
003dc05d   _ti_sysbios_gates_GateHwi_Instance_init__E
003dc05e   _ti_uia_loggers_LoggerStopMode_setPriority__E
003dc05f   ___default_new_handler__Fv
003dc060   ___etext__
003dc060   _xdc_runtime_Text_charTab__A
003dc060   etext
003ddd48   _PieVectTableInit
003dde48   _ti_sysbios_family_c28_Hwi_vectors
003ddfbf   _xdc_runtime_Text_nodeTab__A
003de02f   _ti_sysbios_family_c28_Hwi_Module__id__C
003de0cb   _ti_sysbios_family_c28_Hwi_Module__loggerDefined__C
003de0cc   _ti_uia_loggers_LoggerStopMode_Module__FXNS__C
003de14c   _ti_uia_loggers_LoggerStopMode_Object__PARAMS__C
003de162   _ti_sysbios_heaps_HeapMem_Module__FXNS__C
003de176   _xdc_runtime_Startup_sfxnTab__A
003de18a   _ti_sysbios_gates_GateHwi_Module__FXNS__C
003de19c   _ti_sysbios_gates_GateMutex_Module__FXNS__C
003de1ae   _ti_sysbios_heaps_HeapMem_Object__PARAMS__C
003de1d1   _ti_sysbios_family_c28_Hwi_NUM_INTERRUPTS_ALL__C
003de1e2   _ti_sysbios_gates_GateHwi_Object__DESC__C
003de1f2   _ti_sysbios_gates_GateMutex_Object__DESC__C
003de202   _ti_sysbios_heaps_HeapMem_Object__DESC__C
003de212   _ti_sysbios_knl_Queue_Object__DESC__C
003de222   _ti_sysbios_knl_Semaphore_Object__DESC__C
003de232   _ti_sysbios_knl_Semaphore_Object__PARAMS__C
003de242   _ti_uia_loggers_LoggerStopMode_Object__DESC__C
003de252   _ti_sysbios_gates_GateHwi_Object__PARAMS__C
003de25e   _ti_sysbios_gates_GateMutex_Object__PARAMS__C
003de26a   _ti_sysbios_knl_Queue_Object__PARAMS__C
003de276   _xdc_runtime_Startup_sfxnRts__A
003de287   _ti_sysbios_family_c28_Hwi_Object__count__C
003de28d   _ti_sysbios_family_c28_TaskSupport_Module__id__C
003de28e   _task0
003de290   _clock0
003de292   _ti_sysbios_knl_Idle_funcList__A
003de296   _ti_sysbios_knl_Idle_funcList__C
003de29a   _xdc_runtime_Startup_firstFxns__A
003de29e   _xdc_runtime_Startup_firstFxns__C
003de2a2   _xdc_runtime_Startup_lastFxns__C
003de2a6   _ti_sysbios_BIOS_installedErrorHook__C
003de2a8   _ti_sysbios_family_c28_Hwi_A_badIntNum__C
003de2aa   _ti_sysbios_family_c28_Hwi_A_invalidArg__C
003de2ac   _ti_sysbios_family_c28_Hwi_E_unpluggedInterrupt__C
003de2ae   _ti_sysbios_family_c28_Hwi_LD_end__C
003de2b0   _ti_sysbios_family_c28_Hwi_LM_begin__C
003de2b2   _ti_sysbios_family_c28_Hwi_Module__diagsEnabled__C
003de2b4   _ti_sysbios_family_c28_Hwi_Module__diagsIncluded__C
003de2b6   _ti_sysbios_family_c28_Hwi_Module__diagsMask__C
003de2b8   _ti_sysbios_family_c28_Hwi_Module__loggerFxn1__C
003de2ba   _ti_sysbios_family_c28_Hwi_Module__loggerFxn8__C
003de2bc   _ti_sysbios_family_c28_Hwi_Module__loggerObj__C
003de2be   _ti_sysbios_family_c28_Hwi_Object__table__C
003de2c0   _ti_sysbios_family_c28_TaskSupport_E_invalidStack__C
003de2c2   _ti_sysbios_family_c28_Timer_Module__diagsEnabled__C
003de2c4   _ti_sysbios_family_c28_Timer_Module__diagsIncluded__C
003de2c6   _ti_sysbios_family_c28_Timer_Module__diagsMask__C
003de2c8   _ti_sysbios_family_c28_TimestampProvider_Module__diagsEnabled__C
003de2ca   _ti_sysbios_family_c28_TimestampProvider_Module__diagsIncluded__C
003de2cc   _ti_sysbios_family_c28_TimestampProvider_Module__diagsMask__C
003de2ce   _ti_sysbios_gates_GateMutex_A_badContext__C
003de2d0   _ti_sysbios_gates_GateMutex_Instance_State_sem__O
003de2d2   _ti_sysbios_gates_GateMutex_Module__diagsEnabled__C
003de2d4   _ti_sysbios_gates_GateMutex_Module__diagsIncluded__C
003de2d6   _ti_sysbios_gates_GateMutex_Module__diagsMask__C
003de2d8   _ti_sysbios_hal_Hwi_E_stackOverflow__C
003de2da   _ti_sysbios_heaps_HeapMem_A_align__C
003de2dc   _ti_sysbios_heaps_HeapMem_A_heapSize__C
003de2de   _ti_sysbios_heaps_HeapMem_A_invalidFree__C
003de2e0   _ti_sysbios_heaps_HeapMem_A_zeroBlock__C
003de2e2   _ti_sysbios_heaps_HeapMem_E_memory__C
003de2e4   _ti_sysbios_heaps_HeapMem_Module__diagsEnabled__C
003de2e6   _ti_sysbios_heaps_HeapMem_Module__diagsIncluded__C
003de2e8   _ti_sysbios_heaps_HeapMem_Module__diagsMask__C
003de2ea   _ti_sysbios_heaps_HeapMem_Module__gateObj__C
003de2ec   _ti_sysbios_heaps_HeapMem_Object__table__C
003de2ee   _ti_sysbios_heaps_HeapMem_reqAlign__C
003de2f0   _ti_sysbios_knl_Clock_LM_begin__C
003de2f2   _ti_sysbios_knl_Clock_LM_tick__C
003de2f4   _ti_sysbios_knl_Clock_LW_delayed__C
003de2f6   _ti_sysbios_knl_Clock_Module_State_clockQ__O
003de2f8   _ti_sysbios_knl_Clock_Module__diagsEnabled__C
003de2fa   _ti_sysbios_knl_Clock_Module__diagsIncluded__C
003de2fc   _ti_sysbios_knl_Clock_Module__diagsMask__C
003de2fe   _ti_sysbios_knl_Clock_Module__loggerFxn1__C
003de300   _ti_sysbios_knl_Clock_Module__loggerFxn2__C
003de302   _ti_sysbios_knl_Clock_Module__loggerObj__C
003de304   _ti_sysbios_knl_Queue_Object__table__C
003de306   _ti_sysbios_knl_Semaphore_A_badContext__C
003de308   _ti_sysbios_knl_Semaphore_A_noEvents__C
003de30a   _ti_sysbios_knl_Semaphore_A_overflow__C
003de30c   _ti_sysbios_knl_Semaphore_A_pendTaskDisabled__C
003de30e   _ti_sysbios_knl_Semaphore_Instance_State_pendQ__O
003de310   _ti_sysbios_knl_Semaphore_LM_pend__C
003de312   _ti_sysbios_knl_Semaphore_LM_post__C
003de314   _ti_sysbios_knl_Semaphore_Module__diagsEnabled__C
003de316   _ti_sysbios_knl_Semaphore_Module__diagsIncluded__C
003de318   _ti_sysbios_knl_Semaphore_Module__diagsMask__C
003de31a   _ti_sysbios_knl_Semaphore_Module__loggerFxn2__C
003de31c   _ti_sysbios_knl_Semaphore_Module__loggerFxn4__C
003de31e   _ti_sysbios_knl_Semaphore_Module__loggerObj__C
003de320   _ti_sysbios_knl_Swi_LD_end__C
003de322   _ti_sysbios_knl_Swi_LM_begin__C
003de324   _ti_sysbios_knl_Swi_LM_post__C
003de326   _ti_sysbios_knl_Swi_Module__diagsEnabled__C
003de328   _ti_sysbios_knl_Swi_Module__diagsIncluded__C
003de32a   _ti_sysbios_knl_Swi_Module__diagsMask__C
003de32c   _ti_sysbios_knl_Swi_Module__loggerFxn1__C
003de32e   _ti_sysbios_knl_Swi_Module__loggerFxn4__C
003de330   _ti_sysbios_knl_Swi_Module__loggerObj__C
003de332   _ti_sysbios_knl_Swi_Object__table__C
003de334   _ti_sysbios_knl_Task_A_badTimeout__C
003de336   _ti_sysbios_knl_Task_A_sleepTaskDisabled__C
003de338   _ti_sysbios_knl_Task_E_spOutOfBounds__C
003de33a   _ti_sysbios_knl_Task_E_stackOverflow__C
003de33c   _ti_sysbios_knl_Task_LD_block__C
003de33e   _ti_sysbios_knl_Task_LD_exit__C
003de340   _ti_sysbios_knl_Task_LD_ready__C
003de342   _ti_sysbios_knl_Task_LM_sleep__C
003de344   _ti_sysbios_knl_Task_LM_switch__C
003de346   _ti_sysbios_knl_Task_Module_State_inactiveQ__O
003de348   _ti_sysbios_knl_Task_Module__diagsEnabled__C
003de34a   _ti_sysbios_knl_Task_Module__diagsIncluded__C
003de34c   _ti_sysbios_knl_Task_Module__diagsMask__C
003de34e   _ti_sysbios_knl_Task_Module__loggerFxn2__C
003de350   _ti_sysbios_knl_Task_Module__loggerFxn4__C
003de352   _ti_sysbios_knl_Task_Module__loggerObj__C
003de354   _ti_sysbios_knl_Task_Object__table__C
003de356   _ti_sysbios_knl_Task_allBlockedFunc__C
003de358   _ti_sysbios_utils_Load_LS_cpuLoad__C
003de35a   _ti_sysbios_utils_Load_LS_hwiLoad__C
003de35c   _ti_sysbios_utils_Load_Module__diagsEnabled__C
003de35e   _ti_sysbios_utils_Load_Module__diagsIncluded__C
003de360   _ti_sysbios_utils_Load_Module__diagsMask__C
003de362   _ti_sysbios_utils_Load_Module__loggerFxn1__C
003de364   _ti_sysbios_utils_Load_Module__loggerFxn2__C
003de366   _ti_sysbios_utils_Load_Module__loggerObj__C
003de368   _ti_sysbios_utils_Load_postUpdate__C
003de36a   _ti_uia_loggers_LoggerStopMode_Module__diagsEnabled__C
003de36c   _ti_uia_loggers_LoggerStopMode_Module__diagsIncluded__C
003de36e   _ti_uia_loggers_LoggerStopMode_Module__diagsMask__C
003de370   _ti_uia_loggers_LoggerStopMode_Object__table__C
003de372   _ti_uia_runtime_ILoggerSnapshot_Interface__BASE__C
003de374   _ti_uia_runtime_IUIATransfer_Interface__BASE__C
003de376   _xdc_runtime_Assert_E_assertFailed__C
003de378   _xdc_runtime_Core_A_initializedParams__C
003de37a   _xdc_runtime_Core_Module__diagsEnabled__C
003de37c   _xdc_runtime_Core_Module__diagsIncluded__C
003de37e   _xdc_runtime_Core_Module__diagsMask__C
003de380   _xdc_runtime_Error_E_memory__C
003de382   _xdc_runtime_Error_Module__diagsEnabled__C
003de384   _xdc_runtime_Error_Module__diagsIncluded__C
003de386   _xdc_runtime_Error_Module__diagsMask__C
003de388   _xdc_runtime_Error_Module__loggerFxn8__C
003de38a   _xdc_runtime_Error_Module__loggerObj__C
003de38c   _xdc_runtime_Error_policyFxn__C
003de38e   _xdc_runtime_Error_raiseHook__C
003de390   _xdc_runtime_IFilterLogger_Interface__BASE__C
003de392   _xdc_runtime_IGateProvider_Interface__BASE__C
003de394   _xdc_runtime_IHeap_Interface__BASE__C
003de396   _xdc_runtime_ILogger_Interface__BASE__C
003de398   _xdc_runtime_IModule_Interface__BASE__C
003de39a   _xdc_runtime_Log_L_error__C
003de39c   _xdc_runtime_Main_Module__diagsEnabled__C
003de39e   _xdc_runtime_Main_Module__diagsIncluded__C
003de3a0   _xdc_runtime_Main_Module__diagsMask__C
003de3a2   _xdc_runtime_Memory_defaultHeapInstance__C
003de3a4   _xdc_runtime_Startup_execImpl__C
003de3a6   _xdc_runtime_Startup_lastFxns__A
003de3a8   _xdc_runtime_Startup_sfxnRts__C
003de3aa   _xdc_runtime_Startup_sfxnTab__C
003de3ac   _xdc_runtime_Startup_startModsFxn__C
003de3ae   _xdc_runtime_SysMin_bufSize__C
003de3b0   _xdc_runtime_SysMin_outputFunc__C
003de3b2   _xdc_runtime_System_Module__gateObj__C
003de3b4   _xdc_runtime_System_abortFxn__C
003de3b6   _xdc_runtime_System_exitFxn__C
003de3b8   _xdc_runtime_System_extendFxn__C
003de3ba   _xdc_runtime_Text_charTab__C
003de3bc   _xdc_runtime_Text_nameEmpty__C
003de3be   _xdc_runtime_Text_nameStatic__C
003de3c0   _xdc_runtime_Text_nameUnknown__C
003de3c2   _xdc_runtime_Text_nodeTab__C
003de3c4   _xdc_runtime_Text_visitRopeFxn__C
003de3c6   _ti_sysbios_family_c28_Timer_Module__id__C
003de3c7   _ti_sysbios_family_c28_Timer_startupNeeded__C
003de3c8   _ti_sysbios_family_c28_TimestampProvider_Module__id__C
003de3c9   _ti_sysbios_family_c28_TimestampProvider_useClockTimer__C
003de3ca   _ti_sysbios_gates_GateMutex_Module__id__C
003de3cb   _ti_sysbios_hal_Hwi_Module__id__C
003de3cc   _ti_sysbios_heaps_HeapMem_Module__id__C
003de3cd   _ti_sysbios_heaps_HeapMem_Object__count__C
003de3ce   _ti_sysbios_knl_Clock_Module__id__C
003de3cf   _ti_sysbios_knl_Clock_Module__loggerDefined__C
003de3d0   _ti_sysbios_knl_Queue_Object__count__C
003de3d1   _ti_sysbios_knl_Semaphore_Module__id__C
003de3d2   _ti_sysbios_knl_Semaphore_Module__loggerDefined__C
003de3d3   _ti_sysbios_knl_Swi_Module__id__C
003de3d4   _ti_sysbios_knl_Swi_Module__loggerDefined__C
003de3d5   _ti_sysbios_knl_Swi_Object__count__C
003de3d6   _ti_sysbios_knl_Task_Module__id__C
003de3d7   _ti_sysbios_knl_Task_Module__loggerDefined__C
003de3d8   _ti_sysbios_knl_Task_Object__count__C
003de3d9   _ti_sysbios_knl_Task_initStackFlag__C
003de3da   _ti_sysbios_knl_Task_numConstructedTasks__C
003de3db   _ti_sysbios_utils_Load_Module__id__C
003de3dc   _ti_sysbios_utils_Load_Module__loggerDefined__C
003de3dd   _ti_sysbios_utils_Load_hwiEnabled__C
003de3de   _ti_sysbios_utils_Load_updateInIdle__C
003de3df   _ti_sysbios_utils_Load_windowInMs__C
003de3e0   _ti_uia_loggers_LoggerStopMode_Module__id__C
003de3e1   _ti_uia_loggers_LoggerStopMode_Object__count__C
003de3e2   _ti_uia_loggers_LoggerStopMode_isTimestampEnabled__C
003de3e3   _xdc_runtime_Core_Module__id__C
003de3e4   _xdc_runtime_Error_Module__loggerDefined__C
003de3e5   _xdc_runtime_Error_maxDepth__C
003de3e6   _xdc_runtime_Error_policy__C
003de3e7   _xdc_runtime_Main_Module__id__C
003de3e8   _xdc_runtime_Memory_Module__id__C
003de3e9   _xdc_runtime_Startup_maxPasses__C
003de3ea   _xdc_runtime_SysMin_flushAtExit__C
003de3eb   _xdc_runtime_System_maxAtexitHandlers__C
003de3ec   _xdc_runtime_Text_charCnt__C
003de3ed   _xdc_runtime_Text_isLoaded__C
003de3ee   _xdc_runtime_Text_registryModsLastId__C
003de3ef   _xdc_runtime_Text_unnamedModsLastId__C
003de3f0   ___cinit__
003de3f0   cinit
003de8a8   _RamfuncsLoadStart
003de8ac   _RamfuncsLoadEnd
003f7ff8   _CsmPwl
ffffffff   ___binit__
ffffffff   ___c_args__
ffffffff   ___pinit__
ffffffff   binit
ffffffff   pinit

[820 symbols]
