******************************************************************************
             TMS320C2000 Linker PC v6.2.11                     
******************************************************************************
>> Linked Tue Jan 05 20:26:18 2016

OUTPUT FILE NAME:   <Quad_RTSC.out>
ENTRY POINT SYMBOL: "_c_int00"  address: 003db256


MEMORY CONFIGURATION

         name            origin    length      used     unused   attr    fill
----------------------  --------  ---------  --------  --------  ----  --------
PAGE 0:
  L03SARAM              00008000   00002000  00000004  00001ffc  RWIX
  OTP                   003d7800   00000400  00000000  00000400  RWIX
  FLASH                 003d8000   0001ff80  0000729e  00018ce2  RWIX
  CSM_RSVD              003f7f80   00000076  00000000  00000076  RWIX
  BEGIN                 003f7ff6   00000002  00000002  00000000  RWIX
  CSM_PWL               003f7ff8   00000008  00000000  00000008  RWIX
  FPUTABLES             003fd860   000006a0  00000000  000006a0  RWIX
  IQTABLES              003fdf00   00000b50  00000000  00000b50  RWIX
  IQTABLES2             003fea50   0000008c  00000000  0000008c  RWIX
  IQTABLES3             003feadc   000000aa  00000000  000000aa  RWIX
  ROM                   003ff3b0   00000c10  00000000  00000c10  RWIX
  RESET                 003fffc0   00000002  00000000  00000002  RWIX
  VECTORS               003fffc2   0000003e  00000000  0000003e  RWIX

PAGE 1:
  M01SARAM              00000000   00000800  00000000  00000800  RWIX
  DEV_EMU               00000880   00000105  00000004  00000101  RWIX
  SYS_PWR_CTL           00000985   00000003  00000003  00000000  RWIX
  FLASH_REGS            00000a80   00000060  00000008  00000058  RWIX
  CSM                   00000ae0   00000020  00000010  00000010  RWIX
  ADC_RESULT            00000b00   00000020  00000010  00000010  RWIX
  CPU_TIMER0            00000c00   00000008  00000008  00000000  RWIX
  CPU_TIMER1            00000c08   00000008  00000008  00000000  RWIX
  CPU_TIMER2            00000c10   00000008  00000008  00000000  RWIX
  PIE_CTRL              00000ce0   00000020  0000001a  00000006  RWIX
  PIEVECT               00000d00   00000100  00000000  00000100  RWIX
  DMA                   00001000   00000200  000000e0  00000120  RWIX
  CLA1                  00001400   00000080  00000040  00000040  RWIX
  USB0                  00004000   00001000  00000454  00000bac  RWIX
  McBSPA                00005000   00000040  00000024  0000001c  RWIX
  ECANA                 00006000   00000040  00000034  0000000c  RWIX
  ECANA_LAM             00006040   00000040  00000040  00000000  RWIX
  ECANA_MOTS            00006080   00000040  00000040  00000000  RWIX
  ECANA_MOTO            000060c0   00000040  00000040  00000000  RWIX
  ECANA_MBOX            00006100   00000100  00000100  00000000  RWIX
  COMP1                 00006400   00000020  00000014  0000000c  RWIX
  COMP2                 00006420   00000020  00000014  0000000c  RWIX
  COMP3                 00006440   00000020  00000014  0000000c  RWIX
  EPWM1                 00006800   00000040  00000040  00000000  RWIX
  EPWM2                 00006840   00000040  00000040  00000000  RWIX
  EPWM3                 00006880   00000040  00000040  00000000  RWIX
  EPWM4                 000068c0   00000040  00000040  00000000  RWIX
  EPWM5                 00006900   00000040  00000040  00000000  RWIX
  EPWM6                 00006940   00000040  00000040  00000000  RWIX
  EPWM7                 00006980   00000040  00000040  00000000  RWIX
  EPWM8                 000069c0   00000040  00000040  00000000  RWIX
  ECAP1                 00006a00   00000020  00000020  00000000  RWIX
  ECAP2                 00006a20   00000020  00000020  00000000  RWIX
  ECAP3                 00006a40   00000020  00000020  00000000  RWIX
  HRCAP1                00006ac0   00000020  00000020  00000000  RWIX
  HRCAP2                00006ae0   00000020  00000020  00000000  RWIX
  EQEP1                 00006b00   00000040  00000022  0000001e  RWIX
  EQEP2                 00006b40   00000040  00000022  0000001e  RWIX
  HRCAP3                00006c80   00000020  00000020  00000000  RWIX
  HRCAP4                00006ca0   00000020  00000020  00000000  RWIX
  GPIOCTRL              00006f80   00000040  00000040  00000000  RWIX
  GPIODAT               00006fc0   00000020  00000020  00000000  RWIX
  GPIOINT               00006fe0   00000020  00000020  00000000  RWIX
  SYSTEM                00007010   00000030  00000030  00000000  RWIX
  SPIA                  00007040   00000010  00000010  00000000  RWIX
  SCIA                  00007050   00000010  00000010  00000000  RWIX
  NMIINTRUPT            00007060   00000010  00000010  00000000  RWIX
  XINTRUPT              00007070   00000010  00000010  00000000  RWIX
  ADC                   00007100   00000080  00000050  00000030  RWIX
  SPIB                  00007740   00000010  00000010  00000000  RWIX
  SCIB                  00007750   00000010  00000010  00000000  RWIX
  I2CA                  00007900   00000040  00000022  0000001e  RWIX
  L46SARAM              0000a000   00006000  000036e0  00002920  RWIX
  L78SARAM              00010000   00004000  00000120  00003ee0  RWIX
  PARTID                003d7e80   00000001  00000001  00000000  RWIX
  CSM_PWL               003f7ff8   00000008  00000008  00000000  RWIX


SECTION ALLOCATION MAP

 output                                  attributes/
section   page    origin      length       input sections
--------  ----  ----------  ----------   ----------------
.pinit     0    003d8000    00000000     UNINITIALIZED

xdc.meta   0    00000000    000000e1     COPY SECTION
                  00000000    000000e1     Quad_p28FP.o28FP (xdc.meta)

EmuKeyVar 
*          0    00000d00    00000001     DSECT
                  00000d00    00000001     F2806x_GlobalVariableDefs.obj (EmuKeyVar)

PieVectTableFile 
*          0    00000d00    00000100     DSECT
                  00000d00    00000100     F2806x_GlobalVariableDefs.obj (PieVectTableFile)

EmuBModeVar 
*          0    00000d01    00000001     DSECT
                  00000d01    00000001     F2806x_GlobalVariableDefs.obj (EmuBModeVar)

FlashCallbackVar 
*          0    00000d02    00000002     DSECT
                  00000d02    00000002     F2806x_GlobalVariableDefs.obj (FlashCallbackVar)

FlashScalingVar 
*          0    00000d04    00000002     DSECT
                  00000d04    00000002     F2806x_GlobalVariableDefs.obj (FlashScalingVar)

.text      0    003d8000    000049fd     
                  003d8000    00000538     Sensor_Drvr.obj (.text)
                  003d8538    0000039b     F2806x_DefaultIsr.obj (.text:retain)
                  003d88d3    0000031e     QuadProcessor.obj (.text)
                  003d8bf1    00000259     Command_Transform.obj (.text)
                  003d8e4a    00000234     ti.targets.rts2800.a28FP : System.o28FP (.text:_xdc_runtime_System_doPrint__I)
                  003d907e    00000211     rts2800_fpu32.lib : trgdrv.obj (.text)
                  003d928f    000001e6     sysbios.a28FP : BIOS.obj (.text:_ti_sysbios_knl_Semaphore_pend__E)
                  003d9475    000001d8                   : BIOS.obj (.text:_ti_sysbios_heaps_HeapMem_free__E)
                  003d964d    000001d0                   : BIOS.obj (.text:_ti_sysbios_heaps_HeapMem_alloc__E)
                  003d981d    000001a4     HUD_Interface.obj (.text)
                  003d99c1    00000192     PWM_Driver.obj (.text)
                  003d9b53    0000014e     I2C_Device.obj (.text)
                  003d9ca1    0000010a     Quad_p28FP.o28FP (.text:_ti_uia_loggers_LoggerStopMode_writeMemoryRange__E)
                  003d9dab    0000010a     Quad_p28FP.o28FP (.text:_xdc_runtime_System_printfExtend__I)
                  003d9eb5    00000107     rts2800_fpu32.lib : ll_div.obj (.text)
                  003d9fbc    00000105     sysbios.a28FP : BIOS.obj (.text:_ti_sysbios_heaps_HeapMem_Instance_init__E)
                  003da0c1    000000f7     Quad_p28FP.o28FP (.text:_ti_uia_loggers_LoggerStopMode_writeFinish)
                  003da1b8    000000e7     sysbios.a28FP : BIOS.obj (.text:_ti_sysbios_family_c28_Hwi_clearInterrupt__E)
                  003da29f    000000cf     SPI_Device.obj (.text)
                  003da36e    000000c9     ti.targets.rts2800.a28FP : Core-mem.o28FP (.text:_xdc_runtime_Core_createObject__I)
                  003da437    000000c0     sysbios.a28FP : BIOS.obj (.text:_ti_sysbios_family_c28_Hwi_dispatchCore__I)
                  003da4f7    000000bf                   : BIOS.obj (.text:_ti_sysbios_knl_Semaphore_post__E)
                  003da5b6    000000bd                   : BIOS.obj (.text:_ti_sysbios_knl_Clock_workFunc__E)
                  003da673    000000b2                   : BIOS.obj (.text:_ti_sysbios_knl_Swi_run__I)
                  003da725    000000a2     ti.targets.rts2800.a28FP : Core-smem.o28FP (.text:_xdc_runtime_Core_constructObject__I)
                  003da7c7    0000009a     sysbios.a28FP : c28_Hwi_disp.obj (.text:_ti_sysbios_family_c28_Hwi_dispatch)
                  003da861    0000009a     ti.targets.rts2800.a28FP : Error.o28FP (.text:_xdc_runtime_Error_policyDefault__E)
                  003da8fb    00000092     sysbios.a28FP : BIOS.obj (.text:_ti_sysbios_family_c28_Hwi_enableInterrupt__E)
                  003da98d    00000001     Quad_p28FP.o28FP (.text:_ti_sysbios_BIOS_nullFunc__I)
                  003da98e    0000008e     rts2800_fpu32.lib : ankmsg.obj (.text)
                  003daa1c    00000088                       : fs_div.obj (.text)
                  003daaa4    00000087     sysbios.a28FP : BIOS.obj (.text:_ti_sysbios_family_c28_Hwi_disableInterrupt__E)
                  003dab2b    00000086                   : BIOS.obj (.text:_ti_sysbios_family_c28_Hwi_disablePIEIER__E)
                  003dabb1    00000083                   : BIOS.obj (.text:_ti_sysbios_family_c28_Hwi_enablePIEIER__E)
                  003dac34    0000007d     ti.targets.rts2800.a28FP : Startup.o28FP (.text:_xdc_runtime_Startup_startMods__I)
                  003dacb1    0000007a     ti.uia.loggers.a28FP : LoggerStopMode.o28FP (.text:_ti_uia_loggers_LoggerStopMode_flush__E)
                  003dad2b    00000078     sysbios.a28FP : BIOS.obj (.text:_ti_sysbios_family_c28_Timer_stopAndClear__I)
                  003dada3    00000074                   : BIOS.obj (.text:_ti_sysbios_gates_GateMutex_enter__E)
                  003dae17    00000073                   : BIOS.obj (.text:_ti_sysbios_utils_Load_updateLoads__E)
                  003dae8a    00000070                   : BIOS.obj (.text:_ti_sysbios_knl_Task_schedule__I)
                  003daefa    0000006f                   : BIOS.obj (.text:_ti_sysbios_knl_Task_startCore__E)
                  003daf69    0000006f     rts2800_fpu32.lib : atan.obj (.text)
                  003dafd8    0000006e     sysbios.a28FP : BIOS.obj (.text:_ti_sysbios_knl_Semaphore_Instance_init__E)
                  003db046    0000006e     main.obj (.text)
                  003db0b4    0000006d     sysbios.a28FP : BIOS.obj (.text:_ti_sysbios_knl_Task_checkStacks__E)
                  003db121    00000068     ti.targets.rts2800.a28FP : Text.o28FP (.text:_xdc_runtime_Text_putSite__E)
                  003db189    00000067     sysbios.a28FP : BIOS.obj (.text:_ti_sysbios_utils_Load_idleFxn__E)
                  003db1f0    00000066                   : BIOS.obj (.text:_ti_sysbios_knl_Task_blockI__E)
                  003db256    00000063     boot.a28FP : boot_cg.o28FP (.text)
                  003db2b9    00000062     sysbios.a28FP : BIOS.obj (.text:_ti_sysbios_knl_Swi_post__E)
                  003db31b    0000005f     Quad_p28FP.o28FP (.text:_ti_uia_loggers_LoggerStopMode_write8__E)
                  003db37a    00000059     LED_Driver.obj (.text)
                  003db3d3    00000059     sysbios.a28FP : BIOS.obj (.text:_ti_sysbios_knl_Task_exit__E)
                  003db42c    00000058     ti.uia.loggers.a28FP : LoggerStopMode.o28FP (.text:_ti_uia_loggers_LoggerStopMode_initQueueDescriptor__E)
                  003db484    00000058     ti.targets.rts2800.a28FP : Memory.o28FP (.text:_xdc_runtime_Memory_alloc__E)
                  003db4dc    00000053     sysbios.a28FP : BIOS.obj (.text:_ti_sysbios_knl_Task_unblockI__E)
                  003db52f    0000004b                   : BIOS.obj (.text:_ti_sysbios_knl_Task_postInit__I)
                  003db57a    0000004a     ti.targets.rts2800.a28FP : Text.o28FP (.text:_xdc_runtime_Text_putLab__E)
                  003db5c4    00000049     sysbios.a28FP : BIOS.obj (.text:_ti_sysbios_family_c28_TimestampProvider_get64__E)
                  003db60d    00000048                   : BIOS.obj (.text:_ti_sysbios_family_c28_Timer_postInit__I)
                  003db655    00000048     Quad_p28FP.o28FP (.text:_ti_uia_loggers_LoggerStopMode_writeStart)
                  003db69d    00000047     sysbios.a28FP : BIOS.obj (.text:_ti_sysbios_family_c28_Hwi_Module_startup__E)
                  003db6e4    00000047     Quad_p28FP.o28FP (.text:_ti_uia_loggers_LoggerStopMode_write4__E)
                  003db72b    00000046     ti.targets.rts2800.a28FP : Core-mem.o28FP (.text:_xdc_runtime_Core_deleteObject__I)
                  003db771    00000046     rts2800_fpu32.lib : far_cpy_tbl.obj (.text)
                  003db7b7    00000042     sysbios.a28FP : BIOS.obj (.text:_ti_sysbios_utils_Load_logLoads__I)
                  003db7f9    00000041                   : BIOS.obj (.text:_ti_sysbios_family_c28_Hwi_unPluggedInterrupt__I)
                  003db83a    0000003e                   : BIOS.obj (.text:_ti_sysbios_family_c28_TaskSupport_start__E)
                  003db878    0000003e     ti.targets.rts2800.a28FP : System.o28FP (.text:_xdc_runtime_System_formatNum__I)
                  003db8b6    0000003d     ti.uia.runtime.a28FP : QueueDescriptor.o28FP (.text:_ti_uia_runtime_QueueDescriptor_addToList__E)
                  003db8f3    0000003b     Quad_p28FP.o28FP (.text:_ti_uia_loggers_LoggerStopMode_write2__E)
                  003db92e    0000003b     ti.targets.rts2800.a28FP : Core-params.o28FP (.text:_xdc_runtime_Core_assignParams__I)
                  003db969    0000003a                              : Text.o28FP (.text:_xdc_runtime_Text_putMod__E)
                  003db9a3    00000038     sysbios.a28FP : BIOS.obj (.text:_ti_sysbios_knl_Clock_logTick__E)
                  003db9db    00000038                   : BIOS.obj (.text:_ti_sysbios_knl_Swi_restoreHwi__E)
                  003dba13    00000038                   : BIOS.obj (.text:_ti_sysbios_utils_Load_logCPULoad__I)
                  003dba4b    00000037                   : BIOS.obj (.text:_ti_sysbios_utils_Load_updateThreadContexts__E)
                  003dba82    00000036                   : BIOS.obj (.text:_ti_sysbios_family_c28_TimestampProvider_Module_startup__E)
                  003dbab8    00000035     Quad_p28FP.o28FP (.text:_ti_uia_loggers_LoggerStopMode_write1__E)
                  003dbaed    00000034     Quad_p28FP.o28FP (.text:_ti_sysbios_BIOS_rtsUnlock__I)
                  003dbb21    00000034     ti.targets.rts2800.a28FP : Text.o28FP (.text:_xdc_runtime_Text_visitRope2__I)
                  003dbb55    00000033     sysbios.a28FP : BIOS.obj (.text:_ti_sysbios_family_c28_TimestampProvider_get32__E)
                  003dbb88    00000033     ti.targets.rts2800.a28FP : Assert.o28FP (.text:_xdc_runtime_Assert_raise__I)
                  003dbbbb    00000032     sysbios.a28FP : BIOS.obj (.text:_ti_sysbios_family_c28_Timer_start__E)
                  003dbbed    00000032                   : BIOS.obj (.text:_ti_sysbios_knl_Task_Module_startup__E)
                  003dbc1f    00000032     ti.targets.rts2800.a28FP : Error.o28FP (.text:_xdc_runtime_Error_setX__E)
                  003dbc51    00000031                              : Startup.o28FP (.text:_xdc_runtime_Startup_exec__E)
                  003dbc82    00000030                              : Error.o28FP (.text:_xdc_runtime_Error_print__E)
                  003dbcb2    0000002f     sysbios.a28FP : BIOS.obj (.text:_ti_sysbios_knl_Swi_runLoop__I)
                  003dbce1    0000002e     Boot.a28FP : Boot.o28FP (.text:.bootCodeSection:_ti_catalog_c2800_init_Boot_configurePll2802x)
                  003dbd0f    0000002e     sysbios.a28FP : BIOS.obj (.text:_ti_sysbios_family_c28_Timer_getFreq__E)
                  003dbd3d    0000002e                   : BIOS.obj (.text:_ti_sysbios_knl_Swi_schedule__I)
                  003dbd6b    0000002e                   : BIOS.obj (.text:_ti_sysbios_utils_Load_updateCurrentThreadTime__E)
                  003dbd99    0000002d                   : BIOS.obj (.text:_ti_sysbios_family_c28_Hwi_getStackInfo__E)
                  003dbdc6    0000002d                   : BIOS.obj (.text:_ti_sysbios_heaps_HeapMem_getStats__E)
                  003dbdf3    0000002d                   : BIOS.obj (.text:_ti_sysbios_heaps_HeapMem_init__I)
                  003dbe20    0000002c                   : BIOS.obj (.text:_ti_sysbios_family_c28_Hwi_getInterruptFlag__E)
                  003dbe4c    0000002c     ti.uia.loggers.a28FP : LoggerStopMode.o28FP (.text:_ti_uia_loggers_LoggerStopMode_Module_startup__E)
                  003dbe78    0000002b     sysbios.a28FP : BIOS.obj (.text:_ti_sysbios_family_c28_Timer_getExpiredCounts64__E)
                  003dbea3    0000002b     Quad_p28FP.o28FP (.text:_ti_uia_loggers_LoggerStopMode_write0__E)
                  003dbece    00000028     ti.targets.rts2800.a28FP : SysMin.o28FP (.text:_xdc_runtime_SysMin_flush__E)
                  003dbef6    00000027                              : Text.o28FP (.text:_xdc_runtime_Text_xprintf__I)
                  003dbf1d    00000026     sysbios.a28FP : BIOS.obj (.text:_ti_sysbios_family_c28_Timer_getExpiredCounts__E)
                  003dbf43    00000026                   : BIOS.obj (.text:_ti_sysbios_family_c28_Timer_setPrescale__E)
                  003dbf69    00000025                   : c28_TaskSupport_asm.obj (.text:_ti_sysbios_family_c28_TaskSupport_buildTaskStack)
                  003dbf8e    00000025     ti.uia.loggers.a28FP : LoggerStopMode.o28FP (.text:_ti_uia_loggers_LoggerStopMode_initBuffer__I)
                  003dbfb3    00000024                          : LoggerStopMode.o28FP (.text:_ti_uia_loggers_LoggerStopMode_reset__E)
                  003dbfd7    00000024     ti.targets.rts2800.a28FP : System.o28FP (.text:_xdc_runtime_System_processAtExit__E)
                  003dbffb    00000023     Quad_p28FP.o28FP (.text:_malloc)
                  003dc01e    00000023     rts2800_fpu32.lib : sqrt.obj (.text)
                  003dc041    00000021     sysbios.a28FP : BIOS.obj (.text:_ti_sysbios_knl_Task_allBlockedFunction__I)
                  003dc062    00000021     ti.targets.rts2800.a28FP : System.o28FP (.text:_xdc_runtime_System_atexit__E)
                  003dc083    00000021     rts2800_fpu32.lib : memcpy_ff.obj (.text)
                  003dc0a4    00000020                       : new_.obj (.text)
                  003dc0c4    0000001e     Quad_p28FP.o28FP (.text:_ti_sysbios_gates_GateHwi_Object__create__S)
                  003dc0e2    0000001e     Quad_p28FP.o28FP (.text:_ti_sysbios_gates_GateMutex_Object__create__S)
                  003dc100    0000001e     Quad_p28FP.o28FP (.text:_ti_sysbios_heaps_HeapMem_Object__create__S)
                  003dc11e    0000001e     Quad_p28FP.o28FP (.text:_ti_uia_loggers_LoggerStopMode_Object__create__S)
                  003dc13c    0000001e     ti.targets.rts2800.a28FP : SysMin.o28FP (.text:_xdc_runtime_SysMin_putch__E)
                  003dc15a    0000001d     sysbios.a28FP : c28_TaskSupport_asm.obj (.text:_ti_sysbios_family_c28_TaskSupport_swap__E)
                  003dc177    0000001c     Quad_p28FP.o28FP (.text:_ti_sysbios_family_c28_Hwi_Object__get__S)
                  003dc193    0000001c     sysbios.a28FP : BIOS.obj (.text:_ti_sysbios_knl_Clock_addI__E)
                  003dc1af    0000001c     Quad_p28FP.o28FP (.text:_ti_sysbios_knl_Queue_Object__get__S)
                  003dc1cb    0000001b     sysbios.a28FP : c28_Hwi_asm.obj (.text:_ti_sysbios_family_c28_Hwi_switchAndDispatch__I)
                  003dc1e6    0000001b                   : BIOS.obj (.text:_ti_sysbios_hal_Hwi_checkStack)
                  003dc201    0000001b     Quad_p28FP.o28FP (.text:_xdc_runtime_SysMin_output__I)
                  003dc21c    0000001a     sysbios.a28FP : BIOS.obj (.text:_ti_sysbios_hal_Hwi_initStack)
                  003dc236    0000001a                   : BIOS.obj (.text:_ti_sysbios_knl_Task_processVitalTaskFlag__I)
                  003dc250    0000001a     ti.targets.rts2800.a28FP : Core-label.o28FP (.text:_xdc_runtime_Core_assignLabel__I)
                  003dc26a    0000001a     rts2800_fpu32.lib : cpy_utils.obj (.text)
                  003dc284    00000019     Quad_p28FP.o28FP (.text:_ti_sysbios_heaps_HeapMem_Object__get__S)
                  003dc29d    00000019     Quad_p28FP.o28FP (.text:_ti_sysbios_knl_Semaphore_construct)
                  003dc2b6    00000019     sysbios.a28FP : BIOS.obj (.text:_ti_sysbios_knl_Semaphore_pendTimeout__I)
                  003dc2cf    00000019     Quad_p28FP.o28FP (.text:_ti_sysbios_knl_Swi_Object__get__S)
                  003dc2e8    00000019     sysbios.a28FP : BIOS.obj (.text:_ti_sysbios_knl_Swi_restore__E)
                  003dc301    00000019     Quad_p28FP.o28FP (.text:_ti_sysbios_knl_Task_Object__get__S)
                  003dc31a    00000019     Quad_p28FP.o28FP (.text:_ti_uia_loggers_LoggerStopMode_Object__get__S)
                  003dc333    00000019     ti.targets.rts2800.a28FP : System.o28FP (.text:_xdc_runtime_System_avprintf__E)
                  003dc34c    00000019                              : System.o28FP (.text:_xdc_runtime_System_putchar__I)
                  003dc365    00000019     rts2800_fpu32.lib : args_main.obj (.text)
                  003dc37e    00000019                       : exit.obj (.text)
                  003dc397    00000018     sysbios.a28FP : c28_Hwi_asm.obj (.text:_ti_sysbios_family_xxx_Hwi_switchAndRunFunc)
                  003dc3af    00000018     ti.targets.rts2800.a28FP : System.o28FP (.text:_xdc_runtime_System_vprintf__E)
                  003dc3c7    00000018                              : Text.o28FP (.text:_xdc_runtime_Text_printVisFxn__I)
                  003dc3df    00000017     Quad_p28FP.o28FP (.text:_ti_sysbios_BIOS_atExitFunc__I)
                  003dc3f6    00000017     Quad_p28FP.o28FP (.text:_ti_sysbios_knl_Clock_doTick__I)
                  003dc40d    00000017     Quad_p28FP.o28FP (.text:_ti_sysbios_knl_Queue_construct)
                  003dc424    00000017     ti.targets.rts2800.a28FP : Memory.o28FP (.text:_xdc_runtime_Memory_valloc__E)
                  003dc43b    00000016     sysbios.a28FP : BIOS.obj (.text:_ti_sysbios_family_c28_Timer_Module_startup__E)
                  003dc451    00000016                   : BIOS.obj (.text:_ti_sysbios_family_c28_Timer_startup__E)
                  003dc467    00000016                   : BIOS.obj (.text:_ti_sysbios_knl_Task_restore__E)
                  003dc47d    00000016     ti.targets.rts2800.a28FP : SysMin.o28FP (.text:_xdc_runtime_SysMin_abort__E)
                  003dc493    00000015     sysbios.a28FP : BIOS.obj (.text:_ti_sysbios_knl_Idle_run__E)
                  003dc4a8    00000015                   : BIOS.obj (.text:_ti_sysbios_knl_Swi_Module_startup__E)
                  003dc4bd    00000015                   : BIOS.obj (.text:_ti_sysbios_utils_Load_getGlobalHwiLoad__E)
                  003dc4d2    00000015     Quad_p28FP.o28FP (.text:_ti_uia_loggers_LoggerStopMode_fillInTimestamp)
                  003dc4e7    00000014     Quad_p28FP.o28FP (.text:_ti_sysbios_BIOS_errorRaiseHook__I)
                  003dc4fb    00000013     Quad_p28FP.o28FP (.text:_free)
                  003dc50e    00000013     Quad_p28FP.o28FP (.text:_ti_sysbios_gates_GateMutex_Object__delete__S)
                  003dc521    00000012     Quad_p28FP.o28FP (.text:_ti_sysbios_family_c28_Hwi_disableIER__E)
                  003dc533    00000012     sysbios.a28FP : BIOS.obj (.text:_ti_sysbios_family_c28_Timer_stop__E)
                  003dc545    00000012     Quad_p28FP.o28FP (.text:_ti_sysbios_gates_GateHwi_Object__delete__S)
                  003dc557    00000012     Quad_p28FP.o28FP (.text:_ti_sysbios_heaps_HeapMem_Object__delete__S)
                  003dc569    00000012     sysbios.a28FP : BIOS.obj (.text:_ti_sysbios_knl_Clock_Module_startup__E)
                  003dc57b    00000012     Quad_p28FP.o28FP (.text:_ti_uia_loggers_LoggerStopMode_Object__delete__S)
                  003dc58d    00000012     ti.targets.rts2800.a28FP : Text.o28FP (.text:_xdc_runtime_Text_cordText__E)
                  003dc59f    00000011     Quad_p28FP.o28FP (.text:_ti_sysbios_gates_GateHwi_Handle__label__S)
                  003dc5b0    00000011     Quad_p28FP.o28FP (.text:_ti_sysbios_gates_GateMutex_Handle__label__S)
                  003dc5c1    00000011     Quad_p28FP.o28FP (.text:_ti_sysbios_heaps_HeapMem_Handle__label__S)
                  003dc5d2    00000011     Quad_p28FP.o28FP (.text:_ti_uia_loggers_LoggerStopMode_Handle__label__S)
                  003dc5e3    00000011     ti.uia.loggers.a28FP : LoggerStopMode.o28FP (.text:_ti_uia_loggers_LoggerStopMode_Instance_init__E)
                  003dc5f4    00000011     ti.targets.rts2800.a28FP : Error.o28FP (.text:_xdc_runtime_Error_raiseX__E)
                  003dc605    00000010     Quad_p28FP.o28FP (.text:_ti_sysbios_BIOS_rtsLock__I)
                  003dc615    00000010     Quad_p28FP.o28FP (.text:_ti_sysbios_family_c28_Hwi_enableIER__E)
                  003dc625    00000010     sysbios.a28FP : BIOS.obj (.text:_ti_sysbios_knl_Task_restoreHwi__E)
                  003dc635    00000010     ti.targets.rts2800.a28FP : SysMin.o28FP (.text:_xdc_runtime_SysMin_Module_startup__E)
                  003dc645    0000000f     Boot.a28FP : Boot.o28FP (.text:.bootCodeSection:_ti_catalog_c2800_init_Boot_disableWatchdog)
                  003dc654    0000000f     Quad_p28FP.o28FP (.text:_ti_sysbios_BIOS_startFunc__I)
                  003dc663    0000000f     sysbios.a28FP : BIOS.obj (.text:_ti_sysbios_gates_GateMutex_Instance_init__E)
                  003dc672    0000000f     Quad_p28FP.o28FP (.text:_ti_sysbios_knl_Semaphore_Object__destruct__S)
                  003dc681    0000000f     Quad_p28FP.o28FP (.text:_xdc_runtime_IHeap_alloc)
                  003dc690    0000000f     ti.targets.rts2800.a28FP : Registry.o28FP (.text:_xdc_runtime_Registry_findById__E)
                  003dc69f    0000000e     Quad_p28FP.o28FP (.text:_ti_sysbios_knl_Queue_Object__destruct__S)
                  003dc6ad    0000000e     ti.uia.loggers.a28FP : LoggerStopMode.o28FP (.text:_ti_uia_loggers_LoggerStopMode_enable__E)
                  003dc6bb    0000000e     Quad_p28FP.o28FP (.text:_xdc_runtime_Text_visitRope__I)
                  003dc6c9    0000000d     Quad_p28FP.o28FP (.text:_ti_sysbios_BIOS_registerRTSLock__I)
                  003dc6d6    0000000d     Quad_p28FP.o28FP (.text:_ti_sysbios_BIOS_removeRTSLock__I)
                  003dc6e3    0000000d     sysbios.a28FP : BIOS.obj (.text:_ti_sysbios_family_c28_Hwi_dispatchC__I)
                  003dc6f0    0000000d     Quad_p28FP.o28FP (.text:_ti_sysbios_family_c28_Hwi_restoreIER__E)
                  003dc6fd    0000000d     Quad_p28FP.o28FP (.text:_ti_sysbios_knl_Task_SupportProxy_start__E)
                  003dc70a    0000000d     ti.uia.loggers.a28FP : LoggerStopMode.o28FP (.text:_ti_uia_loggers_LoggerStopMode_disable__E)
                  003dc717    0000000d     Quad_p28FP.o28FP (.text:_xdc_runtime_IHeap_free)
                  003dc724    0000000d     Quad_p28FP.o28FP (.text:_xdc_runtime_Memory_HeapProxy_alloc__E)
                  003dc731    0000000d     ti.targets.rts2800.a28FP : System.o28FP (.text:_xdc_runtime_System_abort__E)
                  003dc73e    0000000d     rts2800_fpu32.lib : memset.obj (.text)
                  003dc74b    0000000c     Quad_p28FP.o28FP (.text:_ti_sysbios_BIOS_exitFunc__I)
                  003dc757    0000000c     sysbios.a28FP : BIOS.obj (.text:_ti_sysbios_gates_GateMutex_leave__E)
                  003dc763    0000000c                   : BIOS.obj (.text:_ti_sysbios_knl_Queue_put__E)
                  003dc76f    0000000c                   : BIOS.obj (.text:_ti_sysbios_knl_Task_enabled__E)
                  003dc77b    0000000c     ti.targets.rts2800.a28FP : Error.o28FP (.text:_xdc_runtime_Error_check__E)
                  003dc787    0000000b     Quad_p28FP.o28FP (.text:_ti_sysbios_family_c28_Hwi_Module__startupDone__F)
                  003dc792    0000000b     Quad_p28FP.o28FP (.text:_ti_sysbios_family_c28_Timer_Module__startupDone__F)
                  003dc79d    0000000b     sysbios.a28FP : BIOS.obj (.text:_ti_sysbios_knl_Task_enter__I)
                  003dc7a8    0000000b                   : BIOS.obj (.text:_ti_sysbios_knl_Task_unblock__E)
                  003dc7b3    0000000b     Quad_p28FP.o28FP (.text:_xdc_runtime_Memory_HeapProxy_free__E)
                  003dc7be    0000000b     ti.targets.rts2800.a28FP : SysMin.o28FP (.text:_xdc_runtime_SysMin_exit__E)
                  003dc7c9    0000000b     Quad_p28FP.o28FP (.text:_xdc_runtime_System_aprintf__E)
                  003dc7d4    0000000b     ti.targets.rts2800.a28FP : System.o28FP (.text:_xdc_runtime_System_exit__E)
                  003dc7df    0000000b     Quad_p28FP.o28FP (.text:_xdc_runtime_System_printf__E)
                  003dc7ea    0000000b     ti.targets.rts2800.a28FP : Text.o28FP (.text:_xdc_runtime_Text_ropeText__E)
                  003dc7f5    0000000a     ti.uia.loggers.a28FP : LoggerStopMode.o28FP (.text:_ti_uia_loggers_LoggerStopMode_isEmpty__E)
                  003dc7ff    0000000a     ti.targets.rts2800.a28FP : Memory.o28FP (.text:_xdc_runtime_Memory_free__E)
                  003dc809    0000000a     Quad_p28FP.o28FP (.text:_xdc_runtime_Startup_exec__I)
                  003dc813    00000009     Quad_p28FP.o28FP (.text:_ti_sysbios_BIOS_RtsGateProxy_leave__E)
                  003dc81c    00000009     sysbios.a28FP : BIOS.obj (.text:_ti_sysbios_family_c28_TaskSupport_checkStack__E)
                  003dc825    00000009                   : c28_TaskSupport_asm.obj (.text:_ti_sysbios_family_c28_TaskSupport_glue)
                  003dc82e    00000009                   : BIOS.obj (.text:_ti_sysbios_hal_Hwi_Module_startup__E)
                  003dc837    00000009     Quad_p28FP.o28FP (.text:_ti_sysbios_heaps_HeapMem_Module_GateProxy_leave__E)
                  003dc840    00000009     Quad_p28FP.o28FP (.text:_ti_sysbios_knl_Task_SupportProxy_checkStack__E)
                  003dc849    00000009     Quad_p28FP.o28FP (.text:_ti_sysbios_knl_Task_SupportProxy_swap__E)
                  003dc852    00000009     Quad_p28FP.o28FP (.text:_xdc_runtime_System_Module_GateProxy_leave__E)
                  003dc85b    00000009     ti.targets.rts2800.a28FP : System.o28FP (.text:_xdc_runtime_System_vsnprintf__E)
                  003dc864    00000009     rts2800_fpu32.lib : _lock.obj (.text)
                  003dc86d    00000008     sysbios.a28FP : BIOS.obj (.text:_ti_sysbios_BIOS_setThreadType__E)
                  003dc875    00000008                   : BIOS.obj (.text:_ti_sysbios_gates_GateMutex_Instance_finalize__E)
                  003dc87d    00000008     Quad_p28FP.o28FP (.text:_ti_sysbios_hal_Hwi_HwiProxy_getStackInfo__E)
                  003dc885    00000008     Quad_p28FP.o28FP (.text:_ti_sysbios_knl_Clock_Module_State_clockQ)
                  003dc88d    00000008     sysbios.a28FP : BIOS.obj (.text:_ti_sysbios_knl_Queue_empty__E)
                  003dc895    00000008                   : BIOS.obj (.text:_ti_sysbios_knl_Semaphore_Instance_finalize__E)
                  003dc89d    00000008     ti.targets.rts2800.a28FP : Memory.o28FP (.text:_xdc_runtime_Memory_calloc__E)
                  003dc8a5    00000008                              : SysMin.o28FP (.text:_xdc_runtime_SysMin_ready__E)
                  003dc8ad    00000008     rts2800_fpu32.lib : strlen.obj (.text)
                  003dc8b5    00000007     Quad_p28FP.o28FP (.text:.bootCodeSection:_ti_catalog_c2800_init_Boot_init)
                  003dc8bc    00000007     Quad_p28FP.o28FP (.text:_ti_sysbios_BIOS_RtsGateProxy_enter__E)
                  003dc8c3    00000007     Quad_p28FP.o28FP (.text:_ti_sysbios_family_c28_Hwi_disable__E)
                  003dc8ca    00000007     Quad_p28FP.o28FP (.text:_ti_sysbios_heaps_HeapMem_Module_GateProxy_enter__E)
                  003dc8d1    00000007     Quad_p28FP.o28FP (.text:_ti_sysbios_knl_Clock_TimerProxy_getMaxTicks__E)
                  003dc8d8    00000007     Quad_p28FP.o28FP (.text:_ti_sysbios_knl_Queue_destruct)
                  003dc8df    00000007     Quad_p28FP.o28FP (.text:_ti_sysbios_knl_Semaphore_destruct)
                  003dc8e6    00000007     Quad_p28FP.o28FP (.text:_xdc_runtime_System_Module_GateProxy_enter__E)
                  003dc8ed    00000007     Quad_p28FP.o28FP (.text:_xdc_runtime_System_SupportProxy_abort__E)
                  003dc8f4    00000007     Quad_p28FP.o28FP (.text:_xdc_runtime_Timestamp_SupportProxy_get64__E)
                  003dc8fb    00000007     Quad_p28FP.o28FP (.text:_xdc_runtime_Timestamp_SupportProxy_getFreq__E)
                  003dc902    00000006     Quad_p28FP.o28FP (.text:_ti_sysbios_family_c28_Hwi_restore__E)
                  003dc908    00000006     sysbios.a28FP : c28_IntrinsicsSupport_asm.obj (.text:_ti_sysbios_family_c28_IntrinsicsSupport_maxbit__E)
                  003dc90e    00000006                   : BIOS.obj (.text:_ti_sysbios_family_c28_TimestampProvider_rolloverFunc__E)
                  003dc914    00000006                   : BIOS.obj (.text:_ti_sysbios_family_c28_TimestampProvider_startTimer__E)
                  003dc91a    00000006     Quad_p28FP.o28FP (.text:_ti_sysbios_hal_Hwi_restore)
                  003dc920    00000006     Quad_p28FP.o28FP (.text:_ti_sysbios_heaps_HeapMem_Module_GateProxy_query__E)
                  003dc926    00000006     sysbios.a28FP : BIOS.obj (.text:_ti_sysbios_knl_Swi_disable__E)
                  003dc92c    00000006                   : BIOS.obj (.text:_ti_sysbios_knl_Task_disable__E)
                  003dc932    00000006     Quad_p28FP.o28FP (.text:_ti_uia_loggers_LoggerStopMode_getFilterLevel__E)
                  003dc938    00000006     Quad_p28FP.o28FP (.text:_ti_uia_loggers_LoggerStopMode_setFilterLevel__E)
                  003dc93e    00000006     ti.targets.rts2800.a28FP : Gate.o28FP (.text:_xdc_runtime_Gate_enterSystem__E)
                  003dc944    00000006                              : Gate.o28FP (.text:_xdc_runtime_Gate_leaveSystem__E)
                  003dc94a    00000006     Quad_p28FP.o28FP (.text:_xdc_runtime_System_SupportProxy_exit__E)
                  003dc950    00000006     Quad_p28FP.o28FP (.text:_xdc_runtime_System_SupportProxy_putch__E)
                  003dc956    00000005     sysbios.a28FP : BIOS.obj (.text:_ti_sysbios_BIOS_start__E)
                  003dc95b    00000005                   : BIOS.obj (.text:_ti_sysbios_family_c28_Hwi_switchFromBootStack__E)
                  003dc960    00000005                   : BIOS.obj (.text:_ti_sysbios_gates_GateHwi_enter__E)
                  003dc965    00000005     Quad_p28FP.o28FP (.text:_xdc_iargToPtr)
                  003dc96a    00000005     ti.targets.rts2800.a28FP : Error.o28FP (.text:_xdc_runtime_Error_init__E)
                  003dc96f    00000005     rts2800_fpu32.lib : delete.obj (.text)
                  003dc974    00000005                       : strcpy.obj (.text)
                  003dc979    00000004     Quad_p28FP.o28FP (.text:_ti_sysbios_family_c28_Hwi_startup__E)
                  003dc97d    00000004     sysbios.a28FP : BIOS.obj (.text:_ti_sysbios_family_c28_TimestampProvider_getFreq__E)
                  003dc981    00000004                   : BIOS.obj (.text:_ti_sysbios_heaps_HeapMem_isBlocking__E)
                  003dc985    00000004                   : BIOS.obj (.text:_ti_sysbios_knl_Clock_getTicks__E)
                  003dc989    00000004                   : BIOS.obj (.text:_ti_sysbios_knl_Swi_startup__E)
                  003dc98d    00000004     ti.targets.rts2800.a28FP : Memory.o28FP (.text:_xdc_runtime_Memory_getMaxDefaultTypeAlign__E)
                  003dc991    00000003                              : xdc_noinit.o28FP (.text:___xdc__init)
                  003dc994    00000003     Quad_p28FP.o28FP (.text:_ti_catalog_c2800_init_Boot_limpAbort)
                  003dc997    00000003     Quad_p28FP.o28FP (.text:_ti_sysbios_family_c28_Hwi_Module__startupDone__S)
                  003dc99a    00000003     sysbios.a28FP : c28_Hwi_asm.obj (.text:_ti_sysbios_family_c28_Hwi_getIFR__I)
                  003dc99d    00000003     Quad_p28FP.o28FP (.text:_ti_sysbios_family_c28_Timer_Module__startupDone__S)
                  003dc9a0    00000003     sysbios.a28FP : BIOS.obj (.text:_ti_sysbios_gates_GateHwi_leave__E)
                  003dc9a3    00000003     Quad_p28FP.o28FP (.text:_ti_sysbios_hal_Hwi_HwiProxy_Module__startupDone__S)
                  003dc9a6    00000003     Quad_p28FP.o28FP (.text:_ti_sysbios_hal_Hwi_HwiProxy_startup__E)
                  003dc9a9    00000003     Quad_p28FP.o28FP (.text:_ti_sysbios_hal_Hwi_HwiProxy_switchFromBootStack__E)
                  003dc9ac    00000003     Quad_p28FP.o28FP (.text:_ti_sysbios_hal_Hwi_disable)
                  003dc9af    00000003     sysbios.a28FP : BIOS.obj (.text:_ti_sysbios_hal_Hwi_startup__E)
                  003dc9b2    00000003     Quad_p28FP.o28FP (.text:_ti_sysbios_knl_Clock_TimerProxy_Module__startupDone__S)
                  003dc9b5    00000003     sysbios.a28FP : BIOS.obj (.text:_ti_sysbios_knl_Idle_loop__E)
                  003dc9b8    00000003                   : BIOS.obj (.text:_ti_sysbios_knl_Queue_Instance_init__E)
                  003dc9bb    00000003     Quad_p28FP.o28FP (.text:_ti_sysbios_knl_Task_SupportProxy_Module__startupDone__S)
                  003dc9be    00000003     sysbios.a28FP : BIOS.obj (.text:_ti_sysbios_knl_Task_startup__E)
                  003dc9c1    00000003     Quad_p28FP.o28FP (.text:_ti_sysbios_utils_Load_update__E)
                  003dc9c4    00000003     ti.uia.loggers.a28FP : LoggerStopMode.o28FP (.text:_ti_uia_loggers_LoggerStopMode_getMaxLength__E)
                  003dc9c7    00000003     Quad_p28FP.o28FP (.text:_xdc_runtime_Startup_reset__I)
                  003dc9ca    00000003     ti.targets.rts2800.a28FP : System.o28FP (.text:_xdc_runtime_System_Module_startup__E)
                  003dc9cd    00000003     Quad_p28FP.o28FP (.text:_xdc_runtime_System_SupportProxy_ready__E)
                  003dc9d0    00000003     ti.targets.rts2800.a28FP : System.o28FP (.text:_xdc_runtime_System_abortStd__E)
                  003dc9d3    00000003                              : System.o28FP (.text:_xdc_runtime_System_exitStd__E)
                  003dc9d6    00000003     Quad_p28FP.o28FP (.text:_xdc_runtime_Timestamp_SupportProxy_get32__E)
                  003dc9d9    00000003     ti.targets.rts2800.a28FP : Timestamp.o28FP (.text:_xdc_runtime_Timestamp_get32__E)
                  003dc9dc    00000003                              : Timestamp.o28FP (.text:_xdc_runtime_Timestamp_get64__E)
                  003dc9df    00000003                              : Timestamp.o28FP (.text:_xdc_runtime_Timestamp_getFreq__E)
                  003dc9e2    00000003     rts2800_fpu32.lib : array_del.obj (.text)
                  003dc9e5    00000002     Boot.a28FP : Boot.o28FP (.text:_ti_catalog_c2800_init_Boot_defaultLimpAbortFunction)
                  003dc9e7    00000002     Quad_p28FP.o28FP (.text:_ti_sysbios_family_c28_TaskSupport_Module__startupDone__S)
                  003dc9e9    00000002     sysbios.a28FP : BIOS.obj (.text:_ti_sysbios_family_c28_Timer_getMaxTicks__E)
                  003dc9eb    00000002                   : BIOS.obj (.text:_ti_sysbios_gates_GateHwi_query__E)
                  003dc9ed    00000002                   : BIOS.obj (.text:_ti_sysbios_gates_GateMutex_query__E)
                  003dc9ef    00000002     ti.uia.loggers.a28FP : LoggerStopMode.o28FP (.text:_ti_uia_loggers_LoggerStopMode_getContents__E)
                  003dc9f1    00000002                          : LoggerStopMode.o28FP (.text:_ti_uia_loggers_LoggerStopMode_getInstanceId__E)
                  003dc9f3    00000002                          : LoggerStopMode.o28FP (.text:_ti_uia_loggers_LoggerStopMode_getPriority__E)
                  003dc9f5    00000002                          : LoggerStopMode.o28FP (.text:_ti_uia_loggers_LoggerStopMode_getTransferType__E)
                  003dc9f7    00000002     ti.targets.rts2800.a28FP : Error.o28FP (.text:_xdc_runtime_Error_getSite__E)
                  003dc9f9    00000001     sysbios.a28FP : c28_Hwi_asm.obj (.text:_ti_sysbios_family_c28_Hwi_interruptReturn__I)
                  003dc9fa    00000001                   : BIOS.obj (.text:_ti_sysbios_gates_GateHwi_Instance_init__E)
                  003dc9fb    00000001     ti.uia.loggers.a28FP : LoggerStopMode.o28FP (.text:_ti_uia_loggers_LoggerStopMode_setPriority__E)
                  003dc9fc    00000001     rts2800_fpu32.lib : newhandler.obj (.text)

.econst    0    003dc9fe    000023b9     
                  003dc9fe    00001ce8     Quad_p28FP.o28FP (.econst:xdc_runtime_Text_charTab__A)
                  003de6e6    00000100     F2806x_PieVect.obj (.econst)
                  003de7e6    00000100     Quad_p28FP.o28FP (.econst:_ti_sysbios_family_c28_Hwi_vectors)
                  003de8e6    00000077     Quad_p28FP.o28FP (.econst:.string)
                  003de95d    00000070     Quad_p28FP.o28FP (.econst:xdc_runtime_Text_nodeTab__A)
                  003de9cd    00000001     Quad_p28FP.o28FP (.econst:ti_sysbios_family_c28_Hwi_Module__id__C)
                  003de9ce    00000058     ti.targets.rts2800.a28FP : Error.o28FP (.econst:.string)
                  003dea26    00000043                              : Text.o28FP (.econst:.string)
                  003dea69    00000001     Quad_p28FP.o28FP (.econst:ti_sysbios_family_c28_Hwi_Module__loggerDefined__C)
                  003dea6a    00000030     Quad_p28FP.o28FP (.econst:ti_uia_loggers_LoggerStopMode_Module__FXNS__C)
                  003dea9a    0000002a     ti.targets.rts2800.a28FP : Startup.o28FP (.econst:.string)
                  003deac4    00000026     main.obj (.econst:.string)
                  003deaea    00000016     Quad_p28FP.o28FP (.econst:ti_uia_loggers_LoggerStopMode_Object__PARAMS__C)
                  003deb00    00000014     Quad_p28FP.o28FP (.econst:ti_sysbios_heaps_HeapMem_Module__FXNS__C)
                  003deb14    00000014     Quad_p28FP.o28FP (.econst:xdc_runtime_Startup_sfxnTab__A)
                  003deb28    00000012     Quad_p28FP.o28FP (.econst:ti_sysbios_gates_GateHwi_Module__FXNS__C)
                  003deb3a    00000012     Quad_p28FP.o28FP (.econst:ti_sysbios_gates_GateMutex_Module__FXNS__C)
                  003deb4c    00000012     Quad_p28FP.o28FP (.econst:ti_sysbios_heaps_HeapMem_Object__PARAMS__C)
                  003deb5e    00000011     ti.targets.rts2800.a28FP : System.o28FP (.econst:.string:_digtohex)
                  003deb6f    00000001     Quad_p28FP.o28FP (.econst:ti_sysbios_family_c28_Hwi_NUM_INTERRUPTS_ALL__C)
                  003deb70    00000010     I2C_Device.obj (.econst:.string)
                  003deb80    00000010     Quad_p28FP.o28FP (.econst:ti_sysbios_gates_GateHwi_Object__DESC__C)
                  003deb90    00000010     Quad_p28FP.o28FP (.econst:ti_sysbios_gates_GateMutex_Object__DESC__C)
                  003deba0    00000010     Quad_p28FP.o28FP (.econst:ti_sysbios_heaps_HeapMem_Object__DESC__C)
                  003debb0    00000010     Quad_p28FP.o28FP (.econst:ti_sysbios_knl_Queue_Object__DESC__C)
                  003debc0    00000010     Quad_p28FP.o28FP (.econst:ti_sysbios_knl_Semaphore_Object__DESC__C)
                  003debd0    00000010     Quad_p28FP.o28FP (.econst:ti_sysbios_knl_Semaphore_Object__PARAMS__C)
                  003debe0    00000010     Quad_p28FP.o28FP (.econst:ti_uia_loggers_LoggerStopMode_Object__DESC__C)
                  003debf0    0000000f     HUD_Interface.obj (.econst:.string:_$P$T1$7)
                  003debff    00000001     Quad_p28FP.o28FP (.econst:ti_sysbios_family_c28_Hwi_Object__count__C)
                  003dec00    0000000c     Quad_p28FP.o28FP (.econst:ti_sysbios_gates_GateHwi_Object__PARAMS__C)
                  003dec0c    0000000c     Quad_p28FP.o28FP (.econst:ti_sysbios_gates_GateMutex_Object__PARAMS__C)
                  003dec18    0000000c     Quad_p28FP.o28FP (.econst:ti_sysbios_knl_Queue_Object__PARAMS__C)
                  003dec24    0000000a     Quad_p28FP.o28FP (.econst:xdc_runtime_Startup_sfxnRts__A)
                  003dec2e    00000008     QuadProcessor.obj (.econst:_$P$T2$1)
                  003dec36    00000008     Command_Transform.obj (.econst:_$P$T3$1)
                  003dec3e    00000008     QuadProcessor.obj (.econst:_$P$T3$2)
                  003dec46    00000008     rts2800_fpu32.lib : atan.obj (.econst:_a$1)
                  003dec4e    00000007     ti.targets.rts2800.a28FP : System.o28FP (.econst:.string)
                  003dec55    00000001     Quad_p28FP.o28FP (.econst:ti_sysbios_family_c28_TaskSupport_Module__id__C)
                  003dec56    00000005     ti.targets.rts2800.a28FP : Assert.o28FP (.econst:.string)
                  003dec5b    00000001     Quad_p28FP.o28FP (.econst:ti_sysbios_family_c28_Timer_Module__id__C)
                  003dec5c    00000004     Quad_p28FP.o28FP (.econst)
                  003dec60    00000004     Quad_p28FP.o28FP (.econst:ti_sysbios_knl_Idle_funcList__A)
                  003dec64    00000004     Quad_p28FP.o28FP (.econst:ti_sysbios_knl_Idle_funcList__C)
                  003dec68    00000004     Quad_p28FP.o28FP (.econst:xdc_runtime_Startup_firstFxns__A)
                  003dec6c    00000004     Quad_p28FP.o28FP (.econst:xdc_runtime_Startup_firstFxns__C)
                  003dec70    00000004     Quad_p28FP.o28FP (.econst:xdc_runtime_Startup_lastFxns__C)
                  003dec74    00000002     Quad_p28FP.o28FP (.econst:ti_sysbios_BIOS_installedErrorHook__C)
                  003dec76    00000002     Quad_p28FP.o28FP (.econst:ti_sysbios_family_c28_Hwi_A_badIntNum__C)
                  003dec78    00000002     Quad_p28FP.o28FP (.econst:ti_sysbios_family_c28_Hwi_A_invalidArg__C)
                  003dec7a    00000002     Quad_p28FP.o28FP (.econst:ti_sysbios_family_c28_Hwi_E_unpluggedInterrupt__C)
                  003dec7c    00000002     Quad_p28FP.o28FP (.econst:ti_sysbios_family_c28_Hwi_LD_end__C)
                  003dec7e    00000002     Quad_p28FP.o28FP (.econst:ti_sysbios_family_c28_Hwi_LM_begin__C)
                  003dec80    00000002     Quad_p28FP.o28FP (.econst:ti_sysbios_family_c28_Hwi_Module__diagsEnabled__C)
                  003dec82    00000002     Quad_p28FP.o28FP (.econst:ti_sysbios_family_c28_Hwi_Module__diagsIncluded__C)
                  003dec84    00000002     Quad_p28FP.o28FP (.econst:ti_sysbios_family_c28_Hwi_Module__diagsMask__C)
                  003dec86    00000002     Quad_p28FP.o28FP (.econst:ti_sysbios_family_c28_Hwi_Module__loggerFxn1__C)
                  003dec88    00000002     Quad_p28FP.o28FP (.econst:ti_sysbios_family_c28_Hwi_Module__loggerFxn8__C)
                  003dec8a    00000002     Quad_p28FP.o28FP (.econst:ti_sysbios_family_c28_Hwi_Module__loggerObj__C)
                  003dec8c    00000002     Quad_p28FP.o28FP (.econst:ti_sysbios_family_c28_Hwi_Object__table__C)
                  003dec8e    00000002     Quad_p28FP.o28FP (.econst:ti_sysbios_family_c28_TaskSupport_E_invalidStack__C)
                  003dec90    00000002     Quad_p28FP.o28FP (.econst:ti_sysbios_family_c28_Timer_Module__diagsEnabled__C)
                  003dec92    00000002     Quad_p28FP.o28FP (.econst:ti_sysbios_family_c28_Timer_Module__diagsIncluded__C)
                  003dec94    00000002     Quad_p28FP.o28FP (.econst:ti_sysbios_family_c28_Timer_Module__diagsMask__C)
                  003dec96    00000002     Quad_p28FP.o28FP (.econst:ti_sysbios_family_c28_TimestampProvider_Module__diagsEnabled__C)
                  003dec98    00000002     Quad_p28FP.o28FP (.econst:ti_sysbios_family_c28_TimestampProvider_Module__diagsIncluded__C)
                  003dec9a    00000002     Quad_p28FP.o28FP (.econst:ti_sysbios_family_c28_TimestampProvider_Module__diagsMask__C)
                  003dec9c    00000002     Quad_p28FP.o28FP (.econst:ti_sysbios_gates_GateMutex_A_badContext__C)
                  003dec9e    00000002     Quad_p28FP.o28FP (.econst:ti_sysbios_gates_GateMutex_Instance_State_sem__O)
                  003deca0    00000002     Quad_p28FP.o28FP (.econst:ti_sysbios_gates_GateMutex_Module__diagsEnabled__C)
                  003deca2    00000002     Quad_p28FP.o28FP (.econst:ti_sysbios_gates_GateMutex_Module__diagsIncluded__C)
                  003deca4    00000002     Quad_p28FP.o28FP (.econst:ti_sysbios_gates_GateMutex_Module__diagsMask__C)
                  003deca6    00000002     Quad_p28FP.o28FP (.econst:ti_sysbios_hal_Hwi_E_stackOverflow__C)
                  003deca8    00000002     Quad_p28FP.o28FP (.econst:ti_sysbios_heaps_HeapMem_A_align__C)
                  003decaa    00000002     Quad_p28FP.o28FP (.econst:ti_sysbios_heaps_HeapMem_A_heapSize__C)
                  003decac    00000002     Quad_p28FP.o28FP (.econst:ti_sysbios_heaps_HeapMem_A_invalidFree__C)
                  003decae    00000002     Quad_p28FP.o28FP (.econst:ti_sysbios_heaps_HeapMem_A_zeroBlock__C)
                  003decb0    00000002     Quad_p28FP.o28FP (.econst:ti_sysbios_heaps_HeapMem_E_memory__C)
                  003decb2    00000002     Quad_p28FP.o28FP (.econst:ti_sysbios_heaps_HeapMem_Module__diagsEnabled__C)
                  003decb4    00000002     Quad_p28FP.o28FP (.econst:ti_sysbios_heaps_HeapMem_Module__diagsIncluded__C)
                  003decb6    00000002     Quad_p28FP.o28FP (.econst:ti_sysbios_heaps_HeapMem_Module__diagsMask__C)
                  003decb8    00000002     Quad_p28FP.o28FP (.econst:ti_sysbios_heaps_HeapMem_Module__gateObj__C)
                  003decba    00000002     Quad_p28FP.o28FP (.econst:ti_sysbios_heaps_HeapMem_Object__table__C)
                  003decbc    00000002     Quad_p28FP.o28FP (.econst:ti_sysbios_heaps_HeapMem_reqAlign__C)
                  003decbe    00000002     Quad_p28FP.o28FP (.econst:ti_sysbios_knl_Clock_LM_begin__C)
                  003decc0    00000002     Quad_p28FP.o28FP (.econst:ti_sysbios_knl_Clock_LM_tick__C)
                  003decc2    00000002     Quad_p28FP.o28FP (.econst:ti_sysbios_knl_Clock_LW_delayed__C)
                  003decc4    00000002     Quad_p28FP.o28FP (.econst:ti_sysbios_knl_Clock_Module_State_clockQ__O)
                  003decc6    00000002     Quad_p28FP.o28FP (.econst:ti_sysbios_knl_Clock_Module__diagsEnabled__C)
                  003decc8    00000002     Quad_p28FP.o28FP (.econst:ti_sysbios_knl_Clock_Module__diagsIncluded__C)
                  003decca    00000002     Quad_p28FP.o28FP (.econst:ti_sysbios_knl_Clock_Module__diagsMask__C)
                  003deccc    00000002     Quad_p28FP.o28FP (.econst:ti_sysbios_knl_Clock_Module__loggerFxn1__C)
                  003decce    00000002     Quad_p28FP.o28FP (.econst:ti_sysbios_knl_Clock_Module__loggerFxn2__C)
                  003decd0    00000002     Quad_p28FP.o28FP (.econst:ti_sysbios_knl_Clock_Module__loggerObj__C)
                  003decd2    00000002     Quad_p28FP.o28FP (.econst:ti_sysbios_knl_Queue_Object__table__C)
                  003decd4    00000002     Quad_p28FP.o28FP (.econst:ti_sysbios_knl_Semaphore_A_badContext__C)
                  003decd6    00000002     Quad_p28FP.o28FP (.econst:ti_sysbios_knl_Semaphore_A_noEvents__C)
                  003decd8    00000002     Quad_p28FP.o28FP (.econst:ti_sysbios_knl_Semaphore_A_overflow__C)
                  003decda    00000002     Quad_p28FP.o28FP (.econst:ti_sysbios_knl_Semaphore_A_pendTaskDisabled__C)
                  003decdc    00000002     Quad_p28FP.o28FP (.econst:ti_sysbios_knl_Semaphore_Instance_State_pendQ__O)
                  003decde    00000002     Quad_p28FP.o28FP (.econst:ti_sysbios_knl_Semaphore_LM_pend__C)
                  003dece0    00000002     Quad_p28FP.o28FP (.econst:ti_sysbios_knl_Semaphore_LM_post__C)
                  003dece2    00000002     Quad_p28FP.o28FP (.econst:ti_sysbios_knl_Semaphore_Module__diagsEnabled__C)
                  003dece4    00000002     Quad_p28FP.o28FP (.econst:ti_sysbios_knl_Semaphore_Module__diagsIncluded__C)
                  003dece6    00000002     Quad_p28FP.o28FP (.econst:ti_sysbios_knl_Semaphore_Module__diagsMask__C)
                  003dece8    00000002     Quad_p28FP.o28FP (.econst:ti_sysbios_knl_Semaphore_Module__loggerFxn2__C)
                  003decea    00000002     Quad_p28FP.o28FP (.econst:ti_sysbios_knl_Semaphore_Module__loggerFxn4__C)
                  003decec    00000002     Quad_p28FP.o28FP (.econst:ti_sysbios_knl_Semaphore_Module__loggerObj__C)
                  003decee    00000002     Quad_p28FP.o28FP (.econst:ti_sysbios_knl_Swi_LD_end__C)
                  003decf0    00000002     Quad_p28FP.o28FP (.econst:ti_sysbios_knl_Swi_LM_begin__C)
                  003decf2    00000002     Quad_p28FP.o28FP (.econst:ti_sysbios_knl_Swi_LM_post__C)
                  003decf4    00000002     Quad_p28FP.o28FP (.econst:ti_sysbios_knl_Swi_Module__diagsEnabled__C)
                  003decf6    00000002     Quad_p28FP.o28FP (.econst:ti_sysbios_knl_Swi_Module__diagsIncluded__C)
                  003decf8    00000002     Quad_p28FP.o28FP (.econst:ti_sysbios_knl_Swi_Module__diagsMask__C)
                  003decfa    00000002     Quad_p28FP.o28FP (.econst:ti_sysbios_knl_Swi_Module__loggerFxn1__C)
                  003decfc    00000002     Quad_p28FP.o28FP (.econst:ti_sysbios_knl_Swi_Module__loggerFxn4__C)
                  003decfe    00000002     Quad_p28FP.o28FP (.econst:ti_sysbios_knl_Swi_Module__loggerObj__C)
                  003ded00    00000002     Quad_p28FP.o28FP (.econst:ti_sysbios_knl_Swi_Object__table__C)
                  003ded02    00000002     Quad_p28FP.o28FP (.econst:ti_sysbios_knl_Task_E_spOutOfBounds__C)
                  003ded04    00000002     Quad_p28FP.o28FP (.econst:ti_sysbios_knl_Task_E_stackOverflow__C)
                  003ded06    00000002     Quad_p28FP.o28FP (.econst:ti_sysbios_knl_Task_LD_block__C)
                  003ded08    00000002     Quad_p28FP.o28FP (.econst:ti_sysbios_knl_Task_LD_exit__C)
                  003ded0a    00000002     Quad_p28FP.o28FP (.econst:ti_sysbios_knl_Task_LD_ready__C)
                  003ded0c    00000002     Quad_p28FP.o28FP (.econst:ti_sysbios_knl_Task_LM_switch__C)
                  003ded0e    00000002     Quad_p28FP.o28FP (.econst:ti_sysbios_knl_Task_Module_State_inactiveQ__O)
                  003ded10    00000002     Quad_p28FP.o28FP (.econst:ti_sysbios_knl_Task_Module__diagsEnabled__C)
                  003ded12    00000002     Quad_p28FP.o28FP (.econst:ti_sysbios_knl_Task_Module__diagsIncluded__C)
                  003ded14    00000002     Quad_p28FP.o28FP (.econst:ti_sysbios_knl_Task_Module__diagsMask__C)
                  003ded16    00000002     Quad_p28FP.o28FP (.econst:ti_sysbios_knl_Task_Module__loggerFxn2__C)
                  003ded18    00000002     Quad_p28FP.o28FP (.econst:ti_sysbios_knl_Task_Module__loggerFxn4__C)
                  003ded1a    00000002     Quad_p28FP.o28FP (.econst:ti_sysbios_knl_Task_Module__loggerObj__C)
                  003ded1c    00000002     Quad_p28FP.o28FP (.econst:ti_sysbios_knl_Task_Object__table__C)
                  003ded1e    00000002     Quad_p28FP.o28FP (.econst:ti_sysbios_knl_Task_allBlockedFunc__C)
                  003ded20    00000002     Quad_p28FP.o28FP (.econst:ti_sysbios_utils_Load_LS_cpuLoad__C)
                  003ded22    00000002     Quad_p28FP.o28FP (.econst:ti_sysbios_utils_Load_LS_hwiLoad__C)
                  003ded24    00000002     Quad_p28FP.o28FP (.econst:ti_sysbios_utils_Load_Module__diagsEnabled__C)
                  003ded26    00000002     Quad_p28FP.o28FP (.econst:ti_sysbios_utils_Load_Module__diagsIncluded__C)
                  003ded28    00000002     Quad_p28FP.o28FP (.econst:ti_sysbios_utils_Load_Module__diagsMask__C)
                  003ded2a    00000002     Quad_p28FP.o28FP (.econst:ti_sysbios_utils_Load_Module__loggerFxn1__C)
                  003ded2c    00000002     Quad_p28FP.o28FP (.econst:ti_sysbios_utils_Load_Module__loggerFxn2__C)
                  003ded2e    00000002     Quad_p28FP.o28FP (.econst:ti_sysbios_utils_Load_Module__loggerObj__C)
                  003ded30    00000002     Quad_p28FP.o28FP (.econst:ti_sysbios_utils_Load_postUpdate__C)
                  003ded32    00000002     Quad_p28FP.o28FP (.econst:ti_uia_loggers_LoggerStopMode_Module__diagsEnabled__C)
                  003ded34    00000002     Quad_p28FP.o28FP (.econst:ti_uia_loggers_LoggerStopMode_Module__diagsIncluded__C)
                  003ded36    00000002     Quad_p28FP.o28FP (.econst:ti_uia_loggers_LoggerStopMode_Module__diagsMask__C)
                  003ded38    00000002     Quad_p28FP.o28FP (.econst:ti_uia_loggers_LoggerStopMode_Object__table__C)
                  003ded3a    00000002     Quad_p28FP.o28FP (.econst:ti_uia_runtime_ILoggerSnapshot_Interface__BASE__C)
                  003ded3c    00000002     Quad_p28FP.o28FP (.econst:ti_uia_runtime_IUIATransfer_Interface__BASE__C)
                  003ded3e    00000002     Quad_p28FP.o28FP (.econst:xdc_runtime_Assert_E_assertFailed__C)
                  003ded40    00000002     Quad_p28FP.o28FP (.econst:xdc_runtime_Core_A_initializedParams__C)
                  003ded42    00000002     Quad_p28FP.o28FP (.econst:xdc_runtime_Core_Module__diagsEnabled__C)
                  003ded44    00000002     Quad_p28FP.o28FP (.econst:xdc_runtime_Core_Module__diagsIncluded__C)
                  003ded46    00000002     Quad_p28FP.o28FP (.econst:xdc_runtime_Core_Module__diagsMask__C)
                  003ded48    00000002     Quad_p28FP.o28FP (.econst:xdc_runtime_Error_E_memory__C)
                  003ded4a    00000002     Quad_p28FP.o28FP (.econst:xdc_runtime_Error_Module__diagsEnabled__C)
                  003ded4c    00000002     Quad_p28FP.o28FP (.econst:xdc_runtime_Error_Module__diagsIncluded__C)
                  003ded4e    00000002     Quad_p28FP.o28FP (.econst:xdc_runtime_Error_Module__diagsMask__C)
                  003ded50    00000002     Quad_p28FP.o28FP (.econst:xdc_runtime_Error_Module__loggerFxn8__C)
                  003ded52    00000002     Quad_p28FP.o28FP (.econst:xdc_runtime_Error_Module__loggerObj__C)
                  003ded54    00000002     Quad_p28FP.o28FP (.econst:xdc_runtime_Error_policyFxn__C)
                  003ded56    00000002     Quad_p28FP.o28FP (.econst:xdc_runtime_Error_raiseHook__C)
                  003ded58    00000002     Quad_p28FP.o28FP (.econst:xdc_runtime_IFilterLogger_Interface__BASE__C)
                  003ded5a    00000002     Quad_p28FP.o28FP (.econst:xdc_runtime_IGateProvider_Interface__BASE__C)
                  003ded5c    00000002     Quad_p28FP.o28FP (.econst:xdc_runtime_IHeap_Interface__BASE__C)
                  003ded5e    00000002     Quad_p28FP.o28FP (.econst:xdc_runtime_ILogger_Interface__BASE__C)
                  003ded60    00000002     Quad_p28FP.o28FP (.econst:xdc_runtime_IModule_Interface__BASE__C)
                  003ded62    00000002     Quad_p28FP.o28FP (.econst:xdc_runtime_Log_L_error__C)
                  003ded64    00000002     Quad_p28FP.o28FP (.econst:xdc_runtime_Main_Module__diagsEnabled__C)
                  003ded66    00000002     Quad_p28FP.o28FP (.econst:xdc_runtime_Main_Module__diagsIncluded__C)
                  003ded68    00000002     Quad_p28FP.o28FP (.econst:xdc_runtime_Main_Module__diagsMask__C)
                  003ded6a    00000002     Quad_p28FP.o28FP (.econst:xdc_runtime_Memory_defaultHeapInstance__C)
                  003ded6c    00000002     Quad_p28FP.o28FP (.econst:xdc_runtime_Startup_execImpl__C)
                  003ded6e    00000002     Quad_p28FP.o28FP (.econst:xdc_runtime_Startup_lastFxns__A)
                  003ded70    00000002     Quad_p28FP.o28FP (.econst:xdc_runtime_Startup_sfxnRts__C)
                  003ded72    00000002     Quad_p28FP.o28FP (.econst:xdc_runtime_Startup_sfxnTab__C)
                  003ded74    00000002     Quad_p28FP.o28FP (.econst:xdc_runtime_Startup_startModsFxn__C)
                  003ded76    00000002     Quad_p28FP.o28FP (.econst:xdc_runtime_SysMin_bufSize__C)
                  003ded78    00000002     Quad_p28FP.o28FP (.econst:xdc_runtime_SysMin_outputFunc__C)
                  003ded7a    00000002     Quad_p28FP.o28FP (.econst:xdc_runtime_System_Module__gateObj__C)
                  003ded7c    00000002     Quad_p28FP.o28FP (.econst:xdc_runtime_System_abortFxn__C)
                  003ded7e    00000002     Quad_p28FP.o28FP (.econst:xdc_runtime_System_exitFxn__C)
                  003ded80    00000002     Quad_p28FP.o28FP (.econst:xdc_runtime_System_extendFxn__C)
                  003ded82    00000002     Quad_p28FP.o28FP (.econst:xdc_runtime_Text_charTab__C)
                  003ded84    00000002     Quad_p28FP.o28FP (.econst:xdc_runtime_Text_nameEmpty__C)
                  003ded86    00000002     Quad_p28FP.o28FP (.econst:xdc_runtime_Text_nameStatic__C)
                  003ded88    00000002     Quad_p28FP.o28FP (.econst:xdc_runtime_Text_nameUnknown__C)
                  003ded8a    00000002     Quad_p28FP.o28FP (.econst:xdc_runtime_Text_nodeTab__C)
                  003ded8c    00000002     Quad_p28FP.o28FP (.econst:xdc_runtime_Text_visitRopeFxn__C)
                  003ded8e    00000001     Quad_p28FP.o28FP (.econst:ti_sysbios_family_c28_Timer_startupNeeded__C)
                  003ded8f    00000001     Quad_p28FP.o28FP (.econst:ti_sysbios_family_c28_TimestampProvider_Module__id__C)
                  003ded90    00000001     Quad_p28FP.o28FP (.econst:ti_sysbios_family_c28_TimestampProvider_useClockTimer__C)
                  003ded91    00000001     Quad_p28FP.o28FP (.econst:ti_sysbios_gates_GateMutex_Module__id__C)
                  003ded92    00000001     Quad_p28FP.o28FP (.econst:ti_sysbios_hal_Hwi_Module__id__C)
                  003ded93    00000001     Quad_p28FP.o28FP (.econst:ti_sysbios_heaps_HeapMem_Module__id__C)
                  003ded94    00000001     Quad_p28FP.o28FP (.econst:ti_sysbios_heaps_HeapMem_Object__count__C)
                  003ded95    00000001     Quad_p28FP.o28FP (.econst:ti_sysbios_knl_Clock_Module__id__C)
                  003ded96    00000001     Quad_p28FP.o28FP (.econst:ti_sysbios_knl_Clock_Module__loggerDefined__C)
                  003ded97    00000001     Quad_p28FP.o28FP (.econst:ti_sysbios_knl_Queue_Object__count__C)
                  003ded98    00000001     Quad_p28FP.o28FP (.econst:ti_sysbios_knl_Semaphore_Module__id__C)
                  003ded99    00000001     Quad_p28FP.o28FP (.econst:ti_sysbios_knl_Semaphore_Module__loggerDefined__C)
                  003ded9a    00000001     Quad_p28FP.o28FP (.econst:ti_sysbios_knl_Swi_Module__id__C)
                  003ded9b    00000001     Quad_p28FP.o28FP (.econst:ti_sysbios_knl_Swi_Module__loggerDefined__C)
                  003ded9c    00000001     Quad_p28FP.o28FP (.econst:ti_sysbios_knl_Swi_Object__count__C)
                  003ded9d    00000001     Quad_p28FP.o28FP (.econst:ti_sysbios_knl_Task_Module__id__C)
                  003ded9e    00000001     Quad_p28FP.o28FP (.econst:ti_sysbios_knl_Task_Module__loggerDefined__C)
                  003ded9f    00000001     Quad_p28FP.o28FP (.econst:ti_sysbios_knl_Task_Object__count__C)
                  003deda0    00000001     Quad_p28FP.o28FP (.econst:ti_sysbios_knl_Task_initStackFlag__C)
                  003deda1    00000001     Quad_p28FP.o28FP (.econst:ti_sysbios_knl_Task_numConstructedTasks__C)
                  003deda2    00000001     Quad_p28FP.o28FP (.econst:ti_sysbios_utils_Load_Module__id__C)
                  003deda3    00000001     Quad_p28FP.o28FP (.econst:ti_sysbios_utils_Load_Module__loggerDefined__C)
                  003deda4    00000001     Quad_p28FP.o28FP (.econst:ti_sysbios_utils_Load_hwiEnabled__C)
                  003deda5    00000001     Quad_p28FP.o28FP (.econst:ti_sysbios_utils_Load_updateInIdle__C)
                  003deda6    00000001     Quad_p28FP.o28FP (.econst:ti_sysbios_utils_Load_windowInMs__C)
                  003deda7    00000001     Quad_p28FP.o28FP (.econst:ti_uia_loggers_LoggerStopMode_Module__id__C)
                  003deda8    00000001     Quad_p28FP.o28FP (.econst:ti_uia_loggers_LoggerStopMode_Object__count__C)
                  003deda9    00000001     Quad_p28FP.o28FP (.econst:ti_uia_loggers_LoggerStopMode_isTimestampEnabled__C)
                  003dedaa    00000001     Quad_p28FP.o28FP (.econst:xdc_runtime_Core_Module__id__C)
                  003dedab    00000001     Quad_p28FP.o28FP (.econst:xdc_runtime_Error_Module__loggerDefined__C)
                  003dedac    00000001     Quad_p28FP.o28FP (.econst:xdc_runtime_Error_maxDepth__C)
                  003dedad    00000001     Quad_p28FP.o28FP (.econst:xdc_runtime_Error_policy__C)
                  003dedae    00000001     Quad_p28FP.o28FP (.econst:xdc_runtime_Main_Module__id__C)
                  003dedaf    00000001     Quad_p28FP.o28FP (.econst:xdc_runtime_Memory_Module__id__C)
                  003dedb0    00000001     Quad_p28FP.o28FP (.econst:xdc_runtime_Startup_maxPasses__C)
                  003dedb1    00000001     Quad_p28FP.o28FP (.econst:xdc_runtime_SysMin_flushAtExit__C)
                  003dedb2    00000001     Quad_p28FP.o28FP (.econst:xdc_runtime_System_maxAtexitHandlers__C)
                  003dedb3    00000001     Quad_p28FP.o28FP (.econst:xdc_runtime_Text_charCnt__C)
                  003dedb4    00000001     Quad_p28FP.o28FP (.econst:xdc_runtime_Text_isLoaded__C)
                  003dedb5    00000001     Quad_p28FP.o28FP (.econst:xdc_runtime_Text_registryModsLastId__C)
                  003dedb6    00000001     Quad_p28FP.o28FP (.econst:xdc_runtime_Text_unnamedModsLastId__C)

.cinit     0    003dedb7    000004c8     
                  003dedb7    0000047b     Quad_p28FP.o28FP (.cinit)
                  003df232    00000025     HUD_Interface.obj (.cinit)
                  003df257    0000000a     rts2800_fpu32.lib : _lock.obj (.cinit)
                  003df261    0000000a                       : exit.obj (.cinit)
                  003df26b    00000009     ti.uia.runtime.a28FP : QueueDescriptor.o28FP (.cinit)
                  003df274    00000005     rts2800_fpu32.lib : vars.obj (.cinit)
                  003df279    00000004                       : errno.obj (.cinit)
                  003df27d    00000002     --HOLE-- [fill = 0]

ramfuncs   0    003df27f    00000004     RUN ADDR = 00008000
                  003df27f    00000004     F2806x_usDelay.obj (ramfuncs)

.switch    0    003df284    0000001c     
                  003df284    0000001c     sysbios.a28FP : BIOS.obj (.switch:_ti_sysbios_family_c28_Hwi_clearInterrupt__E)

.ti_catalog_c2800_init_begin 
*          0    003f7ff6    00000002     
                  003f7ff6    00000002     Boot.a28FP : Boot_asm.o28FP (.ti_catalog_c2800_init_begin)

DevEmuRegsFile 
*          1    00000880    00000004     UNINITIALIZED
                  00000880    00000004     F2806x_GlobalVariableDefs.obj (DevEmuRegsFile)

SysPwrCtrlRegsFile 
*          1    00000985    00000003     UNINITIALIZED
                  00000985    00000003     F2806x_GlobalVariableDefs.obj (SysPwrCtrlRegsFile)

FlashRegsFile 
*          1    00000a80    00000008     UNINITIALIZED
                  00000a80    00000008     F2806x_GlobalVariableDefs.obj (FlashRegsFile)

CsmRegsFile 
*          1    00000ae0    00000010     UNINITIALIZED
                  00000ae0    00000010     F2806x_GlobalVariableDefs.obj (CsmRegsFile)

AdcResultFile 
*          1    00000b00    00000010     UNINITIALIZED
                  00000b00    00000010     F2806x_GlobalVariableDefs.obj (AdcResultFile)

CpuTimer0RegsFile 
*          1    00000c00    00000008     UNINITIALIZED
                  00000c00    00000008     F2806x_GlobalVariableDefs.obj (CpuTimer0RegsFile)

CpuTimer1RegsFile 
*          1    00000c08    00000008     UNINITIALIZED
                  00000c08    00000008     F2806x_GlobalVariableDefs.obj (CpuTimer1RegsFile)

CpuTimer2RegsFile 
*          1    00000c10    00000008     UNINITIALIZED
                  00000c10    00000008     F2806x_GlobalVariableDefs.obj (CpuTimer2RegsFile)

PieCtrlRegsFile 
*          1    00000ce0    0000001a     UNINITIALIZED
                  00000ce0    0000001a     F2806x_GlobalVariableDefs.obj (PieCtrlRegsFile)

DmaRegsFile 
*          1    00001000    000000e0     UNINITIALIZED
                  00001000    000000e0     F2806x_GlobalVariableDefs.obj (DmaRegsFile)

Cla1RegsFile 
*          1    00001400    00000040     UNINITIALIZED
                  00001400    00000040     F2806x_GlobalVariableDefs.obj (Cla1RegsFile)

Usb0RegsFile 
*          1    00004000    00000454     UNINITIALIZED
                  00004000    00000454     F2806x_GlobalVariableDefs.obj (Usb0RegsFile)

McbspaRegsFile 
*          1    00005000    00000024     UNINITIALIZED
                  00005000    00000024     F2806x_GlobalVariableDefs.obj (McbspaRegsFile)

ECanaRegsFile 
*          1    00006000    00000034     UNINITIALIZED
                  00006000    00000034     F2806x_GlobalVariableDefs.obj (ECanaRegsFile)

ECanaLAMRegsFile 
*          1    00006040    00000040     UNINITIALIZED
                  00006040    00000040     F2806x_GlobalVariableDefs.obj (ECanaLAMRegsFile)

ECanaMOTSRegsFile 
*          1    00006080    00000040     UNINITIALIZED
                  00006080    00000040     F2806x_GlobalVariableDefs.obj (ECanaMOTSRegsFile)

ECanaMOTORegsFile 
*          1    000060c0    00000040     UNINITIALIZED
                  000060c0    00000040     F2806x_GlobalVariableDefs.obj (ECanaMOTORegsFile)

ECanaMboxesFile 
*          1    00006100    00000100     UNINITIALIZED
                  00006100    00000100     F2806x_GlobalVariableDefs.obj (ECanaMboxesFile)

Comp1RegsFile 
*          1    00006400    00000014     UNINITIALIZED
                  00006400    00000014     F2806x_GlobalVariableDefs.obj (Comp1RegsFile)

Comp2RegsFile 
*          1    00006420    00000014     UNINITIALIZED
                  00006420    00000014     F2806x_GlobalVariableDefs.obj (Comp2RegsFile)

Comp3RegsFile 
*          1    00006440    00000014     UNINITIALIZED
                  00006440    00000014     F2806x_GlobalVariableDefs.obj (Comp3RegsFile)

EPwm1RegsFile 
*          1    00006800    00000040     UNINITIALIZED
                  00006800    00000040     F2806x_GlobalVariableDefs.obj (EPwm1RegsFile)

EPwm2RegsFile 
*          1    00006840    00000040     UNINITIALIZED
                  00006840    00000040     F2806x_GlobalVariableDefs.obj (EPwm2RegsFile)

EPwm3RegsFile 
*          1    00006880    00000040     UNINITIALIZED
                  00006880    00000040     F2806x_GlobalVariableDefs.obj (EPwm3RegsFile)

EPwm4RegsFile 
*          1    000068c0    00000040     UNINITIALIZED
                  000068c0    00000040     F2806x_GlobalVariableDefs.obj (EPwm4RegsFile)

EPwm5RegsFile 
*          1    00006900    00000040     UNINITIALIZED
                  00006900    00000040     F2806x_GlobalVariableDefs.obj (EPwm5RegsFile)

EPwm6RegsFile 
*          1    00006940    00000040     UNINITIALIZED
                  00006940    00000040     F2806x_GlobalVariableDefs.obj (EPwm6RegsFile)

EPwm7RegsFile 
*          1    00006980    00000040     UNINITIALIZED
                  00006980    00000040     F2806x_GlobalVariableDefs.obj (EPwm7RegsFile)

EPwm8RegsFile 
*          1    000069c0    00000040     UNINITIALIZED
                  000069c0    00000040     F2806x_GlobalVariableDefs.obj (EPwm8RegsFile)

ECap1RegsFile 
*          1    00006a00    00000020     UNINITIALIZED
                  00006a00    00000020     F2806x_GlobalVariableDefs.obj (ECap1RegsFile)

ECap2RegsFile 
*          1    00006a20    00000020     UNINITIALIZED
                  00006a20    00000020     F2806x_GlobalVariableDefs.obj (ECap2RegsFile)

ECap3RegsFile 
*          1    00006a40    00000020     UNINITIALIZED
                  00006a40    00000020     F2806x_GlobalVariableDefs.obj (ECap3RegsFile)

HRCap1RegsFile 
*          1    00006ac0    00000020     UNINITIALIZED
                  00006ac0    00000020     F2806x_GlobalVariableDefs.obj (HRCap1RegsFile)

HRCap2RegsFile 
*          1    00006ae0    00000020     UNINITIALIZED
                  00006ae0    00000020     F2806x_GlobalVariableDefs.obj (HRCap2RegsFile)

EQep1RegsFile 
*          1    00006b00    00000022     UNINITIALIZED
                  00006b00    00000022     F2806x_GlobalVariableDefs.obj (EQep1RegsFile)

EQep2RegsFile 
*          1    00006b40    00000022     UNINITIALIZED
                  00006b40    00000022     F2806x_GlobalVariableDefs.obj (EQep2RegsFile)

HRCap3RegsFile 
*          1    00006c80    00000020     UNINITIALIZED
                  00006c80    00000020     F2806x_GlobalVariableDefs.obj (HRCap3RegsFile)

HRCap4RegsFile 
*          1    00006ca0    00000020     UNINITIALIZED
                  00006ca0    00000020     F2806x_GlobalVariableDefs.obj (HRCap4RegsFile)

GpioCtrlRegsFile 
*          1    00006f80    00000040     UNINITIALIZED
                  00006f80    00000040     F2806x_GlobalVariableDefs.obj (GpioCtrlRegsFile)

GpioDataRegsFile 
*          1    00006fc0    00000020     UNINITIALIZED
                  00006fc0    00000020     F2806x_GlobalVariableDefs.obj (GpioDataRegsFile)

GpioIntRegsFile 
*          1    00006fe0    00000020     UNINITIALIZED
                  00006fe0    00000020     F2806x_GlobalVariableDefs.obj (GpioIntRegsFile)

SysCtrlRegsFile 
*          1    00007010    00000030     UNINITIALIZED
                  00007010    00000030     F2806x_GlobalVariableDefs.obj (SysCtrlRegsFile)

SpiaRegsFile 
*          1    00007040    00000010     UNINITIALIZED
                  00007040    00000010     F2806x_GlobalVariableDefs.obj (SpiaRegsFile)

SciaRegsFile 
*          1    00007050    00000010     UNINITIALIZED
                  00007050    00000010     F2806x_GlobalVariableDefs.obj (SciaRegsFile)

NmiIntruptRegsFile 
*          1    00007060    00000010     UNINITIALIZED
                  00007060    00000010     F2806x_GlobalVariableDefs.obj (NmiIntruptRegsFile)

XIntruptRegsFile 
*          1    00007070    00000010     UNINITIALIZED
                  00007070    00000010     F2806x_GlobalVariableDefs.obj (XIntruptRegsFile)

AdcRegsFile 
*          1    00007100    00000050     UNINITIALIZED
                  00007100    00000050     F2806x_GlobalVariableDefs.obj (AdcRegsFile)

SpibRegsFile 
*          1    00007740    00000010     UNINITIALIZED
                  00007740    00000010     F2806x_GlobalVariableDefs.obj (SpibRegsFile)

ScibRegsFile 
*          1    00007750    00000010     UNINITIALIZED
                  00007750    00000010     F2806x_GlobalVariableDefs.obj (ScibRegsFile)

I2caRegsFile 
*          1    00007900    00000022     UNINITIALIZED
                  00007900    00000022     F2806x_GlobalVariableDefs.obj (I2caRegsFile)

.ebss      1    0000a000    000026e0     UNINITIALIZED
                  0000a000    00001400     Quad_p28FP.o28FP (.ebss)
                  0000b400    00001203     Quad_p28FP.o28FP (.ebss:taskStackSection)
                  0000c603    00000001     rts2800_fpu32.lib : errno.obj (.ebss)
                  0000c604    00000018     F2806x_CpuTimers.obj (.ebss)
                  0000c61c    00000011     HUD_Interface.obj (.ebss)
                  0000c62d    00000008     rts2800_fpu32.lib : trgdrv.obj (.ebss)
                  0000c635    00000001     --HOLE--
                  0000c636    00000004                       : _lock.obj (.ebss)
                  0000c63a    00000004                       : exit.obj (.ebss)
                  0000c63e    00000002                       : vars.obj (.ebss)
                  0000c640    0000009c     main.obj (.ebss)
                  0000c6dc    00000004     ti.uia.runtime.a28FP : QueueDescriptor.o28FP (.ebss)

.stack     1    0000c6e0    00001000     UNINITIALIZED
                  0000c6e0    00001000     --HOLE--

.cio       1    00010000    00000120     UNINITIALIZED
                  00010000    00000120     rts2800_fpu32.lib : ankmsg.obj (.cio)

PartIdRegsFile 
*          1    003d7e80    00000001     UNINITIALIZED
                  003d7e80    00000001     F2806x_GlobalVariableDefs.obj (PartIdRegsFile)

CsmPwlFile 
*          1    003f7ff8    00000008     UNINITIALIZED
                  003f7ff8    00000008     F2806x_GlobalVariableDefs.obj (CsmPwlFile)


GLOBAL DATA SYMBOLS: SORTED BY DATA PAGE

address     data page           name
--------    ----------------    ----
00000000       0 (00000000)     ___ISA__
00000013       0 (00000000)     ___TARG__
00000037       0 (00000000)     ___PLAT__

0000005d       1 (00000040)     ___TRDR__

00000084       2 (00000080)     ___ASM__

00000880      22 (00000880)     _DevEmuRegs

00000985      26 (00000980)     _SysPwrCtrlRegs

00000a80      2a (00000a80)     _FlashRegs

00000ae0      2b (00000ac0)     _CsmRegs

00000b00      2c (00000b00)     _AdcResult

00000c00      30 (00000c00)     _CpuTimer0Regs
00000c08      30 (00000c00)     _CpuTimer1Regs
00000c10      30 (00000c00)     _CpuTimer2Regs

00000ce0      33 (00000cc0)     _PieCtrlRegs

00000d00      34 (00000d00)     _EmuKey
00000d00      34 (00000d00)     _PieVectTable
00000d01      34 (00000d00)     _EmuBMode
00000d02      34 (00000d00)     _Flash_CallbackPtr
00000d04      34 (00000d00)     _Flash_CPUScaleFactor

00001000      40 (00001000)     _DmaRegs

00001400      50 (00001400)     _Cla1Regs

00004000     100 (00004000)     _Usb0Regs

00005000     140 (00005000)     _McbspaRegs

00006000     180 (00006000)     _ECanaRegs

00006040     181 (00006040)     _ECanaLAMRegs

00006080     182 (00006080)     _ECanaMOTSRegs

000060c0     183 (000060c0)     _ECanaMOTORegs

00006100     184 (00006100)     _ECanaMboxes

00006400     190 (00006400)     _Comp1Regs
00006420     190 (00006400)     _Comp2Regs

00006440     191 (00006440)     _Comp3Regs

00006800     1a0 (00006800)     _EPwm1Regs

[...]
003dc3df   _ti_sysbios_BIOS_atExitFunc__I
003dc3f6   _ti_sysbios_knl_Clock_doTick__I
003dc40d   _ti_sysbios_knl_Queue_construct
003dc424   _xdc_runtime_Memory_valloc__E
003dc43b   _ti_sysbios_family_c28_Timer_Module_startup__E
003dc451   _ti_sysbios_family_c28_Timer_startup__E
003dc467   _ti_sysbios_knl_Task_restore__E
003dc47d   _xdc_runtime_SysMin_abort__E
003dc493   _ti_sysbios_knl_Idle_run__E
003dc4a8   _ti_sysbios_knl_Swi_Module_startup__E
003dc4bd   _ti_sysbios_utils_Load_getGlobalHwiLoad__E
003dc4e7   _ti_sysbios_BIOS_errorRaiseHook__I
003dc4fb   _free
003dc50e   _ti_sysbios_gates_GateMutex_Object__delete__S
003dc521   _ti_sysbios_family_c28_Hwi_disableIER__E
003dc533   _ti_sysbios_family_c28_Timer_stop__E
003dc545   _ti_sysbios_gates_GateHwi_Object__delete__S
003dc557   _ti_sysbios_heaps_HeapMem_Object__delete__S
003dc569   _ti_sysbios_knl_Clock_Module_startup__E
003dc57b   _ti_uia_loggers_LoggerStopMode_Object__delete__S
003dc58d   _xdc_runtime_Text_cordText__E
003dc59f   _ti_sysbios_gates_GateHwi_Handle__label__S
003dc5b0   _ti_sysbios_gates_GateMutex_Handle__label__S
003dc5c1   _ti_sysbios_heaps_HeapMem_Handle__label__S
003dc5d2   _ti_uia_loggers_LoggerStopMode_Handle__label__S
003dc5e3   _ti_uia_loggers_LoggerStopMode_Instance_init__E
003dc5f4   _xdc_runtime_Error_raiseX__E
003dc605   _ti_sysbios_BIOS_rtsLock__I
003dc615   _ti_sysbios_family_c28_Hwi_enableIER__E
003dc625   _ti_sysbios_knl_Task_restoreHwi__E
003dc635   _xdc_runtime_SysMin_Module_startup__E
003dc645   _ti_catalog_c2800_init_Boot_disableWatchdog
003dc654   _ti_sysbios_BIOS_startFunc__I
003dc663   _ti_sysbios_gates_GateMutex_Instance_init__E
003dc672   _ti_sysbios_knl_Semaphore_Object__destruct__S
003dc690   _xdc_runtime_Registry_findById__E
003dc69f   _ti_sysbios_knl_Queue_Object__destruct__S
003dc6ad   _ti_uia_loggers_LoggerStopMode_enable__E
003dc6bb   _xdc_runtime_Text_visitRope__I
003dc6c9   _ti_sysbios_BIOS_registerRTSLock__I
003dc6d6   _ti_sysbios_BIOS_removeRTSLock__I
003dc6e3   _ti_sysbios_family_c28_Hwi_dispatchC__I
003dc6f0   _ti_sysbios_family_c28_Hwi_restoreIER__E
003dc6fd   _ti_sysbios_knl_Task_SupportProxy_start__E
003dc70a   _ti_uia_loggers_LoggerStopMode_disable__E
003dc724   _xdc_runtime_Memory_HeapProxy_alloc__E
003dc731   _xdc_runtime_System_abort__E
003dc73e   _memset
003dc74b   _ti_sysbios_BIOS_exitFunc__I
003dc757   _ti_sysbios_gates_GateMutex_leave__E
003dc763   _ti_sysbios_knl_Queue_put__E
003dc76f   _ti_sysbios_knl_Task_enabled__E
003dc77b   _xdc_runtime_Error_check__E
003dc787   _ti_sysbios_family_c28_Hwi_Module__startupDone__F
003dc792   _ti_sysbios_family_c28_Timer_Module__startupDone__F
003dc79d   _ti_sysbios_knl_Task_enter__I
003dc7a8   _ti_sysbios_knl_Task_unblock__E
003dc7b3   _xdc_runtime_Memory_HeapProxy_free__E
003dc7be   _xdc_runtime_SysMin_exit__E
003dc7c9   _xdc_runtime_System_aprintf__E
003dc7d4   _xdc_runtime_System_exit__E
003dc7df   _xdc_runtime_System_printf__E
003dc7ea   _xdc_runtime_Text_ropeText__E
003dc7f5   _ti_uia_loggers_LoggerStopMode_isEmpty__E
003dc7ff   _xdc_runtime_Memory_free__E
003dc809   _xdc_runtime_Startup_exec__I
003dc813   _ti_sysbios_BIOS_RtsGateProxy_leave__E
003dc81c   _ti_sysbios_family_c28_TaskSupport_checkStack__E
003dc825   _ti_sysbios_family_c28_TaskSupport_glue
003dc82e   _ti_sysbios_hal_Hwi_Module_startup__E
003dc837   _ti_sysbios_heaps_HeapMem_Module_GateProxy_leave__E
003dc840   _ti_sysbios_knl_Task_SupportProxy_checkStack__E
003dc849   _ti_sysbios_knl_Task_SupportProxy_swap__E
003dc852   _xdc_runtime_System_Module_GateProxy_leave__E
003dc85b   _xdc_runtime_System_snprintf_va__F
003dc85b   _xdc_runtime_System_vsnprintf__E
003dc864   __register_unlock
003dc868   __register_lock
003dc86c   __nop
003dc86d   _ti_sysbios_BIOS_setThreadType__E
003dc875   _ti_sysbios_gates_GateMutex_Instance_finalize__E
003dc87d   _ti_sysbios_hal_Hwi_HwiProxy_getStackInfo__E
003dc88d   _ti_sysbios_knl_Queue_empty__E
003dc895   _ti_sysbios_knl_Semaphore_Instance_finalize__E
003dc89d   _xdc_runtime_Memory_calloc__E
003dc8a5   _xdc_runtime_SysMin_ready__E
003dc8ad   _strlen
003dc8b5   _ti_catalog_c2800_init_Boot_init
003dc8bc   _ti_sysbios_BIOS_RtsGateProxy_enter__E
003dc8c3   _ti_sysbios_family_c28_Hwi_disable__E
003dc8ca   _ti_sysbios_heaps_HeapMem_Module_GateProxy_enter__E
003dc8d1   _ti_sysbios_knl_Clock_TimerProxy_getMaxTicks__E
003dc8d8   _ti_sysbios_knl_Queue_destruct
003dc8df   _ti_sysbios_knl_Semaphore_destruct
003dc8e6   _xdc_runtime_System_Module_GateProxy_enter__E
003dc8ed   _xdc_runtime_System_SupportProxy_abort__E
003dc8f4   _xdc_runtime_Timestamp_SupportProxy_get64__E
003dc8fb   _xdc_runtime_Timestamp_SupportProxy_getFreq__E
003dc902   _ti_sysbios_family_c28_Hwi_restore__E
003dc908   _ti_sysbios_family_c28_IntrinsicsSupport_maxbit__E
003dc90e   _ti_sysbios_family_c28_TimestampProvider_rolloverFunc__E
003dc914   _ti_sysbios_family_c28_TimestampProvider_startTimer__E
003dc920   _ti_sysbios_heaps_HeapMem_Module_GateProxy_query__E
003dc926   _ti_sysbios_knl_Swi_disable__E
003dc92c   _ti_sysbios_knl_Task_disable__E
003dc932   _ti_uia_loggers_LoggerStopMode_getFilterLevel__E
003dc938   _ti_uia_loggers_LoggerStopMode_setFilterLevel__E
003dc93e   _xdc_runtime_Gate_enterSystem__E
003dc944   _xdc_runtime_Gate_leaveSystem__E
003dc94a   _xdc_runtime_System_SupportProxy_exit__E
003dc950   _xdc_runtime_System_SupportProxy_putch__E
003dc956   _ti_sysbios_BIOS_start__E
003dc95b   _ti_sysbios_family_c28_Hwi_switchFromBootStack__E
003dc960   _ti_sysbios_gates_GateHwi_enter__E
003dc96a   _xdc_runtime_Error_init__E
003dc96f   ___dl__FPv
003dc974   _strcpy
003dc979   _ti_sysbios_family_c28_Hwi_startup__E
003dc97d   _ti_sysbios_family_c28_TimestampProvider_getFreq__E
003dc981   _ti_sysbios_heaps_HeapMem_isBlocking__E
003dc985   _ti_sysbios_knl_Clock_getTicks__E
003dc989   _ti_sysbios_knl_Swi_startup__E
003dc98d   _xdc_runtime_Memory_getMaxDefaultTypeAlign__E
003dc991   ___xdc__init
003dc994   _ti_catalog_c2800_init_Boot_limpAbort
003dc997   _ti_sysbios_family_c28_Hwi_Module__startupDone__S
003dc99a   _ti_sysbios_family_c28_Hwi_getIFR__I
003dc99d   _ti_sysbios_family_c28_Timer_Module__startupDone__S
003dc9a0   _ti_sysbios_gates_GateHwi_leave__E
003dc9a3   _ti_sysbios_hal_Hwi_HwiProxy_Module__startupDone__S
003dc9a6   _ti_sysbios_hal_Hwi_HwiProxy_startup__E
003dc9a9   _ti_sysbios_hal_Hwi_HwiProxy_switchFromBootStack__E
003dc9af   _ti_sysbios_hal_Hwi_startup__E
003dc9b2   _ti_sysbios_knl_Clock_TimerProxy_Module__startupDone__S
003dc9b5   _ti_sysbios_knl_Idle_loop__E
003dc9b8   _ti_sysbios_knl_Queue_Instance_init__E
003dc9bb   _ti_sysbios_knl_Task_SupportProxy_Module__startupDone__S
003dc9be   _ti_sysbios_knl_Task_startup__E
003dc9c1   _ti_sysbios_utils_Load_update__E
003dc9c4   _ti_uia_loggers_LoggerStopMode_getMaxLength__E
003dc9c7   _xdc_runtime_Startup_reset__I
003dc9ca   _xdc_runtime_System_Module_startup__E
003dc9cd   _xdc_runtime_System_SupportProxy_ready__E
003dc9d0   _xdc_runtime_System_abortStd__E
003dc9d3   _xdc_runtime_System_exitStd__E
003dc9d6   _xdc_runtime_Timestamp_SupportProxy_get32__E
003dc9d9   _xdc_runtime_Timestamp_get32__E
003dc9dc   _xdc_runtime_Timestamp_get64__E
003dc9df   _xdc_runtime_Timestamp_getFreq__E
003dc9e2   ___dla__FPv
003dc9e5   _ti_catalog_c2800_init_Boot_defaultLimpAbortFunction
003dc9e7   _ti_sysbios_family_c28_TaskSupport_Module__startupDone__S
003dc9e9   _ti_sysbios_family_c28_Timer_getMaxTicks__E
003dc9eb   _ti_sysbios_gates_GateHwi_query__E
003dc9ed   _ti_sysbios_gates_GateMutex_query__E
003dc9ef   _ti_uia_loggers_LoggerStopMode_getContents__E
003dc9f1   _ti_uia_loggers_LoggerStopMode_getInstanceId__E
003dc9f3   _ti_uia_loggers_LoggerStopMode_getPriority__E
003dc9f5   _ti_uia_loggers_LoggerStopMode_getTransferType__E
003dc9f7   _xdc_runtime_Error_getSite__E
003dc9f9   _ti_sysbios_family_c28_Hwi_interruptReturn__I
003dc9fa   _ti_sysbios_gates_GateHwi_Instance_init__E
003dc9fb   _ti_uia_loggers_LoggerStopMode_setPriority__E
003dc9fc   ___default_new_handler__Fv
003dc9fd   ___etext__
003dc9fd   etext
003dc9fe   _xdc_runtime_Text_charTab__A
003de6e6   _PieVectTableInit
003de7e6   _ti_sysbios_family_c28_Hwi_vectors
003de95d   _xdc_runtime_Text_nodeTab__A
003de9cd   _ti_sysbios_family_c28_Hwi_Module__id__C
003dea69   _ti_sysbios_family_c28_Hwi_Module__loggerDefined__C
003dea6a   _ti_uia_loggers_LoggerStopMode_Module__FXNS__C
003deaea   _ti_uia_loggers_LoggerStopMode_Object__PARAMS__C
003deb00   _ti_sysbios_heaps_HeapMem_Module__FXNS__C
003deb14   _xdc_runtime_Startup_sfxnTab__A
003deb28   _ti_sysbios_gates_GateHwi_Module__FXNS__C
003deb3a   _ti_sysbios_gates_GateMutex_Module__FXNS__C
003deb4c   _ti_sysbios_heaps_HeapMem_Object__PARAMS__C
003deb6f   _ti_sysbios_family_c28_Hwi_NUM_INTERRUPTS_ALL__C
003deb80   _ti_sysbios_gates_GateHwi_Object__DESC__C
003deb90   _ti_sysbios_gates_GateMutex_Object__DESC__C
003deba0   _ti_sysbios_heaps_HeapMem_Object__DESC__C
003debb0   _ti_sysbios_knl_Queue_Object__DESC__C
003debc0   _ti_sysbios_knl_Semaphore_Object__DESC__C
003debd0   _ti_sysbios_knl_Semaphore_Object__PARAMS__C
003debe0   _ti_uia_loggers_LoggerStopMode_Object__DESC__C
003debff   _ti_sysbios_family_c28_Hwi_Object__count__C
003dec00   _ti_sysbios_gates_GateHwi_Object__PARAMS__C
003dec0c   _ti_sysbios_gates_GateMutex_Object__PARAMS__C
003dec18   _ti_sysbios_knl_Queue_Object__PARAMS__C
003dec24   _xdc_runtime_Startup_sfxnRts__A
003dec55   _ti_sysbios_family_c28_TaskSupport_Module__id__C
003dec5b   _ti_sysbios_family_c28_Timer_Module__id__C
003dec5c   _task0
003dec5e   _clock0
003dec60   _ti_sysbios_knl_Idle_funcList__A
003dec64   _ti_sysbios_knl_Idle_funcList__C
003dec68   _xdc_runtime_Startup_firstFxns__A
003dec6c   _xdc_runtime_Startup_firstFxns__C
003dec70   _xdc_runtime_Startup_lastFxns__C
003dec74   _ti_sysbios_BIOS_installedErrorHook__C
003dec76   _ti_sysbios_family_c28_Hwi_A_badIntNum__C
003dec78   _ti_sysbios_family_c28_Hwi_A_invalidArg__C
003dec7a   _ti_sysbios_family_c28_Hwi_E_unpluggedInterrupt__C
003dec7c   _ti_sysbios_family_c28_Hwi_LD_end__C
003dec7e   _ti_sysbios_family_c28_Hwi_LM_begin__C
003dec80   _ti_sysbios_family_c28_Hwi_Module__diagsEnabled__C
003dec82   _ti_sysbios_family_c28_Hwi_Module__diagsIncluded__C
003dec84   _ti_sysbios_family_c28_Hwi_Module__diagsMask__C
003dec86   _ti_sysbios_family_c28_Hwi_Module__loggerFxn1__C
003dec88   _ti_sysbios_family_c28_Hwi_Module__loggerFxn8__C
003dec8a   _ti_sysbios_family_c28_Hwi_Module__loggerObj__C
003dec8c   _ti_sysbios_family_c28_Hwi_Object__table__C
003dec8e   _ti_sysbios_family_c28_TaskSupport_E_invalidStack__C
003dec90   _ti_sysbios_family_c28_Timer_Module__diagsEnabled__C
003dec92   _ti_sysbios_family_c28_Timer_Module__diagsIncluded__C
003dec94   _ti_sysbios_family_c28_Timer_Module__diagsMask__C
003dec96   _ti_sysbios_family_c28_TimestampProvider_Module__diagsEnabled__C
003dec98   _ti_sysbios_family_c28_TimestampProvider_Module__diagsIncluded__C
003dec9a   _ti_sysbios_family_c28_TimestampProvider_Module__diagsMask__C
003dec9c   _ti_sysbios_gates_GateMutex_A_badContext__C
003dec9e   _ti_sysbios_gates_GateMutex_Instance_State_sem__O
003deca0   _ti_sysbios_gates_GateMutex_Module__diagsEnabled__C
003deca2   _ti_sysbios_gates_GateMutex_Module__diagsIncluded__C
003deca4   _ti_sysbios_gates_GateMutex_Module__diagsMask__C
003deca6   _ti_sysbios_hal_Hwi_E_stackOverflow__C
003deca8   _ti_sysbios_heaps_HeapMem_A_align__C
003decaa   _ti_sysbios_heaps_HeapMem_A_heapSize__C
003decac   _ti_sysbios_heaps_HeapMem_A_invalidFree__C
003decae   _ti_sysbios_heaps_HeapMem_A_zeroBlock__C
003decb0   _ti_sysbios_heaps_HeapMem_E_memory__C
003decb2   _ti_sysbios_heaps_HeapMem_Module__diagsEnabled__C
003decb4   _ti_sysbios_heaps_HeapMem_Module__diagsIncluded__C
003decb6   _ti_sysbios_heaps_HeapMem_Module__diagsMask__C
003decb8   _ti_sysbios_heaps_HeapMem_Module__gateObj__C
003decba   _ti_sysbios_heaps_HeapMem_Object__table__C
003decbc   _ti_sysbios_heaps_HeapMem_reqAlign__C
003decbe   _ti_sysbios_knl_Clock_LM_begin__C
003decc0   _ti_sysbios_knl_Clock_LM_tick__C
003decc2   _ti_sysbios_knl_Clock_LW_delayed__C
003decc4   _ti_sysbios_knl_Clock_Module_State_clockQ__O
003decc6   _ti_sysbios_knl_Clock_Module__diagsEnabled__C
003decc8   _ti_sysbios_knl_Clock_Module__diagsIncluded__C
003decca   _ti_sysbios_knl_Clock_Module__diagsMask__C
003deccc   _ti_sysbios_knl_Clock_Module__loggerFxn1__C
003decce   _ti_sysbios_knl_Clock_Module__loggerFxn2__C
003decd0   _ti_sysbios_knl_Clock_Module__loggerObj__C
003decd2   _ti_sysbios_knl_Queue_Object__table__C
003decd4   _ti_sysbios_knl_Semaphore_A_badContext__C
003decd6   _ti_sysbios_knl_Semaphore_A_noEvents__C
003decd8   _ti_sysbios_knl_Semaphore_A_overflow__C
003decda   _ti_sysbios_knl_Semaphore_A_pendTaskDisabled__C
003decdc   _ti_sysbios_knl_Semaphore_Instance_State_pendQ__O
003decde   _ti_sysbios_knl_Semaphore_LM_pend__C
003dece0   _ti_sysbios_knl_Semaphore_LM_post__C
003dece2   _ti_sysbios_knl_Semaphore_Module__diagsEnabled__C
003dece4   _ti_sysbios_knl_Semaphore_Module__diagsIncluded__C
003dece6   _ti_sysbios_knl_Semaphore_Module__diagsMask__C
003dece8   _ti_sysbios_knl_Semaphore_Module__loggerFxn2__C
003decea   _ti_sysbios_knl_Semaphore_Module__loggerFxn4__C
003decec   _ti_sysbios_knl_Semaphore_Module__loggerObj__C
003decee   _ti_sysbios_knl_Swi_LD_end__C
003decf0   _ti_sysbios_knl_Swi_LM_begin__C
003decf2   _ti_sysbios_knl_Swi_LM_post__C
003decf4   _ti_sysbios_knl_Swi_Module__diagsEnabled__C
003decf6   _ti_sysbios_knl_Swi_Module__diagsIncluded__C
003decf8   _ti_sysbios_knl_Swi_Module__diagsMask__C
003decfa   _ti_sysbios_knl_Swi_Module__loggerFxn1__C
003decfc   _ti_sysbios_knl_Swi_Module__loggerFxn4__C
003decfe   _ti_sysbios_knl_Swi_Module__loggerObj__C
003ded00   _ti_sysbios_knl_Swi_Object__table__C
003ded02   _ti_sysbios_knl_Task_E_spOutOfBounds__C
003ded04   _ti_sysbios_knl_Task_E_stackOverflow__C
003ded06   _ti_sysbios_knl_Task_LD_block__C
003ded08   _ti_sysbios_knl_Task_LD_exit__C
003ded0a   _ti_sysbios_knl_Task_LD_ready__C
003ded0c   _ti_sysbios_knl_Task_LM_switch__C
003ded0e   _ti_sysbios_knl_Task_Module_State_inactiveQ__O
003ded10   _ti_sysbios_knl_Task_Module__diagsEnabled__C
003ded12   _ti_sysbios_knl_Task_Module__diagsIncluded__C
003ded14   _ti_sysbios_knl_Task_Module__diagsMask__C
003ded16   _ti_sysbios_knl_Task_Module__loggerFxn2__C
003ded18   _ti_sysbios_knl_Task_Module__loggerFxn4__C
003ded1a   _ti_sysbios_knl_Task_Module__loggerObj__C
003ded1c   _ti_sysbios_knl_Task_Object__table__C
003ded1e   _ti_sysbios_knl_Task_allBlockedFunc__C
003ded20   _ti_sysbios_utils_Load_LS_cpuLoad__C
003ded22   _ti_sysbios_utils_Load_LS_hwiLoad__C
003ded24   _ti_sysbios_utils_Load_Module__diagsEnabled__C
003ded26   _ti_sysbios_utils_Load_Module__diagsIncluded__C
003ded28   _ti_sysbios_utils_Load_Module__diagsMask__C
003ded2a   _ti_sysbios_utils_Load_Module__loggerFxn1__C
003ded2c   _ti_sysbios_utils_Load_Module__loggerFxn2__C
003ded2e   _ti_sysbios_utils_Load_Module__loggerObj__C
003ded30   _ti_sysbios_utils_Load_postUpdate__C
003ded32   _ti_uia_loggers_LoggerStopMode_Module__diagsEnabled__C
003ded34   _ti_uia_loggers_LoggerStopMode_Module__diagsIncluded__C
003ded36   _ti_uia_loggers_LoggerStopMode_Module__diagsMask__C
003ded38   _ti_uia_loggers_LoggerStopMode_Object__table__C
003ded3a   _ti_uia_runtime_ILoggerSnapshot_Interface__BASE__C
003ded3c   _ti_uia_runtime_IUIATransfer_Interface__BASE__C
003ded3e   _xdc_runtime_Assert_E_assertFailed__C
003ded40   _xdc_runtime_Core_A_initializedParams__C
003ded42   _xdc_runtime_Core_Module__diagsEnabled__C
003ded44   _xdc_runtime_Core_Module__diagsIncluded__C
003ded46   _xdc_runtime_Core_Module__diagsMask__C
003ded48   _xdc_runtime_Error_E_memory__C
003ded4a   _xdc_runtime_Error_Module__diagsEnabled__C
003ded4c   _xdc_runtime_Error_Module__diagsIncluded__C
003ded4e   _xdc_runtime_Error_Module__diagsMask__C
003ded50   _xdc_runtime_Error_Module__loggerFxn8__C
003ded52   _xdc_runtime_Error_Module__loggerObj__C
003ded54   _xdc_runtime_Error_policyFxn__C
003ded56   _xdc_runtime_Error_raiseHook__C
003ded58   _xdc_runtime_IFilterLogger_Interface__BASE__C
003ded5a   _xdc_runtime_IGateProvider_Interface__BASE__C
003ded5c   _xdc_runtime_IHeap_Interface__BASE__C
003ded5e   _xdc_runtime_ILogger_Interface__BASE__C
003ded60   _xdc_runtime_IModule_Interface__BASE__C
003ded62   _xdc_runtime_Log_L_error__C
003ded64   _xdc_runtime_Main_Module__diagsEnabled__C
003ded66   _xdc_runtime_Main_Module__diagsIncluded__C
003ded68   _xdc_runtime_Main_Module__diagsMask__C
003ded6a   _xdc_runtime_Memory_defaultHeapInstance__C
003ded6c   _xdc_runtime_Startup_execImpl__C
003ded6e   _xdc_runtime_Startup_lastFxns__A
003ded70   _xdc_runtime_Startup_sfxnRts__C
003ded72   _xdc_runtime_Startup_sfxnTab__C
003ded74   _xdc_runtime_Startup_startModsFxn__C
003ded76   _xdc_runtime_SysMin_bufSize__C
003ded78   _xdc_runtime_SysMin_outputFunc__C
003ded7a   _xdc_runtime_System_Module__gateObj__C
003ded7c   _xdc_runtime_System_abortFxn__C
003ded7e   _xdc_runtime_System_exitFxn__C
003ded80   _xdc_runtime_System_extendFxn__C
003ded82   _xdc_runtime_Text_charTab__C
003ded84   _xdc_runtime_Text_nameEmpty__C
003ded86   _xdc_runtime_Text_nameStatic__C
003ded88   _xdc_runtime_Text_nameUnknown__C
003ded8a   _xdc_runtime_Text_nodeTab__C
003ded8c   _xdc_runtime_Text_visitRopeFxn__C
003ded8e   _ti_sysbios_family_c28_Timer_startupNeeded__C
003ded8f   _ti_sysbios_family_c28_TimestampProvider_Module__id__C
003ded90   _ti_sysbios_family_c28_TimestampProvider_useClockTimer__C
003ded91   _ti_sysbios_gates_GateMutex_Module__id__C
003ded92   _ti_sysbios_hal_Hwi_Module__id__C
003ded93   _ti_sysbios_heaps_HeapMem_Module__id__C
003ded94   _ti_sysbios_heaps_HeapMem_Object__count__C
003ded95   _ti_sysbios_knl_Clock_Module__id__C
003ded96   _ti_sysbios_knl_Clock_Module__loggerDefined__C
003ded97   _ti_sysbios_knl_Queue_Object__count__C
003ded98   _ti_sysbios_knl_Semaphore_Module__id__C
003ded99   _ti_sysbios_knl_Semaphore_Module__loggerDefined__C
003ded9a   _ti_sysbios_knl_Swi_Module__id__C
003ded9b   _ti_sysbios_knl_Swi_Module__loggerDefined__C
003ded9c   _ti_sysbios_knl_Swi_Object__count__C
003ded9d   _ti_sysbios_knl_Task_Module__id__C
003ded9e   _ti_sysbios_knl_Task_Module__loggerDefined__C
003ded9f   _ti_sysbios_knl_Task_Object__count__C
003deda0   _ti_sysbios_knl_Task_initStackFlag__C
003deda1   _ti_sysbios_knl_Task_numConstructedTasks__C
003deda2   _ti_sysbios_utils_Load_Module__id__C
003deda3   _ti_sysbios_utils_Load_Module__loggerDefined__C
003deda4   _ti_sysbios_utils_Load_hwiEnabled__C
003deda5   _ti_sysbios_utils_Load_updateInIdle__C
003deda6   _ti_sysbios_utils_Load_windowInMs__C
003deda7   _ti_uia_loggers_LoggerStopMode_Module__id__C
003deda8   _ti_uia_loggers_LoggerStopMode_Object__count__C
003deda9   _ti_uia_loggers_LoggerStopMode_isTimestampEnabled__C
003dedaa   _xdc_runtime_Core_Module__id__C
003dedab   _xdc_runtime_Error_Module__loggerDefined__C
003dedac   _xdc_runtime_Error_maxDepth__C
003dedad   _xdc_runtime_Error_policy__C
003dedae   _xdc_runtime_Main_Module__id__C
003dedaf   _xdc_runtime_Memory_Module__id__C
003dedb0   _xdc_runtime_Startup_maxPasses__C
003dedb1   _xdc_runtime_SysMin_flushAtExit__C
003dedb2   _xdc_runtime_System_maxAtexitHandlers__C
003dedb3   _xdc_runtime_Text_charCnt__C
003dedb4   _xdc_runtime_Text_isLoaded__C
003dedb5   _xdc_runtime_Text_registryModsLastId__C
003dedb6   _xdc_runtime_Text_unnamedModsLastId__C
003dedb7   ___cinit__
003dedb7   cinit
003df27f   _RamfuncsLoadStart
003df283   _RamfuncsLoadEnd
003f7ff6   _ti_catalog_c2800_init_Boot_entry
003f7ff8   _CsmPwl
ffffffff   ___binit__
ffffffff   ___c_args__
ffffffff   ___pinit__
ffffffff   binit
ffffffff   pinit

[840 symbols]
