******************************************************************************
             TMS320C2000 Linker PC v6.2.11                     
******************************************************************************
>> Linked Sat Jan 16 16:30:42 2016

OUTPUT FILE NAME:   <Quad_RTSC.out>
ENTRY POINT SYMBOL: "_c_int00"  address: 003db2fe


MEMORY CONFIGURATION

         name            origin    length      used     unused   attr    fill
----------------------  --------  ---------  --------  --------  ----  --------
PAGE 0:
  L03SARAM              00008000   00002000  00000004  00001ffc  RWIX
  OTP                   003d7800   00000400  00000000  00000400  RWIX
  FLASH                 003d8000   0001ff80  0000733b  00018c45  RWIX
  CSM_RSVD              003f7f80   00000076  00000000  00000076  RWIX
  BEGIN                 003f7ff6   00000002  00000000  00000002  RWIX
  CSM_PWL               003f7ff8   00000008  00000000  00000008  RWIX
  FPUTABLES             003fd860   000006a0  00000000  000006a0  RWIX
  IQTABLES              003fdf00   00000b50  00000000  00000b50  RWIX
  IQTABLES2             003fea50   0000008c  00000000  0000008c  RWIX
  IQTABLES3             003feadc   000000aa  00000000  000000aa  RWIX
  ROM                   003ff3b0   00000c10  00000000  00000c10  RWIX
  RESET                 003fffc0   00000002  00000000  00000002  RWIX
  VECTORS               003fffc2   0000003e  00000000  0000003e  RWIX

PAGE 1:
  M01SARAM              00000000   00000800  00000000  00000800  RWIX
  DEV_EMU               00000880   00000105  00000004  00000101  RWIX
  SYS_PWR_CTL           00000985   00000003  00000003  00000000  RWIX
  FLASH_REGS            00000a80   00000060  00000008  00000058  RWIX
  CSM                   00000ae0   00000020  00000010  00000010  RWIX
  ADC_RESULT            00000b00   00000020  00000010  00000010  RWIX
  CPU_TIMER0            00000c00   00000008  00000008  00000000  RWIX
  CPU_TIMER1            00000c08   00000008  00000008  00000000  RWIX
  CPU_TIMER2            00000c10   00000008  00000008  00000000  RWIX
  PIE_CTRL              00000ce0   00000020  0000001a  00000006  RWIX
  PIEVECT               00000d00   00000100  00000000  00000100  RWIX
  DMA                   00001000   00000200  000000e0  00000120  RWIX
  CLA1                  00001400   00000080  00000040  00000040  RWIX
  USB0                  00004000   00001000  00000454  00000bac  RWIX
  McBSPA                00005000   00000040  00000024  0000001c  RWIX
  ECANA                 00006000   00000040  00000034  0000000c  RWIX
  ECANA_LAM             00006040   00000040  00000040  00000000  RWIX
  ECANA_MOTS            00006080   00000040  00000040  00000000  RWIX
  ECANA_MOTO            000060c0   00000040  00000040  00000000  RWIX
  ECANA_MBOX            00006100   00000100  00000100  00000000  RWIX
  COMP1                 00006400   00000020  00000014  0000000c  RWIX
  COMP2                 00006420   00000020  00000014  0000000c  RWIX
  COMP3                 00006440   00000020  00000014  0000000c  RWIX
  EPWM1                 00006800   00000040  00000040  00000000  RWIX
  EPWM2                 00006840   00000040  00000040  00000000  RWIX
  EPWM3                 00006880   00000040  00000040  00000000  RWIX
  EPWM4                 000068c0   00000040  00000040  00000000  RWIX
  EPWM5                 00006900   00000040  00000040  00000000  RWIX
  EPWM6                 00006940   00000040  00000040  00000000  RWIX
  EPWM7                 00006980   00000040  00000040  00000000  RWIX
  EPWM8                 000069c0   00000040  00000040  00000000  RWIX
  ECAP1                 00006a00   00000020  00000020  00000000  RWIX
  ECAP2                 00006a20   00000020  00000020  00000000  RWIX
  ECAP3                 00006a40   00000020  00000020  00000000  RWIX
  HRCAP1                00006ac0   00000020  00000020  00000000  RWIX
  HRCAP2                00006ae0   00000020  00000020  00000000  RWIX
  EQEP1                 00006b00   00000040  00000022  0000001e  RWIX
  EQEP2                 00006b40   00000040  00000022  0000001e  RWIX
  HRCAP3                00006c80   00000020  00000020  00000000  RWIX
  HRCAP4                00006ca0   00000020  00000020  00000000  RWIX
  GPIOCTRL              00006f80   00000040  00000040  00000000  RWIX
  GPIODAT               00006fc0   00000020  00000020  00000000  RWIX
  GPIOINT               00006fe0   00000020  00000020  00000000  RWIX
  SYSTEM                00007010   00000030  00000030  00000000  RWIX
  SPIA                  00007040   00000010  00000010  00000000  RWIX
  SCIA                  00007050   00000010  00000010  00000000  RWIX
  NMIINTRUPT            00007060   00000010  00000010  00000000  RWIX
  XINTRUPT              00007070   00000010  00000010  00000000  RWIX
  ADC                   00007100   00000080  00000050  00000030  RWIX
  SPIB                  00007740   00000010  00000010  00000000  RWIX
  SCIB                  00007750   00000010  00000010  00000000  RWIX
  I2CA                  00007900   00000040  00000022  0000001e  RWIX
  L46SARAM              0000a000   00006000  000036e0  00002920  RWIX
  L78SARAM              00010000   00004000  00000120  00003ee0  RWIX
  PARTID                003d7e80   00000001  00000001  00000000  RWIX
  CSM_PWL               003f7ff8   00000008  00000008  00000000  RWIX


SECTION ALLOCATION MAP

 output                                  attributes/
section   page    origin      length       input sections
--------  ----  ----------  ----------   ----------------
.pinit     0    003d8000    00000000     UNINITIALIZED

xdc.meta   0    00000000    000000e1     COPY SECTION
                  00000000    000000e1     Quad_p28FP.o28FP (xdc.meta)

EmuKeyVar 
*          0    00000d00    00000001     DSECT
                  00000d00    00000001     F2806x_GlobalVariableDefs.obj (EmuKeyVar)

PieVectTableFile 
*          0    00000d00    00000100     DSECT
                  00000d00    00000100     F2806x_GlobalVariableDefs.obj (PieVectTableFile)

EmuBModeVar 
*          0    00000d01    00000001     DSECT
                  00000d01    00000001     F2806x_GlobalVariableDefs.obj (EmuBModeVar)

FlashCallbackVar 
*          0    00000d02    00000002     DSECT
                  00000d02    00000002     F2806x_GlobalVariableDefs.obj (FlashCallbackVar)

FlashScalingVar 
*          0    00000d04    00000002     DSECT
                  00000d04    00000002     F2806x_GlobalVariableDefs.obj (FlashScalingVar)

.text      0    003d8000    00004ab2     
                  003d8000    00000538     Sensor_Drvr.obj (.text)
                  003d8538    0000039b     F2806x_DefaultIsr.obj (.text:retain)
                  003d88d3    0000031c     QuadProcessor.obj (.text)
                  003d8bef    00000259     Command_Transform.obj (.text)
                  003d8e48    00000234     ti.targets.rts2800.a28FP : System.o28FP (.text:_xdc_runtime_System_doPrint__I)
                  003d907c    00000211     rts2800_fpu32.lib : trgdrv.obj (.text)
                  003d928d    000001e6     sysbios.a28FP : BIOS.obj (.text:_ti_sysbios_knl_Semaphore_pend__E)
                  003d9473    000001d8                   : BIOS.obj (.text:_ti_sysbios_heaps_HeapMem_free__E)
                  003d964b    000001d0                   : BIOS.obj (.text:_ti_sysbios_heaps_HeapMem_alloc__E)
                  003d981b    00000192     PWM_Driver.obj (.text)
                  003d99ad    0000014e     I2C_Device.obj (.text)
                  003d9afb    0000013c     sysbios.a28FP : BIOS.obj (.text:_ti_sysbios_knl_Task_sleep__E)
                  003d9c37    0000010a     Quad_p28FP.o28FP (.text:_ti_uia_loggers_LoggerStopMode_writeMemoryRange__E)
                  003d9d41    0000010a     Quad_p28FP.o28FP (.text:_xdc_runtime_System_printfExtend__I)
                  003d9e4b    00000107     rts2800_fpu32.lib : ll_div.obj (.text)
                  003d9f52    00000105     sysbios.a28FP : BIOS.obj (.text:_ti_sysbios_heaps_HeapMem_Instance_init__E)
                  003da057    000000f9     HUD_Interface.obj (.text)
                  003da150    000000f7     Quad_p28FP.o28FP (.text:_ti_uia_loggers_LoggerStopMode_writeFinish)
                  003da247    000000e8     SPI_Device.obj (.text)
                  003da32f    000000e7     sysbios.a28FP : BIOS.obj (.text:_ti_sysbios_family_c28_Hwi_clearInterrupt__E)
                  003da416    000000c9     ti.targets.rts2800.a28FP : Core-mem.o28FP (.text:_xdc_runtime_Core_createObject__I)
                  003da4df    000000c0     sysbios.a28FP : BIOS.obj (.text:_ti_sysbios_family_c28_Hwi_dispatchCore__I)
                  003da59f    000000bf                   : BIOS.obj (.text:_ti_sysbios_knl_Semaphore_post__E)
                  003da65e    000000bd                   : BIOS.obj (.text:_ti_sysbios_knl_Clock_workFunc__E)
                  003da71b    000000b2                   : BIOS.obj (.text:_ti_sysbios_knl_Swi_run__I)
                  003da7cd    000000a2     ti.targets.rts2800.a28FP : Core-smem.o28FP (.text:_xdc_runtime_Core_constructObject__I)
                  003da86f    0000009a     sysbios.a28FP : c28_Hwi_disp.obj (.text:_ti_sysbios_family_c28_Hwi_dispatch)
                  003da909    0000009a     ti.targets.rts2800.a28FP : Error.o28FP (.text:_xdc_runtime_Error_policyDefault__E)
                  003da9a3    00000092     sysbios.a28FP : BIOS.obj (.text:_ti_sysbios_family_c28_Hwi_enableInterrupt__E)
                  003daa35    00000001     Quad_p28FP.o28FP (.text:_ti_sysbios_BIOS_nullFunc__I)
                  003daa36    0000008e     rts2800_fpu32.lib : ankmsg.obj (.text)
                  003daac4    00000088                       : fs_div.obj (.text)
                  003dab4c    00000087     sysbios.a28FP : BIOS.obj (.text:_ti_sysbios_family_c28_Hwi_disableInterrupt__E)
                  003dabd3    00000086                   : BIOS.obj (.text:_ti_sysbios_family_c28_Hwi_disablePIEIER__E)
                  003dac59    00000083                   : BIOS.obj (.text:_ti_sysbios_family_c28_Hwi_enablePIEIER__E)
                  003dacdc    0000007d     ti.targets.rts2800.a28FP : Startup.o28FP (.text:_xdc_runtime_Startup_startMods__I)
                  003dad59    0000007a     ti.uia.loggers.a28FP : LoggerStopMode.o28FP (.text:_ti_uia_loggers_LoggerStopMode_flush__E)
                  003dadd3    00000078     sysbios.a28FP : BIOS.obj (.text:_ti_sysbios_family_c28_Timer_stopAndClear__I)
                  003dae4b    00000074                   : BIOS.obj (.text:_ti_sysbios_gates_GateMutex_enter__E)
                  003daebf    00000073                   : BIOS.obj (.text:_ti_sysbios_utils_Load_updateLoads__E)
                  003daf32    00000070                   : BIOS.obj (.text:_ti_sysbios_knl_Task_schedule__I)
                  003dafa2    0000006f                   : BIOS.obj (.text:_ti_sysbios_knl_Task_startCore__E)
                  003db011    0000006f     rts2800_fpu32.lib : atan.obj (.text)
                  003db080    0000006e     sysbios.a28FP : BIOS.obj (.text:_ti_sysbios_knl_Semaphore_Instance_init__E)
                  003db0ee    0000006e     main.obj (.text)
                  003db15c    0000006d     sysbios.a28FP : BIOS.obj (.text:_ti_sysbios_knl_Task_checkStacks__E)
                  003db1c9    00000068     ti.targets.rts2800.a28FP : Text.o28FP (.text:_xdc_runtime_Text_putSite__E)
                  003db231    00000067     sysbios.a28FP : BIOS.obj (.text:_ti_sysbios_utils_Load_idleFxn__E)
                  003db298    00000066                   : BIOS.obj (.text:_ti_sysbios_knl_Task_blockI__E)
                  003db2fe    00000063     boot.a28FP : boot_cg.o28FP (.text)
                  003db361    00000062     sysbios.a28FP : BIOS.obj (.text:_ti_sysbios_knl_Swi_post__E)
                  003db3c3    0000005f     Quad_p28FP.o28FP (.text:_ti_uia_loggers_LoggerStopMode_write8__E)
                  003db422    00000059     LED_Driver.obj (.text)
                  003db47b    00000059     sysbios.a28FP : BIOS.obj (.text:_ti_sysbios_knl_Task_exit__E)
                  003db4d4    00000058     ti.uia.loggers.a28FP : LoggerStopMode.o28FP (.text:_ti_uia_loggers_LoggerStopMode_initQueueDescriptor__E)
                  003db52c    00000058     ti.targets.rts2800.a28FP : Memory.o28FP (.text:_xdc_runtime_Memory_alloc__E)
                  003db584    00000053     sysbios.a28FP : BIOS.obj (.text:_ti_sysbios_knl_Task_unblockI__E)
                  003db5d7    0000004b                   : BIOS.obj (.text:_ti_sysbios_knl_Task_postInit__I)
                  003db622    0000004a     ti.targets.rts2800.a28FP : Text.o28FP (.text:_xdc_runtime_Text_putLab__E)
                  003db66c    00000049     sysbios.a28FP : BIOS.obj (.text:_ti_sysbios_family_c28_TimestampProvider_get64__E)
                  003db6b5    00000048                   : BIOS.obj (.text:_ti_sysbios_family_c28_Timer_postInit__I)
                  003db6fd    00000048     Quad_p28FP.o28FP (.text:_ti_uia_loggers_LoggerStopMode_writeStart)
                  003db745    00000047     sysbios.a28FP : BIOS.obj (.text:_ti_sysbios_family_c28_Hwi_Module_startup__E)
                  003db78c    00000047     Quad_p28FP.o28FP (.text:_ti_uia_loggers_LoggerStopMode_write4__E)
                  003db7d3    00000046     ti.targets.rts2800.a28FP : Core-mem.o28FP (.text:_xdc_runtime_Core_deleteObject__I)
                  003db819    00000046     rts2800_fpu32.lib : far_cpy_tbl.obj (.text)
                  003db85f    00000042     sysbios.a28FP : BIOS.obj (.text:_ti_sysbios_utils_Load_logLoads__I)
                  003db8a1    00000041                   : BIOS.obj (.text:_ti_sysbios_family_c28_Hwi_unPluggedInterrupt__I)
                  003db8e2    0000003e                   : BIOS.obj (.text:_ti_sysbios_family_c28_TaskSupport_start__E)
                  003db920    0000003e     ti.targets.rts2800.a28FP : System.o28FP (.text:_xdc_runtime_System_formatNum__I)
                  003db95e    0000003d     ti.uia.runtime.a28FP : QueueDescriptor.o28FP (.text:_ti_uia_runtime_QueueDescriptor_addToList__E)
                  003db99b    0000003b     Quad_p28FP.o28FP (.text:_ti_uia_loggers_LoggerStopMode_write2__E)
                  003db9d6    0000003b     ti.targets.rts2800.a28FP : Core-params.o28FP (.text:_xdc_runtime_Core_assignParams__I)
                  003dba11    0000003a                              : Text.o28FP (.text:_xdc_runtime_Text_putMod__E)
                  003dba4b    00000038     sysbios.a28FP : BIOS.obj (.text:_ti_sysbios_knl_Clock_logTick__E)
                  003dba83    00000038                   : BIOS.obj (.text:_ti_sysbios_knl_Swi_restoreHwi__E)
                  003dbabb    00000038                   : BIOS.obj (.text:_ti_sysbios_utils_Load_logCPULoad__I)
                  003dbaf3    00000037                   : BIOS.obj (.text:_ti_sysbios_utils_Load_updateThreadContexts__E)
                  003dbb2a    00000036                   : BIOS.obj (.text:_ti_sysbios_family_c28_TimestampProvider_Module_startup__E)
                  003dbb60    00000035     Quad_p28FP.o28FP (.text:_ti_uia_loggers_LoggerStopMode_write1__E)
                  003dbb95    00000034     Quad_p28FP.o28FP (.text:_ti_sysbios_BIOS_rtsUnlock__I)
                  003dbbc9    00000034     ti.targets.rts2800.a28FP : Text.o28FP (.text:_xdc_runtime_Text_visitRope2__I)
                  003dbbfd    00000033     sysbios.a28FP : BIOS.obj (.text:_ti_sysbios_family_c28_TimestampProvider_get32__E)
                  003dbc30    00000033     ti.targets.rts2800.a28FP : Assert.o28FP (.text:_xdc_runtime_Assert_raise__I)
                  003dbc63    00000032     sysbios.a28FP : BIOS.obj (.text:_ti_sysbios_family_c28_Timer_start__E)
                  003dbc95    00000032                   : BIOS.obj (.text:_ti_sysbios_knl_Task_Module_startup__E)
                  003dbcc7    00000032     ti.targets.rts2800.a28FP : Error.o28FP (.text:_xdc_runtime_Error_setX__E)
                  003dbcf9    00000031                              : Startup.o28FP (.text:_xdc_runtime_Startup_exec__E)
                  003dbd2a    00000030                              : Error.o28FP (.text:_xdc_runtime_Error_print__E)
                  003dbd5a    0000002f     sysbios.a28FP : BIOS.obj (.text:_ti_sysbios_knl_Swi_runLoop__I)
                  003dbd89    0000002e     Boot.a28FP : Boot.o28FP (.text:.bootCodeSection:_ti_catalog_c2800_init_Boot_configurePll2802x)
                  003dbdb7    0000002e     sysbios.a28FP : BIOS.obj (.text:_ti_sysbios_family_c28_Timer_getFreq__E)
                  003dbde5    0000002e                   : BIOS.obj (.text:_ti_sysbios_knl_Swi_schedule__I)
                  003dbe13    0000002e                   : BIOS.obj (.text:_ti_sysbios_utils_Load_updateCurrentThreadTime__E)
                  003dbe41    0000002d                   : BIOS.obj (.text:_ti_sysbios_family_c28_Hwi_getStackInfo__E)
                  003dbe6e    0000002d                   : BIOS.obj (.text:_ti_sysbios_heaps_HeapMem_getStats__E)
                  003dbe9b    0000002d                   : BIOS.obj (.text:_ti_sysbios_heaps_HeapMem_init__I)
                  003dbec8    0000002c                   : BIOS.obj (.text:_ti_sysbios_family_c28_Hwi_getInterruptFlag__E)
                  003dbef4    0000002c     ti.uia.loggers.a28FP : LoggerStopMode.o28FP (.text:_ti_uia_loggers_LoggerStopMode_Module_startup__E)
                  003dbf20    0000002b     sysbios.a28FP : BIOS.obj (.text:_ti_sysbios_family_c28_Timer_getExpiredCounts64__E)
                  003dbf4b    0000002b     Quad_p28FP.o28FP (.text:_ti_uia_loggers_LoggerStopMode_write0__E)
                  003dbf76    00000028     ti.targets.rts2800.a28FP : SysMin.o28FP (.text:_xdc_runtime_SysMin_flush__E)
                  003dbf9e    00000027                              : Text.o28FP (.text:_xdc_runtime_Text_xprintf__I)
                  003dbfc5    00000026     sysbios.a28FP : BIOS.obj (.text:_ti_sysbios_family_c28_Timer_getExpiredCounts__E)
                  003dbfeb    00000026                   : BIOS.obj (.text:_ti_sysbios_family_c28_Timer_setPrescale__E)
                  003dc011    00000025                   : c28_TaskSupport_asm.obj (.text:_ti_sysbios_family_c28_TaskSupport_buildTaskStack)
                  003dc036    00000025     ti.uia.loggers.a28FP : LoggerStopMode.o28FP (.text:_ti_uia_loggers_LoggerStopMode_initBuffer__I)
                  003dc05b    00000024                          : LoggerStopMode.o28FP (.text:_ti_uia_loggers_LoggerStopMode_reset__E)
                  003dc07f    00000024     ti.targets.rts2800.a28FP : System.o28FP (.text:_xdc_runtime_System_processAtExit__E)
                  003dc0a3    00000023     Quad_p28FP.o28FP (.text:_malloc)
                  003dc0c6    00000023     rts2800_fpu32.lib : sqrt.obj (.text)
                  003dc0e9    00000021     sysbios.a28FP : BIOS.obj (.text:_ti_sysbios_knl_Task_allBlockedFunction__I)
                  003dc10a    00000021     ti.targets.rts2800.a28FP : System.o28FP (.text:_xdc_runtime_System_atexit__E)
                  003dc12b    00000021     rts2800_fpu32.lib : memcpy_ff.obj (.text)
                  003dc14c    00000020                       : new_.obj (.text)
                  003dc16c    0000001e     Quad_p28FP.o28FP (.text:_ti_sysbios_gates_GateHwi_Object__create__S)
                  003dc18a    0000001e     Quad_p28FP.o28FP (.text:_ti_sysbios_gates_GateMutex_Object__create__S)
                  003dc1a8    0000001e     Quad_p28FP.o28FP (.text:_ti_sysbios_heaps_HeapMem_Object__create__S)
                  003dc1c6    0000001e     Quad_p28FP.o28FP (.text:_ti_uia_loggers_LoggerStopMode_Object__create__S)
                  003dc1e4    0000001e     ti.targets.rts2800.a28FP : SysMin.o28FP (.text:_xdc_runtime_SysMin_putch__E)
                  003dc202    0000001d     sysbios.a28FP : c28_TaskSupport_asm.obj (.text:_ti_sysbios_family_c28_TaskSupport_swap__E)
                  003dc21f    0000001c     Quad_p28FP.o28FP (.text:_ti_sysbios_family_c28_Hwi_Object__get__S)
                  003dc23b    0000001c     sysbios.a28FP : BIOS.obj (.text:_ti_sysbios_knl_Clock_addI__E)
                  003dc257    0000001c     Quad_p28FP.o28FP (.text:_ti_sysbios_knl_Queue_Object__get__S)
                  003dc273    0000001b     sysbios.a28FP : c28_Hwi_asm.obj (.text:_ti_sysbios_family_c28_Hwi_switchAndDispatch__I)
                  003dc28e    0000001b                   : BIOS.obj (.text:_ti_sysbios_hal_Hwi_checkStack)
                  003dc2a9    0000001b     Quad_p28FP.o28FP (.text:_xdc_runtime_SysMin_output__I)
                  003dc2c4    0000001a     sysbios.a28FP : BIOS.obj (.text:_ti_sysbios_hal_Hwi_initStack)
                  003dc2de    0000001a                   : BIOS.obj (.text:_ti_sysbios_knl_Task_processVitalTaskFlag__I)
                  003dc2f8    0000001a     ti.targets.rts2800.a28FP : Core-label.o28FP (.text:_xdc_runtime_Core_assignLabel__I)
                  003dc312    0000001a     rts2800_fpu32.lib : cpy_utils.obj (.text)
                  003dc32c    00000019     Quad_p28FP.o28FP (.text:_ti_sysbios_heaps_HeapMem_Object__get__S)
                  003dc345    00000019     Quad_p28FP.o28FP (.text:_ti_sysbios_knl_Semaphore_construct)
                  003dc35e    00000019     sysbios.a28FP : BIOS.obj (.text:_ti_sysbios_knl_Semaphore_pendTimeout__I)
                  003dc377    00000019     Quad_p28FP.o28FP (.text:_ti_sysbios_knl_Swi_Object__get__S)
                  003dc390    00000019     sysbios.a28FP : BIOS.obj (.text:_ti_sysbios_knl_Swi_restore__E)
                  003dc3a9    00000019     Quad_p28FP.o28FP (.text:_ti_sysbios_knl_Task_Object__get__S)
                  003dc3c2    00000019     Quad_p28FP.o28FP (.text:_ti_uia_loggers_LoggerStopMode_Object__get__S)
                  003dc3db    00000019     ti.targets.rts2800.a28FP : System.o28FP (.text:_xdc_runtime_System_avprintf__E)
                  003dc3f4    00000019                              : System.o28FP (.text:_xdc_runtime_System_putchar__I)
                  003dc40d    00000019     rts2800_fpu32.lib : args_main.obj (.text)
                  003dc426    00000019                       : exit.obj (.text)
                  003dc43f    00000018     sysbios.a28FP : c28_Hwi_asm.obj (.text:_ti_sysbios_family_xxx_Hwi_switchAndRunFunc)
                  003dc457    00000018     ti.targets.rts2800.a28FP : System.o28FP (.text:_xdc_runtime_System_vprintf__E)
                  003dc46f    00000018                              : Text.o28FP (.text:_xdc_runtime_Text_printVisFxn__I)
                  003dc487    00000017     Quad_p28FP.o28FP (.text:_ti_sysbios_BIOS_atExitFunc__I)
                  003dc49e    00000017     Quad_p28FP.o28FP (.text:_ti_sysbios_knl_Clock_doTick__I)
                  003dc4b5    00000017     Quad_p28FP.o28FP (.text:_ti_sysbios_knl_Queue_construct)
                  003dc4cc    00000017     ti.targets.rts2800.a28FP : Memory.o28FP (.text:_xdc_runtime_Memory_valloc__E)
                  003dc4e3    00000016     sysbios.a28FP : BIOS.obj (.text:_ti_sysbios_family_c28_Timer_Module_startup__E)
                  003dc4f9    00000016                   : BIOS.obj (.text:_ti_sysbios_family_c28_Timer_startup__E)
                  003dc50f    00000016                   : BIOS.obj (.text:_ti_sysbios_knl_Task_restore__E)
                  003dc525    00000016     ti.targets.rts2800.a28FP : SysMin.o28FP (.text:_xdc_runtime_SysMin_abort__E)
                  003dc53b    00000015     sysbios.a28FP : BIOS.obj (.text:_ti_sysbios_knl_Idle_run__E)
                  003dc550    00000015                   : BIOS.obj (.text:_ti_sysbios_knl_Swi_Module_startup__E)
                  003dc565    00000015                   : BIOS.obj (.text:_ti_sysbios_utils_Load_getGlobalHwiLoad__E)
                  003dc57a    00000015     Quad_p28FP.o28FP (.text:_ti_uia_loggers_LoggerStopMode_fillInTimestamp)
                  003dc58f    00000014     Quad_p28FP.o28FP (.text:_ti_sysbios_BIOS_errorRaiseHook__I)
                  003dc5a3    00000013     Quad_p28FP.o28FP (.text:_free)
                  003dc5b6    00000013     Quad_p28FP.o28FP (.text:_ti_sysbios_gates_GateMutex_Object__delete__S)
                  003dc5c9    00000012     Quad_p28FP.o28FP (.text:_ti_sysbios_family_c28_Hwi_disableIER__E)
                  003dc5db    00000012     sysbios.a28FP : BIOS.obj (.text:_ti_sysbios_family_c28_Timer_stop__E)
                  003dc5ed    00000012     Quad_p28FP.o28FP (.text:_ti_sysbios_gates_GateHwi_Object__delete__S)
                  003dc5ff    00000012     Quad_p28FP.o28FP (.text:_ti_sysbios_heaps_HeapMem_Object__delete__S)
                  003dc611    00000012     sysbios.a28FP : BIOS.obj (.text:_ti_sysbios_knl_Clock_Module_startup__E)
                  003dc623    00000012     Quad_p28FP.o28FP (.text:_ti_uia_loggers_LoggerStopMode_Object__delete__S)
                  003dc635    00000012     ti.targets.rts2800.a28FP : Text.o28FP (.text:_xdc_runtime_Text_cordText__E)
                  003dc647    00000011     Quad_p28FP.o28FP (.text:_ti_sysbios_gates_GateHwi_Handle__label__S)
                  003dc658    00000011     Quad_p28FP.o28FP (.text:_ti_sysbios_gates_GateMutex_Handle__label__S)
                  003dc669    00000011     Quad_p28FP.o28FP (.text:_ti_sysbios_heaps_HeapMem_Handle__label__S)
                  003dc67a    00000011     Quad_p28FP.o28FP (.text:_ti_uia_loggers_LoggerStopMode_Handle__label__S)
                  003dc68b    00000011     ti.uia.loggers.a28FP : LoggerStopMode.o28FP (.text:_ti_uia_loggers_LoggerStopMode_Instance_init__E)
                  003dc69c    00000011     ti.targets.rts2800.a28FP : Error.o28FP (.text:_xdc_runtime_Error_raiseX__E)
                  003dc6ad    00000010     Quad_p28FP.o28FP (.text:_ti_sysbios_BIOS_rtsLock__I)
                  003dc6bd    00000010     Quad_p28FP.o28FP (.text:_ti_sysbios_family_c28_Hwi_enableIER__E)
                  003dc6cd    00000010     sysbios.a28FP : BIOS.obj (.text:_ti_sysbios_knl_Task_restoreHwi__E)
                  003dc6dd    00000010     ti.targets.rts2800.a28FP : SysMin.o28FP (.text:_xdc_runtime_SysMin_Module_startup__E)
                  003dc6ed    0000000f     Boot.a28FP : Boot.o28FP (.text:.bootCodeSection:_ti_catalog_c2800_init_Boot_disableWatchdog)
                  003dc6fc    0000000f     Quad_p28FP.o28FP (.text:_ti_sysbios_BIOS_startFunc__I)
                  003dc70b    0000000f     sysbios.a28FP : BIOS.obj (.text:_ti_sysbios_gates_GateMutex_Instance_init__E)
                  003dc71a    0000000f     Quad_p28FP.o28FP (.text:_ti_sysbios_knl_Semaphore_Object__destruct__S)
                  003dc729    0000000f     Quad_p28FP.o28FP (.text:_xdc_runtime_IHeap_alloc)
                  003dc738    0000000f     ti.targets.rts2800.a28FP : Registry.o28FP (.text:_xdc_runtime_Registry_findById__E)
                  003dc747    0000000e     Quad_p28FP.o28FP (.text:_ti_sysbios_knl_Queue_Object__destruct__S)
                  003dc755    0000000e     ti.uia.loggers.a28FP : LoggerStopMode.o28FP (.text:_ti_uia_loggers_LoggerStopMode_enable__E)
                  003dc763    0000000e     Quad_p28FP.o28FP (.text:_xdc_runtime_Text_visitRope__I)
                  003dc771    0000000d     Quad_p28FP.o28FP (.text:_ti_sysbios_BIOS_registerRTSLock__I)
                  003dc77e    0000000d     Quad_p28FP.o28FP (.text:_ti_sysbios_BIOS_removeRTSLock__I)
                  003dc78b    0000000d     sysbios.a28FP : BIOS.obj (.text:_ti_sysbios_family_c28_Hwi_dispatchC__I)
                  003dc798    0000000d     Quad_p28FP.o28FP (.text:_ti_sysbios_family_c28_Hwi_restoreIER__E)
                  003dc7a5    0000000d     Quad_p28FP.o28FP (.text:_ti_sysbios_knl_Task_SupportProxy_start__E)
                  003dc7b2    0000000d     sysbios.a28FP : BIOS.obj (.text:_ti_sysbios_knl_Task_sleepTimeout__I)
                  003dc7bf    0000000d     ti.uia.loggers.a28FP : LoggerStopMode.o28FP (.text:_ti_uia_loggers_LoggerStopMode_disable__E)
                  003dc7cc    0000000d     Quad_p28FP.o28FP (.text:_xdc_runtime_IHeap_free)
                  003dc7d9    0000000d     Quad_p28FP.o28FP (.text:_xdc_runtime_Memory_HeapProxy_alloc__E)
                  003dc7e6    0000000d     ti.targets.rts2800.a28FP : System.o28FP (.text:_xdc_runtime_System_abort__E)
                  003dc7f3    0000000d     rts2800_fpu32.lib : memset.obj (.text)
                  003dc800    0000000c     Quad_p28FP.o28FP (.text:_ti_sysbios_BIOS_exitFunc__I)
                  003dc80c    0000000c     sysbios.a28FP : BIOS.obj (.text:_ti_sysbios_gates_GateMutex_leave__E)
                  003dc818    0000000c                   : BIOS.obj (.text:_ti_sysbios_knl_Queue_put__E)
                  003dc824    0000000c                   : BIOS.obj (.text:_ti_sysbios_knl_Task_enabled__E)
                  003dc830    0000000c     ti.targets.rts2800.a28FP : Error.o28FP (.text:_xdc_runtime_Error_check__E)
                  003dc83c    0000000b     Quad_p28FP.o28FP (.text:_ti_sysbios_family_c28_Hwi_Module__startupDone__F)
                  003dc847    0000000b     Quad_p28FP.o28FP (.text:_ti_sysbios_family_c28_Timer_Module__startupDone__F)
                  003dc852    0000000b     sysbios.a28FP : BIOS.obj (.text:_ti_sysbios_knl_Task_enter__I)
                  003dc85d    0000000b                   : BIOS.obj (.text:_ti_sysbios_knl_Task_unblock__E)
                  003dc868    0000000b     Quad_p28FP.o28FP (.text:_xdc_runtime_Memory_HeapProxy_free__E)
                  003dc873    0000000b     ti.targets.rts2800.a28FP : SysMin.o28FP (.text:_xdc_runtime_SysMin_exit__E)
                  003dc87e    0000000b     Quad_p28FP.o28FP (.text:_xdc_runtime_System_aprintf__E)
                  003dc889    0000000b     ti.targets.rts2800.a28FP : System.o28FP (.text:_xdc_runtime_System_exit__E)
                  003dc894    0000000b     Quad_p28FP.o28FP (.text:_xdc_runtime_System_printf__E)
                  003dc89f    0000000b     ti.targets.rts2800.a28FP : Text.o28FP (.text:_xdc_runtime_Text_ropeText__E)
                  003dc8aa    0000000a     ti.uia.loggers.a28FP : LoggerStopMode.o28FP (.text:_ti_uia_loggers_LoggerStopMode_isEmpty__E)
                  003dc8b4    0000000a     ti.targets.rts2800.a28FP : Memory.o28FP (.text:_xdc_runtime_Memory_free__E)
                  003dc8be    0000000a     Quad_p28FP.o28FP (.text:_xdc_runtime_Startup_exec__I)
                  003dc8c8    00000009     Quad_p28FP.o28FP (.text:_ti_sysbios_BIOS_RtsGateProxy_leave__E)
                  003dc8d1    00000009     sysbios.a28FP : BIOS.obj (.text:_ti_sysbios_family_c28_TaskSupport_checkStack__E)
                  003dc8da    00000009                   : c28_TaskSupport_asm.obj (.text:_ti_sysbios_family_c28_TaskSupport_glue)
                  003dc8e3    00000009                   : BIOS.obj (.text:_ti_sysbios_hal_Hwi_Module_startup__E)
                  003dc8ec    00000009     Quad_p28FP.o28FP (.text:_ti_sysbios_heaps_HeapMem_Module_GateProxy_leave__E)
                  003dc8f5    00000009     Quad_p28FP.o28FP (.text:_ti_sysbios_knl_Task_SupportProxy_checkStack__E)
                  003dc8fe    00000009     Quad_p28FP.o28FP (.text:_ti_sysbios_knl_Task_SupportProxy_swap__E)
                  003dc907    00000009     Quad_p28FP.o28FP (.text:_xdc_runtime_System_Module_GateProxy_leave__E)
                  003dc910    00000009     ti.targets.rts2800.a28FP : System.o28FP (.text:_xdc_runtime_System_vsnprintf__E)
                  003dc919    00000009     rts2800_fpu32.lib : _lock.obj (.text)
                  003dc922    00000008     sysbios.a28FP : BIOS.obj (.text:_ti_sysbios_BIOS_setThreadType__E)
                  003dc92a    00000008                   : BIOS.obj (.text:_ti_sysbios_gates_GateMutex_Instance_finalize__E)
                  003dc932    00000008     Quad_p28FP.o28FP (.text:_ti_sysbios_hal_Hwi_HwiProxy_getStackInfo__E)
                  003dc93a    00000008     Quad_p28FP.o28FP (.text:_ti_sysbios_knl_Clock_Module_State_clockQ)
                  003dc942    00000008     sysbios.a28FP : BIOS.obj (.text:_ti_sysbios_knl_Queue_empty__E)
                  003dc94a    00000008                   : BIOS.obj (.text:_ti_sysbios_knl_Semaphore_Instance_finalize__E)
                  003dc952    00000008     ti.targets.rts2800.a28FP : Memory.o28FP (.text:_xdc_runtime_Memory_calloc__E)
                  003dc95a    00000008                              : SysMin.o28FP (.text:_xdc_runtime_SysMin_ready__E)
                  003dc962    00000008     rts2800_fpu32.lib : strlen.obj (.text)
                  003dc96a    00000007     Quad_p28FP.o28FP (.text:.bootCodeSection:_ti_catalog_c2800_init_Boot_init)
                  003dc971    00000007     Quad_p28FP.o28FP (.text:_ti_sysbios_BIOS_RtsGateProxy_enter__E)
                  003dc978    00000007     Quad_p28FP.o28FP (.text:_ti_sysbios_family_c28_Hwi_disable__E)
                  003dc97f    00000007     Quad_p28FP.o28FP (.text:_ti_sysbios_heaps_HeapMem_Module_GateProxy_enter__E)
                  003dc986    00000007     Quad_p28FP.o28FP (.text:_ti_sysbios_knl_Clock_TimerProxy_getMaxTicks__E)
                  003dc98d    00000007     Quad_p28FP.o28FP (.text:_ti_sysbios_knl_Queue_destruct)
                  003dc994    00000007     Quad_p28FP.o28FP (.text:_ti_sysbios_knl_Semaphore_destruct)
                  003dc99b    00000007     Quad_p28FP.o28FP (.text:_xdc_runtime_System_Module_GateProxy_enter__E)
                  003dc9a2    00000007     Quad_p28FP.o28FP (.text:_xdc_runtime_System_SupportProxy_abort__E)
                  003dc9a9    00000007     Quad_p28FP.o28FP (.text:_xdc_runtime_Timestamp_SupportProxy_get64__E)
                  003dc9b0    00000007     Quad_p28FP.o28FP (.text:_xdc_runtime_Timestamp_SupportProxy_getFreq__E)
                  003dc9b7    00000006     Quad_p28FP.o28FP (.text:_ti_sysbios_family_c28_Hwi_restore__E)
                  003dc9bd    00000006     sysbios.a28FP : c28_IntrinsicsSupport_asm.obj (.text:_ti_sysbios_family_c28_IntrinsicsSupport_maxbit__E)
                  003dc9c3    00000006                   : BIOS.obj (.text:_ti_sysbios_family_c28_TimestampProvider_rolloverFunc__E)
                  003dc9c9    00000006                   : BIOS.obj (.text:_ti_sysbios_family_c28_TimestampProvider_startTimer__E)
                  003dc9cf    00000006     Quad_p28FP.o28FP (.text:_ti_sysbios_hal_Hwi_restore)
                  003dc9d5    00000006     Quad_p28FP.o28FP (.text:_ti_sysbios_heaps_HeapMem_Module_GateProxy_query__E)
                  003dc9db    00000006     sysbios.a28FP : BIOS.obj (.text:_ti_sysbios_knl_Swi_disable__E)
                  003dc9e1    00000006                   : BIOS.obj (.text:_ti_sysbios_knl_Task_disable__E)
                  003dc9e7    00000006     Quad_p28FP.o28FP (.text:_ti_uia_loggers_LoggerStopMode_getFilterLevel__E)
                  003dc9ed    00000006     Quad_p28FP.o28FP (.text:_ti_uia_loggers_LoggerStopMode_setFilterLevel__E)
                  003dc9f3    00000006     ti.targets.rts2800.a28FP : Gate.o28FP (.text:_xdc_runtime_Gate_enterSystem__E)
                  003dc9f9    00000006                              : Gate.o28FP (.text:_xdc_runtime_Gate_leaveSystem__E)
                  003dc9ff    00000006     Quad_p28FP.o28FP (.text:_xdc_runtime_System_SupportProxy_exit__E)
                  003dca05    00000006     Quad_p28FP.o28FP (.text:_xdc_runtime_System_SupportProxy_putch__E)
                  003dca0b    00000005     sysbios.a28FP : BIOS.obj (.text:_ti_sysbios_BIOS_start__E)
                  003dca10    00000005                   : BIOS.obj (.text:_ti_sysbios_family_c28_Hwi_switchFromBootStack__E)
                  003dca15    00000005                   : BIOS.obj (.text:_ti_sysbios_gates_GateHwi_enter__E)
                  003dca1a    00000005     Quad_p28FP.o28FP (.text:_xdc_iargToPtr)
                  003dca1f    00000005     ti.targets.rts2800.a28FP : Error.o28FP (.text:_xdc_runtime_Error_init__E)
                  003dca24    00000005     rts2800_fpu32.lib : delete.obj (.text)
                  003dca29    00000005                       : strcpy.obj (.text)
                  003dca2e    00000004     Quad_p28FP.o28FP (.text:_ti_sysbios_family_c28_Hwi_startup__E)
                  003dca32    00000004     sysbios.a28FP : BIOS.obj (.text:_ti_sysbios_family_c28_TimestampProvider_getFreq__E)
                  003dca36    00000004                   : BIOS.obj (.text:_ti_sysbios_heaps_HeapMem_isBlocking__E)
                  003dca3a    00000004                   : BIOS.obj (.text:_ti_sysbios_knl_Clock_getTicks__E)
                  003dca3e    00000004                   : BIOS.obj (.text:_ti_sysbios_knl_Swi_startup__E)
                  003dca42    00000004     ti.targets.rts2800.a28FP : Memory.o28FP (.text:_xdc_runtime_Memory_getMaxDefaultTypeAlign__E)
                  003dca46    00000003                              : xdc_noinit.o28FP (.text:___xdc__init)
                  003dca49    00000003     Quad_p28FP.o28FP (.text:_ti_catalog_c2800_init_Boot_limpAbort)
                  003dca4c    00000003     Quad_p28FP.o28FP (.text:_ti_sysbios_family_c28_Hwi_Module__startupDone__S)
                  003dca4f    00000003     sysbios.a28FP : c28_Hwi_asm.obj (.text:_ti_sysbios_family_c28_Hwi_getIFR__I)
                  003dca52    00000003     Quad_p28FP.o28FP (.text:_ti_sysbios_family_c28_Timer_Module__startupDone__S)
                  003dca55    00000003     sysbios.a28FP : BIOS.obj (.text:_ti_sysbios_gates_GateHwi_leave__E)
                  003dca58    00000003     Quad_p28FP.o28FP (.text:_ti_sysbios_hal_Hwi_HwiProxy_Module__startupDone__S)
                  003dca5b    00000003     Quad_p28FP.o28FP (.text:_ti_sysbios_hal_Hwi_HwiProxy_startup__E)
                  003dca5e    00000003     Quad_p28FP.o28FP (.text:_ti_sysbios_hal_Hwi_HwiProxy_switchFromBootStack__E)
                  003dca61    00000003     Quad_p28FP.o28FP (.text:_ti_sysbios_hal_Hwi_disable)
                  003dca64    00000003     sysbios.a28FP : BIOS.obj (.text:_ti_sysbios_hal_Hwi_startup__E)
                  003dca67    00000003     Quad_p28FP.o28FP (.text:_ti_sysbios_knl_Clock_TimerProxy_Module__startupDone__S)
                  003dca6a    00000003     sysbios.a28FP : BIOS.obj (.text:_ti_sysbios_knl_Idle_loop__E)
                  003dca6d    00000003                   : BIOS.obj (.text:_ti_sysbios_knl_Queue_Instance_init__E)
                  003dca70    00000003     Quad_p28FP.o28FP (.text:_ti_sysbios_knl_Task_SupportProxy_Module__startupDone__S)
                  003dca73    00000003     sysbios.a28FP : BIOS.obj (.text:_ti_sysbios_knl_Task_startup__E)
                  003dca76    00000003     Quad_p28FP.o28FP (.text:_ti_sysbios_utils_Load_update__E)
                  003dca79    00000003     ti.uia.loggers.a28FP : LoggerStopMode.o28FP (.text:_ti_uia_loggers_LoggerStopMode_getMaxLength__E)
                  003dca7c    00000003     Quad_p28FP.o28FP (.text:_xdc_runtime_Startup_reset__I)
                  003dca7f    00000003     ti.targets.rts2800.a28FP : System.o28FP (.text:_xdc_runtime_System_Module_startup__E)
                  003dca82    00000003     Quad_p28FP.o28FP (.text:_xdc_runtime_System_SupportProxy_ready__E)
                  003dca85    00000003     ti.targets.rts2800.a28FP : System.o28FP (.text:_xdc_runtime_System_abortStd__E)
                  003dca88    00000003                              : System.o28FP (.text:_xdc_runtime_System_exitStd__E)
                  003dca8b    00000003     Quad_p28FP.o28FP (.text:_xdc_runtime_Timestamp_SupportProxy_get32__E)
                  003dca8e    00000003     ti.targets.rts2800.a28FP : Timestamp.o28FP (.text:_xdc_runtime_Timestamp_get32__E)
                  003dca91    00000003                              : Timestamp.o28FP (.text:_xdc_runtime_Timestamp_get64__E)
                  003dca94    00000003                              : Timestamp.o28FP (.text:_xdc_runtime_Timestamp_getFreq__E)
                  003dca97    00000003     rts2800_fpu32.lib : array_del.obj (.text)
                  003dca9a    00000002     Boot.a28FP : Boot.o28FP (.text:_ti_catalog_c2800_init_Boot_defaultLimpAbortFunction)
                  003dca9c    00000002     Quad_p28FP.o28FP (.text:_ti_sysbios_family_c28_TaskSupport_Module__startupDone__S)
                  003dca9e    00000002     sysbios.a28FP : BIOS.obj (.text:_ti_sysbios_family_c28_Timer_getMaxTicks__E)
                  003dcaa0    00000002                   : BIOS.obj (.text:_ti_sysbios_gates_GateHwi_query__E)
                  003dcaa2    00000002                   : BIOS.obj (.text:_ti_sysbios_gates_GateMutex_query__E)
                  003dcaa4    00000002     ti.uia.loggers.a28FP : LoggerStopMode.o28FP (.text:_ti_uia_loggers_LoggerStopMode_getContents__E)
                  003dcaa6    00000002                          : LoggerStopMode.o28FP (.text:_ti_uia_loggers_LoggerStopMode_getInstanceId__E)
                  003dcaa8    00000002                          : LoggerStopMode.o28FP (.text:_ti_uia_loggers_LoggerStopMode_getPriority__E)
                  003dcaaa    00000002                          : LoggerStopMode.o28FP (.text:_ti_uia_loggers_LoggerStopMode_getTransferType__E)
                  003dcaac    00000002     ti.targets.rts2800.a28FP : Error.o28FP (.text:_xdc_runtime_Error_getSite__E)
                  003dcaae    00000001     sysbios.a28FP : c28_Hwi_asm.obj (.text:_ti_sysbios_family_c28_Hwi_interruptReturn__I)
                  003dcaaf    00000001                   : BIOS.obj (.text:_ti_sysbios_gates_GateHwi_Instance_init__E)
                  003dcab0    00000001     ti.uia.loggers.a28FP : LoggerStopMode.o28FP (.text:_ti_uia_loggers_LoggerStopMode_setPriority__E)
                  003dcab1    00000001     rts2800_fpu32.lib : newhandler.obj (.text)

.econst    0    003dcab2    000023a5     
                  003dcab2    00001ce8     Quad_p28FP.o28FP (.econst:xdc_runtime_Text_charTab__A)
                  003de79a    00000100     F2806x_PieVect.obj (.econst)
                  003de89a    00000100     Quad_p28FP.o28FP (.econst:_ti_sysbios_family_c28_Hwi_vectors)
                  003de99a    00000077     Quad_p28FP.o28FP (.econst:.string)
                  003dea11    00000070     Quad_p28FP.o28FP (.econst:xdc_runtime_Text_nodeTab__A)
                  003dea81    00000001     Quad_p28FP.o28FP (.econst:ti_sysbios_family_c28_Hwi_Module__id__C)
                  003dea82    00000058     ti.targets.rts2800.a28FP : Error.o28FP (.econst:.string)
                  003deada    00000043                              : Text.o28FP (.econst:.string)
                  003deb1d    00000001     Quad_p28FP.o28FP (.econst:ti_sysbios_family_c28_Hwi_Module__loggerDefined__C)
                  003deb1e    00000030     Quad_p28FP.o28FP (.econst:ti_uia_loggers_LoggerStopMode_Module__FXNS__C)
                  003deb4e    0000002a     ti.targets.rts2800.a28FP : Startup.o28FP (.econst:.string)
                  003deb78    00000016     Quad_p28FP.o28FP (.econst:ti_uia_loggers_LoggerStopMode_Object__PARAMS__C)
                  003deb8e    00000014     main.obj (.econst:.string)
                  003deba2    00000014     Quad_p28FP.o28FP (.econst:ti_sysbios_heaps_HeapMem_Module__FXNS__C)
                  003debb6    00000014     Quad_p28FP.o28FP (.econst:xdc_runtime_Startup_sfxnTab__A)
                  003debca    00000012     Quad_p28FP.o28FP (.econst:ti_sysbios_gates_GateHwi_Module__FXNS__C)
                  003debdc    00000012     Quad_p28FP.o28FP (.econst:ti_sysbios_gates_GateMutex_Module__FXNS__C)
                  003debee    00000012     Quad_p28FP.o28FP (.econst:ti_sysbios_heaps_HeapMem_Object__PARAMS__C)
                  003dec00    00000011     ti.targets.rts2800.a28FP : System.o28FP (.econst:.string:_digtohex)
                  003dec11    00000001     Quad_p28FP.o28FP (.econst:ti_sysbios_family_c28_Hwi_NUM_INTERRUPTS_ALL__C)
                  003dec12    00000010     I2C_Device.obj (.econst:.string)
                  003dec22    00000010     Quad_p28FP.o28FP (.econst:ti_sysbios_gates_GateHwi_Object__DESC__C)
                  003dec32    00000010     Quad_p28FP.o28FP (.econst:ti_sysbios_gates_GateMutex_Object__DESC__C)
                  003dec42    00000010     Quad_p28FP.o28FP (.econst:ti_sysbios_heaps_HeapMem_Object__DESC__C)
                  003dec52    00000010     Quad_p28FP.o28FP (.econst:ti_sysbios_knl_Queue_Object__DESC__C)
                  003dec62    00000010     Quad_p28FP.o28FP (.econst:ti_sysbios_knl_Semaphore_Object__DESC__C)
                  003dec72    00000010     Quad_p28FP.o28FP (.econst:ti_sysbios_knl_Semaphore_Object__PARAMS__C)
                  003dec82    00000010     Quad_p28FP.o28FP (.econst:ti_uia_loggers_LoggerStopMode_Object__DESC__C)
                  003dec92    0000000f     HUD_Interface.obj (.econst:.string:_$P$T1$7)
                  003deca1    00000001     Quad_p28FP.o28FP (.econst:ti_sysbios_family_c28_Hwi_Object__count__C)
                  003deca2    0000000c     Quad_p28FP.o28FP (.econst:ti_sysbios_gates_GateHwi_Object__PARAMS__C)
                  003decae    0000000c     Quad_p28FP.o28FP (.econst:ti_sysbios_gates_GateMutex_Object__PARAMS__C)
                  003decba    0000000c     Quad_p28FP.o28FP (.econst:ti_sysbios_knl_Queue_Object__PARAMS__C)
                  003decc6    0000000a     Quad_p28FP.o28FP (.econst:xdc_runtime_Startup_sfxnRts__A)
                  003decd0    00000008     QuadProcessor.obj (.econst:_$P$T2$1)
                  003decd8    00000008     Command_Transform.obj (.econst:_$P$T3$1)
                  003dece0    00000008     rts2800_fpu32.lib : atan.obj (.econst:_a$1)
                  003dece8    00000007     ti.targets.rts2800.a28FP : System.o28FP (.econst:.string)
                  003decef    00000001     Quad_p28FP.o28FP (.econst:ti_sysbios_family_c28_TaskSupport_Module__id__C)
                  003decf0    00000005     ti.targets.rts2800.a28FP : Assert.o28FP (.econst:.string)
                  003decf5    00000001     Quad_p28FP.o28FP (.econst:ti_sysbios_family_c28_Timer_Module__id__C)
                  003decf6    00000004     Quad_p28FP.o28FP (.econst)
                  003decfa    00000004     Quad_p28FP.o28FP (.econst:ti_sysbios_knl_Idle_funcList__A)
                  003decfe    00000004     Quad_p28FP.o28FP (.econst:ti_sysbios_knl_Idle_funcList__C)
                  003ded02    00000004     Quad_p28FP.o28FP (.econst:xdc_runtime_Startup_firstFxns__A)
                  003ded06    00000004     Quad_p28FP.o28FP (.econst:xdc_runtime_Startup_firstFxns__C)
                  003ded0a    00000004     Quad_p28FP.o28FP (.econst:xdc_runtime_Startup_lastFxns__C)
                  003ded0e    00000002     Quad_p28FP.o28FP (.econst:ti_sysbios_BIOS_installedErrorHook__C)
                  003ded10    00000002     Quad_p28FP.o28FP (.econst:ti_sysbios_family_c28_Hwi_A_badIntNum__C)
                  003ded12    00000002     Quad_p28FP.o28FP (.econst:ti_sysbios_family_c28_Hwi_A_invalidArg__C)
                  003ded14    00000002     Quad_p28FP.o28FP (.econst:ti_sysbios_family_c28_Hwi_E_unpluggedInterrupt__C)
                  003ded16    00000002     Quad_p28FP.o28FP (.econst:ti_sysbios_family_c28_Hwi_LD_end__C)
                  003ded18    00000002     Quad_p28FP.o28FP (.econst:ti_sysbios_family_c28_Hwi_LM_begin__C)
                  003ded1a    00000002     Quad_p28FP.o28FP (.econst:ti_sysbios_family_c28_Hwi_Module__diagsEnabled__C)
                  003ded1c    00000002     Quad_p28FP.o28FP (.econst:ti_sysbios_family_c28_Hwi_Module__diagsIncluded__C)
                  003ded1e    00000002     Quad_p28FP.o28FP (.econst:ti_sysbios_family_c28_Hwi_Module__diagsMask__C)
                  003ded20    00000002     Quad_p28FP.o28FP (.econst:ti_sysbios_family_c28_Hwi_Module__loggerFxn1__C)
                  003ded22    00000002     Quad_p28FP.o28FP (.econst:ti_sysbios_family_c28_Hwi_Module__loggerFxn8__C)
                  003ded24    00000002     Quad_p28FP.o28FP (.econst:ti_sysbios_family_c28_Hwi_Module__loggerObj__C)
                  003ded26    00000002     Quad_p28FP.o28FP (.econst:ti_sysbios_family_c28_Hwi_Object__table__C)
                  003ded28    00000002     Quad_p28FP.o28FP (.econst:ti_sysbios_family_c28_TaskSupport_E_invalidStack__C)
                  003ded2a    00000002     Quad_p28FP.o28FP (.econst:ti_sysbios_family_c28_Timer_Module__diagsEnabled__C)
                  003ded2c    00000002     Quad_p28FP.o28FP (.econst:ti_sysbios_family_c28_Timer_Module__diagsIncluded__C)
                  003ded2e    00000002     Quad_p28FP.o28FP (.econst:ti_sysbios_family_c28_Timer_Module__diagsMask__C)
                  003ded30    00000002     Quad_p28FP.o28FP (.econst:ti_sysbios_family_c28_TimestampProvider_Module__diagsEnabled__C)
                  003ded32    00000002     Quad_p28FP.o28FP (.econst:ti_sysbios_family_c28_TimestampProvider_Module__diagsIncluded__C)
                  003ded34    00000002     Quad_p28FP.o28FP (.econst:ti_sysbios_family_c28_TimestampProvider_Module__diagsMask__C)
                  003ded36    00000002     Quad_p28FP.o28FP (.econst:ti_sysbios_gates_GateMutex_A_badContext__C)
                  003ded38    00000002     Quad_p28FP.o28FP (.econst:ti_sysbios_gates_GateMutex_Instance_State_sem__O)
                  003ded3a    00000002     Quad_p28FP.o28FP (.econst:ti_sysbios_gates_GateMutex_Module__diagsEnabled__C)
                  003ded3c    00000002     Quad_p28FP.o28FP (.econst:ti_sysbios_gates_GateMutex_Module__diagsIncluded__C)
                  003ded3e    00000002     Quad_p28FP.o28FP (.econst:ti_sysbios_gates_GateMutex_Module__diagsMask__C)
                  003ded40    00000002     Quad_p28FP.o28FP (.econst:ti_sysbios_hal_Hwi_E_stackOverflow__C)
                  003ded42    00000002     Quad_p28FP.o28FP (.econst:ti_sysbios_heaps_HeapMem_A_align__C)
                  003ded44    00000002     Quad_p28FP.o28FP (.econst:ti_sysbios_heaps_HeapMem_A_heapSize__C)
                  003ded46    00000002     Quad_p28FP.o28FP (.econst:ti_sysbios_heaps_HeapMem_A_invalidFree__C)
                  003ded48    00000002     Quad_p28FP.o28FP (.econst:ti_sysbios_heaps_HeapMem_A_zeroBlock__C)
                  003ded4a    00000002     Quad_p28FP.o28FP (.econst:ti_sysbios_heaps_HeapMem_E_memory__C)
                  003ded4c    00000002     Quad_p28FP.o28FP (.econst:ti_sysbios_heaps_HeapMem_Module__diagsEnabled__C)
                  003ded4e    00000002     Quad_p28FP.o28FP (.econst:ti_sysbios_heaps_HeapMem_Module__diagsIncluded__C)
                  003ded50    00000002     Quad_p28FP.o28FP (.econst:ti_sysbios_heaps_HeapMem_Module__diagsMask__C)
                  003ded52    00000002     Quad_p28FP.o28FP (.econst:ti_sysbios_heaps_HeapMem_Module__gateObj__C)
                  003ded54    00000002     Quad_p28FP.o28FP (.econst:ti_sysbios_heaps_HeapMem_Object__table__C)
                  003ded56    00000002     Quad_p28FP.o28FP (.econst:ti_sysbios_heaps_HeapMem_reqAlign__C)
                  003ded58    00000002     Quad_p28FP.o28FP (.econst:ti_sysbios_knl_Clock_LM_begin__C)
                  003ded5a    00000002     Quad_p28FP.o28FP (.econst:ti_sysbios_knl_Clock_LM_tick__C)
                  003ded5c    00000002     Quad_p28FP.o28FP (.econst:ti_sysbios_knl_Clock_LW_delayed__C)
                  003ded5e    00000002     Quad_p28FP.o28FP (.econst:ti_sysbios_knl_Clock_Module_State_clockQ__O)
                  003ded60    00000002     Quad_p28FP.o28FP (.econst:ti_sysbios_knl_Clock_Module__diagsEnabled__C)
                  003ded62    00000002     Quad_p28FP.o28FP (.econst:ti_sysbios_knl_Clock_Module__diagsIncluded__C)
                  003ded64    00000002     Quad_p28FP.o28FP (.econst:ti_sysbios_knl_Clock_Module__diagsMask__C)
                  003ded66    00000002     Quad_p28FP.o28FP (.econst:ti_sysbios_knl_Clock_Module__loggerFxn1__C)
                  003ded68    00000002     Quad_p28FP.o28FP (.econst:ti_sysbios_knl_Clock_Module__loggerFxn2__C)
                  003ded6a    00000002     Quad_p28FP.o28FP (.econst:ti_sysbios_knl_Clock_Module__loggerObj__C)
                  003ded6c    00000002     Quad_p28FP.o28FP (.econst:ti_sysbios_knl_Queue_Object__table__C)
                  003ded6e    00000002     Quad_p28FP.o28FP (.econst:ti_sysbios_knl_Semaphore_A_badContext__C)
                  003ded70    00000002     Quad_p28FP.o28FP (.econst:ti_sysbios_knl_Semaphore_A_noEvents__C)
                  003ded72    00000002     Quad_p28FP.o28FP (.econst:ti_sysbios_knl_Semaphore_A_overflow__C)
                  003ded74    00000002     Quad_p28FP.o28FP (.econst:ti_sysbios_knl_Semaphore_A_pendTaskDisabled__C)
                  003ded76    00000002     Quad_p28FP.o28FP (.econst:ti_sysbios_knl_Semaphore_Instance_State_pendQ__O)
                  003ded78    00000002     Quad_p28FP.o28FP (.econst:ti_sysbios_knl_Semaphore_LM_pend__C)
                  003ded7a    00000002     Quad_p28FP.o28FP (.econst:ti_sysbios_knl_Semaphore_LM_post__C)
                  003ded7c    00000002     Quad_p28FP.o28FP (.econst:ti_sysbios_knl_Semaphore_Module__diagsEnabled__C)
                  003ded7e    00000002     Quad_p28FP.o28FP (.econst:ti_sysbios_knl_Semaphore_Module__diagsIncluded__C)
                  003ded80    00000002     Quad_p28FP.o28FP (.econst:ti_sysbios_knl_Semaphore_Module__diagsMask__C)
                  003ded82    00000002     Quad_p28FP.o28FP (.econst:ti_sysbios_knl_Semaphore_Module__loggerFxn2__C)
                  003ded84    00000002     Quad_p28FP.o28FP (.econst:ti_sysbios_knl_Semaphore_Module__loggerFxn4__C)
                  003ded86    00000002     Quad_p28FP.o28FP (.econst:ti_sysbios_knl_Semaphore_Module__loggerObj__C)
                  003ded88    00000002     Quad_p28FP.o28FP (.econst:ti_sysbios_knl_Swi_LD_end__C)
                  003ded8a    00000002     Quad_p28FP.o28FP (.econst:ti_sysbios_knl_Swi_LM_begin__C)
                  003ded8c    00000002     Quad_p28FP.o28FP (.econst:ti_sysbios_knl_Swi_LM_post__C)
                  003ded8e    00000002     Quad_p28FP.o28FP (.econst:ti_sysbios_knl_Swi_Module__diagsEnabled__C)
                  003ded90    00000002     Quad_p28FP.o28FP (.econst:ti_sysbios_knl_Swi_Module__diagsIncluded__C)
                  003ded92    00000002     Quad_p28FP.o28FP (.econst:ti_sysbios_knl_Swi_Module__diagsMask__C)
                  003ded94    00000002     Quad_p28FP.o28FP (.econst:ti_sysbios_knl_Swi_Module__loggerFxn1__C)
                  003ded96    00000002     Quad_p28FP.o28FP (.econst:ti_sysbios_knl_Swi_Module__loggerFxn4__C)
                  003ded98    00000002     Quad_p28FP.o28FP (.econst:ti_sysbios_knl_Swi_Module__loggerObj__C)
                  003ded9a    00000002     Quad_p28FP.o28FP (.econst:ti_sysbios_knl_Swi_Object__table__C)
                  003ded9c    00000002     Quad_p28FP.o28FP (.econst:ti_sysbios_knl_Task_A_badTimeout__C)
                  003ded9e    00000002     Quad_p28FP.o28FP (.econst:ti_sysbios_knl_Task_A_sleepTaskDisabled__C)
                  003deda0    00000002     Quad_p28FP.o28FP (.econst:ti_sysbios_knl_Task_E_spOutOfBounds__C)
                  003deda2    00000002     Quad_p28FP.o28FP (.econst:ti_sysbios_knl_Task_E_stackOverflow__C)
                  003deda4    00000002     Quad_p28FP.o28FP (.econst:ti_sysbios_knl_Task_LD_block__C)
                  003deda6    00000002     Quad_p28FP.o28FP (.econst:ti_sysbios_knl_Task_LD_exit__C)
                  003deda8    00000002     Quad_p28FP.o28FP (.econst:ti_sysbios_knl_Task_LD_ready__C)
                  003dedaa    00000002     Quad_p28FP.o28FP (.econst:ti_sysbios_knl_Task_LM_sleep__C)
                  003dedac    00000002     Quad_p28FP.o28FP (.econst:ti_sysbios_knl_Task_LM_switch__C)
                  003dedae    00000002     Quad_p28FP.o28FP (.econst:ti_sysbios_knl_Task_Module_State_inactiveQ__O)
                  003dedb0    00000002     Quad_p28FP.o28FP (.econst:ti_sysbios_knl_Task_Module__diagsEnabled__C)
                  003dedb2    00000002     Quad_p28FP.o28FP (.econst:ti_sysbios_knl_Task_Module__diagsIncluded__C)
                  003dedb4    00000002     Quad_p28FP.o28FP (.econst:ti_sysbios_knl_Task_Module__diagsMask__C)
                  003dedb6    00000002     Quad_p28FP.o28FP (.econst:ti_sysbios_knl_Task_Module__loggerFxn2__C)
                  003dedb8    00000002     Quad_p28FP.o28FP (.econst:ti_sysbios_knl_Task_Module__loggerFxn4__C)
                  003dedba    00000002     Quad_p28FP.o28FP (.econst:ti_sysbios_knl_Task_Module__loggerObj__C)
                  003dedbc    00000002     Quad_p28FP.o28FP (.econst:ti_sysbios_knl_Task_Object__table__C)
                  003dedbe    00000002     Quad_p28FP.o28FP (.econst:ti_sysbios_knl_Task_allBlockedFunc__C)
                  003dedc0    00000002     Quad_p28FP.o28FP (.econst:ti_sysbios_utils_Load_LS_cpuLoad__C)
                  003dedc2    00000002     Quad_p28FP.o28FP (.econst:ti_sysbios_utils_Load_LS_hwiLoad__C)
                  003dedc4    00000002     Quad_p28FP.o28FP (.econst:ti_sysbios_utils_Load_Module__diagsEnabled__C)
                  003dedc6    00000002     Quad_p28FP.o28FP (.econst:ti_sysbios_utils_Load_Module__diagsIncluded__C)
                  003dedc8    00000002     Quad_p28FP.o28FP (.econst:ti_sysbios_utils_Load_Module__diagsMask__C)
                  003dedca    00000002     Quad_p28FP.o28FP (.econst:ti_sysbios_utils_Load_Module__loggerFxn1__C)
                  003dedcc    00000002     Quad_p28FP.o28FP (.econst:ti_sysbios_utils_Load_Module__loggerFxn2__C)
                  003dedce    00000002     Quad_p28FP.o28FP (.econst:ti_sysbios_utils_Load_Module__loggerObj__C)
                  003dedd0    00000002     Quad_p28FP.o28FP (.econst:ti_sysbios_utils_Load_postUpdate__C)
                  003dedd2    00000002     Quad_p28FP.o28FP (.econst:ti_uia_loggers_LoggerStopMode_Module__diagsEnabled__C)
                  003dedd4    00000002     Quad_p28FP.o28FP (.econst:ti_uia_loggers_LoggerStopMode_Module__diagsIncluded__C)
                  003dedd6    00000002     Quad_p28FP.o28FP (.econst:ti_uia_loggers_LoggerStopMode_Module__diagsMask__C)
                  003dedd8    00000002     Quad_p28FP.o28FP (.econst:ti_uia_loggers_LoggerStopMode_Object__table__C)
                  003dedda    00000002     Quad_p28FP.o28FP (.econst:ti_uia_runtime_ILoggerSnapshot_Interface__BASE__C)
                  003deddc    00000002     Quad_p28FP.o28FP (.econst:ti_uia_runtime_IUIATransfer_Interface__BASE__C)
                  003dedde    00000002     Quad_p28FP.o28FP (.econst:xdc_runtime_Assert_E_assertFailed__C)
                  003dede0    00000002     Quad_p28FP.o28FP (.econst:xdc_runtime_Core_A_initializedParams__C)
                  003dede2    00000002     Quad_p28FP.o28FP (.econst:xdc_runtime_Core_Module__diagsEnabled__C)
                  003dede4    00000002     Quad_p28FP.o28FP (.econst:xdc_runtime_Core_Module__diagsIncluded__C)
                  003dede6    00000002     Quad_p28FP.o28FP (.econst:xdc_runtime_Core_Module__diagsMask__C)
                  003dede8    00000002     Quad_p28FP.o28FP (.econst:xdc_runtime_Error_E_memory__C)
                  003dedea    00000002     Quad_p28FP.o28FP (.econst:xdc_runtime_Error_Module__diagsEnabled__C)
                  003dedec    00000002     Quad_p28FP.o28FP (.econst:xdc_runtime_Error_Module__diagsIncluded__C)
                  003dedee    00000002     Quad_p28FP.o28FP (.econst:xdc_runtime_Error_Module__diagsMask__C)
                  003dedf0    00000002     Quad_p28FP.o28FP (.econst:xdc_runtime_Error_Module__loggerFxn8__C)
                  003dedf2    00000002     Quad_p28FP.o28FP (.econst:xdc_runtime_Error_Module__loggerObj__C)
                  003dedf4    00000002     Quad_p28FP.o28FP (.econst:xdc_runtime_Error_policyFxn__C)
                  003dedf6    00000002     Quad_p28FP.o28FP (.econst:xdc_runtime_Error_raiseHook__C)
                  003dedf8    00000002     Quad_p28FP.o28FP (.econst:xdc_runtime_IFilterLogger_Interface__BASE__C)
                  003dedfa    00000002     Quad_p28FP.o28FP (.econst:xdc_runtime_IGateProvider_Interface__BASE__C)
                  003dedfc    00000002     Quad_p28FP.o28FP (.econst:xdc_runtime_IHeap_Interface__BASE__C)
                  003dedfe    00000002     Quad_p28FP.o28FP (.econst:xdc_runtime_ILogger_Interface__BASE__C)
                  003dee00    00000002     Quad_p28FP.o28FP (.econst:xdc_runtime_IModule_Interface__BASE__C)
                  003dee02    00000002     Quad_p28FP.o28FP (.econst:xdc_runtime_Log_L_error__C)
                  003dee04    00000002     Quad_p28FP.o28FP (.econst:xdc_runtime_Main_Module__diagsEnabled__C)
                  003dee06    00000002     Quad_p28FP.o28FP (.econst:xdc_runtime_Main_Module__diagsIncluded__C)
                  003dee08    00000002     Quad_p28FP.o28FP (.econst:xdc_runtime_Main_Module__diagsMask__C)
                  003dee0a    00000002     Quad_p28FP.o28FP (.econst:xdc_runtime_Memory_defaultHeapInstance__C)
                  003dee0c    00000002     Quad_p28FP.o28FP (.econst:xdc_runtime_Startup_execImpl__C)
                  003dee0e    00000002     Quad_p28FP.o28FP (.econst:xdc_runtime_Startup_lastFxns__A)
                  003dee10    00000002     Quad_p28FP.o28FP (.econst:xdc_runtime_Startup_sfxnRts__C)
                  003dee12    00000002     Quad_p28FP.o28FP (.econst:xdc_runtime_Startup_sfxnTab__C)
                  003dee14    00000002     Quad_p28FP.o28FP (.econst:xdc_runtime_Startup_startModsFxn__C)
                  003dee16    00000002     Quad_p28FP.o28FP (.econst:xdc_runtime_SysMin_bufSize__C)
                  003dee18    00000002     Quad_p28FP.o28FP (.econst:xdc_runtime_SysMin_outputFunc__C)
                  003dee1a    00000002     Quad_p28FP.o28FP (.econst:xdc_runtime_System_Module__gateObj__C)
                  003dee1c    00000002     Quad_p28FP.o28FP (.econst:xdc_runtime_System_abortFxn__C)
                  003dee1e    00000002     Quad_p28FP.o28FP (.econst:xdc_runtime_System_exitFxn__C)
                  003dee20    00000002     Quad_p28FP.o28FP (.econst:xdc_runtime_System_extendFxn__C)
                  003dee22    00000002     Quad_p28FP.o28FP (.econst:xdc_runtime_Text_charTab__C)
                  003dee24    00000002     Quad_p28FP.o28FP (.econst:xdc_runtime_Text_nameEmpty__C)
                  003dee26    00000002     Quad_p28FP.o28FP (.econst:xdc_runtime_Text_nameStatic__C)
                  003dee28    00000002     Quad_p28FP.o28FP (.econst:xdc_runtime_Text_nameUnknown__C)
                  003dee2a    00000002     Quad_p28FP.o28FP (.econst:xdc_runtime_Text_nodeTab__C)
                  003dee2c    00000002     Quad_p28FP.o28FP (.econst:xdc_runtime_Text_visitRopeFxn__C)
                  003dee2e    00000001     Quad_p28FP.o28FP (.econst:ti_sysbios_family_c28_Timer_startupNeeded__C)
                  003dee2f    00000001     Quad_p28FP.o28FP (.econst:ti_sysbios_family_c28_TimestampProvider_Module__id__C)
                  003dee30    00000001     Quad_p28FP.o28FP (.econst:ti_sysbios_family_c28_TimestampProvider_useClockTimer__C)
                  003dee31    00000001     Quad_p28FP.o28FP (.econst:ti_sysbios_gates_GateMutex_Module__id__C)
                  003dee32    00000001     Quad_p28FP.o28FP (.econst:ti_sysbios_hal_Hwi_Module__id__C)
                  003dee33    00000001     Quad_p28FP.o28FP (.econst:ti_sysbios_heaps_HeapMem_Module__id__C)
                  003dee34    00000001     Quad_p28FP.o28FP (.econst:ti_sysbios_heaps_HeapMem_Object__count__C)
                  003dee35    00000001     Quad_p28FP.o28FP (.econst:ti_sysbios_knl_Clock_Module__id__C)
                  003dee36    00000001     Quad_p28FP.o28FP (.econst:ti_sysbios_knl_Clock_Module__loggerDefined__C)
                  003dee37    00000001     Quad_p28FP.o28FP (.econst:ti_sysbios_knl_Queue_Object__count__C)
                  003dee38    00000001     Quad_p28FP.o28FP (.econst:ti_sysbios_knl_Semaphore_Module__id__C)
                  003dee39    00000001     Quad_p28FP.o28FP (.econst:ti_sysbios_knl_Semaphore_Module__loggerDefined__C)
                  003dee3a    00000001     Quad_p28FP.o28FP (.econst:ti_sysbios_knl_Swi_Module__id__C)
                  003dee3b    00000001     Quad_p28FP.o28FP (.econst:ti_sysbios_knl_Swi_Module__loggerDefined__C)
                  003dee3c    00000001     Quad_p28FP.o28FP (.econst:ti_sysbios_knl_Swi_Object__count__C)
                  003dee3d    00000001     Quad_p28FP.o28FP (.econst:ti_sysbios_knl_Task_Module__id__C)
                  003dee3e    00000001     Quad_p28FP.o28FP (.econst:ti_sysbios_knl_Task_Module__loggerDefined__C)
                  003dee3f    00000001     Quad_p28FP.o28FP (.econst:ti_sysbios_knl_Task_Object__count__C)
                  003dee40    00000001     Quad_p28FP.o28FP (.econst:ti_sysbios_knl_Task_initStackFlag__C)
                  003dee41    00000001     Quad_p28FP.o28FP (.econst:ti_sysbios_knl_Task_numConstructedTasks__C)
                  003dee42    00000001     Quad_p28FP.o28FP (.econst:ti_sysbios_utils_Load_Module__id__C)
                  003dee43    00000001     Quad_p28FP.o28FP (.econst:ti_sysbios_utils_Load_Module__loggerDefined__C)
                  003dee44    00000001     Quad_p28FP.o28FP (.econst:ti_sysbios_utils_Load_hwiEnabled__C)
                  003dee45    00000001     Quad_p28FP.o28FP (.econst:ti_sysbios_utils_Load_updateInIdle__C)
                  003dee46    00000001     Quad_p28FP.o28FP (.econst:ti_sysbios_utils_Load_windowInMs__C)
                  003dee47    00000001     Quad_p28FP.o28FP (.econst:ti_uia_loggers_LoggerStopMode_Module__id__C)
                  003dee48    00000001     Quad_p28FP.o28FP (.econst:ti_uia_loggers_LoggerStopMode_Object__count__C)
                  003dee49    00000001     Quad_p28FP.o28FP (.econst:ti_uia_loggers_LoggerStopMode_isTimestampEnabled__C)
                  003dee4a    00000001     Quad_p28FP.o28FP (.econst:xdc_runtime_Core_Module__id__C)
                  003dee4b    00000001     Quad_p28FP.o28FP (.econst:xdc_runtime_Error_Module__loggerDefined__C)
                  003dee4c    00000001     Quad_p28FP.o28FP (.econst:xdc_runtime_Error_maxDepth__C)
                  003dee4d    00000001     Quad_p28FP.o28FP (.econst:xdc_runtime_Error_policy__C)
                  003dee4e    00000001     Quad_p28FP.o28FP (.econst:xdc_runtime_Main_Module__id__C)
                  003dee4f    00000001     Quad_p28FP.o28FP (.econst:xdc_runtime_Memory_Module__id__C)
                  003dee50    00000001     Quad_p28FP.o28FP (.econst:xdc_runtime_Startup_maxPasses__C)
                  003dee51    00000001     Quad_p28FP.o28FP (.econst:xdc_runtime_SysMin_flushAtExit__C)
                  003dee52    00000001     Quad_p28FP.o28FP (.econst:xdc_runtime_System_maxAtexitHandlers__C)
                  003dee53    00000001     Quad_p28FP.o28FP (.econst:xdc_runtime_Text_charCnt__C)
                  003dee54    00000001     Quad_p28FP.o28FP (.econst:xdc_runtime_Text_isLoaded__C)
                  003dee55    00000001     Quad_p28FP.o28FP (.econst:xdc_runtime_Text_registryModsLastId__C)
                  003dee56    00000001     Quad_p28FP.o28FP (.econst:xdc_runtime_Text_unnamedModsLastId__C)

.cinit     0    003dee57    000004c4     
                  003dee57    0000047b     Quad_p28FP.o28FP (.cinit)
                  003df2d2    00000021     HUD_Interface.obj (.cinit)
                  003df2f3    0000000a     rts2800_fpu32.lib : _lock.obj (.cinit)
                  003df2fd    0000000a                       : exit.obj (.cinit)
                  003df307    00000009     ti.uia.runtime.a28FP : QueueDescriptor.o28FP (.cinit)
                  003df310    00000005     rts2800_fpu32.lib : vars.obj (.cinit)
                  003df315    00000004                       : errno.obj (.cinit)
                  003df319    00000002     --HOLE-- [fill = 0]

ramfuncs   0    003df31b    00000004     RUN ADDR = 00008000
                  003df31b    00000004     F2806x_usDelay.obj (ramfuncs)

.switch    0    003df320    0000001c     
                  003df320    0000001c     sysbios.a28FP : BIOS.obj (.switch:_ti_sysbios_family_c28_Hwi_clearInterrupt__E)

DevEmuRegsFile 
*          1    00000880    00000004     UNINITIALIZED
                  00000880    00000004     F2806x_GlobalVariableDefs.obj (DevEmuRegsFile)

SysPwrCtrlRegsFile 
*          1    00000985    00000003     UNINITIALIZED
                  00000985    00000003     F2806x_GlobalVariableDefs.obj (SysPwrCtrlRegsFile)

FlashRegsFile 
*          1    00000a80    00000008     UNINITIALIZED
                  00000a80    00000008     F2806x_GlobalVariableDefs.obj (FlashRegsFile)

CsmRegsFile 
*          1    00000ae0    00000010     UNINITIALIZED
                  00000ae0    00000010     F2806x_GlobalVariableDefs.obj (CsmRegsFile)

AdcResultFile 
*          1    00000b00    00000010     UNINITIALIZED
                  00000b00    00000010     F2806x_GlobalVariableDefs.obj (AdcResultFile)

CpuTimer0RegsFile 
*          1    00000c00    00000008     UNINITIALIZED
                  00000c00    00000008     F2806x_GlobalVariableDefs.obj (CpuTimer0RegsFile)

CpuTimer1RegsFile 
*          1    00000c08    00000008     UNINITIALIZED
                  00000c08    00000008     F2806x_GlobalVariableDefs.obj (CpuTimer1RegsFile)

CpuTimer2RegsFile 
*          1    00000c10    00000008     UNINITIALIZED
                  00000c10    00000008     F2806x_GlobalVariableDefs.obj (CpuTimer2RegsFile)

PieCtrlRegsFile 
*          1    00000ce0    0000001a     UNINITIALIZED
                  00000ce0    0000001a     F2806x_GlobalVariableDefs.obj (PieCtrlRegsFile)

DmaRegsFile 
*          1    00001000    000000e0     UNINITIALIZED
                  00001000    000000e0     F2806x_GlobalVariableDefs.obj (DmaRegsFile)

Cla1RegsFile 
*          1    00001400    00000040     UNINITIALIZED
                  00001400    00000040     F2806x_GlobalVariableDefs.obj (Cla1RegsFile)

Usb0RegsFile 
*          1    00004000    00000454     UNINITIALIZED
                  00004000    00000454     F2806x_GlobalVariableDefs.obj (Usb0RegsFile)

McbspaRegsFile 
*          1    00005000    00000024     UNINITIALIZED
                  00005000    00000024     F2806x_GlobalVariableDefs.obj (McbspaRegsFile)

ECanaRegsFile 
*          1    00006000    00000034     UNINITIALIZED
                  00006000    00000034     F2806x_GlobalVariableDefs.obj (ECanaRegsFile)

ECanaLAMRegsFile 
*          1    00006040    00000040     UNINITIALIZED
                  00006040    00000040     F2806x_GlobalVariableDefs.obj (ECanaLAMRegsFile)

ECanaMOTSRegsFile 
*          1    00006080    00000040     UNINITIALIZED
                  00006080    00000040     F2806x_GlobalVariableDefs.obj (ECanaMOTSRegsFile)

ECanaMOTORegsFile 
*          1    000060c0    00000040     UNINITIALIZED
                  000060c0    00000040     F2806x_GlobalVariableDefs.obj (ECanaMOTORegsFile)

ECanaMboxesFile 
*          1    00006100    00000100     UNINITIALIZED
                  00006100    00000100     F2806x_GlobalVariableDefs.obj (ECanaMboxesFile)

Comp1RegsFile 
*          1    00006400    00000014     UNINITIALIZED
                  00006400    00000014     F2806x_GlobalVariableDefs.obj (Comp1RegsFile)

Comp2RegsFile 
*          1    00006420    00000014     UNINITIALIZED
                  00006420    00000014     F2806x_GlobalVariableDefs.obj (Comp2RegsFile)

Comp3RegsFile 
*          1    00006440    00000014     UNINITIALIZED
                  00006440    00000014     F2806x_GlobalVariableDefs.obj (Comp3RegsFile)

EPwm1RegsFile 
*          1    00006800    00000040     UNINITIALIZED
                  00006800    00000040     F2806x_GlobalVariableDefs.obj (EPwm1RegsFile)

EPwm2RegsFile 
*          1    00006840    00000040     UNINITIALIZED
                  00006840    00000040     F2806x_GlobalVariableDefs.obj (EPwm2RegsFile)

EPwm3RegsFile 
*          1    00006880    00000040     UNINITIALIZED
                  00006880    00000040     F2806x_GlobalVariableDefs.obj (EPwm3RegsFile)

EPwm4RegsFile 
*          1    000068c0    00000040     UNINITIALIZED
                  000068c0    00000040     F2806x_GlobalVariableDefs.obj (EPwm4RegsFile)

EPwm5RegsFile 
*          1    00006900    00000040     UNINITIALIZED
                  00006900    00000040     F2806x_GlobalVariableDefs.obj (EPwm5RegsFile)

EPwm6RegsFile 
*          1    00006940    00000040     UNINITIALIZED
                  00006940    00000040     F2806x_GlobalVariableDefs.obj (EPwm6RegsFile)

EPwm7RegsFile 
*          1    00006980    00000040     UNINITIALIZED
                  00006980    00000040     F2806x_GlobalVariableDefs.obj (EPwm7RegsFile)

EPwm8RegsFile 
*          1    000069c0    00000040     UNINITIALIZED
                  000069c0    00000040     F2806x_GlobalVariableDefs.obj (EPwm8RegsFile)

ECap1RegsFile 
*          1    00006a00    00000020     UNINITIALIZED
                  00006a00    00000020     F2806x_GlobalVariableDefs.obj (ECap1RegsFile)

ECap2RegsFile 
*          1    00006a20    00000020     UNINITIALIZED
                  00006a20    00000020     F2806x_GlobalVariableDefs.obj (ECap2RegsFile)

ECap3RegsFile 
*          1    00006a40    00000020     UNINITIALIZED
                  00006a40    00000020     F2806x_GlobalVariableDefs.obj (ECap3RegsFile)

HRCap1RegsFile 
*          1    00006ac0    00000020     UNINITIALIZED
                  00006ac0    00000020     F2806x_GlobalVariableDefs.obj (HRCap1RegsFile)

HRCap2RegsFile 
*          1    00006ae0    00000020     UNINITIALIZED
                  00006ae0    00000020     F2806x_GlobalVariableDefs.obj (HRCap2RegsFile)

EQep1RegsFile 
*          1    00006b00    00000022     UNINITIALIZED
                  00006b00    00000022     F2806x_GlobalVariableDefs.obj (EQep1RegsFile)

EQep2RegsFile 
*          1    00006b40    00000022     UNINITIALIZED
                  00006b40    00000022     F2806x_GlobalVariableDefs.obj (EQep2RegsFile)

HRCap3RegsFile 
*          1    00006c80    00000020     UNINITIALIZED
                  00006c80    00000020     F2806x_GlobalVariableDefs.obj (HRCap3RegsFile)

HRCap4RegsFile 
*          1    00006ca0    00000020     UNINITIALIZED
                  00006ca0    00000020     F2806x_GlobalVariableDefs.obj (HRCap4RegsFile)

GpioCtrlRegsFile 
*          1    00006f80    00000040     UNINITIALIZED
                  00006f80    00000040     F2806x_GlobalVariableDefs.obj (GpioCtrlRegsFile)

GpioDataRegsFile 
*          1    00006fc0    00000020     UNINITIALIZED
                  00006fc0    00000020     F2806x_GlobalVariableDefs.obj (GpioDataRegsFile)

GpioIntRegsFile 
*          1    00006fe0    00000020     UNINITIALIZED
                  00006fe0    00000020     F2806x_GlobalVariableDefs.obj (GpioIntRegsFile)

SysCtrlRegsFile 
*          1    00007010    00000030     UNINITIALIZED
                  00007010    00000030     F2806x_GlobalVariableDefs.obj (SysCtrlRegsFile)

SpiaRegsFile 
*          1    00007040    00000010     UNINITIALIZED
                  00007040    00000010     F2806x_GlobalVariableDefs.obj (SpiaRegsFile)

SciaRegsFile 
*          1    00007050    00000010     UNINITIALIZED
                  00007050    00000010     F2806x_GlobalVariableDefs.obj (SciaRegsFile)

NmiIntruptRegsFile 
*          1    00007060    00000010     UNINITIALIZED
                  00007060    00000010     F2806x_GlobalVariableDefs.obj (NmiIntruptRegsFile)

XIntruptRegsFile 
*          1    00007070    00000010     UNINITIALIZED
                  00007070    00000010     F2806x_GlobalVariableDefs.obj (XIntruptRegsFile)

AdcRegsFile 
*          1    00007100    00000050     UNINITIALIZED
                  00007100    00000050     F2806x_GlobalVariableDefs.obj (AdcRegsFile)

SpibRegsFile 
*          1    00007740    00000010     UNINITIALIZED
                  00007740    00000010     F2806x_GlobalVariableDefs.obj (SpibRegsFile)

ScibRegsFile 
*          1    00007750    00000010     UNINITIALIZED
                  00007750    00000010     F2806x_GlobalVariableDefs.obj (ScibRegsFile)

I2caRegsFile 
*          1    00007900    00000022     UNINITIALIZED
                  00007900    00000022     F2806x_GlobalVariableDefs.obj (I2caRegsFile)

.ebss      1    0000a000    000026e0     UNINITIALIZED
                  0000a000    00001400     Quad_p28FP.o28FP (.ebss)
                  0000b400    00001203     Quad_p28FP.o28FP (.ebss:taskStackSection)
                  0000c603    00000001     rts2800_fpu32.lib : errno.obj (.ebss)
                  0000c604    00000018     F2806x_CpuTimers.obj (.ebss)
                  0000c61c    00000011     HUD_Interface.obj (.ebss)
                  0000c62d    00000008     rts2800_fpu32.lib : trgdrv.obj (.ebss)
                  0000c635    00000001     --HOLE--
                  0000c636    00000004                       : _lock.obj (.ebss)
                  0000c63a    00000004                       : exit.obj (.ebss)
                  0000c63e    00000002                       : vars.obj (.ebss)
                  0000c640    0000009c     main.obj (.ebss)
                  0000c6dc    00000004     ti.uia.runtime.a28FP : QueueDescriptor.o28FP (.ebss)

.stack     1    0000c6e0    00001000     UNINITIALIZED
                  0000c6e0    00001000     --HOLE--

.cio       1    00010000    00000120     UNINITIALIZED
                  00010000    00000120     rts2800_fpu32.lib : ankmsg.obj (.cio)

PartIdRegsFile 
*          1    003d7e80    00000001     UNINITIALIZED
                  003d7e80    00000001     F2806x_GlobalVariableDefs.obj (PartIdRegsFile)

CsmPwlFile 
*          1    003f7ff8    00000008     UNINITIALIZED
                  003f7ff8    00000008     F2806x_GlobalVariableDefs.obj (CsmPwlFile)


GLOBAL DATA SYMBOLS: SORTED BY DATA PAGE

address     data page           name
--------    ----------------    ----
00000000       0 (00000000)     ___ISA__
00000013       0 (00000000)     ___TARG__
00000037       0 (00000000)     ___PLAT__

0000005d       1 (00000040)     ___TRDR__

00000084       2 (00000080)     ___ASM__

00000880      22 (00000880)     _DevEmuRegs

00000985      26 (00000980)     _SysPwrCtrlRegs

00000a80      2a (00000a80)     _FlashRegs

00000ae0      2b (00000ac0)     _CsmRegs

00000b00      2c (00000b00)     _AdcResult

00000c00      30 (00000c00)     _CpuTimer0Regs
00000c08      30 (00000c00)     _CpuTimer1Regs
00000c10      30 (00000c00)     _CpuTimer2Regs

00000ce0      33 (00000cc0)     _PieCtrlRegs

00000d00      34 (00000d00)     _EmuKey
00000d00      34 (00000d00)     _PieVectTable
00000d01      34 (00000d00)     _EmuBMode
00000d02      34 (00000d00)     _Flash_CallbackPtr
00000d04      34 (00000d00)     _Flash_CPUScaleFactor

00001000      40 (00001000)     _DmaRegs

00001400      50 (00001400)     _Cla1Regs

00004000     100 (00004000)     _Usb0Regs

00005000     140 (00005000)     _McbspaRegs

00006000     180 (00006000)     _ECanaRegs

00006040     181 (00006040)     _ECanaLAMRegs

00006080     182 (00006080)     _ECanaMOTSRegs

[...]
003dc4cc   _xdc_runtime_Memory_valloc__E
003dc4e3   _ti_sysbios_family_c28_Timer_Module_startup__E
003dc4f9   _ti_sysbios_family_c28_Timer_startup__E
003dc50f   _ti_sysbios_knl_Task_restore__E
003dc525   _xdc_runtime_SysMin_abort__E
003dc53b   _ti_sysbios_knl_Idle_run__E
003dc550   _ti_sysbios_knl_Swi_Module_startup__E
003dc565   _ti_sysbios_utils_Load_getGlobalHwiLoad__E
003dc58f   _ti_sysbios_BIOS_errorRaiseHook__I
003dc5a3   _free
003dc5b6   _ti_sysbios_gates_GateMutex_Object__delete__S
003dc5c9   _ti_sysbios_family_c28_Hwi_disableIER__E
003dc5db   _ti_sysbios_family_c28_Timer_stop__E
003dc5ed   _ti_sysbios_gates_GateHwi_Object__delete__S
003dc5ff   _ti_sysbios_heaps_HeapMem_Object__delete__S
003dc611   _ti_sysbios_knl_Clock_Module_startup__E
003dc623   _ti_uia_loggers_LoggerStopMode_Object__delete__S
003dc635   _xdc_runtime_Text_cordText__E
003dc647   _ti_sysbios_gates_GateHwi_Handle__label__S
003dc658   _ti_sysbios_gates_GateMutex_Handle__label__S
003dc669   _ti_sysbios_heaps_HeapMem_Handle__label__S
003dc67a   _ti_uia_loggers_LoggerStopMode_Handle__label__S
003dc68b   _ti_uia_loggers_LoggerStopMode_Instance_init__E
003dc69c   _xdc_runtime_Error_raiseX__E
003dc6ad   _ti_sysbios_BIOS_rtsLock__I
003dc6bd   _ti_sysbios_family_c28_Hwi_enableIER__E
003dc6cd   _ti_sysbios_knl_Task_restoreHwi__E
003dc6dd   _xdc_runtime_SysMin_Module_startup__E
003dc6ed   _ti_catalog_c2800_init_Boot_disableWatchdog
003dc6fc   _ti_sysbios_BIOS_startFunc__I
003dc70b   _ti_sysbios_gates_GateMutex_Instance_init__E
003dc71a   _ti_sysbios_knl_Semaphore_Object__destruct__S
003dc738   _xdc_runtime_Registry_findById__E
003dc747   _ti_sysbios_knl_Queue_Object__destruct__S
003dc755   _ti_uia_loggers_LoggerStopMode_enable__E
003dc763   _xdc_runtime_Text_visitRope__I
003dc771   _ti_sysbios_BIOS_registerRTSLock__I
003dc77e   _ti_sysbios_BIOS_removeRTSLock__I
003dc78b   _ti_sysbios_family_c28_Hwi_dispatchC__I
003dc798   _ti_sysbios_family_c28_Hwi_restoreIER__E
003dc7a5   _ti_sysbios_knl_Task_SupportProxy_start__E
003dc7b2   _ti_sysbios_knl_Task_sleepTimeout__I
003dc7bf   _ti_uia_loggers_LoggerStopMode_disable__E
003dc7d9   _xdc_runtime_Memory_HeapProxy_alloc__E
003dc7e6   _xdc_runtime_System_abort__E
003dc7f3   _memset
003dc800   _ti_sysbios_BIOS_exitFunc__I
003dc80c   _ti_sysbios_gates_GateMutex_leave__E
003dc818   _ti_sysbios_knl_Queue_put__E
003dc824   _ti_sysbios_knl_Task_enabled__E
003dc830   _xdc_runtime_Error_check__E
003dc83c   _ti_sysbios_family_c28_Hwi_Module__startupDone__F
003dc847   _ti_sysbios_family_c28_Timer_Module__startupDone__F
003dc852   _ti_sysbios_knl_Task_enter__I
003dc85d   _ti_sysbios_knl_Task_unblock__E
003dc868   _xdc_runtime_Memory_HeapProxy_free__E
003dc873   _xdc_runtime_SysMin_exit__E
003dc87e   _xdc_runtime_System_aprintf__E
003dc889   _xdc_runtime_System_exit__E
003dc894   _xdc_runtime_System_printf__E
003dc89f   _xdc_runtime_Text_ropeText__E
003dc8aa   _ti_uia_loggers_LoggerStopMode_isEmpty__E
003dc8b4   _xdc_runtime_Memory_free__E
003dc8be   _xdc_runtime_Startup_exec__I
003dc8c8   _ti_sysbios_BIOS_RtsGateProxy_leave__E
003dc8d1   _ti_sysbios_family_c28_TaskSupport_checkStack__E
003dc8da   _ti_sysbios_family_c28_TaskSupport_glue
003dc8e3   _ti_sysbios_hal_Hwi_Module_startup__E
003dc8ec   _ti_sysbios_heaps_HeapMem_Module_GateProxy_leave__E
003dc8f5   _ti_sysbios_knl_Task_SupportProxy_checkStack__E
003dc8fe   _ti_sysbios_knl_Task_SupportProxy_swap__E
003dc907   _xdc_runtime_System_Module_GateProxy_leave__E
003dc910   _xdc_runtime_System_snprintf_va__F
003dc910   _xdc_runtime_System_vsnprintf__E
003dc919   __register_unlock
003dc91d   __register_lock
003dc921   __nop
003dc922   _ti_sysbios_BIOS_setThreadType__E
003dc92a   _ti_sysbios_gates_GateMutex_Instance_finalize__E
003dc932   _ti_sysbios_hal_Hwi_HwiProxy_getStackInfo__E
003dc942   _ti_sysbios_knl_Queue_empty__E
003dc94a   _ti_sysbios_knl_Semaphore_Instance_finalize__E
003dc952   _xdc_runtime_Memory_calloc__E
003dc95a   _xdc_runtime_SysMin_ready__E
003dc962   _strlen
003dc96a   _ti_catalog_c2800_init_Boot_init
003dc971   _ti_sysbios_BIOS_RtsGateProxy_enter__E
003dc978   _ti_sysbios_family_c28_Hwi_disable__E
003dc97f   _ti_sysbios_heaps_HeapMem_Module_GateProxy_enter__E
003dc986   _ti_sysbios_knl_Clock_TimerProxy_getMaxTicks__E
003dc98d   _ti_sysbios_knl_Queue_destruct
003dc994   _ti_sysbios_knl_Semaphore_destruct
003dc99b   _xdc_runtime_System_Module_GateProxy_enter__E
003dc9a2   _xdc_runtime_System_SupportProxy_abort__E
003dc9a9   _xdc_runtime_Timestamp_SupportProxy_get64__E
003dc9b0   _xdc_runtime_Timestamp_SupportProxy_getFreq__E
003dc9b7   _ti_sysbios_family_c28_Hwi_restore__E
003dc9bd   _ti_sysbios_family_c28_IntrinsicsSupport_maxbit__E
003dc9c3   _ti_sysbios_family_c28_TimestampProvider_rolloverFunc__E
003dc9c9   _ti_sysbios_family_c28_TimestampProvider_startTimer__E
003dc9d5   _ti_sysbios_heaps_HeapMem_Module_GateProxy_query__E
003dc9db   _ti_sysbios_knl_Swi_disable__E
003dc9e1   _ti_sysbios_knl_Task_disable__E
003dc9e7   _ti_uia_loggers_LoggerStopMode_getFilterLevel__E
003dc9ed   _ti_uia_loggers_LoggerStopMode_setFilterLevel__E
003dc9f3   _xdc_runtime_Gate_enterSystem__E
003dc9f9   _xdc_runtime_Gate_leaveSystem__E
003dc9ff   _xdc_runtime_System_SupportProxy_exit__E
003dca05   _xdc_runtime_System_SupportProxy_putch__E
003dca0b   _ti_sysbios_BIOS_start__E
003dca10   _ti_sysbios_family_c28_Hwi_switchFromBootStack__E
003dca15   _ti_sysbios_gates_GateHwi_enter__E
003dca1f   _xdc_runtime_Error_init__E
003dca24   ___dl__FPv
003dca29   _strcpy
003dca2e   _ti_sysbios_family_c28_Hwi_startup__E
003dca32   _ti_sysbios_family_c28_TimestampProvider_getFreq__E
003dca36   _ti_sysbios_heaps_HeapMem_isBlocking__E
003dca3a   _ti_sysbios_knl_Clock_getTicks__E
003dca3e   _ti_sysbios_knl_Swi_startup__E
003dca42   _xdc_runtime_Memory_getMaxDefaultTypeAlign__E
003dca46   ___xdc__init
003dca49   _ti_catalog_c2800_init_Boot_limpAbort
003dca4c   _ti_sysbios_family_c28_Hwi_Module__startupDone__S
003dca4f   _ti_sysbios_family_c28_Hwi_getIFR__I
003dca52   _ti_sysbios_family_c28_Timer_Module__startupDone__S
003dca55   _ti_sysbios_gates_GateHwi_leave__E
003dca58   _ti_sysbios_hal_Hwi_HwiProxy_Module__startupDone__S
003dca5b   _ti_sysbios_hal_Hwi_HwiProxy_startup__E
003dca5e   _ti_sysbios_hal_Hwi_HwiProxy_switchFromBootStack__E
003dca64   _ti_sysbios_hal_Hwi_startup__E
003dca67   _ti_sysbios_knl_Clock_TimerProxy_Module__startupDone__S
003dca6a   _ti_sysbios_knl_Idle_loop__E
003dca6d   _ti_sysbios_knl_Queue_Instance_init__E
003dca70   _ti_sysbios_knl_Task_SupportProxy_Module__startupDone__S
003dca73   _ti_sysbios_knl_Task_startup__E
003dca76   _ti_sysbios_utils_Load_update__E
003dca79   _ti_uia_loggers_LoggerStopMode_getMaxLength__E
003dca7c   _xdc_runtime_Startup_reset__I
003dca7f   _xdc_runtime_System_Module_startup__E
003dca82   _xdc_runtime_System_SupportProxy_ready__E
003dca85   _xdc_runtime_System_abortStd__E
003dca88   _xdc_runtime_System_exitStd__E
003dca8b   _xdc_runtime_Timestamp_SupportProxy_get32__E
003dca8e   _xdc_runtime_Timestamp_get32__E
003dca91   _xdc_runtime_Timestamp_get64__E
003dca94   _xdc_runtime_Timestamp_getFreq__E
003dca97   ___dla__FPv
003dca9a   _ti_catalog_c2800_init_Boot_defaultLimpAbortFunction
003dca9c   _ti_sysbios_family_c28_TaskSupport_Module__startupDone__S
003dca9e   _ti_sysbios_family_c28_Timer_getMaxTicks__E
003dcaa0   _ti_sysbios_gates_GateHwi_query__E
003dcaa2   _ti_sysbios_gates_GateMutex_query__E
003dcaa4   _ti_uia_loggers_LoggerStopMode_getContents__E
003dcaa6   _ti_uia_loggers_LoggerStopMode_getInstanceId__E
003dcaa8   _ti_uia_loggers_LoggerStopMode_getPriority__E
003dcaaa   _ti_uia_loggers_LoggerStopMode_getTransferType__E
003dcaac   _xdc_runtime_Error_getSite__E
003dcaae   _ti_sysbios_family_c28_Hwi_interruptReturn__I
003dcaaf   _ti_sysbios_gates_GateHwi_Instance_init__E
003dcab0   _ti_uia_loggers_LoggerStopMode_setPriority__E
003dcab1   ___default_new_handler__Fv
003dcab2   ___etext__
003dcab2   _xdc_runtime_Text_charTab__A
003dcab2   etext
003de79a   _PieVectTableInit
003de89a   _ti_sysbios_family_c28_Hwi_vectors
003dea11   _xdc_runtime_Text_nodeTab__A
003dea81   _ti_sysbios_family_c28_Hwi_Module__id__C
003deb1d   _ti_sysbios_family_c28_Hwi_Module__loggerDefined__C
003deb1e   _ti_uia_loggers_LoggerStopMode_Module__FXNS__C
003deb78   _ti_uia_loggers_LoggerStopMode_Object__PARAMS__C
003deba2   _ti_sysbios_heaps_HeapMem_Module__FXNS__C
003debb6   _xdc_runtime_Startup_sfxnTab__A
003debca   _ti_sysbios_gates_GateHwi_Module__FXNS__C
003debdc   _ti_sysbios_gates_GateMutex_Module__FXNS__C
003debee   _ti_sysbios_heaps_HeapMem_Object__PARAMS__C
003dec11   _ti_sysbios_family_c28_Hwi_NUM_INTERRUPTS_ALL__C
003dec22   _ti_sysbios_gates_GateHwi_Object__DESC__C
003dec32   _ti_sysbios_gates_GateMutex_Object__DESC__C
003dec42   _ti_sysbios_heaps_HeapMem_Object__DESC__C
003dec52   _ti_sysbios_knl_Queue_Object__DESC__C
003dec62   _ti_sysbios_knl_Semaphore_Object__DESC__C
003dec72   _ti_sysbios_knl_Semaphore_Object__PARAMS__C
003dec82   _ti_uia_loggers_LoggerStopMode_Object__DESC__C
003deca1   _ti_sysbios_family_c28_Hwi_Object__count__C
003deca2   _ti_sysbios_gates_GateHwi_Object__PARAMS__C
003decae   _ti_sysbios_gates_GateMutex_Object__PARAMS__C
003decba   _ti_sysbios_knl_Queue_Object__PARAMS__C
003decc6   _xdc_runtime_Startup_sfxnRts__A
003decef   _ti_sysbios_family_c28_TaskSupport_Module__id__C
003decf5   _ti_sysbios_family_c28_Timer_Module__id__C
003decf6   _task0
003decf8   _clock0
003decfa   _ti_sysbios_knl_Idle_funcList__A
003decfe   _ti_sysbios_knl_Idle_funcList__C
003ded02   _xdc_runtime_Startup_firstFxns__A
003ded06   _xdc_runtime_Startup_firstFxns__C
003ded0a   _xdc_runtime_Startup_lastFxns__C
003ded0e   _ti_sysbios_BIOS_installedErrorHook__C
003ded10   _ti_sysbios_family_c28_Hwi_A_badIntNum__C
003ded12   _ti_sysbios_family_c28_Hwi_A_invalidArg__C
003ded14   _ti_sysbios_family_c28_Hwi_E_unpluggedInterrupt__C
003ded16   _ti_sysbios_family_c28_Hwi_LD_end__C
003ded18   _ti_sysbios_family_c28_Hwi_LM_begin__C
003ded1a   _ti_sysbios_family_c28_Hwi_Module__diagsEnabled__C
003ded1c   _ti_sysbios_family_c28_Hwi_Module__diagsIncluded__C
003ded1e   _ti_sysbios_family_c28_Hwi_Module__diagsMask__C
003ded20   _ti_sysbios_family_c28_Hwi_Module__loggerFxn1__C
003ded22   _ti_sysbios_family_c28_Hwi_Module__loggerFxn8__C
003ded24   _ti_sysbios_family_c28_Hwi_Module__loggerObj__C
003ded26   _ti_sysbios_family_c28_Hwi_Object__table__C
003ded28   _ti_sysbios_family_c28_TaskSupport_E_invalidStack__C
003ded2a   _ti_sysbios_family_c28_Timer_Module__diagsEnabled__C
003ded2c   _ti_sysbios_family_c28_Timer_Module__diagsIncluded__C
003ded2e   _ti_sysbios_family_c28_Timer_Module__diagsMask__C
003ded30   _ti_sysbios_family_c28_TimestampProvider_Module__diagsEnabled__C
003ded32   _ti_sysbios_family_c28_TimestampProvider_Module__diagsIncluded__C
003ded34   _ti_sysbios_family_c28_TimestampProvider_Module__diagsMask__C
003ded36   _ti_sysbios_gates_GateMutex_A_badContext__C
003ded38   _ti_sysbios_gates_GateMutex_Instance_State_sem__O
003ded3a   _ti_sysbios_gates_GateMutex_Module__diagsEnabled__C
003ded3c   _ti_sysbios_gates_GateMutex_Module__diagsIncluded__C
003ded3e   _ti_sysbios_gates_GateMutex_Module__diagsMask__C
003ded40   _ti_sysbios_hal_Hwi_E_stackOverflow__C
003ded42   _ti_sysbios_heaps_HeapMem_A_align__C
003ded44   _ti_sysbios_heaps_HeapMem_A_heapSize__C
003ded46   _ti_sysbios_heaps_HeapMem_A_invalidFree__C
003ded48   _ti_sysbios_heaps_HeapMem_A_zeroBlock__C
003ded4a   _ti_sysbios_heaps_HeapMem_E_memory__C
003ded4c   _ti_sysbios_heaps_HeapMem_Module__diagsEnabled__C
003ded4e   _ti_sysbios_heaps_HeapMem_Module__diagsIncluded__C
003ded50   _ti_sysbios_heaps_HeapMem_Module__diagsMask__C
003ded52   _ti_sysbios_heaps_HeapMem_Module__gateObj__C
003ded54   _ti_sysbios_heaps_HeapMem_Object__table__C
003ded56   _ti_sysbios_heaps_HeapMem_reqAlign__C
003ded58   _ti_sysbios_knl_Clock_LM_begin__C
003ded5a   _ti_sysbios_knl_Clock_LM_tick__C
003ded5c   _ti_sysbios_knl_Clock_LW_delayed__C
003ded5e   _ti_sysbios_knl_Clock_Module_State_clockQ__O
003ded60   _ti_sysbios_knl_Clock_Module__diagsEnabled__C
003ded62   _ti_sysbios_knl_Clock_Module__diagsIncluded__C
003ded64   _ti_sysbios_knl_Clock_Module__diagsMask__C
003ded66   _ti_sysbios_knl_Clock_Module__loggerFxn1__C
003ded68   _ti_sysbios_knl_Clock_Module__loggerFxn2__C
003ded6a   _ti_sysbios_knl_Clock_Module__loggerObj__C
003ded6c   _ti_sysbios_knl_Queue_Object__table__C
003ded6e   _ti_sysbios_knl_Semaphore_A_badContext__C
003ded70   _ti_sysbios_knl_Semaphore_A_noEvents__C
003ded72   _ti_sysbios_knl_Semaphore_A_overflow__C
003ded74   _ti_sysbios_knl_Semaphore_A_pendTaskDisabled__C
003ded76   _ti_sysbios_knl_Semaphore_Instance_State_pendQ__O
003ded78   _ti_sysbios_knl_Semaphore_LM_pend__C
003ded7a   _ti_sysbios_knl_Semaphore_LM_post__C
003ded7c   _ti_sysbios_knl_Semaphore_Module__diagsEnabled__C
003ded7e   _ti_sysbios_knl_Semaphore_Module__diagsIncluded__C
003ded80   _ti_sysbios_knl_Semaphore_Module__diagsMask__C
003ded82   _ti_sysbios_knl_Semaphore_Module__loggerFxn2__C
003ded84   _ti_sysbios_knl_Semaphore_Module__loggerFxn4__C
003ded86   _ti_sysbios_knl_Semaphore_Module__loggerObj__C
003ded88   _ti_sysbios_knl_Swi_LD_end__C
003ded8a   _ti_sysbios_knl_Swi_LM_begin__C
003ded8c   _ti_sysbios_knl_Swi_LM_post__C
003ded8e   _ti_sysbios_knl_Swi_Module__diagsEnabled__C
003ded90   _ti_sysbios_knl_Swi_Module__diagsIncluded__C
003ded92   _ti_sysbios_knl_Swi_Module__diagsMask__C
003ded94   _ti_sysbios_knl_Swi_Module__loggerFxn1__C
003ded96   _ti_sysbios_knl_Swi_Module__loggerFxn4__C
003ded98   _ti_sysbios_knl_Swi_Module__loggerObj__C
003ded9a   _ti_sysbios_knl_Swi_Object__table__C
003ded9c   _ti_sysbios_knl_Task_A_badTimeout__C
003ded9e   _ti_sysbios_knl_Task_A_sleepTaskDisabled__C
003deda0   _ti_sysbios_knl_Task_E_spOutOfBounds__C
003deda2   _ti_sysbios_knl_Task_E_stackOverflow__C
003deda4   _ti_sysbios_knl_Task_LD_block__C
003deda6   _ti_sysbios_knl_Task_LD_exit__C
003deda8   _ti_sysbios_knl_Task_LD_ready__C
003dedaa   _ti_sysbios_knl_Task_LM_sleep__C
003dedac   _ti_sysbios_knl_Task_LM_switch__C
003dedae   _ti_sysbios_knl_Task_Module_State_inactiveQ__O
003dedb0   _ti_sysbios_knl_Task_Module__diagsEnabled__C
003dedb2   _ti_sysbios_knl_Task_Module__diagsIncluded__C
003dedb4   _ti_sysbios_knl_Task_Module__diagsMask__C
003dedb6   _ti_sysbios_knl_Task_Module__loggerFxn2__C
003dedb8   _ti_sysbios_knl_Task_Module__loggerFxn4__C
003dedba   _ti_sysbios_knl_Task_Module__loggerObj__C
003dedbc   _ti_sysbios_knl_Task_Object__table__C
003dedbe   _ti_sysbios_knl_Task_allBlockedFunc__C
003dedc0   _ti_sysbios_utils_Load_LS_cpuLoad__C
003dedc2   _ti_sysbios_utils_Load_LS_hwiLoad__C
003dedc4   _ti_sysbios_utils_Load_Module__diagsEnabled__C
003dedc6   _ti_sysbios_utils_Load_Module__diagsIncluded__C
003dedc8   _ti_sysbios_utils_Load_Module__diagsMask__C
003dedca   _ti_sysbios_utils_Load_Module__loggerFxn1__C
003dedcc   _ti_sysbios_utils_Load_Module__loggerFxn2__C
003dedce   _ti_sysbios_utils_Load_Module__loggerObj__C
003dedd0   _ti_sysbios_utils_Load_postUpdate__C
003dedd2   _ti_uia_loggers_LoggerStopMode_Module__diagsEnabled__C
003dedd4   _ti_uia_loggers_LoggerStopMode_Module__diagsIncluded__C
003dedd6   _ti_uia_loggers_LoggerStopMode_Module__diagsMask__C
003dedd8   _ti_uia_loggers_LoggerStopMode_Object__table__C
003dedda   _ti_uia_runtime_ILoggerSnapshot_Interface__BASE__C
003deddc   _ti_uia_runtime_IUIATransfer_Interface__BASE__C
003dedde   _xdc_runtime_Assert_E_assertFailed__C
003dede0   _xdc_runtime_Core_A_initializedParams__C
003dede2   _xdc_runtime_Core_Module__diagsEnabled__C
003dede4   _xdc_runtime_Core_Module__diagsIncluded__C
003dede6   _xdc_runtime_Core_Module__diagsMask__C
003dede8   _xdc_runtime_Error_E_memory__C
003dedea   _xdc_runtime_Error_Module__diagsEnabled__C
003dedec   _xdc_runtime_Error_Module__diagsIncluded__C
003dedee   _xdc_runtime_Error_Module__diagsMask__C
003dedf0   _xdc_runtime_Error_Module__loggerFxn8__C
003dedf2   _xdc_runtime_Error_Module__loggerObj__C
003dedf4   _xdc_runtime_Error_policyFxn__C
003dedf6   _xdc_runtime_Error_raiseHook__C
003dedf8   _xdc_runtime_IFilterLogger_Interface__BASE__C
003dedfa   _xdc_runtime_IGateProvider_Interface__BASE__C
003dedfc   _xdc_runtime_IHeap_Interface__BASE__C
003dedfe   _xdc_runtime_ILogger_Interface__BASE__C
003dee00   _xdc_runtime_IModule_Interface__BASE__C
003dee02   _xdc_runtime_Log_L_error__C
003dee04   _xdc_runtime_Main_Module__diagsEnabled__C
003dee06   _xdc_runtime_Main_Module__diagsIncluded__C
003dee08   _xdc_runtime_Main_Module__diagsMask__C
003dee0a   _xdc_runtime_Memory_defaultHeapInstance__C
003dee0c   _xdc_runtime_Startup_execImpl__C
003dee0e   _xdc_runtime_Startup_lastFxns__A
003dee10   _xdc_runtime_Startup_sfxnRts__C
003dee12   _xdc_runtime_Startup_sfxnTab__C
003dee14   _xdc_runtime_Startup_startModsFxn__C
003dee16   _xdc_runtime_SysMin_bufSize__C
003dee18   _xdc_runtime_SysMin_outputFunc__C
003dee1a   _xdc_runtime_System_Module__gateObj__C
003dee1c   _xdc_runtime_System_abortFxn__C
003dee1e   _xdc_runtime_System_exitFxn__C
003dee20   _xdc_runtime_System_extendFxn__C
003dee22   _xdc_runtime_Text_charTab__C
003dee24   _xdc_runtime_Text_nameEmpty__C
003dee26   _xdc_runtime_Text_nameStatic__C
003dee28   _xdc_runtime_Text_nameUnknown__C
003dee2a   _xdc_runtime_Text_nodeTab__C
003dee2c   _xdc_runtime_Text_visitRopeFxn__C
003dee2e   _ti_sysbios_family_c28_Timer_startupNeeded__C
003dee2f   _ti_sysbios_family_c28_TimestampProvider_Module__id__C
003dee30   _ti_sysbios_family_c28_TimestampProvider_useClockTimer__C
003dee31   _ti_sysbios_gates_GateMutex_Module__id__C
003dee32   _ti_sysbios_hal_Hwi_Module__id__C
003dee33   _ti_sysbios_heaps_HeapMem_Module__id__C
003dee34   _ti_sysbios_heaps_HeapMem_Object__count__C
003dee35   _ti_sysbios_knl_Clock_Module__id__C
003dee36   _ti_sysbios_knl_Clock_Module__loggerDefined__C
003dee37   _ti_sysbios_knl_Queue_Object__count__C
003dee38   _ti_sysbios_knl_Semaphore_Module__id__C
003dee39   _ti_sysbios_knl_Semaphore_Module__loggerDefined__C
003dee3a   _ti_sysbios_knl_Swi_Module__id__C
003dee3b   _ti_sysbios_knl_Swi_Module__loggerDefined__C
003dee3c   _ti_sysbios_knl_Swi_Object__count__C
003dee3d   _ti_sysbios_knl_Task_Module__id__C
003dee3e   _ti_sysbios_knl_Task_Module__loggerDefined__C
003dee3f   _ti_sysbios_knl_Task_Object__count__C
003dee40   _ti_sysbios_knl_Task_initStackFlag__C
003dee41   _ti_sysbios_knl_Task_numConstructedTasks__C
003dee42   _ti_sysbios_utils_Load_Module__id__C
003dee43   _ti_sysbios_utils_Load_Module__loggerDefined__C
003dee44   _ti_sysbios_utils_Load_hwiEnabled__C
003dee45   _ti_sysbios_utils_Load_updateInIdle__C
003dee46   _ti_sysbios_utils_Load_windowInMs__C
003dee47   _ti_uia_loggers_LoggerStopMode_Module__id__C
003dee48   _ti_uia_loggers_LoggerStopMode_Object__count__C
003dee49   _ti_uia_loggers_LoggerStopMode_isTimestampEnabled__C
003dee4a   _xdc_runtime_Core_Module__id__C
003dee4b   _xdc_runtime_Error_Module__loggerDefined__C
003dee4c   _xdc_runtime_Error_maxDepth__C
003dee4d   _xdc_runtime_Error_policy__C
003dee4e   _xdc_runtime_Main_Module__id__C
003dee4f   _xdc_runtime_Memory_Module__id__C
003dee50   _xdc_runtime_Startup_maxPasses__C
003dee51   _xdc_runtime_SysMin_flushAtExit__C
003dee52   _xdc_runtime_System_maxAtexitHandlers__C
003dee53   _xdc_runtime_Text_charCnt__C
003dee54   _xdc_runtime_Text_isLoaded__C
003dee55   _xdc_runtime_Text_registryModsLastId__C
003dee56   _xdc_runtime_Text_unnamedModsLastId__C
003dee57   ___cinit__
003dee57   cinit
003df31b   _RamfuncsLoadStart
003df31f   _RamfuncsLoadEnd
003f7ff8   _CsmPwl
ffffffff   ___binit__
ffffffff   ___c_args__
ffffffff   ___pinit__
ffffffff   binit
ffffffff   pinit

[844 symbols]
