******************************************************************************
             TMS320C2000 Linker PC v6.2.11                     
******************************************************************************
>> Linked Sat Jan 02 07:14:56 2016

OUTPUT FILE NAME:   <Quad_RTSC.out>
ENTRY POINT SYMBOL: "_c_int00"  address: 003daf74


MEMORY CONFIGURATION

         name            origin    length      used     unused   attr    fill
----------------------  --------  ---------  --------  --------  ----  --------
PAGE 0:
  L03SARAM              00008000   00002000  00000004  00001ffc  RWIX
  OTP                   003d7800   00000400  00000000  00000400  RWIX
  FLASH                 003d8000   0001ff80  00006ff3  00018f8d  RWIX
  CSM_RSVD              003f7f80   00000076  00000000  00000076  RWIX
  BEGIN                 003f7ff6   00000002  00000002  00000000  RWIX
  CSM_PWL               003f7ff8   00000008  00000000  00000008  RWIX
  FPUTABLES             003fd860   000006a0  00000000  000006a0  RWIX
  IQTABLES              003fdf00   00000b50  00000000  00000b50  RWIX
  IQTABLES2             003fea50   0000008c  00000000  0000008c  RWIX
  IQTABLES3             003feadc   000000aa  00000000  000000aa  RWIX
  ROM                   003ff3b0   00000c10  00000000  00000c10  RWIX
  RESET                 003fffc0   00000002  00000000  00000002  RWIX
  VECTORS               003fffc2   0000003e  00000000  0000003e  RWIX

PAGE 1:
  M01SARAM              00000000   00000800  00000000  00000800  RWIX
  DEV_EMU               00000880   00000105  00000004  00000101  RWIX
  SYS_PWR_CTL           00000985   00000003  00000003  00000000  RWIX
  FLASH_REGS            00000a80   00000060  00000008  00000058  RWIX
  CSM                   00000ae0   00000020  00000010  00000010  RWIX
  ADC_RESULT            00000b00   00000020  00000010  00000010  RWIX
  CPU_TIMER0            00000c00   00000008  00000008  00000000  RWIX
  CPU_TIMER1            00000c08   00000008  00000008  00000000  RWIX
  CPU_TIMER2            00000c10   00000008  00000008  00000000  RWIX
  PIE_CTRL              00000ce0   00000020  0000001a  00000006  RWIX
  PIEVECT               00000d00   00000100  00000000  00000100  RWIX
  DMA                   00001000   00000200  000000e0  00000120  RWIX
  CLA1                  00001400   00000080  00000040  00000040  RWIX
  USB0                  00004000   00001000  00000454  00000bac  RWIX
  McBSPA                00005000   00000040  00000024  0000001c  RWIX
  ECANA                 00006000   00000040  00000034  0000000c  RWIX
  ECANA_LAM             00006040   00000040  00000040  00000000  RWIX
  ECANA_MOTS            00006080   00000040  00000040  00000000  RWIX
  ECANA_MOTO            000060c0   00000040  00000040  00000000  RWIX
  ECANA_MBOX            00006100   00000100  00000100  00000000  RWIX
  COMP1                 00006400   00000020  00000014  0000000c  RWIX
  COMP2                 00006420   00000020  00000014  0000000c  RWIX
  COMP3                 00006440   00000020  00000014  0000000c  RWIX
  EPWM1                 00006800   00000040  00000040  00000000  RWIX
  EPWM2                 00006840   00000040  00000040  00000000  RWIX
  EPWM3                 00006880   00000040  00000040  00000000  RWIX
  EPWM4                 000068c0   00000040  00000040  00000000  RWIX
  EPWM5                 00006900   00000040  00000040  00000000  RWIX
  EPWM6                 00006940   00000040  00000040  00000000  RWIX
  EPWM7                 00006980   00000040  00000040  00000000  RWIX
  EPWM8                 000069c0   00000040  00000040  00000000  RWIX
  ECAP1                 00006a00   00000020  00000020  00000000  RWIX
  ECAP2                 00006a20   00000020  00000020  00000000  RWIX
  ECAP3                 00006a40   00000020  00000020  00000000  RWIX
  HRCAP1                00006ac0   00000020  00000020  00000000  RWIX
  HRCAP2                00006ae0   00000020  00000020  00000000  RWIX
  EQEP1                 00006b00   00000040  00000022  0000001e  RWIX
  EQEP2                 00006b40   00000040  00000022  0000001e  RWIX
  HRCAP3                00006c80   00000020  00000020  00000000  RWIX
  HRCAP4                00006ca0   00000020  00000020  00000000  RWIX
  GPIOCTRL              00006f80   00000040  00000040  00000000  RWIX
  GPIODAT               00006fc0   00000020  00000020  00000000  RWIX
  GPIOINT               00006fe0   00000020  00000020  00000000  RWIX
  SYSTEM                00007010   00000030  00000030  00000000  RWIX
  SPIA                  00007040   00000010  00000010  00000000  RWIX
  SCIA                  00007050   00000010  00000010  00000000  RWIX
  NMIINTRUPT            00007060   00000010  00000010  00000000  RWIX
  XINTRUPT              00007070   00000010  00000010  00000000  RWIX
  ADC                   00007100   00000080  00000050  00000030  RWIX
  SPIB                  00007740   00000010  00000010  00000000  RWIX
  SCIB                  00007750   00000010  00000010  00000000  RWIX
  I2CA                  00007900   00000040  00000022  0000001e  RWIX
  L46SARAM              0000a000   00006000  000036dc  00002924  RWIX
  L78SARAM              00010000   00004000  00000120  00003ee0  RWIX
  PARTID                003d7e80   00000001  00000001  00000000  RWIX
  CSM_PWL               003f7ff8   00000008  00000008  00000000  RWIX


SECTION ALLOCATION MAP

 output                                  attributes/
section   page    origin      length       input sections
--------  ----  ----------  ----------   ----------------
.pinit     0    003d8000    00000000     UNINITIALIZED

xdc.meta   0    00000000    000000e1     COPY SECTION
                  00000000    000000e1     Quad_p28FP.o28FP (xdc.meta)

EmuKeyVar 
*          0    00000d00    00000001     DSECT
                  00000d00    00000001     F2806x_GlobalVariableDefs.obj (EmuKeyVar)

PieVectTableFile 
*          0    00000d00    00000100     DSECT
                  00000d00    00000100     F2806x_GlobalVariableDefs.obj (PieVectTableFile)

EmuBModeVar 
*          0    00000d01    00000001     DSECT
                  00000d01    00000001     F2806x_GlobalVariableDefs.obj (EmuBModeVar)

FlashCallbackVar 
*          0    00000d02    00000002     DSECT
                  00000d02    00000002     F2806x_GlobalVariableDefs.obj (FlashCallbackVar)

FlashScalingVar 
*          0    00000d04    00000002     DSECT
                  00000d04    00000002     F2806x_GlobalVariableDefs.obj (FlashScalingVar)

.text      0    003d8000    00004771     
                  003d8000    00000538     Sensor_Drvr.obj (.text)
                  003d8538    0000039b     F2806x_DefaultIsr.obj (.text:retain)
                  003d88d3    0000031e     QuadProcessor.obj (.text)
                  003d8bf1    00000259     Command_Transform.obj (.text)
                  003d8e4a    00000234     ti.targets.rts2800.a28FP : System.o28FP (.text:_xdc_runtime_System_doPrint__I)
                  003d907e    00000211     rts2800_fpu32.lib : trgdrv.obj (.text)
                  003d928f    000001e6     sysbios.a28FP : BIOS.obj (.text:_ti_sysbios_knl_Semaphore_pend__E)
                  003d9475    000001d8                   : BIOS.obj (.text:_ti_sysbios_heaps_HeapMem_free__E)
                  003d964d    000001d0                   : BIOS.obj (.text:_ti_sysbios_heaps_HeapMem_alloc__E)
                  003d981d    00000192     PWM_Driver.obj (.text)
                  003d99af    0000014e     I2C_Device.obj (.text)
                  003d9afd    0000010a     Quad_p28FP.o28FP (.text:_ti_uia_loggers_LoggerStopMode_writeMemoryRange__E)
                  003d9c07    0000010a     Quad_p28FP.o28FP (.text:_xdc_runtime_System_printfExtend__I)
                  003d9d11    00000107     rts2800_fpu32.lib : ll_div.obj (.text)
                  003d9e18    00000105     sysbios.a28FP : BIOS.obj (.text:_ti_sysbios_heaps_HeapMem_Instance_init__E)
                  003d9f1d    000000f7     Quad_p28FP.o28FP (.text:_ti_uia_loggers_LoggerStopMode_writeFinish)
                  003da014    000000e7     sysbios.a28FP : BIOS.obj (.text:_ti_sysbios_family_c28_Hwi_clearInterrupt__E)
                  003da0fb    000000c9     ti.targets.rts2800.a28FP : Core-mem.o28FP (.text:_xdc_runtime_Core_createObject__I)
                  003da1c4    000000c0     sysbios.a28FP : BIOS.obj (.text:_ti_sysbios_family_c28_Hwi_dispatchCore__I)
                  003da284    000000bf                   : BIOS.obj (.text:_ti_sysbios_knl_Semaphore_post__E)
                  003da343    000000bd                   : BIOS.obj (.text:_ti_sysbios_knl_Clock_workFunc__E)
                  003da400    000000b2                   : BIOS.obj (.text:_ti_sysbios_knl_Swi_run__I)
                  003da4b2    000000a2     ti.targets.rts2800.a28FP : Core-smem.o28FP (.text:_xdc_runtime_Core_constructObject__I)
                  003da554    0000009a     sysbios.a28FP : c28_Hwi_disp.obj (.text:_ti_sysbios_family_c28_Hwi_dispatch)
                  003da5ee    0000009a     ti.targets.rts2800.a28FP : Error.o28FP (.text:_xdc_runtime_Error_policyDefault__E)
                  003da688    00000092     sysbios.a28FP : BIOS.obj (.text:_ti_sysbios_family_c28_Hwi_enableInterrupt__E)
                  003da71a    0000008e     rts2800_fpu32.lib : ankmsg.obj (.text)
                  003da7a8    00000088                       : fs_div.obj (.text)
                  003da830    00000087     sysbios.a28FP : BIOS.obj (.text:_ti_sysbios_family_c28_Hwi_disableInterrupt__E)
                  003da8b7    00000086                   : BIOS.obj (.text:_ti_sysbios_family_c28_Hwi_disablePIEIER__E)
                  003da93d    00000083                   : BIOS.obj (.text:_ti_sysbios_family_c28_Hwi_enablePIEIER__E)
                  003da9c0    0000007d     ti.targets.rts2800.a28FP : Startup.o28FP (.text:_xdc_runtime_Startup_startMods__I)
                  003daa3d    0000007a     ti.uia.loggers.a28FP : LoggerStopMode.o28FP (.text:_ti_uia_loggers_LoggerStopMode_flush__E)
                  003daab7    00000078     sysbios.a28FP : BIOS.obj (.text:_ti_sysbios_family_c28_Timer_stopAndClear__I)
                  003dab2f    00000074                   : BIOS.obj (.text:_ti_sysbios_gates_GateMutex_enter__E)
                  003daba3    00000073                   : BIOS.obj (.text:_ti_sysbios_utils_Load_updateLoads__E)
                  003dac16    00000070                   : BIOS.obj (.text:_ti_sysbios_knl_Task_schedule__I)
                  003dac86    0000006f                   : BIOS.obj (.text:_ti_sysbios_knl_Task_startCore__E)
                  003dacf5    0000006f     rts2800_fpu32.lib : atan.obj (.text)
                  003dad64    0000006e     sysbios.a28FP : BIOS.obj (.text:_ti_sysbios_knl_Semaphore_Instance_init__E)
                  003dadd2    0000006d                   : BIOS.obj (.text:_ti_sysbios_knl_Task_checkStacks__E)
                  003dae3f    00000068     ti.targets.rts2800.a28FP : Text.o28FP (.text:_xdc_runtime_Text_putSite__E)
                  003daea7    00000067     sysbios.a28FP : BIOS.obj (.text:_ti_sysbios_utils_Load_idleFxn__E)
                  003daf0e    00000066                   : BIOS.obj (.text:_ti_sysbios_knl_Task_blockI__E)
                  003daf74    00000063     boot.a28FP : boot_cg.o28FP (.text)
                  003dafd7    00000062     sysbios.a28FP : BIOS.obj (.text:_ti_sysbios_knl_Swi_post__E)
                  003db039    0000005f     Quad_p28FP.o28FP (.text:_ti_uia_loggers_LoggerStopMode_write8__E)
                  003db098    00000059     LED_Driver.obj (.text)
                  003db0f1    00000059     sysbios.a28FP : BIOS.obj (.text:_ti_sysbios_knl_Task_exit__E)
                  003db14a    00000058     ti.uia.loggers.a28FP : LoggerStopMode.o28FP (.text:_ti_uia_loggers_LoggerStopMode_initQueueDescriptor__E)
                  003db1a2    00000058     ti.targets.rts2800.a28FP : Memory.o28FP (.text:_xdc_runtime_Memory_alloc__E)
                  003db1fa    00000055     main.obj (.text)
                  003db24f    00000053     sysbios.a28FP : BIOS.obj (.text:_ti_sysbios_knl_Task_unblockI__E)
                  003db2a2    0000004b                   : BIOS.obj (.text:_ti_sysbios_knl_Task_postInit__I)
                  003db2ed    0000004a     ti.targets.rts2800.a28FP : Text.o28FP (.text:_xdc_runtime_Text_putLab__E)
                  003db337    00000049     sysbios.a28FP : BIOS.obj (.text:_ti_sysbios_family_c28_TimestampProvider_get64__E)
                  003db380    00000048                   : BIOS.obj (.text:_ti_sysbios_family_c28_Timer_postInit__I)
                  003db3c8    00000048     Quad_p28FP.o28FP (.text:_ti_uia_loggers_LoggerStopMode_writeStart)
                  003db410    00000047     sysbios.a28FP : BIOS.obj (.text:_ti_sysbios_family_c28_Hwi_Module_startup__E)
                  003db457    00000047     Quad_p28FP.o28FP (.text:_ti_uia_loggers_LoggerStopMode_write4__E)
                  003db49e    00000046     ti.targets.rts2800.a28FP : Core-mem.o28FP (.text:_xdc_runtime_Core_deleteObject__I)
                  003db4e4    00000046     rts2800_fpu32.lib : far_cpy_tbl.obj (.text)
                  003db52a    00000042     sysbios.a28FP : BIOS.obj (.text:_ti_sysbios_utils_Load_logLoads__I)
                  003db56c    00000041                   : BIOS.obj (.text:_ti_sysbios_family_c28_Hwi_unPluggedInterrupt__I)
                  003db5ad    0000003e                   : BIOS.obj (.text:_ti_sysbios_family_c28_TaskSupport_start__E)
                  003db5eb    0000003e     ti.targets.rts2800.a28FP : System.o28FP (.text:_xdc_runtime_System_formatNum__I)
                  003db629    0000003d     ti.uia.runtime.a28FP : QueueDescriptor.o28FP (.text:_ti_uia_runtime_QueueDescriptor_addToList__E)
                  003db666    0000003b     Quad_p28FP.o28FP (.text:_ti_uia_loggers_LoggerStopMode_write2__E)
                  003db6a1    0000003b     ti.targets.rts2800.a28FP : Core-params.o28FP (.text:_xdc_runtime_Core_assignParams__I)
                  003db6dc    0000003a                              : Text.o28FP (.text:_xdc_runtime_Text_putMod__E)
                  003db716    00000038     sysbios.a28FP : BIOS.obj (.text:_ti_sysbios_knl_Clock_logTick__E)
                  003db74e    00000038                   : BIOS.obj (.text:_ti_sysbios_knl_Swi_restoreHwi__E)
                  003db786    00000038                   : BIOS.obj (.text:_ti_sysbios_utils_Load_logCPULoad__I)
                  003db7be    00000037                   : BIOS.obj (.text:_ti_sysbios_utils_Load_updateThreadContexts__E)
                  003db7f5    00000036                   : BIOS.obj (.text:_ti_sysbios_family_c28_TimestampProvider_Module_startup__E)
                  003db82b    00000035     Quad_p28FP.o28FP (.text:_ti_uia_loggers_LoggerStopMode_write1__E)
                  003db860    00000034     Quad_p28FP.o28FP (.text:_ti_sysbios_BIOS_rtsUnlock__I)
                  003db894    00000034     ti.targets.rts2800.a28FP : Text.o28FP (.text:_xdc_runtime_Text_visitRope2__I)
                  003db8c8    00000033     sysbios.a28FP : BIOS.obj (.text:_ti_sysbios_family_c28_TimestampProvider_get32__E)
                  003db8fb    00000033     ti.targets.rts2800.a28FP : Assert.o28FP (.text:_xdc_runtime_Assert_raise__I)
                  003db92e    00000032     sysbios.a28FP : BIOS.obj (.text:_ti_sysbios_family_c28_Timer_start__E)
                  003db960    00000032                   : BIOS.obj (.text:_ti_sysbios_knl_Task_Module_startup__E)
                  003db992    00000032     ti.targets.rts2800.a28FP : Error.o28FP (.text:_xdc_runtime_Error_setX__E)
                  003db9c4    00000031                              : Startup.o28FP (.text:_xdc_runtime_Startup_exec__E)
                  003db9f5    00000030                              : Error.o28FP (.text:_xdc_runtime_Error_print__E)
                  003dba25    0000002f     sysbios.a28FP : BIOS.obj (.text:_ti_sysbios_knl_Swi_runLoop__I)
                  003dba54    0000002e     Boot.a28FP : Boot.o28FP (.text:.bootCodeSection:_ti_catalog_c2800_init_Boot_configurePll2802x)
                  003dba82    0000002e     sysbios.a28FP : BIOS.obj (.text:_ti_sysbios_family_c28_Timer_getFreq__E)
                  003dbab0    0000002e                   : BIOS.obj (.text:_ti_sysbios_knl_Swi_schedule__I)
                  003dbade    0000002e                   : BIOS.obj (.text:_ti_sysbios_utils_Load_updateCurrentThreadTime__E)
                  003dbb0c    0000002d                   : BIOS.obj (.text:_ti_sysbios_family_c28_Hwi_getStackInfo__E)
                  003dbb39    0000002d                   : BIOS.obj (.text:_ti_sysbios_heaps_HeapMem_getStats__E)
                  003dbb66    0000002d                   : BIOS.obj (.text:_ti_sysbios_heaps_HeapMem_init__I)
                  003dbb93    0000002c                   : BIOS.obj (.text:_ti_sysbios_family_c28_Hwi_getInterruptFlag__E)
                  003dbbbf    0000002c     ti.uia.loggers.a28FP : LoggerStopMode.o28FP (.text:_ti_uia_loggers_LoggerStopMode_Module_startup__E)
                  003dbbeb    0000002b     sysbios.a28FP : BIOS.obj (.text:_ti_sysbios_family_c28_Timer_getExpiredCounts64__E)
                  003dbc16    0000002b     Quad_p28FP.o28FP (.text:_ti_uia_loggers_LoggerStopMode_write0__E)
                  003dbc41    00000028     ti.targets.rts2800.a28FP : SysMin.o28FP (.text:_xdc_runtime_SysMin_flush__E)
                  003dbc69    00000027                              : Text.o28FP (.text:_xdc_runtime_Text_xprintf__I)
                  003dbc90    00000026     sysbios.a28FP : BIOS.obj (.text:_ti_sysbios_family_c28_Timer_getExpiredCounts__E)
                  003dbcb6    00000026                   : BIOS.obj (.text:_ti_sysbios_family_c28_Timer_setPrescale__E)
                  003dbcdc    00000025                   : c28_TaskSupport_asm.obj (.text:_ti_sysbios_family_c28_TaskSupport_buildTaskStack)
                  003dbd01    00000025     ti.uia.loggers.a28FP : LoggerStopMode.o28FP (.text:_ti_uia_loggers_LoggerStopMode_initBuffer__I)
                  003dbd26    00000024                          : LoggerStopMode.o28FP (.text:_ti_uia_loggers_LoggerStopMode_reset__E)
                  003dbd4a    00000024     ti.targets.rts2800.a28FP : System.o28FP (.text:_xdc_runtime_System_processAtExit__E)
                  003dbd6e    00000023     Quad_p28FP.o28FP (.text:_malloc)
                  003dbd91    00000001     Quad_p28FP.o28FP (.text:_ti_sysbios_BIOS_nullFunc__I)
                  003dbd92    00000023     rts2800_fpu32.lib : sqrt.obj (.text)
                  003dbdb5    00000021     sysbios.a28FP : BIOS.obj (.text:_ti_sysbios_knl_Task_allBlockedFunction__I)
                  003dbdd6    00000021     ti.targets.rts2800.a28FP : System.o28FP (.text:_xdc_runtime_System_atexit__E)
                  003dbdf7    00000021     rts2800_fpu32.lib : memcpy_ff.obj (.text)
                  003dbe18    00000020                       : new_.obj (.text)
                  003dbe38    0000001e     Quad_p28FP.o28FP (.text:_ti_sysbios_gates_GateHwi_Object__create__S)
                  003dbe56    0000001e     Quad_p28FP.o28FP (.text:_ti_sysbios_gates_GateMutex_Object__create__S)
                  003dbe74    0000001e     Quad_p28FP.o28FP (.text:_ti_sysbios_heaps_HeapMem_Object__create__S)
                  003dbe92    0000001e     Quad_p28FP.o28FP (.text:_ti_uia_loggers_LoggerStopMode_Object__create__S)
                  003dbeb0    0000001e     ti.targets.rts2800.a28FP : SysMin.o28FP (.text:_xdc_runtime_SysMin_putch__E)
                  003dbece    0000001d     sysbios.a28FP : c28_TaskSupport_asm.obj (.text:_ti_sysbios_family_c28_TaskSupport_swap__E)
                  003dbeeb    0000001c     Quad_p28FP.o28FP (.text:_ti_sysbios_family_c28_Hwi_Object__get__S)
                  003dbf07    0000001c     sysbios.a28FP : BIOS.obj (.text:_ti_sysbios_knl_Clock_addI__E)
                  003dbf23    0000001c     Quad_p28FP.o28FP (.text:_ti_sysbios_knl_Queue_Object__get__S)
                  003dbf3f    0000001b     sysbios.a28FP : c28_Hwi_asm.obj (.text:_ti_sysbios_family_c28_Hwi_switchAndDispatch__I)
                  003dbf5a    0000001b                   : BIOS.obj (.text:_ti_sysbios_hal_Hwi_checkStack)
                  003dbf75    0000001b     Quad_p28FP.o28FP (.text:_xdc_runtime_SysMin_output__I)
                  003dbf90    0000001a     sysbios.a28FP : BIOS.obj (.text:_ti_sysbios_hal_Hwi_initStack)
                  003dbfaa    0000001a                   : BIOS.obj (.text:_ti_sysbios_knl_Task_processVitalTaskFlag__I)
                  003dbfc4    0000001a     ti.targets.rts2800.a28FP : Core-label.o28FP (.text:_xdc_runtime_Core_assignLabel__I)
                  003dbfde    0000001a     rts2800_fpu32.lib : cpy_utils.obj (.text)
                  003dbff8    00000019     Quad_p28FP.o28FP (.text:_ti_sysbios_heaps_HeapMem_Object__get__S)
                  003dc011    00000019     Quad_p28FP.o28FP (.text:_ti_sysbios_knl_Semaphore_construct)
                  003dc02a    00000019     sysbios.a28FP : BIOS.obj (.text:_ti_sysbios_knl_Semaphore_pendTimeout__I)
                  003dc043    00000019     Quad_p28FP.o28FP (.text:_ti_sysbios_knl_Swi_Object__get__S)
                  003dc05c    00000019     sysbios.a28FP : BIOS.obj (.text:_ti_sysbios_knl_Swi_restore__E)
                  003dc075    00000019     Quad_p28FP.o28FP (.text:_ti_sysbios_knl_Task_Object__get__S)
                  003dc08e    00000019     Quad_p28FP.o28FP (.text:_ti_uia_loggers_LoggerStopMode_Object__get__S)
                  003dc0a7    00000019     ti.targets.rts2800.a28FP : System.o28FP (.text:_xdc_runtime_System_avprintf__E)
                  003dc0c0    00000019                              : System.o28FP (.text:_xdc_runtime_System_putchar__I)
                  003dc0d9    00000019     rts2800_fpu32.lib : args_main.obj (.text)
                  003dc0f2    00000019                       : exit.obj (.text)
                  003dc10b    00000018     sysbios.a28FP : c28_Hwi_asm.obj (.text:_ti_sysbios_family_xxx_Hwi_switchAndRunFunc)
                  003dc123    00000018     ti.targets.rts2800.a28FP : System.o28FP (.text:_xdc_runtime_System_vprintf__E)
                  003dc13b    00000018                              : Text.o28FP (.text:_xdc_runtime_Text_printVisFxn__I)
                  003dc153    00000017     Quad_p28FP.o28FP (.text:_ti_sysbios_BIOS_atExitFunc__I)
                  003dc16a    00000017     Quad_p28FP.o28FP (.text:_ti_sysbios_knl_Clock_doTick__I)
                  003dc181    00000017     Quad_p28FP.o28FP (.text:_ti_sysbios_knl_Queue_construct)
                  003dc198    00000017     ti.targets.rts2800.a28FP : Memory.o28FP (.text:_xdc_runtime_Memory_valloc__E)
                  003dc1af    00000016     sysbios.a28FP : BIOS.obj (.text:_ti_sysbios_family_c28_Timer_Module_startup__E)
                  003dc1c5    00000016                   : BIOS.obj (.text:_ti_sysbios_family_c28_Timer_startup__E)
                  003dc1db    00000016                   : BIOS.obj (.text:_ti_sysbios_knl_Task_restore__E)
                  003dc1f1    00000016     ti.targets.rts2800.a28FP : SysMin.o28FP (.text:_xdc_runtime_SysMin_abort__E)
                  003dc207    00000015     sysbios.a28FP : BIOS.obj (.text:_ti_sysbios_knl_Idle_run__E)
                  003dc21c    00000015                   : BIOS.obj (.text:_ti_sysbios_knl_Swi_Module_startup__E)
                  003dc231    00000015                   : BIOS.obj (.text:_ti_sysbios_utils_Load_getGlobalHwiLoad__E)
                  003dc246    00000015     Quad_p28FP.o28FP (.text:_ti_uia_loggers_LoggerStopMode_fillInTimestamp)
                  003dc25b    00000014     Quad_p28FP.o28FP (.text:_ti_sysbios_BIOS_errorRaiseHook__I)
                  003dc26f    00000013     Quad_p28FP.o28FP (.text:_free)
                  003dc282    00000013     Quad_p28FP.o28FP (.text:_ti_sysbios_gates_GateMutex_Object__delete__S)
                  003dc295    00000012     Quad_p28FP.o28FP (.text:_ti_sysbios_family_c28_Hwi_disableIER__E)
                  003dc2a7    00000012     sysbios.a28FP : BIOS.obj (.text:_ti_sysbios_family_c28_Timer_stop__E)
                  003dc2b9    00000012     Quad_p28FP.o28FP (.text:_ti_sysbios_gates_GateHwi_Object__delete__S)
                  003dc2cb    00000012     Quad_p28FP.o28FP (.text:_ti_sysbios_heaps_HeapMem_Object__delete__S)
                  003dc2dd    00000012     sysbios.a28FP : BIOS.obj (.text:_ti_sysbios_knl_Clock_Module_startup__E)
                  003dc2ef    00000012     Quad_p28FP.o28FP (.text:_ti_uia_loggers_LoggerStopMode_Object__delete__S)
                  003dc301    00000012     ti.targets.rts2800.a28FP : Text.o28FP (.text:_xdc_runtime_Text_cordText__E)
                  003dc313    00000011     Quad_p28FP.o28FP (.text:_ti_sysbios_gates_GateHwi_Handle__label__S)
                  003dc324    00000011     Quad_p28FP.o28FP (.text:_ti_sysbios_gates_GateMutex_Handle__label__S)
                  003dc335    00000011     Quad_p28FP.o28FP (.text:_ti_sysbios_heaps_HeapMem_Handle__label__S)
                  003dc346    00000011     Quad_p28FP.o28FP (.text:_ti_uia_loggers_LoggerStopMode_Handle__label__S)
                  003dc357    00000011     ti.uia.loggers.a28FP : LoggerStopMode.o28FP (.text:_ti_uia_loggers_LoggerStopMode_Instance_init__E)
                  003dc368    00000011     ti.targets.rts2800.a28FP : Error.o28FP (.text:_xdc_runtime_Error_raiseX__E)
                  003dc379    00000010     Quad_p28FP.o28FP (.text:_ti_sysbios_BIOS_rtsLock__I)
                  003dc389    00000010     Quad_p28FP.o28FP (.text:_ti_sysbios_family_c28_Hwi_enableIER__E)
                  003dc399    00000010     sysbios.a28FP : BIOS.obj (.text:_ti_sysbios_knl_Task_restoreHwi__E)
                  003dc3a9    00000010     ti.targets.rts2800.a28FP : SysMin.o28FP (.text:_xdc_runtime_SysMin_Module_startup__E)
                  003dc3b9    0000000f     Boot.a28FP : Boot.o28FP (.text:.bootCodeSection:_ti_catalog_c2800_init_Boot_disableWatchdog)
                  003dc3c8    0000000f     Quad_p28FP.o28FP (.text:_ti_sysbios_BIOS_startFunc__I)
                  003dc3d7    0000000f     sysbios.a28FP : BIOS.obj (.text:_ti_sysbios_gates_GateMutex_Instance_init__E)
                  003dc3e6    0000000f     Quad_p28FP.o28FP (.text:_ti_sysbios_knl_Semaphore_Object__destruct__S)
                  003dc3f5    0000000f     Quad_p28FP.o28FP (.text:_xdc_runtime_IHeap_alloc)
                  003dc404    0000000f     ti.targets.rts2800.a28FP : Registry.o28FP (.text:_xdc_runtime_Registry_findById__E)
                  003dc413    0000000e     Quad_p28FP.o28FP (.text:_ti_sysbios_knl_Queue_Object__destruct__S)
                  003dc421    0000000e     ti.uia.loggers.a28FP : LoggerStopMode.o28FP (.text:_ti_uia_loggers_LoggerStopMode_enable__E)
                  003dc42f    0000000e     Quad_p28FP.o28FP (.text:_xdc_runtime_Text_visitRope__I)
                  003dc43d    0000000d     Quad_p28FP.o28FP (.text:_ti_sysbios_BIOS_registerRTSLock__I)
                  003dc44a    0000000d     Quad_p28FP.o28FP (.text:_ti_sysbios_BIOS_removeRTSLock__I)
                  003dc457    0000000d     sysbios.a28FP : BIOS.obj (.text:_ti_sysbios_family_c28_Hwi_dispatchC__I)
                  003dc464    0000000d     Quad_p28FP.o28FP (.text:_ti_sysbios_family_c28_Hwi_restoreIER__E)
                  003dc471    0000000d     Quad_p28FP.o28FP (.text:_ti_sysbios_knl_Task_SupportProxy_start__E)
                  003dc47e    0000000d     ti.uia.loggers.a28FP : LoggerStopMode.o28FP (.text:_ti_uia_loggers_LoggerStopMode_disable__E)
                  003dc48b    0000000d     Quad_p28FP.o28FP (.text:_xdc_runtime_IHeap_free)
                  003dc498    0000000d     Quad_p28FP.o28FP (.text:_xdc_runtime_Memory_HeapProxy_alloc__E)
                  003dc4a5    0000000d     ti.targets.rts2800.a28FP : System.o28FP (.text:_xdc_runtime_System_abort__E)
                  003dc4b2    0000000d     rts2800_fpu32.lib : memset.obj (.text)
                  003dc4bf    0000000c     Quad_p28FP.o28FP (.text:_ti_sysbios_BIOS_exitFunc__I)
                  003dc4cb    0000000c     sysbios.a28FP : BIOS.obj (.text:_ti_sysbios_gates_GateMutex_leave__E)
                  003dc4d7    0000000c                   : BIOS.obj (.text:_ti_sysbios_knl_Queue_put__E)
                  003dc4e3    0000000c                   : BIOS.obj (.text:_ti_sysbios_knl_Task_enabled__E)
                  003dc4ef    0000000c     ti.targets.rts2800.a28FP : Error.o28FP (.text:_xdc_runtime_Error_check__E)
                  003dc4fb    0000000b     Quad_p28FP.o28FP (.text:_ti_sysbios_family_c28_Hwi_Module__startupDone__F)
                  003dc506    0000000b     Quad_p28FP.o28FP (.text:_ti_sysbios_family_c28_Timer_Module__startupDone__F)
                  003dc511    0000000b     sysbios.a28FP : BIOS.obj (.text:_ti_sysbios_knl_Task_enter__I)
                  003dc51c    0000000b                   : BIOS.obj (.text:_ti_sysbios_knl_Task_unblock__E)
                  003dc527    0000000b     Quad_p28FP.o28FP (.text:_xdc_runtime_Memory_HeapProxy_free__E)
                  003dc532    0000000b     ti.targets.rts2800.a28FP : SysMin.o28FP (.text:_xdc_runtime_SysMin_exit__E)
                  003dc53d    0000000b     Quad_p28FP.o28FP (.text:_xdc_runtime_System_aprintf__E)
                  003dc548    0000000b     ti.targets.rts2800.a28FP : System.o28FP (.text:_xdc_runtime_System_exit__E)
                  003dc553    0000000b     Quad_p28FP.o28FP (.text:_xdc_runtime_System_printf__E)
                  003dc55e    0000000b     ti.targets.rts2800.a28FP : Text.o28FP (.text:_xdc_runtime_Text_ropeText__E)
                  003dc569    0000000a     ti.uia.loggers.a28FP : LoggerStopMode.o28FP (.text:_ti_uia_loggers_LoggerStopMode_isEmpty__E)
                  003dc573    0000000a     ti.targets.rts2800.a28FP : Memory.o28FP (.text:_xdc_runtime_Memory_free__E)
                  003dc57d    0000000a     Quad_p28FP.o28FP (.text:_xdc_runtime_Startup_exec__I)
                  003dc587    00000009     Quad_p28FP.o28FP (.text:_ti_sysbios_BIOS_RtsGateProxy_leave__E)
                  003dc590    00000009     sysbios.a28FP : BIOS.obj (.text:_ti_sysbios_family_c28_TaskSupport_checkStack__E)
                  003dc599    00000009                   : c28_TaskSupport_asm.obj (.text:_ti_sysbios_family_c28_TaskSupport_glue)
                  003dc5a2    00000009                   : BIOS.obj (.text:_ti_sysbios_hal_Hwi_Module_startup__E)
                  003dc5ab    00000009     Quad_p28FP.o28FP (.text:_ti_sysbios_heaps_HeapMem_Module_GateProxy_leave__E)
                  003dc5b4    00000009     Quad_p28FP.o28FP (.text:_ti_sysbios_knl_Task_SupportProxy_checkStack__E)
                  003dc5bd    00000009     Quad_p28FP.o28FP (.text:_ti_sysbios_knl_Task_SupportProxy_swap__E)
                  003dc5c6    00000009     Quad_p28FP.o28FP (.text:_xdc_runtime_System_Module_GateProxy_leave__E)
                  003dc5cf    00000009     ti.targets.rts2800.a28FP : System.o28FP (.text:_xdc_runtime_System_vsnprintf__E)
                  003dc5d8    00000009     rts2800_fpu32.lib : _lock.obj (.text)
                  003dc5e1    00000008     sysbios.a28FP : BIOS.obj (.text:_ti_sysbios_BIOS_setThreadType__E)
                  003dc5e9    00000008                   : BIOS.obj (.text:_ti_sysbios_gates_GateMutex_Instance_finalize__E)
                  003dc5f1    00000008     Quad_p28FP.o28FP (.text:_ti_sysbios_hal_Hwi_HwiProxy_getStackInfo__E)
                  003dc5f9    00000008     Quad_p28FP.o28FP (.text:_ti_sysbios_knl_Clock_Module_State_clockQ)
                  003dc601    00000008     sysbios.a28FP : BIOS.obj (.text:_ti_sysbios_knl_Queue_empty__E)
                  003dc609    00000008                   : BIOS.obj (.text:_ti_sysbios_knl_Semaphore_Instance_finalize__E)
                  003dc611    00000008     ti.targets.rts2800.a28FP : Memory.o28FP (.text:_xdc_runtime_Memory_calloc__E)
                  003dc619    00000008                              : SysMin.o28FP (.text:_xdc_runtime_SysMin_ready__E)
                  003dc621    00000008     rts2800_fpu32.lib : strlen.obj (.text)
                  003dc629    00000007     Quad_p28FP.o28FP (.text:.bootCodeSection:_ti_catalog_c2800_init_Boot_init)
                  003dc630    00000007     Quad_p28FP.o28FP (.text:_ti_sysbios_BIOS_RtsGateProxy_enter__E)
                  003dc637    00000007     Quad_p28FP.o28FP (.text:_ti_sysbios_family_c28_Hwi_disable__E)
                  003dc63e    00000007     Quad_p28FP.o28FP (.text:_ti_sysbios_heaps_HeapMem_Module_GateProxy_enter__E)
                  003dc645    00000007     Quad_p28FP.o28FP (.text:_ti_sysbios_knl_Clock_TimerProxy_getMaxTicks__E)
                  003dc64c    00000007     Quad_p28FP.o28FP (.text:_ti_sysbios_knl_Queue_destruct)
                  003dc653    00000007     Quad_p28FP.o28FP (.text:_ti_sysbios_knl_Semaphore_destruct)
                  003dc65a    00000007     Quad_p28FP.o28FP (.text:_xdc_runtime_System_Module_GateProxy_enter__E)
                  003dc661    00000007     Quad_p28FP.o28FP (.text:_xdc_runtime_System_SupportProxy_abort__E)
                  003dc668    00000007     Quad_p28FP.o28FP (.text:_xdc_runtime_Timestamp_SupportProxy_get64__E)
                  003dc66f    00000007     Quad_p28FP.o28FP (.text:_xdc_runtime_Timestamp_SupportProxy_getFreq__E)
                  003dc676    00000006     Quad_p28FP.o28FP (.text:_ti_sysbios_family_c28_Hwi_restore__E)
                  003dc67c    00000006     sysbios.a28FP : c28_IntrinsicsSupport_asm.obj (.text:_ti_sysbios_family_c28_IntrinsicsSupport_maxbit__E)
                  003dc682    00000006                   : BIOS.obj (.text:_ti_sysbios_family_c28_TimestampProvider_rolloverFunc__E)
                  003dc688    00000006                   : BIOS.obj (.text:_ti_sysbios_family_c28_TimestampProvider_startTimer__E)
                  003dc68e    00000006     Quad_p28FP.o28FP (.text:_ti_sysbios_hal_Hwi_restore)
                  003dc694    00000006     Quad_p28FP.o28FP (.text:_ti_sysbios_heaps_HeapMem_Module_GateProxy_query__E)
                  003dc69a    00000006     sysbios.a28FP : BIOS.obj (.text:_ti_sysbios_knl_Swi_disable__E)
                  003dc6a0    00000006                   : BIOS.obj (.text:_ti_sysbios_knl_Task_disable__E)
                  003dc6a6    00000006     Quad_p28FP.o28FP (.text:_ti_uia_loggers_LoggerStopMode_getFilterLevel__E)
                  003dc6ac    00000006     Quad_p28FP.o28FP (.text:_ti_uia_loggers_LoggerStopMode_setFilterLevel__E)
                  003dc6b2    00000006     ti.targets.rts2800.a28FP : Gate.o28FP (.text:_xdc_runtime_Gate_enterSystem__E)
                  003dc6b8    00000006                              : Gate.o28FP (.text:_xdc_runtime_Gate_leaveSystem__E)
                  003dc6be    00000006     Quad_p28FP.o28FP (.text:_xdc_runtime_System_SupportProxy_exit__E)
                  003dc6c4    00000006     Quad_p28FP.o28FP (.text:_xdc_runtime_System_SupportProxy_putch__E)
                  003dc6ca    00000005     sysbios.a28FP : BIOS.obj (.text:_ti_sysbios_BIOS_start__E)
                  003dc6cf    00000005                   : BIOS.obj (.text:_ti_sysbios_family_c28_Hwi_switchFromBootStack__E)
                  003dc6d4    00000005                   : BIOS.obj (.text:_ti_sysbios_gates_GateHwi_enter__E)
                  003dc6d9    00000005     Quad_p28FP.o28FP (.text:_xdc_iargToPtr)
                  003dc6de    00000005     ti.targets.rts2800.a28FP : Error.o28FP (.text:_xdc_runtime_Error_init__E)
                  003dc6e3    00000005     rts2800_fpu32.lib : delete.obj (.text)
                  003dc6e8    00000005                       : strcpy.obj (.text)
                  003dc6ed    00000004     Quad_p28FP.o28FP (.text:_ti_sysbios_family_c28_Hwi_startup__E)
                  003dc6f1    00000004     sysbios.a28FP : BIOS.obj (.text:_ti_sysbios_family_c28_TimestampProvider_getFreq__E)
                  003dc6f5    00000004                   : BIOS.obj (.text:_ti_sysbios_heaps_HeapMem_isBlocking__E)
                  003dc6f9    00000004                   : BIOS.obj (.text:_ti_sysbios_knl_Clock_getTicks__E)
                  003dc6fd    00000004                   : BIOS.obj (.text:_ti_sysbios_knl_Swi_startup__E)
                  003dc701    00000004     ti.targets.rts2800.a28FP : Memory.o28FP (.text:_xdc_runtime_Memory_getMaxDefaultTypeAlign__E)
                  003dc705    00000003                              : xdc_noinit.o28FP (.text:___xdc__init)
                  003dc708    00000003     Quad_p28FP.o28FP (.text:_ti_catalog_c2800_init_Boot_limpAbort)
                  003dc70b    00000003     Quad_p28FP.o28FP (.text:_ti_sysbios_family_c28_Hwi_Module__startupDone__S)
                  003dc70e    00000003     sysbios.a28FP : c28_Hwi_asm.obj (.text:_ti_sysbios_family_c28_Hwi_getIFR__I)
                  003dc711    00000003     Quad_p28FP.o28FP (.text:_ti_sysbios_family_c28_Timer_Module__startupDone__S)
                  003dc714    00000003     sysbios.a28FP : BIOS.obj (.text:_ti_sysbios_gates_GateHwi_leave__E)
                  003dc717    00000003     Quad_p28FP.o28FP (.text:_ti_sysbios_hal_Hwi_HwiProxy_Module__startupDone__S)
                  003dc71a    00000003     Quad_p28FP.o28FP (.text:_ti_sysbios_hal_Hwi_HwiProxy_startup__E)
                  003dc71d    00000003     Quad_p28FP.o28FP (.text:_ti_sysbios_hal_Hwi_HwiProxy_switchFromBootStack__E)
                  003dc720    00000003     Quad_p28FP.o28FP (.text:_ti_sysbios_hal_Hwi_disable)
                  003dc723    00000003     sysbios.a28FP : BIOS.obj (.text:_ti_sysbios_hal_Hwi_startup__E)
                  003dc726    00000003     Quad_p28FP.o28FP (.text:_ti_sysbios_knl_Clock_TimerProxy_Module__startupDone__S)
                  003dc729    00000003     sysbios.a28FP : BIOS.obj (.text:_ti_sysbios_knl_Idle_loop__E)
                  003dc72c    00000003                   : BIOS.obj (.text:_ti_sysbios_knl_Queue_Instance_init__E)
                  003dc72f    00000003     Quad_p28FP.o28FP (.text:_ti_sysbios_knl_Task_SupportProxy_Module__startupDone__S)
                  003dc732    00000003     sysbios.a28FP : BIOS.obj (.text:_ti_sysbios_knl_Task_startup__E)
                  003dc735    00000003     Quad_p28FP.o28FP (.text:_ti_sysbios_utils_Load_update__E)
                  003dc738    00000003     ti.uia.loggers.a28FP : LoggerStopMode.o28FP (.text:_ti_uia_loggers_LoggerStopMode_getMaxLength__E)
                  003dc73b    00000003     Quad_p28FP.o28FP (.text:_xdc_runtime_Startup_reset__I)
                  003dc73e    00000003     ti.targets.rts2800.a28FP : System.o28FP (.text:_xdc_runtime_System_Module_startup__E)
                  003dc741    00000003     Quad_p28FP.o28FP (.text:_xdc_runtime_System_SupportProxy_ready__E)
                  003dc744    00000003     ti.targets.rts2800.a28FP : System.o28FP (.text:_xdc_runtime_System_abortStd__E)
                  003dc747    00000003                              : System.o28FP (.text:_xdc_runtime_System_exitStd__E)
                  003dc74a    00000003     Quad_p28FP.o28FP (.text:_xdc_runtime_Timestamp_SupportProxy_get32__E)
                  003dc74d    00000003     ti.targets.rts2800.a28FP : Timestamp.o28FP (.text:_xdc_runtime_Timestamp_get32__E)
                  003dc750    00000003                              : Timestamp.o28FP (.text:_xdc_runtime_Timestamp_get64__E)
                  003dc753    00000003                              : Timestamp.o28FP (.text:_xdc_runtime_Timestamp_getFreq__E)
                  003dc756    00000003     rts2800_fpu32.lib : array_del.obj (.text)
                  003dc759    00000002     Boot.a28FP : Boot.o28FP (.text:_ti_catalog_c2800_init_Boot_defaultLimpAbortFunction)
                  003dc75b    00000002     Quad_p28FP.o28FP (.text:_ti_sysbios_family_c28_TaskSupport_Module__startupDone__S)
                  003dc75d    00000002     sysbios.a28FP : BIOS.obj (.text:_ti_sysbios_family_c28_Timer_getMaxTicks__E)
                  003dc75f    00000002                   : BIOS.obj (.text:_ti_sysbios_gates_GateHwi_query__E)
                  003dc761    00000002                   : BIOS.obj (.text:_ti_sysbios_gates_GateMutex_query__E)
                  003dc763    00000002     ti.uia.loggers.a28FP : LoggerStopMode.o28FP (.text:_ti_uia_loggers_LoggerStopMode_getContents__E)
                  003dc765    00000002                          : LoggerStopMode.o28FP (.text:_ti_uia_loggers_LoggerStopMode_getInstanceId__E)
                  003dc767    00000002                          : LoggerStopMode.o28FP (.text:_ti_uia_loggers_LoggerStopMode_getPriority__E)
                  003dc769    00000002                          : LoggerStopMode.o28FP (.text:_ti_uia_loggers_LoggerStopMode_getTransferType__E)
                  003dc76b    00000002     ti.targets.rts2800.a28FP : Error.o28FP (.text:_xdc_runtime_Error_getSite__E)
                  003dc76d    00000001     sysbios.a28FP : c28_Hwi_asm.obj (.text:_ti_sysbios_family_c28_Hwi_interruptReturn__I)
                  003dc76e    00000001                   : BIOS.obj (.text:_ti_sysbios_gates_GateHwi_Instance_init__E)
                  003dc76f    00000001     ti.uia.loggers.a28FP : LoggerStopMode.o28FP (.text:_ti_uia_loggers_LoggerStopMode_setPriority__E)
                  003dc770    00000001     rts2800_fpu32.lib : newhandler.obj (.text)

.econst    0    003dc772    000023aa     
                  003dc772    00001ce8     Quad_p28FP.o28FP (.econst:xdc_runtime_Text_charTab__A)
                  003de45a    00000100     F2806x_PieVect.obj (.econst)
                  003de55a    00000100     Quad_p28FP.o28FP (.econst:_ti_sysbios_family_c28_Hwi_vectors)
                  003de65a    00000077     Quad_p28FP.o28FP (.econst:.string)
                  003de6d1    00000070     Quad_p28FP.o28FP (.econst:xdc_runtime_Text_nodeTab__A)
                  003de741    00000001     Quad_p28FP.o28FP (.econst:ti_sysbios_family_c28_Hwi_Module__id__C)
                  003de742    00000058     ti.targets.rts2800.a28FP : Error.o28FP (.econst:.string)
                  003de79a    00000043                              : Text.o28FP (.econst:.string)
                  003de7dd    00000001     Quad_p28FP.o28FP (.econst:ti_sysbios_family_c28_Hwi_Module__loggerDefined__C)
                  003de7de    00000030     Quad_p28FP.o28FP (.econst:ti_uia_loggers_LoggerStopMode_Module__FXNS__C)
                  003de80e    0000002a     ti.targets.rts2800.a28FP : Startup.o28FP (.econst:.string)
                  003de838    00000026     main.obj (.econst:.string)
                  003de85e    00000016     Quad_p28FP.o28FP (.econst:ti_uia_loggers_LoggerStopMode_Object__PARAMS__C)
                  003de874    00000014     Quad_p28FP.o28FP (.econst:ti_sysbios_heaps_HeapMem_Module__FXNS__C)
                  003de888    00000014     Quad_p28FP.o28FP (.econst:xdc_runtime_Startup_sfxnTab__A)
                  003de89c    00000012     Quad_p28FP.o28FP (.econst:ti_sysbios_gates_GateHwi_Module__FXNS__C)
                  003de8ae    00000012     Quad_p28FP.o28FP (.econst:ti_sysbios_gates_GateMutex_Module__FXNS__C)
                  003de8c0    00000012     Quad_p28FP.o28FP (.econst:ti_sysbios_heaps_HeapMem_Object__PARAMS__C)
                  003de8d2    00000011     ti.targets.rts2800.a28FP : System.o28FP (.econst:.string:_digtohex)
                  003de8e3    00000001     Quad_p28FP.o28FP (.econst:ti_sysbios_family_c28_Hwi_NUM_INTERRUPTS_ALL__C)
                  003de8e4    00000010     I2C_Device.obj (.econst:.string)
                  003de8f4    00000010     Quad_p28FP.o28FP (.econst:ti_sysbios_gates_GateHwi_Object__DESC__C)
                  003de904    00000010     Quad_p28FP.o28FP (.econst:ti_sysbios_gates_GateMutex_Object__DESC__C)
                  003de914    00000010     Quad_p28FP.o28FP (.econst:ti_sysbios_heaps_HeapMem_Object__DESC__C)
                  003de924    00000010     Quad_p28FP.o28FP (.econst:ti_sysbios_knl_Queue_Object__DESC__C)
                  003de934    00000010     Quad_p28FP.o28FP (.econst:ti_sysbios_knl_Semaphore_Object__DESC__C)
                  003de944    00000010     Quad_p28FP.o28FP (.econst:ti_sysbios_knl_Semaphore_Object__PARAMS__C)
                  003de954    00000010     Quad_p28FP.o28FP (.econst:ti_uia_loggers_LoggerStopMode_Object__DESC__C)
                  003de964    0000000c     Quad_p28FP.o28FP (.econst:ti_sysbios_gates_GateHwi_Object__PARAMS__C)
                  003de970    0000000c     Quad_p28FP.o28FP (.econst:ti_sysbios_gates_GateMutex_Object__PARAMS__C)
                  003de97c    0000000c     Quad_p28FP.o28FP (.econst:ti_sysbios_knl_Queue_Object__PARAMS__C)
                  003de988    0000000a     Quad_p28FP.o28FP (.econst:xdc_runtime_Startup_sfxnRts__A)
                  003de992    00000008     QuadProcessor.obj (.econst:_$P$T2$1)
                  003de99a    00000008     Command_Transform.obj (.econst:_$P$T3$1)
                  003de9a2    00000008     QuadProcessor.obj (.econst:_$P$T3$2)
                  003de9aa    00000008     rts2800_fpu32.lib : atan.obj (.econst:_a$1)
                  003de9b2    00000007     ti.targets.rts2800.a28FP : System.o28FP (.econst:.string)
                  003de9b9    00000001     Quad_p28FP.o28FP (.econst:ti_sysbios_family_c28_Hwi_Object__count__C)
                  003de9ba    00000005     ti.targets.rts2800.a28FP : Assert.o28FP (.econst:.string)
                  003de9bf    00000001     Quad_p28FP.o28FP (.econst:ti_sysbios_family_c28_TaskSupport_Module__id__C)
                  003de9c0    00000004     Quad_p28FP.o28FP (.econst)
                  003de9c4    00000004     Quad_p28FP.o28FP (.econst:ti_sysbios_knl_Idle_funcList__A)
                  003de9c8    00000004     Quad_p28FP.o28FP (.econst:ti_sysbios_knl_Idle_funcList__C)
                  003de9cc    00000004     Quad_p28FP.o28FP (.econst:xdc_runtime_Startup_firstFxns__A)
                  003de9d0    00000004     Quad_p28FP.o28FP (.econst:xdc_runtime_Startup_firstFxns__C)
                  003de9d4    00000004     Quad_p28FP.o28FP (.econst:xdc_runtime_Startup_lastFxns__C)
                  003de9d8    00000002     Quad_p28FP.o28FP (.econst:ti_sysbios_BIOS_installedErrorHook__C)
                  003de9da    00000002     Quad_p28FP.o28FP (.econst:ti_sysbios_family_c28_Hwi_A_badIntNum__C)
                  003de9dc    00000002     Quad_p28FP.o28FP (.econst:ti_sysbios_family_c28_Hwi_A_invalidArg__C)
                  003de9de    00000002     Quad_p28FP.o28FP (.econst:ti_sysbios_family_c28_Hwi_E_unpluggedInterrupt__C)
                  003de9e0    00000002     Quad_p28FP.o28FP (.econst:ti_sysbios_family_c28_Hwi_LD_end__C)
                  003de9e2    00000002     Quad_p28FP.o28FP (.econst:ti_sysbios_family_c28_Hwi_LM_begin__C)
                  003de9e4    00000002     Quad_p28FP.o28FP (.econst:ti_sysbios_family_c28_Hwi_Module__diagsEnabled__C)
                  003de9e6    00000002     Quad_p28FP.o28FP (.econst:ti_sysbios_family_c28_Hwi_Module__diagsIncluded__C)
                  003de9e8    00000002     Quad_p28FP.o28FP (.econst:ti_sysbios_family_c28_Hwi_Module__diagsMask__C)
                  003de9ea    00000002     Quad_p28FP.o28FP (.econst:ti_sysbios_family_c28_Hwi_Module__loggerFxn1__C)
                  003de9ec    00000002     Quad_p28FP.o28FP (.econst:ti_sysbios_family_c28_Hwi_Module__loggerFxn8__C)
                  003de9ee    00000002     Quad_p28FP.o28FP (.econst:ti_sysbios_family_c28_Hwi_Module__loggerObj__C)
                  003de9f0    00000002     Quad_p28FP.o28FP (.econst:ti_sysbios_family_c28_Hwi_Object__table__C)
                  003de9f2    00000002     Quad_p28FP.o28FP (.econst:ti_sysbios_family_c28_TaskSupport_E_invalidStack__C)
                  003de9f4    00000002     Quad_p28FP.o28FP (.econst:ti_sysbios_family_c28_Timer_Module__diagsEnabled__C)
                  003de9f6    00000002     Quad_p28FP.o28FP (.econst:ti_sysbios_family_c28_Timer_Module__diagsIncluded__C)
                  003de9f8    00000002     Quad_p28FP.o28FP (.econst:ti_sysbios_family_c28_Timer_Module__diagsMask__C)
                  003de9fa    00000002     Quad_p28FP.o28FP (.econst:ti_sysbios_family_c28_TimestampProvider_Module__diagsEnabled__C)
                  003de9fc    00000002     Quad_p28FP.o28FP (.econst:ti_sysbios_family_c28_TimestampProvider_Module__diagsIncluded__C)
                  003de9fe    00000002     Quad_p28FP.o28FP (.econst:ti_sysbios_family_c28_TimestampProvider_Module__diagsMask__C)
                  003dea00    00000002     Quad_p28FP.o28FP (.econst:ti_sysbios_gates_GateMutex_A_badContext__C)
                  003dea02    00000002     Quad_p28FP.o28FP (.econst:ti_sysbios_gates_GateMutex_Instance_State_sem__O)
                  003dea04    00000002     Quad_p28FP.o28FP (.econst:ti_sysbios_gates_GateMutex_Module__diagsEnabled__C)
                  003dea06    00000002     Quad_p28FP.o28FP (.econst:ti_sysbios_gates_GateMutex_Module__diagsIncluded__C)
                  003dea08    00000002     Quad_p28FP.o28FP (.econst:ti_sysbios_gates_GateMutex_Module__diagsMask__C)
                  003dea0a    00000002     Quad_p28FP.o28FP (.econst:ti_sysbios_hal_Hwi_E_stackOverflow__C)
                  003dea0c    00000002     Quad_p28FP.o28FP (.econst:ti_sysbios_heaps_HeapMem_A_align__C)
                  003dea0e    00000002     Quad_p28FP.o28FP (.econst:ti_sysbios_heaps_HeapMem_A_heapSize__C)
                  003dea10    00000002     Quad_p28FP.o28FP (.econst:ti_sysbios_heaps_HeapMem_A_invalidFree__C)
                  003dea12    00000002     Quad_p28FP.o28FP (.econst:ti_sysbios_heaps_HeapMem_A_zeroBlock__C)
                  003dea14    00000002     Quad_p28FP.o28FP (.econst:ti_sysbios_heaps_HeapMem_E_memory__C)
                  003dea16    00000002     Quad_p28FP.o28FP (.econst:ti_sysbios_heaps_HeapMem_Module__diagsEnabled__C)
                  003dea18    00000002     Quad_p28FP.o28FP (.econst:ti_sysbios_heaps_HeapMem_Module__diagsIncluded__C)
                  003dea1a    00000002     Quad_p28FP.o28FP (.econst:ti_sysbios_heaps_HeapMem_Module__diagsMask__C)
                  003dea1c    00000002     Quad_p28FP.o28FP (.econst:ti_sysbios_heaps_HeapMem_Module__gateObj__C)
                  003dea1e    00000002     Quad_p28FP.o28FP (.econst:ti_sysbios_heaps_HeapMem_Object__table__C)
                  003dea20    00000002     Quad_p28FP.o28FP (.econst:ti_sysbios_heaps_HeapMem_reqAlign__C)
                  003dea22    00000002     Quad_p28FP.o28FP (.econst:ti_sysbios_knl_Clock_LM_begin__C)
                  003dea24    00000002     Quad_p28FP.o28FP (.econst:ti_sysbios_knl_Clock_LM_tick__C)
                  003dea26    00000002     Quad_p28FP.o28FP (.econst:ti_sysbios_knl_Clock_LW_delayed__C)
                  003dea28    00000002     Quad_p28FP.o28FP (.econst:ti_sysbios_knl_Clock_Module_State_clockQ__O)
                  003dea2a    00000002     Quad_p28FP.o28FP (.econst:ti_sysbios_knl_Clock_Module__diagsEnabled__C)
                  003dea2c    00000002     Quad_p28FP.o28FP (.econst:ti_sysbios_knl_Clock_Module__diagsIncluded__C)
                  003dea2e    00000002     Quad_p28FP.o28FP (.econst:ti_sysbios_knl_Clock_Module__diagsMask__C)
                  003dea30    00000002     Quad_p28FP.o28FP (.econst:ti_sysbios_knl_Clock_Module__loggerFxn1__C)
                  003dea32    00000002     Quad_p28FP.o28FP (.econst:ti_sysbios_knl_Clock_Module__loggerFxn2__C)
                  003dea34    00000002     Quad_p28FP.o28FP (.econst:ti_sysbios_knl_Clock_Module__loggerObj__C)
                  003dea36    00000002     Quad_p28FP.o28FP (.econst:ti_sysbios_knl_Queue_Object__table__C)
                  003dea38    00000002     Quad_p28FP.o28FP (.econst:ti_sysbios_knl_Semaphore_A_badContext__C)
                  003dea3a    00000002     Quad_p28FP.o28FP (.econst:ti_sysbios_knl_Semaphore_A_noEvents__C)
                  003dea3c    00000002     Quad_p28FP.o28FP (.econst:ti_sysbios_knl_Semaphore_A_overflow__C)
                  003dea3e    00000002     Quad_p28FP.o28FP (.econst:ti_sysbios_knl_Semaphore_A_pendTaskDisabled__C)
                  003dea40    00000002     Quad_p28FP.o28FP (.econst:ti_sysbios_knl_Semaphore_Instance_State_pendQ__O)
                  003dea42    00000002     Quad_p28FP.o28FP (.econst:ti_sysbios_knl_Semaphore_LM_pend__C)
                  003dea44    00000002     Quad_p28FP.o28FP (.econst:ti_sysbios_knl_Semaphore_LM_post__C)
                  003dea46    00000002     Quad_p28FP.o28FP (.econst:ti_sysbios_knl_Semaphore_Module__diagsEnabled__C)
                  003dea48    00000002     Quad_p28FP.o28FP (.econst:ti_sysbios_knl_Semaphore_Module__diagsIncluded__C)
                  003dea4a    00000002     Quad_p28FP.o28FP (.econst:ti_sysbios_knl_Semaphore_Module__diagsMask__C)
                  003dea4c    00000002     Quad_p28FP.o28FP (.econst:ti_sysbios_knl_Semaphore_Module__loggerFxn2__C)
                  003dea4e    00000002     Quad_p28FP.o28FP (.econst:ti_sysbios_knl_Semaphore_Module__loggerFxn4__C)
                  003dea50    00000002     Quad_p28FP.o28FP (.econst:ti_sysbios_knl_Semaphore_Module__loggerObj__C)
                  003dea52    00000002     Quad_p28FP.o28FP (.econst:ti_sysbios_knl_Swi_LD_end__C)
                  003dea54    00000002     Quad_p28FP.o28FP (.econst:ti_sysbios_knl_Swi_LM_begin__C)
                  003dea56    00000002     Quad_p28FP.o28FP (.econst:ti_sysbios_knl_Swi_LM_post__C)
                  003dea58    00000002     Quad_p28FP.o28FP (.econst:ti_sysbios_knl_Swi_Module__diagsEnabled__C)
                  003dea5a    00000002     Quad_p28FP.o28FP (.econst:ti_sysbios_knl_Swi_Module__diagsIncluded__C)
                  003dea5c    00000002     Quad_p28FP.o28FP (.econst:ti_sysbios_knl_Swi_Module__diagsMask__C)
                  003dea5e    00000002     Quad_p28FP.o28FP (.econst:ti_sysbios_knl_Swi_Module__loggerFxn1__C)
                  003dea60    00000002     Quad_p28FP.o28FP (.econst:ti_sysbios_knl_Swi_Module__loggerFxn4__C)
                  003dea62    00000002     Quad_p28FP.o28FP (.econst:ti_sysbios_knl_Swi_Module__loggerObj__C)
                  003dea64    00000002     Quad_p28FP.o28FP (.econst:ti_sysbios_knl_Swi_Object__table__C)
                  003dea66    00000002     Quad_p28FP.o28FP (.econst:ti_sysbios_knl_Task_E_spOutOfBounds__C)
                  003dea68    00000002     Quad_p28FP.o28FP (.econst:ti_sysbios_knl_Task_E_stackOverflow__C)
                  003dea6a    00000002     Quad_p28FP.o28FP (.econst:ti_sysbios_knl_Task_LD_block__C)
                  003dea6c    00000002     Quad_p28FP.o28FP (.econst:ti_sysbios_knl_Task_LD_exit__C)
                  003dea6e    00000002     Quad_p28FP.o28FP (.econst:ti_sysbios_knl_Task_LD_ready__C)
                  003dea70    00000002     Quad_p28FP.o28FP (.econst:ti_sysbios_knl_Task_LM_switch__C)
                  003dea72    00000002     Quad_p28FP.o28FP (.econst:ti_sysbios_knl_Task_Module_State_inactiveQ__O)
                  003dea74    00000002     Quad_p28FP.o28FP (.econst:ti_sysbios_knl_Task_Module__diagsEnabled__C)
                  003dea76    00000002     Quad_p28FP.o28FP (.econst:ti_sysbios_knl_Task_Module__diagsIncluded__C)
                  003dea78    00000002     Quad_p28FP.o28FP (.econst:ti_sysbios_knl_Task_Module__diagsMask__C)
                  003dea7a    00000002     Quad_p28FP.o28FP (.econst:ti_sysbios_knl_Task_Module__loggerFxn2__C)
                  003dea7c    00000002     Quad_p28FP.o28FP (.econst:ti_sysbios_knl_Task_Module__loggerFxn4__C)
                  003dea7e    00000002     Quad_p28FP.o28FP (.econst:ti_sysbios_knl_Task_Module__loggerObj__C)
                  003dea80    00000002     Quad_p28FP.o28FP (.econst:ti_sysbios_knl_Task_Object__table__C)
                  003dea82    00000002     Quad_p28FP.o28FP (.econst:ti_sysbios_knl_Task_allBlockedFunc__C)
                  003dea84    00000002     Quad_p28FP.o28FP (.econst:ti_sysbios_utils_Load_LS_cpuLoad__C)
                  003dea86    00000002     Quad_p28FP.o28FP (.econst:ti_sysbios_utils_Load_LS_hwiLoad__C)
                  003dea88    00000002     Quad_p28FP.o28FP (.econst:ti_sysbios_utils_Load_Module__diagsEnabled__C)
                  003dea8a    00000002     Quad_p28FP.o28FP (.econst:ti_sysbios_utils_Load_Module__diagsIncluded__C)
                  003dea8c    00000002     Quad_p28FP.o28FP (.econst:ti_sysbios_utils_Load_Module__diagsMask__C)
                  003dea8e    00000002     Quad_p28FP.o28FP (.econst:ti_sysbios_utils_Load_Module__loggerFxn1__C)
                  003dea90    00000002     Quad_p28FP.o28FP (.econst:ti_sysbios_utils_Load_Module__loggerFxn2__C)
                  003dea92    00000002     Quad_p28FP.o28FP (.econst:ti_sysbios_utils_Load_Module__loggerObj__C)
                  003dea94    00000002     Quad_p28FP.o28FP (.econst:ti_sysbios_utils_Load_postUpdate__C)
                  003dea96    00000002     Quad_p28FP.o28FP (.econst:ti_uia_loggers_LoggerStopMode_Module__diagsEnabled__C)
                  003dea98    00000002     Quad_p28FP.o28FP (.econst:ti_uia_loggers_LoggerStopMode_Module__diagsIncluded__C)
                  003dea9a    00000002     Quad_p28FP.o28FP (.econst:ti_uia_loggers_LoggerStopMode_Module__diagsMask__C)
                  003dea9c    00000002     Quad_p28FP.o28FP (.econst:ti_uia_loggers_LoggerStopMode_Object__table__C)
                  003dea9e    00000002     Quad_p28FP.o28FP (.econst:ti_uia_runtime_ILoggerSnapshot_Interface__BASE__C)
                  003deaa0    00000002     Quad_p28FP.o28FP (.econst:ti_uia_runtime_IUIATransfer_Interface__BASE__C)
                  003deaa2    00000002     Quad_p28FP.o28FP (.econst:xdc_runtime_Assert_E_assertFailed__C)
                  003deaa4    00000002     Quad_p28FP.o28FP (.econst:xdc_runtime_Core_A_initializedParams__C)
                  003deaa6    00000002     Quad_p28FP.o28FP (.econst:xdc_runtime_Core_Module__diagsEnabled__C)
                  003deaa8    00000002     Quad_p28FP.o28FP (.econst:xdc_runtime_Core_Module__diagsIncluded__C)
                  003deaaa    00000002     Quad_p28FP.o28FP (.econst:xdc_runtime_Core_Module__diagsMask__C)
                  003deaac    00000002     Quad_p28FP.o28FP (.econst:xdc_runtime_Error_E_memory__C)
                  003deaae    00000002     Quad_p28FP.o28FP (.econst:xdc_runtime_Error_Module__diagsEnabled__C)
                  003deab0    00000002     Quad_p28FP.o28FP (.econst:xdc_runtime_Error_Module__diagsIncluded__C)
                  003deab2    00000002     Quad_p28FP.o28FP (.econst:xdc_runtime_Error_Module__diagsMask__C)
                  003deab4    00000002     Quad_p28FP.o28FP (.econst:xdc_runtime_Error_Module__loggerFxn8__C)
                  003deab6    00000002     Quad_p28FP.o28FP (.econst:xdc_runtime_Error_Module__loggerObj__C)
                  003deab8    00000002     Quad_p28FP.o28FP (.econst:xdc_runtime_Error_policyFxn__C)
                  003deaba    00000002     Quad_p28FP.o28FP (.econst:xdc_runtime_Error_raiseHook__C)
                  003deabc    00000002     Quad_p28FP.o28FP (.econst:xdc_runtime_IFilterLogger_Interface__BASE__C)
                  003deabe    00000002     Quad_p28FP.o28FP (.econst:xdc_runtime_IGateProvider_Interface__BASE__C)
                  003deac0    00000002     Quad_p28FP.o28FP (.econst:xdc_runtime_IHeap_Interface__BASE__C)
                  003deac2    00000002     Quad_p28FP.o28FP (.econst:xdc_runtime_ILogger_Interface__BASE__C)
                  003deac4    00000002     Quad_p28FP.o28FP (.econst:xdc_runtime_IModule_Interface__BASE__C)
                  003deac6    00000002     Quad_p28FP.o28FP (.econst:xdc_runtime_Log_L_error__C)
                  003deac8    00000002     Quad_p28FP.o28FP (.econst:xdc_runtime_Main_Module__diagsEnabled__C)
                  003deaca    00000002     Quad_p28FP.o28FP (.econst:xdc_runtime_Main_Module__diagsIncluded__C)
                  003deacc    00000002     Quad_p28FP.o28FP (.econst:xdc_runtime_Main_Module__diagsMask__C)
                  003deace    00000002     Quad_p28FP.o28FP (.econst:xdc_runtime_Memory_defaultHeapInstance__C)
                  003dead0    00000002     Quad_p28FP.o28FP (.econst:xdc_runtime_Startup_execImpl__C)
                  003dead2    00000002     Quad_p28FP.o28FP (.econst:xdc_runtime_Startup_lastFxns__A)
                  003dead4    00000002     Quad_p28FP.o28FP (.econst:xdc_runtime_Startup_sfxnRts__C)
                  003dead6    00000002     Quad_p28FP.o28FP (.econst:xdc_runtime_Startup_sfxnTab__C)
                  003dead8    00000002     Quad_p28FP.o28FP (.econst:xdc_runtime_Startup_startModsFxn__C)
                  003deada    00000002     Quad_p28FP.o28FP (.econst:xdc_runtime_SysMin_bufSize__C)
                  003deadc    00000002     Quad_p28FP.o28FP (.econst:xdc_runtime_SysMin_outputFunc__C)
                  003deade    00000002     Quad_p28FP.o28FP (.econst:xdc_runtime_System_Module__gateObj__C)
                  003deae0    00000002     Quad_p28FP.o28FP (.econst:xdc_runtime_System_abortFxn__C)
                  003deae2    00000002     Quad_p28FP.o28FP (.econst:xdc_runtime_System_exitFxn__C)
                  003deae4    00000002     Quad_p28FP.o28FP (.econst:xdc_runtime_System_extendFxn__C)
                  003deae6    00000002     Quad_p28FP.o28FP (.econst:xdc_runtime_Text_charTab__C)
                  003deae8    00000002     Quad_p28FP.o28FP (.econst:xdc_runtime_Text_nameEmpty__C)
                  003deaea    00000002     Quad_p28FP.o28FP (.econst:xdc_runtime_Text_nameStatic__C)
                  003deaec    00000002     Quad_p28FP.o28FP (.econst:xdc_runtime_Text_nameUnknown__C)
                  003deaee    00000002     Quad_p28FP.o28FP (.econst:xdc_runtime_Text_nodeTab__C)
                  003deaf0    00000002     Quad_p28FP.o28FP (.econst:xdc_runtime_Text_visitRopeFxn__C)
                  003deaf2    00000001     Quad_p28FP.o28FP (.econst:ti_sysbios_family_c28_Timer_Module__id__C)
                  003deaf3    00000001     Quad_p28FP.o28FP (.econst:ti_sysbios_family_c28_Timer_startupNeeded__C)
                  003deaf4    00000001     Quad_p28FP.o28FP (.econst:ti_sysbios_family_c28_TimestampProvider_Module__id__C)
                  003deaf5    00000001     Quad_p28FP.o28FP (.econst:ti_sysbios_family_c28_TimestampProvider_useClockTimer__C)
                  003deaf6    00000001     Quad_p28FP.o28FP (.econst:ti_sysbios_gates_GateMutex_Module__id__C)
                  003deaf7    00000001     Quad_p28FP.o28FP (.econst:ti_sysbios_hal_Hwi_Module__id__C)
                  003deaf8    00000001     Quad_p28FP.o28FP (.econst:ti_sysbios_heaps_HeapMem_Module__id__C)
                  003deaf9    00000001     Quad_p28FP.o28FP (.econst:ti_sysbios_heaps_HeapMem_Object__count__C)
                  003deafa    00000001     Quad_p28FP.o28FP (.econst:ti_sysbios_knl_Clock_Module__id__C)
                  003deafb    00000001     Quad_p28FP.o28FP (.econst:ti_sysbios_knl_Clock_Module__loggerDefined__C)
                  003deafc    00000001     Quad_p28FP.o28FP (.econst:ti_sysbios_knl_Queue_Object__count__C)
                  003deafd    00000001     Quad_p28FP.o28FP (.econst:ti_sysbios_knl_Semaphore_Module__id__C)
                  003deafe    00000001     Quad_p28FP.o28FP (.econst:ti_sysbios_knl_Semaphore_Module__loggerDefined__C)
                  003deaff    00000001     Quad_p28FP.o28FP (.econst:ti_sysbios_knl_Swi_Module__id__C)
                  003deb00    00000001     Quad_p28FP.o28FP (.econst:ti_sysbios_knl_Swi_Module__loggerDefined__C)
                  003deb01    00000001     Quad_p28FP.o28FP (.econst:ti_sysbios_knl_Swi_Object__count__C)
                  003deb02    00000001     Quad_p28FP.o28FP (.econst:ti_sysbios_knl_Task_Module__id__C)
                  003deb03    00000001     Quad_p28FP.o28FP (.econst:ti_sysbios_knl_Task_Module__loggerDefined__C)
                  003deb04    00000001     Quad_p28FP.o28FP (.econst:ti_sysbios_knl_Task_Object__count__C)
                  003deb05    00000001     Quad_p28FP.o28FP (.econst:ti_sysbios_knl_Task_initStackFlag__C)
                  003deb06    00000001     Quad_p28FP.o28FP (.econst:ti_sysbios_knl_Task_numConstructedTasks__C)
                  003deb07    00000001     Quad_p28FP.o28FP (.econst:ti_sysbios_utils_Load_Module__id__C)
                  003deb08    00000001     Quad_p28FP.o28FP (.econst:ti_sysbios_utils_Load_Module__loggerDefined__C)
                  003deb09    00000001     Quad_p28FP.o28FP (.econst:ti_sysbios_utils_Load_hwiEnabled__C)
                  003deb0a    00000001     Quad_p28FP.o28FP (.econst:ti_sysbios_utils_Load_updateInIdle__C)
                  003deb0b    00000001     Quad_p28FP.o28FP (.econst:ti_sysbios_utils_Load_windowInMs__C)
                  003deb0c    00000001     Quad_p28FP.o28FP (.econst:ti_uia_loggers_LoggerStopMode_Module__id__C)
                  003deb0d    00000001     Quad_p28FP.o28FP (.econst:ti_uia_loggers_LoggerStopMode_Object__count__C)
                  003deb0e    00000001     Quad_p28FP.o28FP (.econst:ti_uia_loggers_LoggerStopMode_isTimestampEnabled__C)
                  003deb0f    00000001     Quad_p28FP.o28FP (.econst:xdc_runtime_Core_Module__id__C)
                  003deb10    00000001     Quad_p28FP.o28FP (.econst:xdc_runtime_Error_Module__loggerDefined__C)
                  003deb11    00000001     Quad_p28FP.o28FP (.econst:xdc_runtime_Error_maxDepth__C)
                  003deb12    00000001     Quad_p28FP.o28FP (.econst:xdc_runtime_Error_policy__C)
                  003deb13    00000001     Quad_p28FP.o28FP (.econst:xdc_runtime_Main_Module__id__C)
                  003deb14    00000001     Quad_p28FP.o28FP (.econst:xdc_runtime_Memory_Module__id__C)
                  003deb15    00000001     Quad_p28FP.o28FP (.econst:xdc_runtime_Startup_maxPasses__C)
                  003deb16    00000001     Quad_p28FP.o28FP (.econst:xdc_runtime_SysMin_flushAtExit__C)
                  003deb17    00000001     Quad_p28FP.o28FP (.econst:xdc_runtime_System_maxAtexitHandlers__C)
                  003deb18    00000001     Quad_p28FP.o28FP (.econst:xdc_runtime_Text_charCnt__C)
                  003deb19    00000001     Quad_p28FP.o28FP (.econst:xdc_runtime_Text_isLoaded__C)
                  003deb1a    00000001     Quad_p28FP.o28FP (.econst:xdc_runtime_Text_registryModsLastId__C)
                  003deb1b    00000001     Quad_p28FP.o28FP (.econst:xdc_runtime_Text_unnamedModsLastId__C)

.cinit     0    003deb1c    000004b8     
                  003deb1c    0000047b     Quad_p28FP.o28FP (.cinit)
                  003def97    00000015     HUD_Interface.obj (.cinit)
                  003defac    0000000a     rts2800_fpu32.lib : _lock.obj (.cinit)
                  003defb6    0000000a                       : exit.obj (.cinit)
                  003defc0    00000009     ti.uia.runtime.a28FP : QueueDescriptor.o28FP (.cinit)
                  003defc9    00000005     rts2800_fpu32.lib : vars.obj (.cinit)
                  003defce    00000004                       : errno.obj (.cinit)
                  003defd2    00000002     --HOLE-- [fill = 0]

ramfuncs   0    003defd4    00000004     RUN ADDR = 00008000
                  003defd4    00000004     F2806x_usDelay.obj (ramfuncs)

.switch    0    003defd8    0000001c     
                  003defd8    0000001c     sysbios.a28FP : BIOS.obj (.switch:_ti_sysbios_family_c28_Hwi_clearInterrupt__E)

.ti_catalog_c2800_init_begin 
*          0    003f7ff6    00000002     
                  003f7ff6    00000002     Boot.a28FP : Boot_asm.o28FP (.ti_catalog_c2800_init_begin)

DevEmuRegsFile 
*          1    00000880    00000004     UNINITIALIZED
                  00000880    00000004     F2806x_GlobalVariableDefs.obj (DevEmuRegsFile)

SysPwrCtrlRegsFile 
*          1    00000985    00000003     UNINITIALIZED
                  00000985    00000003     F2806x_GlobalVariableDefs.obj (SysPwrCtrlRegsFile)

FlashRegsFile 
*          1    00000a80    00000008     UNINITIALIZED
                  00000a80    00000008     F2806x_GlobalVariableDefs.obj (FlashRegsFile)

CsmRegsFile 
*          1    00000ae0    00000010     UNINITIALIZED
                  00000ae0    00000010     F2806x_GlobalVariableDefs.obj (CsmRegsFile)

AdcResultFile 
*          1    00000b00    00000010     UNINITIALIZED
                  00000b00    00000010     F2806x_GlobalVariableDefs.obj (AdcResultFile)

CpuTimer0RegsFile 
*          1    00000c00    00000008     UNINITIALIZED
                  00000c00    00000008     F2806x_GlobalVariableDefs.obj (CpuTimer0RegsFile)

CpuTimer1RegsFile 
*          1    00000c08    00000008     UNINITIALIZED
                  00000c08    00000008     F2806x_GlobalVariableDefs.obj (CpuTimer1RegsFile)

CpuTimer2RegsFile 
*          1    00000c10    00000008     UNINITIALIZED
                  00000c10    00000008     F2806x_GlobalVariableDefs.obj (CpuTimer2RegsFile)

PieCtrlRegsFile 
*          1    00000ce0    0000001a     UNINITIALIZED
                  00000ce0    0000001a     F2806x_GlobalVariableDefs.obj (PieCtrlRegsFile)

DmaRegsFile 
*          1    00001000    000000e0     UNINITIALIZED
                  00001000    000000e0     F2806x_GlobalVariableDefs.obj (DmaRegsFile)

Cla1RegsFile 
*          1    00001400    00000040     UNINITIALIZED
                  00001400    00000040     F2806x_GlobalVariableDefs.obj (Cla1RegsFile)

Usb0RegsFile 
*          1    00004000    00000454     UNINITIALIZED
                  00004000    00000454     F2806x_GlobalVariableDefs.obj (Usb0RegsFile)

McbspaRegsFile 
*          1    00005000    00000024     UNINITIALIZED
                  00005000    00000024     F2806x_GlobalVariableDefs.obj (McbspaRegsFile)

ECanaRegsFile 
*          1    00006000    00000034     UNINITIALIZED
                  00006000    00000034     F2806x_GlobalVariableDefs.obj (ECanaRegsFile)

ECanaLAMRegsFile 
*          1    00006040    00000040     UNINITIALIZED
                  00006040    00000040     F2806x_GlobalVariableDefs.obj (ECanaLAMRegsFile)

ECanaMOTSRegsFile 
*          1    00006080    00000040     UNINITIALIZED
                  00006080    00000040     F2806x_GlobalVariableDefs.obj (ECanaMOTSRegsFile)

ECanaMOTORegsFile 
*          1    000060c0    00000040     UNINITIALIZED
                  000060c0    00000040     F2806x_GlobalVariableDefs.obj (ECanaMOTORegsFile)

ECanaMboxesFile 
*          1    00006100    00000100     UNINITIALIZED
                  00006100    00000100     F2806x_GlobalVariableDefs.obj (ECanaMboxesFile)

Comp1RegsFile 
*          1    00006400    00000014     UNINITIALIZED
                  00006400    00000014     F2806x_GlobalVariableDefs.obj (Comp1RegsFile)

Comp2RegsFile 
*          1    00006420    00000014     UNINITIALIZED
                  00006420    00000014     F2806x_GlobalVariableDefs.obj (Comp2RegsFile)

Comp3RegsFile 
*          1    00006440    00000014     UNINITIALIZED
                  00006440    00000014     F2806x_GlobalVariableDefs.obj (Comp3RegsFile)

EPwm1RegsFile 
*          1    00006800    00000040     UNINITIALIZED
                  00006800    00000040     F2806x_GlobalVariableDefs.obj (EPwm1RegsFile)

EPwm2RegsFile 
*          1    00006840    00000040     UNINITIALIZED
                  00006840    00000040     F2806x_GlobalVariableDefs.obj (EPwm2RegsFile)

EPwm3RegsFile 
*          1    00006880    00000040     UNINITIALIZED
                  00006880    00000040     F2806x_GlobalVariableDefs.obj (EPwm3RegsFile)

EPwm4RegsFile 
*          1    000068c0    00000040     UNINITIALIZED
                  000068c0    00000040     F2806x_GlobalVariableDefs.obj (EPwm4RegsFile)

EPwm5RegsFile 
*          1    00006900    00000040     UNINITIALIZED
                  00006900    00000040     F2806x_GlobalVariableDefs.obj (EPwm5RegsFile)

EPwm6RegsFile 
*          1    00006940    00000040     UNINITIALIZED
                  00006940    00000040     F2806x_GlobalVariableDefs.obj (EPwm6RegsFile)

EPwm7RegsFile 
*          1    00006980    00000040     UNINITIALIZED
                  00006980    00000040     F2806x_GlobalVariableDefs.obj (EPwm7RegsFile)

EPwm8RegsFile 
*          1    000069c0    00000040     UNINITIALIZED
                  000069c0    00000040     F2806x_GlobalVariableDefs.obj (EPwm8RegsFile)

ECap1RegsFile 
*          1    00006a00    00000020     UNINITIALIZED
                  00006a00    00000020     F2806x_GlobalVariableDefs.obj (ECap1RegsFile)

ECap2RegsFile 
*          1    00006a20    00000020     UNINITIALIZED
                  00006a20    00000020     F2806x_GlobalVariableDefs.obj (ECap2RegsFile)

ECap3RegsFile 
*          1    00006a40    00000020     UNINITIALIZED
                  00006a40    00000020     F2806x_GlobalVariableDefs.obj (ECap3RegsFile)

HRCap1RegsFile 
*          1    00006ac0    00000020     UNINITIALIZED
                  00006ac0    00000020     F2806x_GlobalVariableDefs.obj (HRCap1RegsFile)

HRCap2RegsFile 
*          1    00006ae0    00000020     UNINITIALIZED
                  00006ae0    00000020     F2806x_GlobalVariableDefs.obj (HRCap2RegsFile)

EQep1RegsFile 
*          1    00006b00    00000022     UNINITIALIZED
                  00006b00    00000022     F2806x_GlobalVariableDefs.obj (EQep1RegsFile)

EQep2RegsFile 
*          1    00006b40    00000022     UNINITIALIZED
                  00006b40    00000022     F2806x_GlobalVariableDefs.obj (EQep2RegsFile)

HRCap3RegsFile 
*          1    00006c80    00000020     UNINITIALIZED
                  00006c80    00000020     F2806x_GlobalVariableDefs.obj (HRCap3RegsFile)

HRCap4RegsFile 
*          1    00006ca0    00000020     UNINITIALIZED
                  00006ca0    00000020     F2806x_GlobalVariableDefs.obj (HRCap4RegsFile)

GpioCtrlRegsFile 
*          1    00006f80    00000040     UNINITIALIZED
                  00006f80    00000040     F2806x_GlobalVariableDefs.obj (GpioCtrlRegsFile)

GpioDataRegsFile 
*          1    00006fc0    00000020     UNINITIALIZED
                  00006fc0    00000020     F2806x_GlobalVariableDefs.obj (GpioDataRegsFile)

GpioIntRegsFile 
*          1    00006fe0    00000020     UNINITIALIZED
                  00006fe0    00000020     F2806x_GlobalVariableDefs.obj (GpioIntRegsFile)

SysCtrlRegsFile 
*          1    00007010    00000030     UNINITIALIZED
                  00007010    00000030     F2806x_GlobalVariableDefs.obj (SysCtrlRegsFile)

SpiaRegsFile 
*          1    00007040    00000010     UNINITIALIZED
                  00007040    00000010     F2806x_GlobalVariableDefs.obj (SpiaRegsFile)

SciaRegsFile 
*          1    00007050    00000010     UNINITIALIZED
                  00007050    00000010     F2806x_GlobalVariableDefs.obj (SciaRegsFile)

NmiIntruptRegsFile 
*          1    00007060    00000010     UNINITIALIZED
                  00007060    00000010     F2806x_GlobalVariableDefs.obj (NmiIntruptRegsFile)

XIntruptRegsFile 
*          1    00007070    00000010     UNINITIALIZED
                  00007070    00000010     F2806x_GlobalVariableDefs.obj (XIntruptRegsFile)

AdcRegsFile 
*          1    00007100    00000050     UNINITIALIZED
                  00007100    00000050     F2806x_GlobalVariableDefs.obj (AdcRegsFile)

SpibRegsFile 
*          1    00007740    00000010     UNINITIALIZED
                  00007740    00000010     F2806x_GlobalVariableDefs.obj (SpibRegsFile)

ScibRegsFile 
*          1    00007750    00000010     UNINITIALIZED
                  00007750    00000010     F2806x_GlobalVariableDefs.obj (ScibRegsFile)

I2caRegsFile 
*          1    00007900    00000022     UNINITIALIZED
                  00007900    00000022     F2806x_GlobalVariableDefs.obj (I2caRegsFile)

.ebss      1    0000a000    000026dc     UNINITIALIZED
                  0000a000    00001400     Quad_p28FP.o28FP (.ebss)
                  0000b400    00001203     Quad_p28FP.o28FP (.ebss:taskStackSection)
                  0000c603    00000001     rts2800_fpu32.lib : errno.obj (.ebss)
                  0000c604    00000018     F2806x_CpuTimers.obj (.ebss)
                  0000c61c    00000008     rts2800_fpu32.lib : trgdrv.obj (.ebss)
                  0000c624    00000006     HUD_Interface.obj (.ebss)
                  0000c62a    00000004     rts2800_fpu32.lib : _lock.obj (.ebss)
                  0000c62e    00000004                       : exit.obj (.ebss)
                  0000c632    00000004     ti.uia.runtime.a28FP : QueueDescriptor.o28FP (.ebss)
                  0000c636    00000002     rts2800_fpu32.lib : vars.obj (.ebss)
                  0000c638    00000008     --HOLE--
                  0000c640    0000009c     main.obj (.ebss)

.stack     1    0000c6dc    00001000     UNINITIALIZED
                  0000c6dc    00001000     --HOLE--

.cio       1    00010000    00000120     UNINITIALIZED
                  00010000    00000120     rts2800_fpu32.lib : ankmsg.obj (.cio)

PartIdRegsFile 
*          1    003d7e80    00000001     UNINITIALIZED
                  003d7e80    00000001     F2806x_GlobalVariableDefs.obj (PartIdRegsFile)

CsmPwlFile 
*          1    003f7ff8    00000008     UNINITIALIZED
                  003f7ff8    00000008     F2806x_GlobalVariableDefs.obj (CsmPwlFile)


GLOBAL DATA SYMBOLS: SORTED BY DATA PAGE

address     data page           name
--------    ----------------    ----
00000000       0 (00000000)     ___ISA__
00000013       0 (00000000)     ___TARG__
00000037       0 (00000000)     ___PLAT__

0000005d       1 (00000040)     ___TRDR__

00000084       2 (00000080)     ___ASM__

00000880      22 (00000880)     _DevEmuRegs

00000985      26 (00000980)     _SysPwrCtrlRegs

00000a80      2a (00000a80)     _FlashRegs

00000ae0      2b (00000ac0)     _CsmRegs

00000b00      2c (00000b00)     _AdcResult

00000c00      30 (00000c00)     _CpuTimer0Regs
00000c08      30 (00000c00)     _CpuTimer1Regs
00000c10      30 (00000c00)     _CpuTimer2Regs

00000ce0      33 (00000cc0)     _PieCtrlRegs

00000d00      34 (00000d00)     _EmuKey
00000d00      34 (00000d00)     _PieVectTable
00000d01      34 (00000d00)     _EmuBMode
00000d02      34 (00000d00)     _Flash_CallbackPtr
00000d04      34 (00000d00)     _Flash_CPUScaleFactor

00001000      40 (00001000)     _DmaRegs

00001400      50 (00001400)     _Cla1Regs

00004000     100 (00004000)     _Usb0Regs

00005000     140 (00005000)     _McbspaRegs

00006000     180 (00006000)     _ECanaRegs

00006040     181 (00006040)     _ECanaLAMRegs

00006080     182 (00006080)     _ECanaMOTSRegs

000060c0     183 (000060c0)     _ECanaMOTORegs

00006100     184 (00006100)     _ECanaMboxes

00006400     190 (00006400)     _Comp1Regs
00006420     190 (00006400)     _Comp2Regs

00006440     191 (00006440)     _Comp3Regs

00006800     1a0 (00006800)     _EPwm1Regs

00006840     1a1 (00006840)     _EPwm2Regs

00006880     1a2 (00006880)     _EPwm3Regs

000068c0     1a3 (000068c0)     _EPwm4Regs

00006900     1a4 (00006900)     _EPwm5Regs

00006940     1a5 (00006940)     _EPwm6Regs

[...]
003dc153   _ti_sysbios_BIOS_atExitFunc__I
003dc16a   _ti_sysbios_knl_Clock_doTick__I
003dc181   _ti_sysbios_knl_Queue_construct
003dc198   _xdc_runtime_Memory_valloc__E
003dc1af   _ti_sysbios_family_c28_Timer_Module_startup__E
003dc1c5   _ti_sysbios_family_c28_Timer_startup__E
003dc1db   _ti_sysbios_knl_Task_restore__E
003dc1f1   _xdc_runtime_SysMin_abort__E
003dc207   _ti_sysbios_knl_Idle_run__E
003dc21c   _ti_sysbios_knl_Swi_Module_startup__E
003dc231   _ti_sysbios_utils_Load_getGlobalHwiLoad__E
003dc25b   _ti_sysbios_BIOS_errorRaiseHook__I
003dc26f   _free
003dc282   _ti_sysbios_gates_GateMutex_Object__delete__S
003dc295   _ti_sysbios_family_c28_Hwi_disableIER__E
003dc2a7   _ti_sysbios_family_c28_Timer_stop__E
003dc2b9   _ti_sysbios_gates_GateHwi_Object__delete__S
003dc2cb   _ti_sysbios_heaps_HeapMem_Object__delete__S
003dc2dd   _ti_sysbios_knl_Clock_Module_startup__E
003dc2ef   _ti_uia_loggers_LoggerStopMode_Object__delete__S
003dc301   _xdc_runtime_Text_cordText__E
003dc313   _ti_sysbios_gates_GateHwi_Handle__label__S
003dc324   _ti_sysbios_gates_GateMutex_Handle__label__S
003dc335   _ti_sysbios_heaps_HeapMem_Handle__label__S
003dc346   _ti_uia_loggers_LoggerStopMode_Handle__label__S
003dc357   _ti_uia_loggers_LoggerStopMode_Instance_init__E
003dc368   _xdc_runtime_Error_raiseX__E
003dc379   _ti_sysbios_BIOS_rtsLock__I
003dc389   _ti_sysbios_family_c28_Hwi_enableIER__E
003dc399   _ti_sysbios_knl_Task_restoreHwi__E
003dc3a9   _xdc_runtime_SysMin_Module_startup__E
003dc3b9   _ti_catalog_c2800_init_Boot_disableWatchdog
003dc3c8   _ti_sysbios_BIOS_startFunc__I
003dc3d7   _ti_sysbios_gates_GateMutex_Instance_init__E
003dc3e6   _ti_sysbios_knl_Semaphore_Object__destruct__S
003dc404   _xdc_runtime_Registry_findById__E
003dc413   _ti_sysbios_knl_Queue_Object__destruct__S
003dc421   _ti_uia_loggers_LoggerStopMode_enable__E
003dc42f   _xdc_runtime_Text_visitRope__I
003dc43d   _ti_sysbios_BIOS_registerRTSLock__I
003dc44a   _ti_sysbios_BIOS_removeRTSLock__I
003dc457   _ti_sysbios_family_c28_Hwi_dispatchC__I
003dc464   _ti_sysbios_family_c28_Hwi_restoreIER__E
003dc471   _ti_sysbios_knl_Task_SupportProxy_start__E
003dc47e   _ti_uia_loggers_LoggerStopMode_disable__E
003dc498   _xdc_runtime_Memory_HeapProxy_alloc__E
003dc4a5   _xdc_runtime_System_abort__E
003dc4b2   _memset
003dc4bf   _ti_sysbios_BIOS_exitFunc__I
003dc4cb   _ti_sysbios_gates_GateMutex_leave__E
003dc4d7   _ti_sysbios_knl_Queue_put__E
003dc4e3   _ti_sysbios_knl_Task_enabled__E
003dc4ef   _xdc_runtime_Error_check__E
003dc4fb   _ti_sysbios_family_c28_Hwi_Module__startupDone__F
003dc506   _ti_sysbios_family_c28_Timer_Module__startupDone__F
003dc511   _ti_sysbios_knl_Task_enter__I
003dc51c   _ti_sysbios_knl_Task_unblock__E
003dc527   _xdc_runtime_Memory_HeapProxy_free__E
003dc532   _xdc_runtime_SysMin_exit__E
003dc53d   _xdc_runtime_System_aprintf__E
003dc548   _xdc_runtime_System_exit__E
003dc553   _xdc_runtime_System_printf__E
003dc55e   _xdc_runtime_Text_ropeText__E
003dc569   _ti_uia_loggers_LoggerStopMode_isEmpty__E
003dc573   _xdc_runtime_Memory_free__E
003dc57d   _xdc_runtime_Startup_exec__I
003dc587   _ti_sysbios_BIOS_RtsGateProxy_leave__E
003dc590   _ti_sysbios_family_c28_TaskSupport_checkStack__E
003dc599   _ti_sysbios_family_c28_TaskSupport_glue
003dc5a2   _ti_sysbios_hal_Hwi_Module_startup__E
003dc5ab   _ti_sysbios_heaps_HeapMem_Module_GateProxy_leave__E
003dc5b4   _ti_sysbios_knl_Task_SupportProxy_checkStack__E
003dc5bd   _ti_sysbios_knl_Task_SupportProxy_swap__E
003dc5c6   _xdc_runtime_System_Module_GateProxy_leave__E
003dc5cf   _xdc_runtime_System_snprintf_va__F
003dc5cf   _xdc_runtime_System_vsnprintf__E
003dc5d8   __register_unlock
003dc5dc   __register_lock
003dc5e0   __nop
003dc5e1   _ti_sysbios_BIOS_setThreadType__E
003dc5e9   _ti_sysbios_gates_GateMutex_Instance_finalize__E
003dc5f1   _ti_sysbios_hal_Hwi_HwiProxy_getStackInfo__E
003dc601   _ti_sysbios_knl_Queue_empty__E
003dc609   _ti_sysbios_knl_Semaphore_Instance_finalize__E
003dc611   _xdc_runtime_Memory_calloc__E
003dc619   _xdc_runtime_SysMin_ready__E
003dc621   _strlen
003dc629   _ti_catalog_c2800_init_Boot_init
003dc630   _ti_sysbios_BIOS_RtsGateProxy_enter__E
003dc637   _ti_sysbios_family_c28_Hwi_disable__E
003dc63e   _ti_sysbios_heaps_HeapMem_Module_GateProxy_enter__E
003dc645   _ti_sysbios_knl_Clock_TimerProxy_getMaxTicks__E
003dc64c   _ti_sysbios_knl_Queue_destruct
003dc653   _ti_sysbios_knl_Semaphore_destruct
003dc65a   _xdc_runtime_System_Module_GateProxy_enter__E
003dc661   _xdc_runtime_System_SupportProxy_abort__E
003dc668   _xdc_runtime_Timestamp_SupportProxy_get64__E
003dc66f   _xdc_runtime_Timestamp_SupportProxy_getFreq__E
003dc676   _ti_sysbios_family_c28_Hwi_restore__E
003dc67c   _ti_sysbios_family_c28_IntrinsicsSupport_maxbit__E
003dc682   _ti_sysbios_family_c28_TimestampProvider_rolloverFunc__E
003dc688   _ti_sysbios_family_c28_TimestampProvider_startTimer__E
003dc694   _ti_sysbios_heaps_HeapMem_Module_GateProxy_query__E
003dc69a   _ti_sysbios_knl_Swi_disable__E
003dc6a0   _ti_sysbios_knl_Task_disable__E
003dc6a6   _ti_uia_loggers_LoggerStopMode_getFilterLevel__E
003dc6ac   _ti_uia_loggers_LoggerStopMode_setFilterLevel__E
003dc6b2   _xdc_runtime_Gate_enterSystem__E
003dc6b8   _xdc_runtime_Gate_leaveSystem__E
003dc6be   _xdc_runtime_System_SupportProxy_exit__E
003dc6c4   _xdc_runtime_System_SupportProxy_putch__E
003dc6ca   _ti_sysbios_BIOS_start__E
003dc6cf   _ti_sysbios_family_c28_Hwi_switchFromBootStack__E
003dc6d4   _ti_sysbios_gates_GateHwi_enter__E
003dc6de   _xdc_runtime_Error_init__E
003dc6e3   ___dl__FPv
003dc6e8   _strcpy
003dc6ed   _ti_sysbios_family_c28_Hwi_startup__E
003dc6f1   _ti_sysbios_family_c28_TimestampProvider_getFreq__E
003dc6f5   _ti_sysbios_heaps_HeapMem_isBlocking__E
003dc6f9   _ti_sysbios_knl_Clock_getTicks__E
003dc6fd   _ti_sysbios_knl_Swi_startup__E
003dc701   _xdc_runtime_Memory_getMaxDefaultTypeAlign__E
003dc705   ___xdc__init
003dc708   _ti_catalog_c2800_init_Boot_limpAbort
003dc70b   _ti_sysbios_family_c28_Hwi_Module__startupDone__S
003dc70e   _ti_sysbios_family_c28_Hwi_getIFR__I
003dc711   _ti_sysbios_family_c28_Timer_Module__startupDone__S
003dc714   _ti_sysbios_gates_GateHwi_leave__E
003dc717   _ti_sysbios_hal_Hwi_HwiProxy_Module__startupDone__S
003dc71a   _ti_sysbios_hal_Hwi_HwiProxy_startup__E
003dc71d   _ti_sysbios_hal_Hwi_HwiProxy_switchFromBootStack__E
003dc723   _ti_sysbios_hal_Hwi_startup__E
003dc726   _ti_sysbios_knl_Clock_TimerProxy_Module__startupDone__S
003dc729   _ti_sysbios_knl_Idle_loop__E
003dc72c   _ti_sysbios_knl_Queue_Instance_init__E
003dc72f   _ti_sysbios_knl_Task_SupportProxy_Module__startupDone__S
003dc732   _ti_sysbios_knl_Task_startup__E
003dc735   _ti_sysbios_utils_Load_update__E
003dc738   _ti_uia_loggers_LoggerStopMode_getMaxLength__E
003dc73b   _xdc_runtime_Startup_reset__I
003dc73e   _xdc_runtime_System_Module_startup__E
003dc741   _xdc_runtime_System_SupportProxy_ready__E
003dc744   _xdc_runtime_System_abortStd__E
003dc747   _xdc_runtime_System_exitStd__E
003dc74a   _xdc_runtime_Timestamp_SupportProxy_get32__E
003dc74d   _xdc_runtime_Timestamp_get32__E
003dc750   _xdc_runtime_Timestamp_get64__E
003dc753   _xdc_runtime_Timestamp_getFreq__E
003dc756   ___dla__FPv
003dc759   _ti_catalog_c2800_init_Boot_defaultLimpAbortFunction
003dc75b   _ti_sysbios_family_c28_TaskSupport_Module__startupDone__S
003dc75d   _ti_sysbios_family_c28_Timer_getMaxTicks__E
003dc75f   _ti_sysbios_gates_GateHwi_query__E
003dc761   _ti_sysbios_gates_GateMutex_query__E
003dc763   _ti_uia_loggers_LoggerStopMode_getContents__E
003dc765   _ti_uia_loggers_LoggerStopMode_getInstanceId__E
003dc767   _ti_uia_loggers_LoggerStopMode_getPriority__E
003dc769   _ti_uia_loggers_LoggerStopMode_getTransferType__E
003dc76b   _xdc_runtime_Error_getSite__E
003dc76d   _ti_sysbios_family_c28_Hwi_interruptReturn__I
003dc76e   _ti_sysbios_gates_GateHwi_Instance_init__E
003dc76f   _ti_uia_loggers_LoggerStopMode_setPriority__E
003dc770   ___default_new_handler__Fv
003dc771   ___etext__
003dc771   etext
003dc772   _xdc_runtime_Text_charTab__A
003de45a   _PieVectTableInit
003de55a   _ti_sysbios_family_c28_Hwi_vectors
003de6d1   _xdc_runtime_Text_nodeTab__A
003de741   _ti_sysbios_family_c28_Hwi_Module__id__C
003de7dd   _ti_sysbios_family_c28_Hwi_Module__loggerDefined__C
003de7de   _ti_uia_loggers_LoggerStopMode_Module__FXNS__C
003de85e   _ti_uia_loggers_LoggerStopMode_Object__PARAMS__C
003de874   _ti_sysbios_heaps_HeapMem_Module__FXNS__C
003de888   _xdc_runtime_Startup_sfxnTab__A
003de89c   _ti_sysbios_gates_GateHwi_Module__FXNS__C
003de8ae   _ti_sysbios_gates_GateMutex_Module__FXNS__C
003de8c0   _ti_sysbios_heaps_HeapMem_Object__PARAMS__C
003de8e3   _ti_sysbios_family_c28_Hwi_NUM_INTERRUPTS_ALL__C
003de8f4   _ti_sysbios_gates_GateHwi_Object__DESC__C
003de904   _ti_sysbios_gates_GateMutex_Object__DESC__C
003de914   _ti_sysbios_heaps_HeapMem_Object__DESC__C
003de924   _ti_sysbios_knl_Queue_Object__DESC__C
003de934   _ti_sysbios_knl_Semaphore_Object__DESC__C
003de944   _ti_sysbios_knl_Semaphore_Object__PARAMS__C
003de954   _ti_uia_loggers_LoggerStopMode_Object__DESC__C
003de964   _ti_sysbios_gates_GateHwi_Object__PARAMS__C
003de970   _ti_sysbios_gates_GateMutex_Object__PARAMS__C
003de97c   _ti_sysbios_knl_Queue_Object__PARAMS__C
003de988   _xdc_runtime_Startup_sfxnRts__A
003de9b9   _ti_sysbios_family_c28_Hwi_Object__count__C
003de9bf   _ti_sysbios_family_c28_TaskSupport_Module__id__C
003de9c0   _task0
003de9c2   _clock0
003de9c4   _ti_sysbios_knl_Idle_funcList__A
003de9c8   _ti_sysbios_knl_Idle_funcList__C
003de9cc   _xdc_runtime_Startup_firstFxns__A
003de9d0   _xdc_runtime_Startup_firstFxns__C
003de9d4   _xdc_runtime_Startup_lastFxns__C
003de9d8   _ti_sysbios_BIOS_installedErrorHook__C
003de9da   _ti_sysbios_family_c28_Hwi_A_badIntNum__C
003de9dc   _ti_sysbios_family_c28_Hwi_A_invalidArg__C
003de9de   _ti_sysbios_family_c28_Hwi_E_unpluggedInterrupt__C
003de9e0   _ti_sysbios_family_c28_Hwi_LD_end__C
003de9e2   _ti_sysbios_family_c28_Hwi_LM_begin__C
003de9e4   _ti_sysbios_family_c28_Hwi_Module__diagsEnabled__C
003de9e6   _ti_sysbios_family_c28_Hwi_Module__diagsIncluded__C
003de9e8   _ti_sysbios_family_c28_Hwi_Module__diagsMask__C
003de9ea   _ti_sysbios_family_c28_Hwi_Module__loggerFxn1__C
003de9ec   _ti_sysbios_family_c28_Hwi_Module__loggerFxn8__C
003de9ee   _ti_sysbios_family_c28_Hwi_Module__loggerObj__C
003de9f0   _ti_sysbios_family_c28_Hwi_Object__table__C
003de9f2   _ti_sysbios_family_c28_TaskSupport_E_invalidStack__C
003de9f4   _ti_sysbios_family_c28_Timer_Module__diagsEnabled__C
003de9f6   _ti_sysbios_family_c28_Timer_Module__diagsIncluded__C
003de9f8   _ti_sysbios_family_c28_Timer_Module__diagsMask__C
003de9fa   _ti_sysbios_family_c28_TimestampProvider_Module__diagsEnabled__C
003de9fc   _ti_sysbios_family_c28_TimestampProvider_Module__diagsIncluded__C
003de9fe   _ti_sysbios_family_c28_TimestampProvider_Module__diagsMask__C
003dea00   _ti_sysbios_gates_GateMutex_A_badContext__C
003dea02   _ti_sysbios_gates_GateMutex_Instance_State_sem__O
003dea04   _ti_sysbios_gates_GateMutex_Module__diagsEnabled__C
003dea06   _ti_sysbios_gates_GateMutex_Module__diagsIncluded__C
003dea08   _ti_sysbios_gates_GateMutex_Module__diagsMask__C
003dea0a   _ti_sysbios_hal_Hwi_E_stackOverflow__C
003dea0c   _ti_sysbios_heaps_HeapMem_A_align__C
003dea0e   _ti_sysbios_heaps_HeapMem_A_heapSize__C
003dea10   _ti_sysbios_heaps_HeapMem_A_invalidFree__C
003dea12   _ti_sysbios_heaps_HeapMem_A_zeroBlock__C
003dea14   _ti_sysbios_heaps_HeapMem_E_memory__C
003dea16   _ti_sysbios_heaps_HeapMem_Module__diagsEnabled__C
003dea18   _ti_sysbios_heaps_HeapMem_Module__diagsIncluded__C
003dea1a   _ti_sysbios_heaps_HeapMem_Module__diagsMask__C
003dea1c   _ti_sysbios_heaps_HeapMem_Module__gateObj__C
003dea1e   _ti_sysbios_heaps_HeapMem_Object__table__C
003dea20   _ti_sysbios_heaps_HeapMem_reqAlign__C
003dea22   _ti_sysbios_knl_Clock_LM_begin__C
003dea24   _ti_sysbios_knl_Clock_LM_tick__C
003dea26   _ti_sysbios_knl_Clock_LW_delayed__C
003dea28   _ti_sysbios_knl_Clock_Module_State_clockQ__O
003dea2a   _ti_sysbios_knl_Clock_Module__diagsEnabled__C
003dea2c   _ti_sysbios_knl_Clock_Module__diagsIncluded__C
003dea2e   _ti_sysbios_knl_Clock_Module__diagsMask__C
003dea30   _ti_sysbios_knl_Clock_Module__loggerFxn1__C
003dea32   _ti_sysbios_knl_Clock_Module__loggerFxn2__C
003dea34   _ti_sysbios_knl_Clock_Module__loggerObj__C
003dea36   _ti_sysbios_knl_Queue_Object__table__C
003dea38   _ti_sysbios_knl_Semaphore_A_badContext__C
003dea3a   _ti_sysbios_knl_Semaphore_A_noEvents__C
003dea3c   _ti_sysbios_knl_Semaphore_A_overflow__C
003dea3e   _ti_sysbios_knl_Semaphore_A_pendTaskDisabled__C
003dea40   _ti_sysbios_knl_Semaphore_Instance_State_pendQ__O
003dea42   _ti_sysbios_knl_Semaphore_LM_pend__C
003dea44   _ti_sysbios_knl_Semaphore_LM_post__C
003dea46   _ti_sysbios_knl_Semaphore_Module__diagsEnabled__C
003dea48   _ti_sysbios_knl_Semaphore_Module__diagsIncluded__C
003dea4a   _ti_sysbios_knl_Semaphore_Module__diagsMask__C
003dea4c   _ti_sysbios_knl_Semaphore_Module__loggerFxn2__C
003dea4e   _ti_sysbios_knl_Semaphore_Module__loggerFxn4__C
003dea50   _ti_sysbios_knl_Semaphore_Module__loggerObj__C
003dea52   _ti_sysbios_knl_Swi_LD_end__C
003dea54   _ti_sysbios_knl_Swi_LM_begin__C
003dea56   _ti_sysbios_knl_Swi_LM_post__C
003dea58   _ti_sysbios_knl_Swi_Module__diagsEnabled__C
003dea5a   _ti_sysbios_knl_Swi_Module__diagsIncluded__C
003dea5c   _ti_sysbios_knl_Swi_Module__diagsMask__C
003dea5e   _ti_sysbios_knl_Swi_Module__loggerFxn1__C
003dea60   _ti_sysbios_knl_Swi_Module__loggerFxn4__C
003dea62   _ti_sysbios_knl_Swi_Module__loggerObj__C
003dea64   _ti_sysbios_knl_Swi_Object__table__C
003dea66   _ti_sysbios_knl_Task_E_spOutOfBounds__C
003dea68   _ti_sysbios_knl_Task_E_stackOverflow__C
003dea6a   _ti_sysbios_knl_Task_LD_block__C
003dea6c   _ti_sysbios_knl_Task_LD_exit__C
003dea6e   _ti_sysbios_knl_Task_LD_ready__C
003dea70   _ti_sysbios_knl_Task_LM_switch__C
003dea72   _ti_sysbios_knl_Task_Module_State_inactiveQ__O
003dea74   _ti_sysbios_knl_Task_Module__diagsEnabled__C
003dea76   _ti_sysbios_knl_Task_Module__diagsIncluded__C
003dea78   _ti_sysbios_knl_Task_Module__diagsMask__C
003dea7a   _ti_sysbios_knl_Task_Module__loggerFxn2__C
003dea7c   _ti_sysbios_knl_Task_Module__loggerFxn4__C
003dea7e   _ti_sysbios_knl_Task_Module__loggerObj__C
003dea80   _ti_sysbios_knl_Task_Object__table__C
003dea82   _ti_sysbios_knl_Task_allBlockedFunc__C
003dea84   _ti_sysbios_utils_Load_LS_cpuLoad__C
003dea86   _ti_sysbios_utils_Load_LS_hwiLoad__C
003dea88   _ti_sysbios_utils_Load_Module__diagsEnabled__C
003dea8a   _ti_sysbios_utils_Load_Module__diagsIncluded__C
003dea8c   _ti_sysbios_utils_Load_Module__diagsMask__C
003dea8e   _ti_sysbios_utils_Load_Module__loggerFxn1__C
003dea90   _ti_sysbios_utils_Load_Module__loggerFxn2__C
003dea92   _ti_sysbios_utils_Load_Module__loggerObj__C
003dea94   _ti_sysbios_utils_Load_postUpdate__C
003dea96   _ti_uia_loggers_LoggerStopMode_Module__diagsEnabled__C
003dea98   _ti_uia_loggers_LoggerStopMode_Module__diagsIncluded__C
003dea9a   _ti_uia_loggers_LoggerStopMode_Module__diagsMask__C
003dea9c   _ti_uia_loggers_LoggerStopMode_Object__table__C
003dea9e   _ti_uia_runtime_ILoggerSnapshot_Interface__BASE__C
003deaa0   _ti_uia_runtime_IUIATransfer_Interface__BASE__C
003deaa2   _xdc_runtime_Assert_E_assertFailed__C
003deaa4   _xdc_runtime_Core_A_initializedParams__C
003deaa6   _xdc_runtime_Core_Module__diagsEnabled__C
003deaa8   _xdc_runtime_Core_Module__diagsIncluded__C
003deaaa   _xdc_runtime_Core_Module__diagsMask__C
003deaac   _xdc_runtime_Error_E_memory__C
003deaae   _xdc_runtime_Error_Module__diagsEnabled__C
003deab0   _xdc_runtime_Error_Module__diagsIncluded__C
003deab2   _xdc_runtime_Error_Module__diagsMask__C
003deab4   _xdc_runtime_Error_Module__loggerFxn8__C
003deab6   _xdc_runtime_Error_Module__loggerObj__C
003deab8   _xdc_runtime_Error_policyFxn__C
003deaba   _xdc_runtime_Error_raiseHook__C
003deabc   _xdc_runtime_IFilterLogger_Interface__BASE__C
003deabe   _xdc_runtime_IGateProvider_Interface__BASE__C
003deac0   _xdc_runtime_IHeap_Interface__BASE__C
003deac2   _xdc_runtime_ILogger_Interface__BASE__C
003deac4   _xdc_runtime_IModule_Interface__BASE__C
003deac6   _xdc_runtime_Log_L_error__C
003deac8   _xdc_runtime_Main_Module__diagsEnabled__C
003deaca   _xdc_runtime_Main_Module__diagsIncluded__C
003deacc   _xdc_runtime_Main_Module__diagsMask__C
003deace   _xdc_runtime_Memory_defaultHeapInstance__C
003dead0   _xdc_runtime_Startup_execImpl__C
003dead2   _xdc_runtime_Startup_lastFxns__A
003dead4   _xdc_runtime_Startup_sfxnRts__C
003dead6   _xdc_runtime_Startup_sfxnTab__C
003dead8   _xdc_runtime_Startup_startModsFxn__C
003deada   _xdc_runtime_SysMin_bufSize__C
003deadc   _xdc_runtime_SysMin_outputFunc__C
003deade   _xdc_runtime_System_Module__gateObj__C
003deae0   _xdc_runtime_System_abortFxn__C
003deae2   _xdc_runtime_System_exitFxn__C
003deae4   _xdc_runtime_System_extendFxn__C
003deae6   _xdc_runtime_Text_charTab__C
003deae8   _xdc_runtime_Text_nameEmpty__C
003deaea   _xdc_runtime_Text_nameStatic__C
003deaec   _xdc_runtime_Text_nameUnknown__C
003deaee   _xdc_runtime_Text_nodeTab__C
003deaf0   _xdc_runtime_Text_visitRopeFxn__C
003deaf2   _ti_sysbios_family_c28_Timer_Module__id__C
003deaf3   _ti_sysbios_family_c28_Timer_startupNeeded__C
003deaf4   _ti_sysbios_family_c28_TimestampProvider_Module__id__C
003deaf5   _ti_sysbios_family_c28_TimestampProvider_useClockTimer__C
003deaf6   _ti_sysbios_gates_GateMutex_Module__id__C
003deaf7   _ti_sysbios_hal_Hwi_Module__id__C
003deaf8   _ti_sysbios_heaps_HeapMem_Module__id__C
003deaf9   _ti_sysbios_heaps_HeapMem_Object__count__C
003deafa   _ti_sysbios_knl_Clock_Module__id__C
003deafb   _ti_sysbios_knl_Clock_Module__loggerDefined__C
003deafc   _ti_sysbios_knl_Queue_Object__count__C
003deafd   _ti_sysbios_knl_Semaphore_Module__id__C
003deafe   _ti_sysbios_knl_Semaphore_Module__loggerDefined__C
003deaff   _ti_sysbios_knl_Swi_Module__id__C
003deb00   _ti_sysbios_knl_Swi_Module__loggerDefined__C
003deb01   _ti_sysbios_knl_Swi_Object__count__C
003deb02   _ti_sysbios_knl_Task_Module__id__C
003deb03   _ti_sysbios_knl_Task_Module__loggerDefined__C
003deb04   _ti_sysbios_knl_Task_Object__count__C
003deb05   _ti_sysbios_knl_Task_initStackFlag__C
003deb06   _ti_sysbios_knl_Task_numConstructedTasks__C
003deb07   _ti_sysbios_utils_Load_Module__id__C
003deb08   _ti_sysbios_utils_Load_Module__loggerDefined__C
003deb09   _ti_sysbios_utils_Load_hwiEnabled__C
003deb0a   _ti_sysbios_utils_Load_updateInIdle__C
003deb0b   _ti_sysbios_utils_Load_windowInMs__C
003deb0c   _ti_uia_loggers_LoggerStopMode_Module__id__C
003deb0d   _ti_uia_loggers_LoggerStopMode_Object__count__C
003deb0e   _ti_uia_loggers_LoggerStopMode_isTimestampEnabled__C
003deb0f   _xdc_runtime_Core_Module__id__C
003deb10   _xdc_runtime_Error_Module__loggerDefined__C
003deb11   _xdc_runtime_Error_maxDepth__C
003deb12   _xdc_runtime_Error_policy__C
003deb13   _xdc_runtime_Main_Module__id__C
003deb14   _xdc_runtime_Memory_Module__id__C
003deb15   _xdc_runtime_Startup_maxPasses__C
003deb16   _xdc_runtime_SysMin_flushAtExit__C
003deb17   _xdc_runtime_System_maxAtexitHandlers__C
003deb18   _xdc_runtime_Text_charCnt__C
003deb19   _xdc_runtime_Text_isLoaded__C
003deb1a   _xdc_runtime_Text_registryModsLastId__C
003deb1b   _xdc_runtime_Text_unnamedModsLastId__C
003deb1c   ___cinit__
003deb1c   cinit
003defd4   _RamfuncsLoadStart
003defd8   _RamfuncsLoadEnd
003f7ff6   _ti_catalog_c2800_init_Boot_entry
003f7ff8   _CsmPwl
ffffffff   ___binit__
ffffffff   ___c_args__
ffffffff   ___pinit__
ffffffff   binit
ffffffff   pinit

[829 symbols]
