<?xml version="1.0"?>
<link_info>
   <banner>TMS320C2000 Linker PC v6.2.11</banner>
   <copyright>Copyright (c) 1996-2015 Texas Instruments Incorporated</copyright>
   <link_time>0x54dd69ff</link_time>
   <link_errors>0x1</link_errors>
   <output_file>Quad RTSC.out</output_file>
   <entry_point>
      <name>_c_int00</name>
      <address>0x3da420</address>
   </entry_point>
   <input_file_list>
      <input_file id="fl-3">
         <path>C:\Users\Chris\workspace_v6_0\Quad RTSC\Debug\configPkg\package\cfg\</path>
         <kind>object</kind>
         <file>helloWorld_p28FP.o28FP</file>
         <name>helloWorld_p28FP.o28FP</name>
      </input_file>
      <input_file id="fl-c">
         <path>.\</path>
         <kind>object</kind>
         <file>Command_Transform.obj</file>
         <name>Command_Transform.obj</name>
      </input_file>
      <input_file id="fl-d">
         <path>.\</path>
         <kind>object</kind>
         <file>HUD_Interface.obj</file>
         <name>HUD_Interface.obj</name>
      </input_file>
      <input_file id="fl-e">
         <path>.\</path>
         <kind>object</kind>
         <file>I2C_Device.obj</file>
         <name>I2C_Device.obj</name>
      </input_file>
      <input_file id="fl-f">
         <path>.\</path>
         <kind>object</kind>
         <file>LED_Driver.obj</file>
         <name>LED_Driver.obj</name>
      </input_file>
      <input_file id="fl-10">
         <path>.\</path>
         <kind>object</kind>
         <file>PWM_Driver.obj</file>
         <name>PWM_Driver.obj</name>
      </input_file>
      <input_file id="fl-11">
         <path>.\</path>
         <kind>object</kind>
         <file>QuadProcessor.obj</file>
         <name>QuadProcessor.obj</name>
      </input_file>
      <input_file id="fl-12">
         <path>.\</path>
         <kind>object</kind>
         <file>SPI_Device.obj</file>
         <name>SPI_Device.obj</name>
      </input_file>
      <input_file id="fl-13">
         <path>.\</path>
         <kind>object</kind>
         <file>Sensor_Drvr.obj</file>
         <name>Sensor_Drvr.obj</name>
      </input_file>
      <input_file id="fl-14">
         <path>.\</path>
         <kind>object</kind>
         <file>main.obj</file>
         <name>main.obj</name>
      </input_file>
      <input_file id="fl-18">
         <path>C:\ti\tirtos_c2000_2_10_01_38\products\uia_2_00_02_39\packages\ti\uia\loggers\lib\release\</path>
         <kind>archive</kind>
         <file>ti.uia.loggers.a28FP</file>
         <name>LoggerStopMode.o28FP</name>
      </input_file>
      <input_file id="fl-19">
         <path>C:\Users\Chris\workspace_v6_0\Quad RTSC\src\sysbios\</path>
         <kind>archive</kind>
         <file>sysbios.a28FP</file>
         <name>BIOS.obj</name>
      </input_file>
      <input_file id="fl-1a">
         <path>C:\Users\Chris\workspace_v6_0\Quad RTSC\src\sysbios\</path>
         <kind>archive</kind>
         <file>sysbios.a28FP</file>
         <name>c28_Hwi_asm.obj</name>
      </input_file>
      <input_file id="fl-1b">
         <path>C:\Users\Chris\workspace_v6_0\Quad RTSC\src\sysbios\</path>
         <kind>archive</kind>
         <file>sysbios.a28FP</file>
         <name>c28_Hwi_disp.obj</name>
      </input_file>
      <input_file id="fl-1c">
         <path>C:\Users\Chris\workspace_v6_0\Quad RTSC\src\sysbios\</path>
         <kind>archive</kind>
         <file>sysbios.a28FP</file>
         <name>c28_IntrinsicsSupport_asm.obj</name>
      </input_file>
      <input_file id="fl-1d">
         <path>C:\Users\Chris\workspace_v6_0\Quad RTSC\src\sysbios\</path>
         <kind>archive</kind>
         <file>sysbios.a28FP</file>
         <name>c28_TaskSupport_asm.obj</name>
      </input_file>
      <input_file id="fl-1e">
         <path>C:\ti\tirtos_c2000_2_10_01_38\products\bios_6_41_00_26\packages\ti\catalog\c2800\init\lib\</path>
         <kind>archive</kind>
         <file>Boot.a28FP</file>
         <name>Boot.o28FP</name>
      </input_file>
      <input_file id="fl-1f">
         <path>C:\ti\tirtos_c2000_2_10_01_38\products\uia_2_00_02_39\packages\ti\uia\runtime\lib\release\</path>
         <kind>archive</kind>
         <file>ti.uia.runtime.a28FP</file>
         <name>QueueDescriptor.o28FP</name>
      </input_file>
      <input_file id="fl-20">
         <path>C:\ti\tirtos_c2000_2_10_01_38\products\bios_6_41_00_26\packages\ti\targets\rts2800\lib\</path>
         <kind>archive</kind>
         <file>ti.targets.rts2800.a28FP</file>
         <name>Assert.o28FP</name>
      </input_file>
      <input_file id="fl-21">
         <path>C:\ti\tirtos_c2000_2_10_01_38\products\bios_6_41_00_26\packages\ti\targets\rts2800\lib\</path>
         <kind>archive</kind>
         <file>ti.targets.rts2800.a28FP</file>
         <name>Core-mem.o28FP</name>
      </input_file>
      <input_file id="fl-22">
         <path>C:\ti\tirtos_c2000_2_10_01_38\products\bios_6_41_00_26\packages\ti\targets\rts2800\lib\</path>
         <kind>archive</kind>
         <file>ti.targets.rts2800.a28FP</file>
         <name>Core-smem.o28FP</name>
      </input_file>
      <input_file id="fl-23">
         <path>C:\ti\tirtos_c2000_2_10_01_38\products\bios_6_41_00_26\packages\ti\targets\rts2800\lib\</path>
         <kind>archive</kind>
         <file>ti.targets.rts2800.a28FP</file>
         <name>Core-label.o28FP</name>
      </input_file>
      <input_file id="fl-24">
         <path>C:\ti\tirtos_c2000_2_10_01_38\products\bios_6_41_00_26\packages\ti\targets\rts2800\lib\</path>
         <kind>archive</kind>
         <file>ti.targets.rts2800.a28FP</file>
         <name>Core-params.o28FP</name>
      </input_file>
      <input_file id="fl-25">
         <path>C:\ti\tirtos_c2000_2_10_01_38\products\bios_6_41_00_26\packages\ti\targets\rts2800\lib\</path>
         <kind>archive</kind>
         <file>ti.targets.rts2800.a28FP</file>
         <name>Error.o28FP</name>
      </input_file>
      <input_file id="fl-26">
         <path>C:\ti\tirtos_c2000_2_10_01_38\products\bios_6_41_00_26\packages\ti\targets\rts2800\lib\</path>
         <kind>archive</kind>
         <file>ti.targets.rts2800.a28FP</file>
         <name>Gate.o28FP</name>
      </input_file>
      <input_file id="fl-27">
         <path>C:\ti\tirtos_c2000_2_10_01_38\products\bios_6_41_00_26\packages\ti\targets\rts2800\lib\</path>
         <kind>archive</kind>
         <file>ti.targets.rts2800.a28FP</file>
         <name>Memory.o28FP</name>
      </input_file>
      <input_file id="fl-28">
         <path>C:\ti\tirtos_c2000_2_10_01_38\products\bios_6_41_00_26\packages\ti\targets\rts2800\lib\</path>
         <kind>archive</kind>
         <file>ti.targets.rts2800.a28FP</file>
         <name>Startup.o28FP</name>
      </input_file>
      <input_file id="fl-29">
         <path>C:\ti\tirtos_c2000_2_10_01_38\products\bios_6_41_00_26\packages\ti\targets\rts2800\lib\</path>
         <kind>archive</kind>
         <file>ti.targets.rts2800.a28FP</file>
         <name>System.o28FP</name>
      </input_file>
      <input_file id="fl-2a">
         <path>C:\ti\tirtos_c2000_2_10_01_38\products\bios_6_41_00_26\packages\ti\targets\rts2800\lib\</path>
         <kind>archive</kind>
         <file>ti.targets.rts2800.a28FP</file>
         <name>SysMin.o28FP</name>
      </input_file>
      <input_file id="fl-2b">
         <path>C:\ti\tirtos_c2000_2_10_01_38\products\bios_6_41_00_26\packages\ti\targets\rts2800\lib\</path>
         <kind>archive</kind>
         <file>ti.targets.rts2800.a28FP</file>
         <name>Text.o28FP</name>
      </input_file>
      <input_file id="fl-2c">
         <path>C:\ti\tirtos_c2000_2_10_01_38\products\bios_6_41_00_26\packages\ti\targets\rts2800\lib\</path>
         <kind>archive</kind>
         <file>ti.targets.rts2800.a28FP</file>
         <name>Timestamp.o28FP</name>
      </input_file>
      <input_file id="fl-2d">
         <path>C:\ti\tirtos_c2000_2_10_01_38\products\bios_6_41_00_26\packages\ti\targets\rts2800\lib\</path>
         <kind>archive</kind>
         <file>ti.targets.rts2800.a28FP</file>
         <name>xdc_noinit.o28FP</name>
      </input_file>
      <input_file id="fl-2e">
         <path>C:\ti\tirtos_c2000_2_10_01_38\products\bios_6_41_00_26\packages\ti\targets\rts2800\lib\</path>
         <kind>archive</kind>
         <file>ti.targets.rts2800.a28FP</file>
         <name>Registry.o28FP</name>
      </input_file>
      <input_file id="fl-2f">
         <path>C:\ti\tirtos_c2000_2_10_01_38\products\bios_6_41_00_26\packages\ti\targets\rts2800\lib\</path>
         <kind>archive</kind>
         <file>boot.a28FP</file>
         <name>boot_cg.o28FP</name>
      </input_file>
      <input_file id="fl-3b">
         <path>c:\ti\ccsv6\tools\compiler\c2000_6.2.11\lib\</path>
         <kind>archive</kind>
         <file>rts2800_fpu32.lib</file>
         <name>_lock.obj</name>
      </input_file>
      <input_file id="fl-3c">
         <path>c:\ti\ccsv6\tools\compiler\c2000_6.2.11\lib\</path>
         <kind>archive</kind>
         <file>rts2800_fpu32.lib</file>
         <name>args_main.obj</name>
      </input_file>
      <input_file id="fl-3d">
         <path>c:\ti\ccsv6\tools\compiler\c2000_6.2.11\lib\</path>
         <kind>archive</kind>
         <file>rts2800_fpu32.lib</file>
         <name>array_del.obj</name>
      </input_file>
      <input_file id="fl-3e">
         <path>c:\ti\ccsv6\tools\compiler\c2000_6.2.11\lib\</path>
         <kind>archive</kind>
         <file>rts2800_fpu32.lib</file>
         <name>delete.obj</name>
      </input_file>
      <input_file id="fl-3f">
         <path>c:\ti\ccsv6\tools\compiler\c2000_6.2.11\lib\</path>
         <kind>archive</kind>
         <file>rts2800_fpu32.lib</file>
         <name>exit.obj</name>
      </input_file>
      <input_file id="fl-40">
         <path>c:\ti\ccsv6\tools\compiler\c2000_6.2.11\lib\</path>
         <kind>archive</kind>
         <file>rts2800_fpu32.lib</file>
         <name>far_cpy_tbl.obj</name>
      </input_file>
      <input_file id="fl-41">
         <path>c:\ti\ccsv6\tools\compiler\c2000_6.2.11\lib\</path>
         <kind>archive</kind>
         <file>rts2800_fpu32.lib</file>
         <name>fs_div.obj</name>
      </input_file>
      <input_file id="fl-42">
         <path>c:\ti\ccsv6\tools\compiler\c2000_6.2.11\lib\</path>
         <kind>archive</kind>
         <file>rts2800_fpu32.lib</file>
         <name>i_div.obj</name>
      </input_file>
      <input_file id="fl-43">
         <path>c:\ti\ccsv6\tools\compiler\c2000_6.2.11\lib\</path>
         <kind>archive</kind>
         <file>rts2800_fpu32.lib</file>
         <name>ll_div.obj</name>
      </input_file>
      <input_file id="fl-44">
         <path>c:\ti\ccsv6\tools\compiler\c2000_6.2.11\lib\</path>
         <kind>archive</kind>
         <file>rts2800_fpu32.lib</file>
         <name>memcpy_ff.obj</name>
      </input_file>
      <input_file id="fl-45">
         <path>c:\ti\ccsv6\tools\compiler\c2000_6.2.11\lib\</path>
         <kind>archive</kind>
         <file>rts2800_fpu32.lib</file>
         <name>memset.obj</name>
      </input_file>
      <input_file id="fl-46">
         <path>c:\ti\ccsv6\tools\compiler\c2000_6.2.11\lib\</path>
         <kind>archive</kind>
         <file>rts2800_fpu32.lib</file>
         <name>new_.obj</name>
      </input_file>
      <input_file id="fl-47">
         <path>c:\ti\ccsv6\tools\compiler\c2000_6.2.11\lib\</path>
         <kind>archive</kind>
         <file>rts2800_fpu32.lib</file>
         <name>newhandler.obj</name>
      </input_file>
      <input_file id="fl-48">
         <path>c:\ti\ccsv6\tools\compiler\c2000_6.2.11\lib\</path>
         <kind>archive</kind>
         <file>rts2800_fpu32.lib</file>
         <name>sqrt.obj</name>
      </input_file>
      <input_file id="fl-49">
         <path>c:\ti\ccsv6\tools\compiler\c2000_6.2.11\lib\</path>
         <kind>archive</kind>
         <file>rts2800_fpu32.lib</file>
         <name>strcmp.obj</name>
      </input_file>
      <input_file id="fl-4a">
         <path>c:\ti\ccsv6\tools\compiler\c2000_6.2.11\lib\</path>
         <kind>archive</kind>
         <file>rts2800_fpu32.lib</file>
         <name>strlen.obj</name>
      </input_file>
      <input_file id="fl-4b">
         <path>c:\ti\ccsv6\tools\compiler\c2000_6.2.11\lib\</path>
         <kind>archive</kind>
         <file>rts2800_fpu32.lib</file>
         <name>trgdrv.obj</name>
      </input_file>
      <input_file id="fl-4c">
         <path>c:\ti\ccsv6\tools\compiler\c2000_6.2.11\lib\</path>
         <kind>archive</kind>
         <file>rts2800_fpu32.lib</file>
         <name>vars.obj</name>
      </input_file>
      <input_file id="fl-4d">
         <path>c:\ti\ccsv6\tools\compiler\c2000_6.2.11\lib\</path>
         <kind>archive</kind>
         <file>rts2800_fpu32.lib</file>
         <name>ankmsg.obj</name>
      </input_file>
      <input_file id="fl-4e">
         <path>c:\ti\ccsv6\tools\compiler\c2000_6.2.11\lib\</path>
         <kind>archive</kind>
         <file>rts2800_fpu32.lib</file>
         <name>cpy_utils.obj</name>
      </input_file>
      <input_file id="fl-4f">
         <path>c:\ti\ccsv6\tools\compiler\c2000_6.2.11\lib\</path>
         <kind>archive</kind>
         <file>rts2800_fpu32.lib</file>
         <name>errno.obj</name>
      </input_file>
      <input_file id="fl-50">
         <path>c:\ti\ccsv6\tools\compiler\c2000_6.2.11\lib\</path>
         <kind>archive</kind>
         <file>rts2800_fpu32.lib</file>
         <name>strcpy.obj</name>
      </input_file>
   </input_file_list>
   <object_component_list>
      <object_component id="oc-18">
         <name>xdc.meta</name>
         <load_address>0x0</load_address>
         <run_address>0x0</run_address>
         <size>0xe7</size>
         <input_file_ref idref="fl-3"/>
      </object_component>
      <object_component id="oc-16">
         <name>.cinit</name>
         <load_address>0x3dd65a</load_address>
         <run_address>0x3dd65a</run_address>
         <size>0x3c6</size>
         <input_file_ref idref="fl-3"/>
      </object_component>
      <object_component id="oc-23">
         <name>.cinit</name>
         <load_address>0x3dda20</load_address>
         <run_address>0x3dda20</run_address>
         <size>0x15</size>
         <input_file_ref idref="fl-d"/>
      </object_component>
      <object_component id="oc-ab">
         <name>.cinit</name>
         <load_address>0x3dda35</load_address>
         <run_address>0x3dda35</run_address>
         <size>0xa</size>
         <input_file_ref idref="fl-3b"/>
      </object_component>
      <object_component id="oc-bd">
         <name>.cinit</name>
         <load_address>0x3dda3f</load_address>
         <run_address>0x3dda3f</run_address>
         <size>0xa</size>
         <input_file_ref idref="fl-3f"/>
      </object_component>
      <object_component id="oc-60">
         <name>.cinit</name>
         <load_address>0x3dda49</load_address>
         <run_address>0x3dda49</run_address>
         <size>0x9</size>
         <input_file_ref idref="fl-1f"/>
      </object_component>
      <object_component id="oc-f4">
         <name>.cinit</name>
         <load_address>0x3dda52</load_address>
         <run_address>0x3dda52</run_address>
         <size>0x5</size>
         <input_file_ref idref="fl-4c"/>
      </object_component>
      <object_component id="oc-2d">
         <name>.cinit</name>
         <load_address>0x3dda57</load_address>
         <run_address>0x3dda57</run_address>
         <size>0x4</size>
         <input_file_ref idref="fl-f"/>
      </object_component>
      <object_component id="oc-101">
         <name>.cinit</name>
         <load_address>0x3dda5b</load_address>
         <run_address>0x3dda5b</run_address>
         <size>0x4</size>
         <input_file_ref idref="fl-4f"/>
      </object_component>
      <object_component id="oc-16f">
         <name>.text</name>
         <load_address>0x3d8000</load_address>
         <run_address>0x3d8000</run_address>
         <size>0x288</size>
         <input_file_ref idref="fl-c"/>
      </object_component>
      <object_component id="oc-16e">
         <name>.text</name>
         <load_address>0x3d8288</load_address>
         <run_address>0x3d8288</run_address>
         <size>0x256</size>
         <input_file_ref idref="fl-11"/>
      </object_component>
      <object_component id="oc-273">
         <name>.text:_xdc_runtime_System_doPrint__I</name>
         <load_address>0x3d84de</load_address>
         <run_address>0x3d84de</run_address>
         <size>0x234</size>
         <input_file_ref idref="fl-29"/>
      </object_component>
      <object_component id="oc-251">
         <name>.text</name>
         <load_address>0x3d8712</load_address>
         <run_address>0x3d8712</run_address>
         <size>0x211</size>
         <input_file_ref idref="fl-4b"/>
      </object_component>
      <object_component id="oc-134">
         <name>.text:_ti_sysbios_heaps_HeapMem_free__E</name>
         <load_address>0x3d8923</load_address>
         <run_address>0x3d8923</run_address>
         <size>0x1d8</size>
         <input_file_ref idref="fl-19"/>
      </object_component>
      <object_component id="oc-133">
         <name>.text:_ti_sysbios_heaps_HeapMem_alloc__E</name>
         <load_address>0x3d8afb</load_address>
         <run_address>0x3d8afb</run_address>
         <size>0x1d0</size>
         <input_file_ref idref="fl-19"/>
      </object_component>
      <object_component id="oc-16d">
         <name>.text</name>
         <load_address>0x3d8ccb</load_address>
         <run_address>0x3d8ccb</run_address>
         <size>0x173</size>
         <input_file_ref idref="fl-d"/>
      </object_component>
      <object_component id="oc-1b8">
         <name>.text</name>
         <load_address>0x3d8e3e</load_address>
         <run_address>0x3d8e3e</run_address>
         <size>0x12d</size>
         <input_file_ref idref="fl-10"/>
      </object_component>
      <object_component id="oc-163">
         <name>.text:_ti_uia_loggers_LoggerStopMode_writeMemoryRange__E</name>
         <load_address>0x3d8f6b</load_address>
         <run_address>0x3d8f6b</run_address>
         <size>0x114</size>
         <input_file_ref idref="fl-3"/>
      </object_component>
      <object_component id="oc-ce">
         <name>.text</name>
         <load_address>0x3d907f</load_address>
         <run_address>0x3d907f</run_address>
         <size>0x107</size>
         <input_file_ref idref="fl-43"/>
      </object_component>
      <object_component id="oc-158">
         <name>.text:_ti_uia_loggers_LoggerStopMode_write8__E</name>
         <load_address>0x3d9186</load_address>
         <run_address>0x3d9186</run_address>
         <size>0x106</size>
         <input_file_ref idref="fl-3"/>
      </object_component>
      <object_component id="oc-18f">
         <name>.text:_ti_sysbios_heaps_HeapMem_Instance_init__E</name>
         <load_address>0x3d928c</load_address>
         <run_address>0x3d928c</run_address>
         <size>0x105</size>
         <input_file_ref idref="fl-19"/>
      </object_component>
      <object_component id="oc-157">
         <name>.text:_ti_uia_loggers_LoggerStopMode_write4__E</name>
         <load_address>0x3d9391</load_address>
         <run_address>0x3d9391</run_address>
         <size>0xe9</size>
         <input_file_ref idref="fl-3"/>
      </object_component>
      <object_component id="oc-1d7">
         <name>.text:_ti_sysbios_family_c28_Hwi_clearInterrupt__E</name>
         <load_address>0x3d947a</load_address>
         <run_address>0x3d947a</run_address>
         <size>0xe7</size>
         <input_file_ref idref="fl-19"/>
      </object_component>
      <object_component id="oc-156">
         <name>.text:_ti_uia_loggers_LoggerStopMode_write2__E</name>
         <load_address>0x3d9561</load_address>
         <run_address>0x3d9561</run_address>
         <size>0xdd</size>
         <input_file_ref idref="fl-3"/>
      </object_component>
      <object_component id="oc-155">
         <name>.text:_ti_uia_loggers_LoggerStopMode_write1__E</name>
         <load_address>0x3d963e</load_address>
         <run_address>0x3d963e</run_address>
         <size>0xd5</size>
         <input_file_ref idref="fl-3"/>
      </object_component>
      <object_component id="oc-154">
         <name>.text:_ti_uia_loggers_LoggerStopMode_write0__E</name>
         <load_address>0x3d9713</load_address>
         <run_address>0x3d9713</run_address>
         <size>0xc9</size>
         <input_file_ref idref="fl-3"/>
      </object_component>
      <object_component id="oc-175">
         <name>.text:_xdc_runtime_Core_createObject__I</name>
         <load_address>0x3d97dc</load_address>
         <run_address>0x3d97dc</run_address>
         <size>0xc9</size>
         <input_file_ref idref="fl-21"/>
      </object_component>
      <object_component id="oc-28f">
         <name>.text:_ti_sysbios_family_c28_Hwi_dispatchCore__I</name>
         <load_address>0x3d98a5</load_address>
         <run_address>0x3d98a5</run_address>
         <size>0xc0</size>
         <input_file_ref idref="fl-19"/>
      </object_component>
      <object_component id="oc-115">
         <name>.text:_ti_sysbios_knl_Clock_workFunc__E</name>
         <load_address>0x3d9965</load_address>
         <run_address>0x3d9965</run_address>
         <size>0xbd</size>
         <input_file_ref idref="fl-19"/>
      </object_component>
      <object_component id="oc-28c">
         <name>.text:_xdc_runtime_System_printfExtend__I</name>
         <load_address>0x3d9a22</load_address>
         <run_address>0x3d9a22</run_address>
         <size>0xbd</size>
         <input_file_ref idref="fl-3"/>
      </object_component>
      <object_component id="oc-209">
         <name>.text:_ti_sysbios_knl_Swi_run__I</name>
         <load_address>0x3d9adf</load_address>
         <run_address>0x3d9adf</run_address>
         <size>0xb2</size>
         <input_file_ref idref="fl-19"/>
      </object_component>
      <object_component id="oc-25b">
         <name>.text:_ti_sysbios_family_c28_Hwi_dispatch</name>
         <load_address>0x3d9b91</load_address>
         <run_address>0x3d9b91</run_address>
         <size>0x9a</size>
         <input_file_ref idref="fl-1b"/>
      </object_component>
      <object_component id="oc-1ad">
         <name>.text:_xdc_runtime_Error_policyDefault__E</name>
         <load_address>0x3d9c2b</load_address>
         <run_address>0x3d9c2b</run_address>
         <size>0x9a</size>
         <input_file_ref idref="fl-25"/>
      </object_component>
      <object_component id="oc-1b5">
         <name>.text</name>
         <load_address>0x3d9cc5</load_address>
         <run_address>0x3d9cc5</run_address>
         <size>0x99</size>
         <input_file_ref idref="fl-12"/>
      </object_component>
      <object_component id="oc-1d8">
         <name>.text:_ti_sysbios_family_c28_Hwi_enableInterrupt__E</name>
         <load_address>0x3d9d5e</load_address>
         <run_address>0x3d9d5e</run_address>
         <size>0x92</size>
         <input_file_ref idref="fl-19"/>
      </object_component>
      <object_component id="oc-264">
         <name>.text</name>
         <load_address>0x3d9df0</load_address>
         <run_address>0x3d9df0</run_address>
         <size>0x8e</size>
         <input_file_ref idref="fl-4d"/>
      </object_component>
      <object_component id="oc-c6">
         <name>.text</name>
         <load_address>0x3d9e7e</load_address>
         <run_address>0x3d9e7e</run_address>
         <size>0x88</size>
         <input_file_ref idref="fl-41"/>
      </object_component>
      <object_component id="oc-275">
         <name>.text:_ti_sysbios_family_c28_Hwi_disableInterrupt__E</name>
         <load_address>0x3d9f06</load_address>
         <run_address>0x3d9f06</run_address>
         <size>0x87</size>
         <input_file_ref idref="fl-19"/>
      </object_component>
      <object_component id="oc-205">
         <name>.text:_ti_sysbios_family_c28_Hwi_disablePIEIER__E</name>
         <load_address>0x3d9f8d</load_address>
         <run_address>0x3d9f8d</run_address>
         <size>0x86</size>
         <input_file_ref idref="fl-19"/>
      </object_component>
      <object_component id="oc-204">
         <name>.text:_ti_sysbios_family_c28_Hwi_enablePIEIER__E</name>
         <load_address>0x3da013</load_address>
         <run_address>0x3da013</run_address>
         <size>0x83</size>
         <input_file_ref idref="fl-19"/>
      </object_component>
      <object_component id="oc-1b2">
         <name>.text:_xdc_runtime_Startup_startMods__I</name>
         <load_address>0x3da096</load_address>
         <run_address>0x3da096</run_address>
         <size>0x7d</size>
         <input_file_ref idref="fl-28"/>
      </object_component>
      <object_component id="oc-1a9">
         <name>.text:_ti_uia_loggers_LoggerStopMode_flush__E</name>
         <load_address>0x3da113</load_address>
         <run_address>0x3da113</run_address>
         <size>0x7a</size>
         <input_file_ref idref="fl-18"/>
      </object_component>
      <object_component id="oc-25c">
         <name>.text:_ti_sysbios_family_c28_Timer_stopAndClear__I</name>
         <load_address>0x3da18d</load_address>
         <run_address>0x3da18d</run_address>
         <size>0x78</size>
         <input_file_ref idref="fl-19"/>
      </object_component>
      <object_component id="oc-1b9">
         <name>.text</name>
         <load_address>0x3da205</load_address>
         <run_address>0x3da205</run_address>
         <size>0x76</size>
         <input_file_ref idref="fl-f"/>
      </object_component>
      <object_component id="oc-254">
         <name>.text:_ti_sysbios_utils_Load_updateLoads__E</name>
         <load_address>0x3da27b</load_address>
         <run_address>0x3da27b</run_address>
         <size>0x73</size>
         <input_file_ref idref="fl-19"/>
      </object_component>
      <object_component id="oc-23d">
         <name>.text:_xdc_runtime_Text_putSite__E</name>
         <load_address>0x3da2ee</load_address>
         <run_address>0x3da2ee</run_address>
         <size>0x68</size>
         <input_file_ref idref="fl-2b"/>
      </object_component>
      <object_component id="oc-21b">
         <name>.text:_ti_sysbios_utils_Load_idleFxn__E</name>
         <load_address>0x3da356</load_address>
         <run_address>0x3da356</run_address>
         <size>0x67</size>
         <input_file_ref idref="fl-19"/>
      </object_component>
      <object_component id="oc-12d">
         <name>.text:_ti_sysbios_gates_GateSwi_enter__E</name>
         <load_address>0x3da3bd</load_address>
         <run_address>0x3da3bd</run_address>
         <size>0x63</size>
         <input_file_ref idref="fl-19"/>
      </object_component>
      <object_component id="oc-14">
         <name>.text</name>
         <load_address>0x3da420</load_address>
         <run_address>0x3da420</run_address>
         <size>0x63</size>
         <input_file_ref idref="fl-2f"/>
      </object_component>
      <object_component id="oc-150">
         <name>.text:_ti_sysbios_knl_Swi_post__E</name>
         <load_address>0x3da483</load_address>
         <run_address>0x3da483</run_address>
         <size>0x62</size>
         <input_file_ref idref="fl-19"/>
      </object_component>
      <object_component id="oc-24f">
         <name>.text:_ti_uia_loggers_LoggerStopMode_initQueueDescriptor__E</name>
         <load_address>0x3da4e5</load_address>
         <run_address>0x3da4e5</run_address>
         <size>0x58</size>
         <input_file_ref idref="fl-18"/>
      </object_component>
      <object_component id="oc-1f3">
         <name>.text:_xdc_runtime_Memory_alloc__E</name>
         <load_address>0x3da53d</load_address>
         <run_address>0x3da53d</run_address>
         <size>0x58</size>
         <input_file_ref idref="fl-27"/>
      </object_component>
      <object_component id="oc-291">
         <name>.text:_xdc_runtime_Text_putLab__E</name>
         <load_address>0x3da595</load_address>
         <run_address>0x3da595</run_address>
         <size>0x4a</size>
         <input_file_ref idref="fl-2b"/>
      </object_component>
      <object_component id="oc-20b">
         <name>.text:_ti_sysbios_family_c28_TimestampProvider_get64__E</name>
         <load_address>0x3da5df</load_address>
         <run_address>0x3da5df</run_address>
         <size>0x49</size>
         <input_file_ref idref="fl-19"/>
      </object_component>
      <object_component id="oc-248">
         <name>.text:_ti_sysbios_family_c28_Timer_postInit__I</name>
         <load_address>0x3da628</load_address>
         <run_address>0x3da628</run_address>
         <size>0x48</size>
         <input_file_ref idref="fl-19"/>
      </object_component>
      <object_component id="oc-228">
         <name>.text:_ti_sysbios_family_c28_Hwi_Module_startup__E</name>
         <load_address>0x3da670</load_address>
         <run_address>0x3da670</run_address>
         <size>0x47</size>
         <input_file_ref idref="fl-19"/>
      </object_component>
      <object_component id="oc-177">
         <name>.text:_xdc_runtime_Core_deleteObject__I</name>
         <load_address>0x3da6b7</load_address>
         <run_address>0x3da6b7</run_address>
         <size>0x46</size>
         <input_file_ref idref="fl-21"/>
      </object_component>
      <object_component id="oc-109">
         <name>.text</name>
         <load_address>0x3da6fd</load_address>
         <run_address>0x3da6fd</run_address>
         <size>0x46</size>
         <input_file_ref idref="fl-40"/>
      </object_component>
      <object_component id="oc-278">
         <name>.text:_ti_sysbios_utils_Load_logLoads__I</name>
         <load_address>0x3da743</load_address>
         <run_address>0x3da743</run_address>
         <size>0x42</size>
         <input_file_ref idref="fl-19"/>
      </object_component>
      <object_component id="oc-4b">
         <name>.text:_ti_sysbios_family_c28_Hwi_unPluggedInterrupt__I</name>
         <load_address>0x3da785</load_address>
         <run_address>0x3da785</run_address>
         <size>0x41</size>
         <input_file_ref idref="fl-19"/>
      </object_component>
      <object_component id="oc-280">
         <name>.text:_xdc_runtime_System_formatNum__I</name>
         <load_address>0x3da7c6</load_address>
         <run_address>0x3da7c6</run_address>
         <size>0x3e</size>
         <input_file_ref idref="fl-29"/>
      </object_component>
      <object_component id="oc-122">
         <name>.text</name>
         <load_address>0x3da804</load_address>
         <run_address>0x3da804</run_address>
         <size>0x3e</size>
         <input_file_ref idref="fl-14"/>
      </object_component>
      <object_component id="oc-263">
         <name>.text:_ti_uia_runtime_QueueDescriptor_addToList__E</name>
         <load_address>0x3da842</load_address>
         <run_address>0x3da842</run_address>
         <size>0x3d</size>
         <input_file_ref idref="fl-1f"/>
      </object_component>
      <object_component id="oc-1c5">
         <name>.text:_xdc_runtime_Core_assignParams__I</name>
         <load_address>0x3da87f</load_address>
         <run_address>0x3da87f</run_address>
         <size>0x3b</size>
         <input_file_ref idref="fl-24"/>
      </object_component>
      <object_component id="oc-256">
         <name>.text:_xdc_runtime_Text_putMod__E</name>
         <load_address>0x3da8ba</load_address>
         <run_address>0x3da8ba</run_address>
         <size>0x3a</size>
         <input_file_ref idref="fl-2b"/>
      </object_component>
      <object_component id="oc-14e">
         <name>.text:_ti_sysbios_knl_Clock_logTick__E</name>
         <load_address>0x3da8f4</load_address>
         <run_address>0x3da8f4</run_address>
         <size>0x38</size>
         <input_file_ref idref="fl-19"/>
      </object_component>
      <object_component id="oc-298">
         <name>.text:_ti_sysbios_knl_Swi_restoreHwi__E</name>
         <load_address>0x3da92c</load_address>
         <run_address>0x3da92c</run_address>
         <size>0x38</size>
         <input_file_ref idref="fl-19"/>
      </object_component>
      <object_component id="oc-26b">
         <name>.text:_ti_sysbios_utils_Load_logCPULoad__I</name>
         <load_address>0x3da964</load_address>
         <run_address>0x3da964</run_address>
         <size>0x38</size>
         <input_file_ref idref="fl-19"/>
      </object_component>
      <object_component id="oc-26a">
         <name>.text:_ti_sysbios_utils_Load_updateThreadContexts__E</name>
         <load_address>0x3da99c</load_address>
         <run_address>0x3da99c</run_address>
         <size>0x37</size>
         <input_file_ref idref="fl-19"/>
      </object_component>
      <object_component id="oc-227">
         <name>.text:_ti_sysbios_family_c28_TimestampProvider_Module_startup__E</name>
         <load_address>0x3da9d3</load_address>
         <run_address>0x3da9d3</run_address>
         <size>0x36</size>
         <input_file_ref idref="fl-19"/>
      </object_component>
      <object_component id="oc-28b">
         <name>.text:_xdc_runtime_Text_visitRope2__I</name>
         <load_address>0x3daa09</load_address>
         <run_address>0x3daa09</run_address>
         <size>0x34</size>
         <input_file_ref idref="fl-2b"/>
      </object_component>
      <object_component id="oc-267">
         <name>.text:_ti_sysbios_family_c28_TimestampProvider_get32__E</name>
         <load_address>0x3daa3d</load_address>
         <run_address>0x3daa3d</run_address>
         <size>0x33</size>
         <input_file_ref idref="fl-19"/>
      </object_component>
      <object_component id="oc-17e">
         <name>.text:_xdc_runtime_Assert_raise__I</name>
         <load_address>0x3daa70</load_address>
         <run_address>0x3daa70</run_address>
         <size>0x33</size>
         <input_file_ref idref="fl-20"/>
      </object_component>
      <object_component id="oc-196">
         <name>.text:_ti_sysbios_family_c28_Timer_start__E</name>
         <load_address>0x3daaa3</load_address>
         <run_address>0x3daaa3</run_address>
         <size>0x32</size>
         <input_file_ref idref="fl-19"/>
      </object_component>
      <object_component id="oc-1e0">
         <name>.text:_xdc_runtime_Error_setX__E</name>
         <load_address>0x3daad5</load_address>
         <run_address>0x3daad5</run_address>
         <size>0x32</size>
         <input_file_ref idref="fl-25"/>
      </object_component>
      <object_component id="oc-10a">
         <name>.text:_xdc_runtime_Startup_exec__E</name>
         <load_address>0x3dab07</load_address>
         <run_address>0x3dab07</run_address>
         <size>0x31</size>
         <input_file_ref idref="fl-28"/>
      </object_component>
      <object_component id="oc-222">
         <name>.text:_xdc_runtime_Error_print__E</name>
         <load_address>0x3dab38</load_address>
         <run_address>0x3dab38</run_address>
         <size>0x30</size>
         <input_file_ref idref="fl-25"/>
      </object_component>
      <object_component id="oc-1db">
         <name>.text:_ti_sysbios_knl_Swi_runLoop__I</name>
         <load_address>0x3dab68</load_address>
         <run_address>0x3dab68</run_address>
         <size>0x2f</size>
         <input_file_ref idref="fl-19"/>
      </object_component>
      <object_component id="oc-11e">
         <name>.text:.bootCodeSection:_ti_catalog_c2800_init_Boot_configurePll2802x</name>
         <load_address>0x3dab97</load_address>
         <run_address>0x3dab97</run_address>
         <size>0x2e</size>
         <input_file_ref idref="fl-1e"/>
      </object_component>
      <object_component id="oc-276">
         <name>.text:_ti_sysbios_family_c28_Timer_getFreq__E</name>
         <load_address>0x3dabc5</load_address>
         <run_address>0x3dabc5</run_address>
         <size>0x2e</size>
         <input_file_ref idref="fl-19"/>
      </object_component>
      <object_component id="oc-269">
         <name>.text:_ti_sysbios_utils_Load_updateCurrentThreadTime__E</name>
         <load_address>0x3dabf3</load_address>
         <run_address>0x3dabf3</run_address>
         <size>0x2e</size>
         <input_file_ref idref="fl-19"/>
      </object_component>
      <object_component id="oc-210">
         <name>.text:_ti_sysbios_family_c28_Hwi_getStackInfo__E</name>
         <load_address>0x3dac21</load_address>
         <run_address>0x3dac21</run_address>
         <size>0x2d</size>
         <input_file_ref idref="fl-19"/>
      </object_component>
      <object_component id="oc-136">
         <name>.text:_ti_sysbios_heaps_HeapMem_getStats__E</name>
         <load_address>0x3dac4e</load_address>
         <run_address>0x3dac4e</run_address>
         <size>0x2d</size>
         <input_file_ref idref="fl-19"/>
      </object_component>
      <object_component id="oc-1b0">
         <name>.text:_ti_sysbios_heaps_HeapMem_init__I</name>
         <load_address>0x3dac7b</load_address>
         <run_address>0x3dac7b</run_address>
         <size>0x2d</size>
         <input_file_ref idref="fl-19"/>
      </object_component>
      <object_component id="oc-23b">
         <name>.text:_ti_sysbios_family_c28_Hwi_getInterruptFlag__E</name>
         <load_address>0x3daca8</load_address>
         <run_address>0x3daca8</run_address>
         <size>0x2c</size>
         <input_file_ref idref="fl-19"/>
      </object_component>
      <object_component id="oc-22d">
         <name>.text:_ti_uia_loggers_LoggerStopMode_Module_startup__E</name>
         <load_address>0x3dacd4</load_address>
         <run_address>0x3dacd4</run_address>
         <size>0x2c</size>
         <input_file_ref idref="fl-18"/>
      </object_component>
      <object_component id="oc-220">
         <name>.text:_ti_sysbios_family_c28_Timer_getExpiredCounts64__E</name>
         <load_address>0x3dad00</load_address>
         <run_address>0x3dad00</run_address>
         <size>0x2b</size>
         <input_file_ref idref="fl-19"/>
      </object_component>
      <object_component id="oc-1f7">
         <name>.text:_xdc_runtime_SysMin_flush__E</name>
         <load_address>0x3dad2b</load_address>
         <run_address>0x3dad2b</run_address>
         <size>0x28</size>
         <input_file_ref idref="fl-2a"/>
      </object_component>
      <object_component id="oc-257">
         <name>.text:_xdc_runtime_Text_xprintf__I</name>
         <load_address>0x3dad53</load_address>
         <run_address>0x3dad53</run_address>
         <size>0x27</size>
         <input_file_ref idref="fl-2b"/>
      </object_component>
      <object_component id="oc-221">
         <name>.text:_ti_sysbios_family_c28_Timer_getExpiredCounts__E</name>
         <load_address>0x3dad7a</load_address>
         <run_address>0x3dad7a</run_address>
         <size>0x26</size>
         <input_file_ref idref="fl-19"/>
      </object_component>
      <object_component id="oc-25e">
         <name>.text:_ti_sysbios_family_c28_Timer_setPrescale__E</name>
         <load_address>0x3dada0</load_address>
         <run_address>0x3dada0</run_address>
         <size>0x26</size>
         <input_file_ref idref="fl-19"/>
      </object_component>
      <object_component id="oc-1df">
         <name>.text:_ti_uia_loggers_LoggerStopMode_initBuffer__I</name>
         <load_address>0x3dadc6</load_address>
         <run_address>0x3dadc6</run_address>
         <size>0x25</size>
         <input_file_ref idref="fl-18"/>
      </object_component>
      <object_component id="oc-162">
         <name>.text:_ti_uia_loggers_LoggerStopMode_reset__E</name>
         <load_address>0x3dadeb</load_address>
         <run_address>0x3dadeb</run_address>
         <size>0x24</size>
         <input_file_ref idref="fl-18"/>
      </object_component>
      <object_component id="oc-123">
         <name>.text:_xdc_runtime_System_processAtExit__E</name>
         <load_address>0x3dae0f</load_address>
         <run_address>0x3dae0f</run_address>
         <size>0x24</size>
         <input_file_ref idref="fl-29"/>
      </object_component>
      <object_component id="oc-1a3">
         <name>.text:_ti_sysbios_knl_Swi_schedule__I</name>
         <load_address>0x3dae33</load_address>
         <run_address>0x3dae33</run_address>
         <size>0x22</size>
         <input_file_ref idref="fl-19"/>
      </object_component>
      <object_component id="oc-ca">
         <name>.text</name>
         <load_address>0x3dae55</load_address>
         <run_address>0x3dae55</run_address>
         <size>0x22</size>
         <input_file_ref idref="fl-42"/>
      </object_component>
      <object_component id="oc-13b">
         <name>.text:_xdc_runtime_System_atexit__E</name>
         <load_address>0x3dae77</load_address>
         <run_address>0x3dae77</run_address>
         <size>0x21</size>
         <input_file_ref idref="fl-29"/>
      </object_component>
      <object_component id="oc-1aa">
         <name>.text</name>
         <load_address>0x3dae98</load_address>
         <run_address>0x3dae98</run_address>
         <size>0x21</size>
         <input_file_ref idref="fl-44"/>
      </object_component>
      <object_component id="oc-16c">
         <name>.text</name>
         <load_address>0x3daeb9</load_address>
         <run_address>0x3daeb9</run_address>
         <size>0x20</size>
         <input_file_ref idref="fl-46"/>
      </object_component>
      <object_component id="oc-1b3">
         <name>.text:_malloc</name>
         <load_address>0x3daed9</load_address>
         <run_address>0x3daed9</run_address>
         <size>0x1f</size>
         <input_file_ref idref="fl-3"/>
      </object_component>
      <object_component id="oc-240">
         <name>.text:_xdc_runtime_SysMin_putch__E</name>
         <load_address>0x3daef8</load_address>
         <run_address>0x3daef8</run_address>
         <size>0x1e</size>
         <input_file_ref idref="fl-2a"/>
      </object_component>
      <object_component id="oc-129">
         <name>.text:_ti_sysbios_gates_GateHwi_Object__create__S</name>
         <load_address>0x3daf16</load_address>
         <run_address>0x3daf16</run_address>
         <size>0x1c</size>
         <input_file_ref idref="fl-3"/>
      </object_component>
      <object_component id="oc-12f">
         <name>.text:_ti_sysbios_gates_GateSwi_Object__create__S</name>
         <load_address>0x3daf32</load_address>
         <run_address>0x3daf32</run_address>
         <size>0x1c</size>
         <input_file_ref idref="fl-3"/>
      </object_component>
      <object_component id="oc-137">
         <name>.text:_ti_sysbios_heaps_HeapMem_Object__create__S</name>
         <load_address>0x3daf4e</load_address>
         <run_address>0x3daf4e</run_address>
         <size>0x1c</size>
         <input_file_ref idref="fl-3"/>
      </object_component>
      <object_component id="oc-164">
         <name>.text:_ti_uia_loggers_LoggerStopMode_Object__create__S</name>
         <load_address>0x3daf6a</load_address>
         <run_address>0x3daf6a</run_address>
         <size>0x1c</size>
         <input_file_ref idref="fl-3"/>
      </object_component>
      <object_component id="oc-282">
         <name>.text:_ti_sysbios_family_c28_Hwi_switchAndDispatch__I</name>
         <load_address>0x3daf86</load_address>
         <run_address>0x3daf86</run_address>
         <size>0x1b</size>
         <input_file_ref idref="fl-1a"/>
      </object_component>
      <object_component id="oc-21a">
         <name>.text:_ti_sysbios_hal_Hwi_checkStack</name>
         <load_address>0x3dafa1</load_address>
         <run_address>0x3dafa1</run_address>
         <size>0x1b</size>
         <input_file_ref idref="fl-19"/>
      </object_component>
      <object_component id="oc-1b1">
         <name>.text:_ti_sysbios_hal_Hwi_initStack</name>
         <load_address>0x3dafbc</load_address>
         <run_address>0x3dafbc</run_address>
         <size>0x1a</size>
         <input_file_ref idref="fl-19"/>
      </object_component>
      <object_component id="oc-178">
         <name>.text:_xdc_runtime_Core_assignLabel__I</name>
         <load_address>0x3dafd6</load_address>
         <run_address>0x3dafd6</run_address>
         <size>0x1a</size>
         <input_file_ref idref="fl-23"/>
      </object_component>
      <object_component id="oc-22f">
         <name>.text:_xdc_runtime_SysMin_output__I</name>
         <load_address>0x3daff0</load_address>
         <run_address>0x3daff0</run_address>
         <size>0x1a</size>
         <input_file_ref idref="fl-3"/>
      </object_component>
      <object_component id="oc-fc">
         <name>.text</name>
         <load_address>0x3db00a</load_address>
         <run_address>0x3db00a</run_address>
         <size>0x1a</size>
         <input_file_ref idref="fl-4e"/>
      </object_component>
      <object_component id="oc-259">
         <name>.text:_xdc_runtime_System_avprintf__E</name>
         <load_address>0x3db024</load_address>
         <run_address>0x3db024</run_address>
         <size>0x19</size>
         <input_file_ref idref="fl-29"/>
      </object_component>
      <object_component id="oc-281">
         <name>.text:_xdc_runtime_System_putchar__I</name>
         <load_address>0x3db03d</load_address>
         <run_address>0x3db03d</run_address>
         <size>0x19</size>
         <input_file_ref idref="fl-29"/>
      </object_component>
      <object_component id="oc-10b">
         <name>.text</name>
         <load_address>0x3db056</load_address>
         <run_address>0x3db056</run_address>
         <size>0x19</size>
         <input_file_ref idref="fl-3c"/>
      </object_component>
      <object_component id="oc-1be">
         <name>.text</name>
         <load_address>0x3db06f</load_address>
         <run_address>0x3db06f</run_address>
         <size>0x19</size>
         <input_file_ref idref="fl-3f"/>
      </object_component>
      <object_component id="oc-25a">
         <name>.text:_xdc_runtime_System_vprintf__E</name>
         <load_address>0x3db088</load_address>
         <run_address>0x3db088</run_address>
         <size>0x18</size>
         <input_file_ref idref="fl-29"/>
      </object_component>
      <object_component id="oc-270">
         <name>.text:_xdc_runtime_Text_printVisFxn__I</name>
         <load_address>0x3db0a0</load_address>
         <run_address>0x3db0a0</run_address>
         <size>0x18</size>
         <input_file_ref idref="fl-2b"/>
      </object_component>
      <object_component id="oc-117">
         <name>.text:_ti_sysbios_knl_Clock_doTick__I</name>
         <load_address>0x3db0b8</load_address>
         <run_address>0x3db0b8</run_address>
         <size>0x17</size>
         <input_file_ref idref="fl-3"/>
      </object_component>
      <object_component id="oc-1f8">
         <name>.text:_xdc_runtime_Memory_valloc__E</name>
         <load_address>0x3db0cf</load_address>
         <run_address>0x3db0cf</run_address>
         <size>0x17</size>
         <input_file_ref idref="fl-27"/>
      </object_component>
      <object_component id="oc-229">
         <name>.text:_ti_sysbios_family_c28_Timer_Module_startup__E</name>
         <load_address>0x3db0e6</load_address>
         <run_address>0x3db0e6</run_address>
         <size>0x16</size>
         <input_file_ref idref="fl-19"/>
      </object_component>
      <object_component id="oc-13d">
         <name>.text:_ti_sysbios_family_c28_Timer_startup__E</name>
         <load_address>0x3db0fc</load_address>
         <run_address>0x3db0fc</run_address>
         <size>0x16</size>
         <input_file_ref idref="fl-19"/>
      </object_component>
      <object_component id="oc-223">
         <name>.text:_xdc_runtime_SysMin_abort__E</name>
         <load_address>0x3db112</load_address>
         <run_address>0x3db112</run_address>
         <size>0x16</size>
         <input_file_ref idref="fl-2a"/>
      </object_component>
      <object_component id="oc-198">
         <name>.text:_ti_sysbios_knl_Idle_run__E</name>
         <load_address>0x3db128</load_address>
         <run_address>0x3db128</run_address>
         <size>0x15</size>
         <input_file_ref idref="fl-19"/>
      </object_component>
      <object_component id="oc-22b">
         <name>.text:_ti_sysbios_knl_Swi_Module_startup__E</name>
         <load_address>0x3db13d</load_address>
         <run_address>0x3db13d</run_address>
         <size>0x15</size>
         <input_file_ref idref="fl-19"/>
      </object_component>
      <object_component id="oc-288">
         <name>.text:_ti_sysbios_utils_Load_getGlobalHwiLoad__E</name>
         <load_address>0x3db152</load_address>
         <run_address>0x3db152</run_address>
         <size>0x15</size>
         <input_file_ref idref="fl-19"/>
      </object_component>
      <object_component id="oc-13a">
         <name>.text:_ti_sysbios_BIOS_atExitFunc__I</name>
         <load_address>0x3db167</load_address>
         <run_address>0x3db167</run_address>
         <size>0x14</size>
         <input_file_ref idref="fl-3"/>
      </object_component>
      <object_component id="oc-113">
         <name>.text:_ti_sysbios_BIOS_startFunc__I</name>
         <load_address>0x3db17b</load_address>
         <run_address>0x3db17b</run_address>
         <size>0x13</size>
         <input_file_ref idref="fl-3"/>
      </object_component>
      <object_component id="oc-25d">
         <name>.text:_ti_sysbios_family_c28_Timer_stop__E</name>
         <load_address>0x3db18e</load_address>
         <run_address>0x3db18e</run_address>
         <size>0x12</size>
         <input_file_ref idref="fl-19"/>
      </object_component>
      <object_component id="oc-12a">
         <name>.text:_ti_sysbios_gates_GateHwi_Object__delete__S</name>
         <load_address>0x3db1a0</load_address>
         <run_address>0x3db1a0</run_address>
         <size>0x12</size>
         <input_file_ref idref="fl-3"/>
      </object_component>
      <object_component id="oc-130">
         <name>.text:_ti_sysbios_gates_GateSwi_Object__delete__S</name>
         <load_address>0x3db1b2</load_address>
         <run_address>0x3db1b2</run_address>
         <size>0x12</size>
         <input_file_ref idref="fl-3"/>
      </object_component>
      <object_component id="oc-138">
         <name>.text:_ti_sysbios_heaps_HeapMem_Object__delete__S</name>
         <load_address>0x3db1c4</load_address>
         <run_address>0x3db1c4</run_address>
         <size>0x12</size>
         <input_file_ref idref="fl-3"/>
      </object_component>
      <object_component id="oc-22a">
         <name>.text:_ti_sysbios_knl_Clock_Module_startup__E</name>
         <load_address>0x3db1d6</load_address>
         <run_address>0x3db1d6</run_address>
         <size>0x12</size>
         <input_file_ref idref="fl-19"/>
      </object_component>
      <object_component id="oc-17f">
         <name>.text:_ti_sysbios_knl_Swi_restore__E</name>
         <load_address>0x3db1e8</load_address>
         <run_address>0x3db1e8</run_address>
         <size>0x12</size>
         <input_file_ref idref="fl-19"/>
      </object_component>
      <object_component id="oc-165">
         <name>.text:_ti_uia_loggers_LoggerStopMode_Object__delete__S</name>
         <load_address>0x3db1fa</load_address>
         <run_address>0x3db1fa</run_address>
         <size>0x12</size>
         <input_file_ref idref="fl-3"/>
      </object_component>
      <object_component id="oc-1c9">
         <name>.text:_xdc_runtime_Text_cordText__E</name>
         <load_address>0x3db20c</load_address>
         <run_address>0x3db20c</run_address>
         <size>0x12</size>
         <input_file_ref idref="fl-2b"/>
      </object_component>
      <object_component id="oc-247">
         <name>.text:_ti_sysbios_family_c28_Hwi_Object__get__S</name>
         <load_address>0x3db21e</load_address>
         <run_address>0x3db21e</run_address>
         <size>0x11</size>
         <input_file_ref idref="fl-3"/>
      </object_component>
      <object_component id="oc-1ac">
         <name>.text:_ti_uia_loggers_LoggerStopMode_Instance_init__E</name>
         <load_address>0x3db22f</load_address>
         <run_address>0x3db22f</run_address>
         <size>0x11</size>
         <input_file_ref idref="fl-18"/>
      </object_component>
      <object_component id="oc-11b">
         <name>.text:_xdc_runtime_Error_raiseX__E</name>
         <load_address>0x3db240</load_address>
         <run_address>0x3db240</run_address>
         <size>0x11</size>
         <input_file_ref idref="fl-25"/>
      </object_component>
      <object_component id="oc-20d">
         <name>.text:_ti_sysbios_BIOS_errorRaiseHook__I</name>
         <load_address>0x3db251</load_address>
         <run_address>0x3db251</run_address>
         <size>0x10</size>
         <input_file_ref idref="fl-3"/>
      </object_component>
      <object_component id="oc-226">
         <name>.text:_xdc_runtime_SysMin_Module_startup__E</name>
         <load_address>0x3db261</load_address>
         <run_address>0x3db261</run_address>
         <size>0x10</size>
         <input_file_ref idref="fl-2a"/>
      </object_component>
      <object_component id="oc-11d">
         <name>.text:.bootCodeSection:_ti_catalog_c2800_init_Boot_disableWatchdog</name>
         <load_address>0x3db271</load_address>
         <run_address>0x3db271</run_address>
         <size>0xf</size>
         <input_file_ref idref="fl-1e"/>
      </object_component>
      <object_component id="oc-141">
         <name>.text:_ti_sysbios_BIOS_removeRTSLock__I</name>
         <load_address>0x3db280</load_address>
         <run_address>0x3db280</run_address>
         <size>0xf</size>
         <input_file_ref idref="fl-3"/>
      </object_component>
      <object_component id="oc-26e">
         <name>.text:_xdc_runtime_Registry_findById__E</name>
         <load_address>0x3db28f</load_address>
         <run_address>0x3db28f</run_address>
         <size>0xf</size>
         <input_file_ref idref="fl-2e"/>
      </object_component>
      <object_component id="oc-152">
         <name>.text:_ti_uia_loggers_LoggerStopMode_enable__E</name>
         <load_address>0x3db29e</load_address>
         <run_address>0x3db29e</run_address>
         <size>0xe</size>
         <input_file_ref idref="fl-18"/>
      </object_component>
      <object_component id="oc-13c">
         <name>.text:_ti_sysbios_BIOS_registerRTSLock__I</name>
         <load_address>0x3db2ac</load_address>
         <run_address>0x3db2ac</run_address>
         <size>0xd</size>
         <input_file_ref idref="fl-3"/>
      </object_component>
      <object_component id="oc-193">
         <name>.text:_ti_sysbios_BIOS_rtsLock__I</name>
         <load_address>0x3db2b9</load_address>
         <run_address>0x3db2b9</run_address>
         <size>0xd</size>
         <input_file_ref idref="fl-3"/>
      </object_component>
      <object_component id="oc-12b">
         <name>.text:_ti_sysbios_gates_GateHwi_Handle__label__S</name>
         <load_address>0x3db2c6</load_address>
         <run_address>0x3db2c6</run_address>
         <size>0xd</size>
         <input_file_ref idref="fl-3"/>
      </object_component>
      <object_component id="oc-131">
         <name>.text:_ti_sysbios_gates_GateSwi_Handle__label__S</name>
         <load_address>0x3db2d3</load_address>
         <run_address>0x3db2d3</run_address>
         <size>0xd</size>
         <input_file_ref idref="fl-3"/>
      </object_component>
      <object_component id="oc-139">
         <name>.text:_ti_sysbios_heaps_HeapMem_Handle__label__S</name>
         <load_address>0x3db2e0</load_address>
         <run_address>0x3db2e0</run_address>
         <size>0xd</size>
         <input_file_ref idref="fl-3"/>
      </object_component>
      <object_component id="oc-166">
         <name>.text:_ti_uia_loggers_LoggerStopMode_Handle__label__S</name>
         <load_address>0x3db2ed</load_address>
         <run_address>0x3db2ed</run_address>
         <size>0xd</size>
         <input_file_ref idref="fl-3"/>
      </object_component>
      <object_component id="oc-153">
         <name>.text:_ti_uia_loggers_LoggerStopMode_disable__E</name>
         <load_address>0x3db2fa</load_address>
         <run_address>0x3db2fa</run_address>
         <size>0xd</size>
         <input_file_ref idref="fl-18"/>
      </object_component>
      <object_component id="oc-1eb">
         <name>.text:_xdc_runtime_System_abort__E</name>
         <load_address>0x3db307</load_address>
         <run_address>0x3db307</run_address>
         <size>0xd</size>
         <input_file_ref idref="fl-29"/>
      </object_component>
      <object_component id="oc-1c7">
         <name>.text</name>
         <load_address>0x3db314</load_address>
         <run_address>0x3db314</run_address>
         <size>0xd</size>
         <input_file_ref idref="fl-45"/>
      </object_component>
      <object_component id="oc-114">
         <name>.text:_ti_sysbios_BIOS_exitFunc__I</name>
         <load_address>0x3db321</load_address>
         <run_address>0x3db321</run_address>
         <size>0xc</size>
         <input_file_ref idref="fl-3"/>
      </object_component>
      <object_component id="oc-283">
         <name>.text:_ti_sysbios_family_c28_Hwi_disableIER__E</name>
         <load_address>0x3db32d</load_address>
         <run_address>0x3db32d</run_address>
         <size>0xc</size>
         <input_file_ref idref="fl-3"/>
      </object_component>
      <object_component id="oc-1ed">
         <name>.text:_ti_sysbios_heaps_HeapMem_Object__get__S</name>
         <load_address>0x3db339</load_address>
         <run_address>0x3db339</run_address>
         <size>0xc</size>
         <input_file_ref idref="fl-3"/>
      </object_component>
      <object_component id="oc-24c">
         <name>.text:_ti_sysbios_knl_Swi_Object__get__S</name>
         <load_address>0x3db345</load_address>
         <run_address>0x3db345</run_address>
         <size>0xc</size>
         <input_file_ref idref="fl-3"/>
      </object_component>
      <object_component id="oc-24e">
         <name>.text:_ti_uia_loggers_LoggerStopMode_Object__get__S</name>
         <load_address>0x3db351</load_address>
         <run_address>0x3db351</run_address>
         <size>0xc</size>
         <input_file_ref idref="fl-3"/>
      </object_component>
      <object_component id="oc-213">
         <name>.text:_xdc_runtime_Error_check__E</name>
         <load_address>0x3db35d</load_address>
         <run_address>0x3db35d</run_address>
         <size>0xc</size>
         <input_file_ref idref="fl-25"/>
      </object_component>
      <object_component id="oc-1f4">
         <name>.text:_free</name>
         <load_address>0x3db369</load_address>
         <run_address>0x3db369</run_address>
         <size>0xb</size>
         <input_file_ref idref="fl-3"/>
      </object_component>
      <object_component id="oc-250">
         <name>.text:_ti_sysbios_family_c28_Hwi_Module__startupDone__F</name>
         <load_address>0x3db374</load_address>
         <run_address>0x3db374</run_address>
         <size>0xb</size>
         <input_file_ref idref="fl-3"/>
      </object_component>
      <object_component id="oc-202">
         <name>.text:_ti_sysbios_family_c28_Hwi_enableIER__E</name>
         <load_address>0x3db37f</load_address>
         <run_address>0x3db37f</run_address>
         <size>0xb</size>
         <input_file_ref idref="fl-3"/>
      </object_component>
      <object_component id="oc-249">
         <name>.text:_ti_sysbios_family_c28_Timer_Module__startupDone__F</name>
         <load_address>0x3db38a</load_address>
         <run_address>0x3db38a</run_address>
         <size>0xb</size>
         <input_file_ref idref="fl-3"/>
      </object_component>
      <object_component id="oc-1bd">
         <name>.text:_xdc_runtime_SysMin_exit__E</name>
         <load_address>0x3db395</load_address>
         <run_address>0x3db395</run_address>
         <size>0xb</size>
         <input_file_ref idref="fl-2a"/>
      </object_component>
      <object_component id="oc-10c">
         <name>.text:_xdc_runtime_System_exit__E</name>
         <load_address>0x3db3a0</load_address>
         <run_address>0x3db3a0</run_address>
         <size>0xb</size>
         <input_file_ref idref="fl-29"/>
      </object_component>
      <object_component id="oc-1ce">
         <name>.text:_xdc_runtime_Text_ropeText__E</name>
         <load_address>0x3db3ab</load_address>
         <run_address>0x3db3ab</run_address>
         <size>0xb</size>
         <input_file_ref idref="fl-2b"/>
      </object_component>
      <object_component id="oc-15d">
         <name>.text:_ti_uia_loggers_LoggerStopMode_isEmpty__E</name>
         <load_address>0x3db3b6</load_address>
         <run_address>0x3db3b6</run_address>
         <size>0xa</size>
         <input_file_ref idref="fl-18"/>
      </object_component>
      <object_component id="oc-1c8">
         <name>.text:_xdc_runtime_Memory_free__E</name>
         <load_address>0x3db3c0</load_address>
         <run_address>0x3db3c0</run_address>
         <size>0xa</size>
         <input_file_ref idref="fl-27"/>
      </object_component>
      <object_component id="oc-194">
         <name>.text:_ti_sysbios_BIOS_rtsUnlock__I</name>
         <load_address>0x3db3ca</load_address>
         <run_address>0x3db3ca</run_address>
         <size>0x9</size>
         <input_file_ref idref="fl-3"/>
      </object_component>
      <object_component id="oc-206">
         <name>.text:_ti_sysbios_family_c28_Hwi_restoreIER__E</name>
         <load_address>0x3db3d3</load_address>
         <run_address>0x3db3d3</run_address>
         <size>0x9</size>
         <input_file_ref idref="fl-3"/>
      </object_component>
      <object_component id="oc-22e">
         <name>.text:_ti_sysbios_hal_Hwi_Module_startup__E</name>
         <load_address>0x3db3dc</load_address>
         <run_address>0x3db3dc</run_address>
         <size>0x9</size>
         <input_file_ref idref="fl-19"/>
      </object_component>
      <object_component id="oc-271">
         <name>.text:_xdc_runtime_System_vsnprintf__E</name>
         <load_address>0x3db3e5</load_address>
         <run_address>0x3db3e5</run_address>
         <size>0x9</size>
         <input_file_ref idref="fl-29"/>
      </object_component>
      <object_component id="oc-11c">
         <name>.text</name>
         <load_address>0x3db3ee</load_address>
         <run_address>0x3db3ee</run_address>
         <size>0x9</size>
         <input_file_ref idref="fl-3b"/>
      </object_component>
      <object_component id="oc-142">
         <name>.text:_ti_sysbios_BIOS_setThreadType__E</name>
         <load_address>0x3db3f7</load_address>
         <run_address>0x3db3f7</run_address>
         <size>0x8</size>
         <input_file_ref idref="fl-19"/>
      </object_component>
      <object_component id="oc-14f">
         <name>.text:_ti_sysbios_knl_Queue_empty__E</name>
         <load_address>0x3db3ff</load_address>
         <run_address>0x3db3ff</run_address>
         <size>0x8</size>
         <input_file_ref idref="fl-19"/>
      </object_component>
      <object_component id="oc-215">
         <name>.text:_xdc_runtime_IHeap_alloc</name>
         <load_address>0x3db407</load_address>
         <run_address>0x3db407</run_address>
         <size>0x8</size>
         <input_file_ref idref="fl-3"/>
      </object_component>
      <object_component id="oc-1c6">
         <name>.text:_xdc_runtime_Memory_calloc__E</name>
         <load_address>0x3db40f</load_address>
         <run_address>0x3db40f</run_address>
         <size>0x8</size>
         <input_file_ref idref="fl-27"/>
      </object_component>
      <object_component id="oc-16b">
         <name>.text:_xdc_runtime_Startup_exec__I</name>
         <load_address>0x3db417</load_address>
         <run_address>0x3db417</run_address>
         <size>0x8</size>
         <input_file_ref idref="fl-3"/>
      </object_component>
      <object_component id="oc-27e">
         <name>.text:_xdc_runtime_SysMin_ready__E</name>
         <load_address>0x3db41f</load_address>
         <run_address>0x3db41f</run_address>
         <size>0x8</size>
         <input_file_ref idref="fl-2a"/>
      </object_component>
      <object_component id="oc-27d">
         <name>.text:_xdc_runtime_Text_visitRope__I</name>
         <load_address>0x3db427</load_address>
         <run_address>0x3db427</run_address>
         <size>0x8</size>
         <input_file_ref idref="fl-3"/>
      </object_component>
      <object_component id="oc-258">
         <name>.text</name>
         <load_address>0x3db42f</load_address>
         <run_address>0x3db42f</run_address>
         <size>0x8</size>
         <input_file_ref idref="fl-4a"/>
      </object_component>
      <object_component id="oc-108">
         <name>.text:.bootCodeSection:_ti_catalog_c2800_init_Boot_init</name>
         <load_address>0x3db437</load_address>
         <run_address>0x3db437</run_address>
         <size>0x7</size>
         <input_file_ref idref="fl-3"/>
      </object_component>
      <object_component id="oc-1da">
         <name>.text:_ti_sysbios_family_c28_IntrinsicsSupport_maxbit__E</name>
         <load_address>0x3db43e</load_address>
         <run_address>0x3db43e</run_address>
         <size>0x6</size>
         <input_file_ref idref="fl-1c"/>
      </object_component>
      <object_component id="oc-116">
         <name>.text:_ti_sysbios_family_c28_TimestampProvider_rolloverFunc__E</name>
         <load_address>0x3db444</load_address>
         <run_address>0x3db444</run_address>
         <size>0x6</size>
         <input_file_ref idref="fl-19"/>
      </object_component>
      <object_component id="oc-1af">
         <name>.text:_ti_sysbios_family_c28_TimestampProvider_startTimer__E</name>
         <load_address>0x3db44a</load_address>
         <run_address>0x3db44a</run_address>
         <size>0x6</size>
         <input_file_ref idref="fl-19"/>
      </object_component>
      <object_component id="oc-12c">
         <name>.text:_ti_sysbios_gates_GateSwi_query__E</name>
         <load_address>0x3db450</load_address>
         <run_address>0x3db450</run_address>
         <size>0x6</size>
         <input_file_ref idref="fl-19"/>
      </object_component>
      <object_component id="oc-190">
         <name>.text:_ti_sysbios_knl_Swi_disable__E</name>
         <load_address>0x3db456</load_address>
         <run_address>0x3db456</run_address>
         <size>0x6</size>
         <input_file_ref idref="fl-19"/>
      </object_component>
      <object_component id="oc-170">
         <name>.text:_xdc_runtime_Gate_enterSystem__E</name>
         <load_address>0x3db45c</load_address>
         <run_address>0x3db45c</run_address>
         <size>0x6</size>
         <input_file_ref idref="fl-26"/>
      </object_component>
      <object_component id="oc-192">
         <name>.text:_xdc_runtime_Gate_leaveSystem__E</name>
         <load_address>0x3db462</load_address>
         <run_address>0x3db462</run_address>
         <size>0x6</size>
         <input_file_ref idref="fl-26"/>
      </object_component>
      <object_component id="oc-23e">
         <name>.text:_xdc_runtime_System_aprintf__E</name>
         <load_address>0x3db468</load_address>
         <run_address>0x3db468</run_address>
         <size>0x6</size>
         <input_file_ref idref="fl-3"/>
      </object_component>
      <object_component id="oc-23f">
         <name>.text:_xdc_runtime_System_printf__E</name>
         <load_address>0x3db46e</load_address>
         <run_address>0x3db46e</run_address>
         <size>0x6</size>
         <input_file_ref idref="fl-3"/>
      </object_component>
      <object_component id="oc-127">
         <name>.text:_ti_sysbios_gates_GateHwi_enter__E</name>
         <load_address>0x3db474</load_address>
         <run_address>0x3db474</run_address>
         <size>0x5</size>
         <input_file_ref idref="fl-19"/>
      </object_component>
      <object_component id="oc-1f2">
         <name>.text:_xdc_runtime_Error_init__E</name>
         <load_address>0x3db479</load_address>
         <run_address>0x3db479</run_address>
         <size>0x5</size>
         <input_file_ref idref="fl-25"/>
      </object_component>
      <object_component id="oc-1b6">
         <name>.text</name>
         <load_address>0x3db47e</load_address>
         <run_address>0x3db47e</run_address>
         <size>0x5</size>
         <input_file_ref idref="fl-3e"/>
      </object_component>
      <object_component id="oc-265">
         <name>.text</name>
         <load_address>0x3db483</load_address>
         <run_address>0x3db483</run_address>
         <size>0x5</size>
         <input_file_ref idref="fl-50"/>
      </object_component>
      <object_component id="oc-1a5">
         <name>.text:_ti_sysbios_family_c28_Hwi_disable__E</name>
         <load_address>0x3db488</load_address>
         <run_address>0x3db488</run_address>
         <size>0x4</size>
         <input_file_ref idref="fl-3"/>
      </object_component>
      <object_component id="oc-197">
         <name>.text:_ti_sysbios_family_c28_Hwi_startup__E</name>
         <load_address>0x3db48c</load_address>
         <run_address>0x3db48c</run_address>
         <size>0x4</size>
         <input_file_ref idref="fl-3"/>
      </object_component>
      <object_component id="oc-266">
         <name>.text:_ti_sysbios_family_c28_TimestampProvider_getFreq__E</name>
         <load_address>0x3db490</load_address>
         <run_address>0x3db490</run_address>
         <size>0x4</size>
         <input_file_ref idref="fl-19"/>
      </object_component>
      <object_component id="oc-135">
         <name>.text:_ti_sysbios_heaps_HeapMem_isBlocking__E</name>
         <load_address>0x3db494</load_address>
         <run_address>0x3db494</run_address>
         <size>0x4</size>
         <input_file_ref idref="fl-19"/>
      </object_component>
      <object_component id="oc-13f">
         <name>.text:_ti_sysbios_knl_Swi_startup__E</name>
         <load_address>0x3db498</load_address>
         <run_address>0x3db498</run_address>
         <size>0x4</size>
         <input_file_ref idref="fl-19"/>
      </object_component>
      <object_component id="oc-1fa">
         <name>.text:_xdc_runtime_IHeap_free</name>
         <load_address>0x3db49c</load_address>
         <run_address>0x3db49c</run_address>
         <size>0x4</size>
         <input_file_ref idref="fl-3"/>
      </object_component>
      <object_component id="oc-214">
         <name>.text:_xdc_runtime_Memory_getMaxDefaultTypeAlign__E</name>
         <load_address>0x3db4a0</load_address>
         <run_address>0x3db4a0</run_address>
         <size>0x4</size>
         <input_file_ref idref="fl-27"/>
      </object_component>
      <object_component id="oc-10d">
         <name>.text:___xdc__init</name>
         <load_address>0x3db4a4</load_address>
         <run_address>0x3db4a4</run_address>
         <size>0x3</size>
         <input_file_ref idref="fl-2d"/>
      </object_component>
      <object_component id="oc-168">
         <name>.text:_ti_catalog_c2800_init_Boot_limpAbort</name>
         <load_address>0x3db4a7</load_address>
         <run_address>0x3db4a7</run_address>
         <size>0x3</size>
         <input_file_ref idref="fl-3"/>
      </object_component>
      <object_component id="oc-1d5">
         <name>.text:_ti_sysbios_BIOS_RtsGateProxy_enter__E</name>
         <load_address>0x3db4aa</load_address>
         <run_address>0x3db4aa</run_address>
         <size>0x3</size>
         <input_file_ref idref="fl-3"/>
      </object_component>
      <object_component id="oc-1d6">
         <name>.text:_ti_sysbios_BIOS_RtsGateProxy_leave__E</name>
         <load_address>0x3db4ad</load_address>
         <run_address>0x3db4ad</run_address>
         <size>0x3</size>
         <input_file_ref idref="fl-3"/>
      </object_component>
      <object_component id="oc-274">
         <name>.text:_ti_sysbios_family_c28_Hwi_dispatchC__I</name>
         <load_address>0x3db4b0</load_address>
         <run_address>0x3db4b0</run_address>
         <size>0x3</size>
         <input_file_ref idref="fl-19"/>
      </object_component>
      <object_component id="oc-255">
         <name>.text:_ti_sysbios_family_c28_Hwi_getIFR__I</name>
         <load_address>0x3db4b3</load_address>
         <run_address>0x3db4b3</run_address>
         <size>0x3</size>
         <input_file_ref idref="fl-1a"/>
      </object_component>
      <object_component id="oc-1a6">
         <name>.text:_ti_sysbios_family_c28_Hwi_restore__E</name>
         <load_address>0x3db4b6</load_address>
         <run_address>0x3db4b6</run_address>
         <size>0x3</size>
         <input_file_ref idref="fl-3"/>
      </object_component>
      <object_component id="oc-128">
         <name>.text:_ti_sysbios_gates_GateHwi_leave__E</name>
         <load_address>0x3db4b9</load_address>
         <run_address>0x3db4b9</run_address>
         <size>0x3</size>
         <input_file_ref idref="fl-19"/>
      </object_component>
      <object_component id="oc-12e">
         <name>.text:_ti_sysbios_gates_GateSwi_leave__E</name>
         <load_address>0x3db4bc</load_address>
         <run_address>0x3db4bc</run_address>
         <size>0x3</size>
         <input_file_ref idref="fl-19"/>
      </object_component>
      <object_component id="oc-1ee">
         <name>.text:_ti_sysbios_hal_Hwi_HwiProxy_getStackInfo__E</name>
         <load_address>0x3db4bf</load_address>
         <run_address>0x3db4bf</run_address>
         <size>0x3</size>
         <input_file_ref idref="fl-3"/>
      </object_component>
      <object_component id="oc-13e">
         <name>.text:_ti_sysbios_hal_Hwi_startup__E</name>
         <load_address>0x3db4c2</load_address>
         <run_address>0x3db4c2</run_address>
         <size>0x3</size>
         <input_file_ref idref="fl-19"/>
      </object_component>
      <object_component id="oc-189">
         <name>.text:_ti_sysbios_heaps_HeapMem_Module_GateProxy_enter__E</name>
         <load_address>0x3db4c5</load_address>
         <run_address>0x3db4c5</run_address>
         <size>0x3</size>
         <input_file_ref idref="fl-3"/>
      </object_component>
      <object_component id="oc-18a">
         <name>.text:_ti_sysbios_heaps_HeapMem_Module_GateProxy_leave__E</name>
         <load_address>0x3db4c8</load_address>
         <run_address>0x3db4c8</run_address>
         <size>0x3</size>
         <input_file_ref idref="fl-3"/>
      </object_component>
      <object_component id="oc-18d">
         <name>.text:_ti_sysbios_heaps_HeapMem_Module_GateProxy_query__E</name>
         <load_address>0x3db4cb</load_address>
         <run_address>0x3db4cb</run_address>
         <size>0x3</size>
         <input_file_ref idref="fl-3"/>
      </object_component>
      <object_component id="oc-24a">
         <name>.text:_ti_sysbios_knl_Clock_TimerProxy_getMaxTicks__E</name>
         <load_address>0x3db4ce</load_address>
         <run_address>0x3db4ce</run_address>
         <size>0x3</size>
         <input_file_ref idref="fl-3"/>
      </object_component>
      <object_component id="oc-140">
         <name>.text:_ti_sysbios_knl_Idle_loop__E</name>
         <load_address>0x3db4d1</load_address>
         <run_address>0x3db4d1</run_address>
         <size>0x3</size>
         <input_file_ref idref="fl-19"/>
      </object_component>
      <object_component id="oc-22c">
         <name>.text:_ti_sysbios_knl_Task_Module_startup__E</name>
         <load_address>0x3db4d4</load_address>
         <run_address>0x3db4d4</run_address>
         <size>0x3</size>
         <input_file_ref idref="fl-19"/>
      </object_component>
      <object_component id="oc-23a">
         <name>.text:_ti_sysbios_utils_Load_update__E</name>
         <load_address>0x3db4d7</load_address>
         <run_address>0x3db4d7</run_address>
         <size>0x3</size>
         <input_file_ref idref="fl-3"/>
      </object_component>
      <object_component id="oc-15e">
         <name>.text:_ti_uia_loggers_LoggerStopMode_getMaxLength__E</name>
         <load_address>0x3db4da</load_address>
         <run_address>0x3db4da</run_address>
         <size>0x3</size>
         <input_file_ref idref="fl-18"/>
      </object_component>
      <object_component id="oc-1bc">
         <name>.text:_xdc_runtime_System_Module_GateProxy_enter__E</name>
         <load_address>0x3db4dd</load_address>
         <run_address>0x3db4dd</run_address>
         <size>0x3</size>
         <input_file_ref idref="fl-3"/>
      </object_component>
      <object_component id="oc-1d4">
         <name>.text:_xdc_runtime_System_Module_GateProxy_leave__E</name>
         <load_address>0x3db4e0</load_address>
         <run_address>0x3db4e0</run_address>
         <size>0x3</size>
         <input_file_ref idref="fl-3"/>
      </object_component>
      <object_component id="oc-225">
         <name>.text:_xdc_runtime_System_Module_startup__E</name>
         <load_address>0x3db4e3</load_address>
         <run_address>0x3db4e3</run_address>
         <size>0x3</size>
         <input_file_ref idref="fl-29"/>
      </object_component>
      <object_component id="oc-20e">
         <name>.text:_xdc_runtime_System_SupportProxy_abort__E</name>
         <load_address>0x3db4e6</load_address>
         <run_address>0x3db4e6</run_address>
         <size>0x3</size>
         <input_file_ref idref="fl-3"/>
      </object_component>
      <object_component id="oc-171">
         <name>.text:_xdc_runtime_System_SupportProxy_exit__E</name>
         <load_address>0x3db4e9</load_address>
         <run_address>0x3db4e9</run_address>
         <size>0x3</size>
         <input_file_ref idref="fl-3"/>
      </object_component>
      <object_component id="oc-28e">
         <name>.text:_xdc_runtime_System_SupportProxy_putch__E</name>
         <load_address>0x3db4ec</load_address>
         <run_address>0x3db4ec</run_address>
         <size>0x3</size>
         <input_file_ref idref="fl-3"/>
      </object_component>
      <object_component id="oc-272">
         <name>.text:_xdc_runtime_System_SupportProxy_ready__E</name>
         <load_address>0x3db4ef</load_address>
         <run_address>0x3db4ef</run_address>
         <size>0x3</size>
         <input_file_ref idref="fl-3"/>
      </object_component>
      <object_component id="oc-224">
[...]
         <value>0x3db51d</value>
         <object_component_ref idref="oc-203"/>
      </symbol>
      <symbol id="sm-6cc">
         <name>_ti_sysbios_family_c28_Hwi_dispatchTable</name>
         <value>0x3d9b91</value>
         <object_component_ref idref="oc-25b"/>
      </symbol>
      <symbol id="sm-6cd">
         <name>_ti_sysbios_family_c28_Hwi_dispatchPie</name>
         <value>0x3d9bee</value>
         <object_component_ref idref="oc-25b"/>
      </symbol>
      <symbol id="sm-6d5">
         <name>_ti_sysbios_family_c28_IntrinsicsSupport_maxbit__E</name>
         <value>0x3db43e</value>
         <object_component_ref idref="oc-1da"/>
      </symbol>
      <symbol id="sm-6eb">
         <name>_ti_catalog_c2800_init_Boot_configurePll2802x</name>
         <value>0x3dab97</value>
         <object_component_ref idref="oc-11e"/>
      </symbol>
      <symbol id="sm-6ec">
         <name>_ti_catalog_c2800_init_Boot_disableWatchdog</name>
         <value>0x3db271</value>
         <object_component_ref idref="oc-11d"/>
      </symbol>
      <symbol id="sm-6ed">
         <name>_ti_catalog_c2800_init_Boot_defaultLimpAbortFunction</name>
         <value>0x3db50a</value>
         <object_component_ref idref="oc-1ae"/>
      </symbol>
      <symbol id="sm-701">
         <name>_ti_uia_runtime_QueueDescriptor_gPtrToFirstDescriptor</name>
         <value>0xc39c</value>
         <object_component_ref idref="oc-61"/>
      </symbol>
      <symbol id="sm-702">
         <name>_ti_uia_runtime_QueueDescriptor_addToList__E</name>
         <value>0x3da842</value>
         <object_component_ref idref="oc-263"/>
      </symbol>
      <symbol id="sm-703">
         <name>_ti_uia_runtime_QueueDescriptor_gUpdateCount</name>
         <value>0xc39a</value>
         <object_component_ref idref="oc-61"/>
      </symbol>
      <symbol id="sm-715">
         <name>_xdc_runtime_Assert_raise__I</name>
         <value>0x3daa70</value>
         <object_component_ref idref="oc-17e"/>
      </symbol>
      <symbol id="sm-735">
         <name>_xdc_runtime_Core_deleteObject__I</name>
         <value>0x3da6b7</value>
         <object_component_ref idref="oc-177"/>
      </symbol>
      <symbol id="sm-736">
         <name>_xdc_runtime_Core_createObject__I</name>
         <value>0x3d97dc</value>
         <object_component_ref idref="oc-175"/>
      </symbol>
      <symbol id="sm-74a">
         <name>_xdc_runtime_Core_assignLabel__I</name>
         <value>0x3dafd6</value>
         <object_component_ref idref="oc-178"/>
      </symbol>
      <symbol id="sm-757">
         <name>_xdc_runtime_Core_assignParams__I</name>
         <value>0x3da87f</value>
         <object_component_ref idref="oc-1c5"/>
      </symbol>
      <symbol id="sm-780">
         <name>_xdc_runtime_Error_getSite__E</name>
         <value>0x3db51a</value>
         <object_component_ref idref="oc-23c"/>
      </symbol>
      <symbol id="sm-781">
         <name>_xdc_runtime_Error_print__E</name>
         <value>0x3dab38</value>
         <object_component_ref idref="oc-222"/>
      </symbol>
      <symbol id="sm-782">
         <name>_xdc_runtime_Error_policyDefault__E</name>
         <value>0x3d9c2b</value>
         <object_component_ref idref="oc-1ad"/>
      </symbol>
      <symbol id="sm-783">
         <name>_xdc_runtime_Error_init__E</name>
         <value>0x3db479</value>
         <object_component_ref idref="oc-1f2"/>
      </symbol>
      <symbol id="sm-784">
         <name>_xdc_runtime_Error_raiseX__E</name>
         <value>0x3db240</value>
         <object_component_ref idref="oc-11b"/>
      </symbol>
      <symbol id="sm-785">
         <name>_xdc_runtime_Error_check__E</name>
         <value>0x3db35d</value>
         <object_component_ref idref="oc-213"/>
      </symbol>
      <symbol id="sm-786">
         <name>_xdc_runtime_Error_setX__E</name>
         <value>0x3daad5</value>
         <object_component_ref idref="oc-1e0"/>
      </symbol>
      <symbol id="sm-792">
         <name>_xdc_runtime_Gate_leaveSystem__E</name>
         <value>0x3db462</value>
         <object_component_ref idref="oc-192"/>
      </symbol>
      <symbol id="sm-793">
         <name>_xdc_runtime_Gate_enterSystem__E</name>
         <value>0x3db45c</value>
         <object_component_ref idref="oc-170"/>
      </symbol>
      <symbol id="sm-7ac">
         <name>_xdc_runtime_Memory_calloc__E</name>
         <value>0x3db40f</value>
         <object_component_ref idref="oc-1c6"/>
      </symbol>
      <symbol id="sm-7ad">
         <name>_xdc_runtime_Memory_free__E</name>
         <value>0x3db3c0</value>
         <object_component_ref idref="oc-1c8"/>
      </symbol>
      <symbol id="sm-7ae">
         <name>_xdc_runtime_Memory_valloc__E</name>
         <value>0x3db0cf</value>
         <object_component_ref idref="oc-1f8"/>
      </symbol>
      <symbol id="sm-7af">
         <name>_xdc_runtime_Memory_alloc__E</name>
         <value>0x3da53d</value>
         <object_component_ref idref="oc-1f3"/>
      </symbol>
      <symbol id="sm-7b0">
         <name>_xdc_runtime_Memory_getMaxDefaultTypeAlign__E</name>
         <value>0x3db4a0</value>
         <object_component_ref idref="oc-214"/>
      </symbol>
      <symbol id="sm-7cf">
         <name>_xdc_runtime_Startup_startMods__I</name>
         <value>0x3da096</value>
         <object_component_ref idref="oc-1b2"/>
      </symbol>
      <symbol id="sm-7d0">
         <name>_xdc_runtime_Startup_exec__E</name>
         <value>0x3dab07</value>
         <object_component_ref idref="oc-10a"/>
      </symbol>
      <symbol id="sm-857">
         <name>_xdc_runtime_System_formatNum__I</name>
         <value>0x3da7c6</value>
         <object_component_ref idref="oc-280"/>
      </symbol>
      <symbol id="sm-858">
         <name>_xdc_runtime_System_exit__E</name>
         <value>0x3db3a0</value>
         <object_component_ref idref="oc-10c"/>
      </symbol>
      <symbol id="sm-859">
         <name>_xdc_runtime_System_exitStd__E</name>
         <value>0x3db4f5</value>
         <object_component_ref idref="oc-172"/>
      </symbol>
      <symbol id="sm-85a">
         <name>_xdc_runtime_System_printf_va__F</name>
         <value>0x3db088</value>
         <object_component_ref idref="oc-25a"/>
      </symbol>
      <symbol id="sm-85b">
         <name>_xdc_runtime_System_atexit__E</name>
         <value>0x3dae77</value>
         <object_component_ref idref="oc-13b"/>
      </symbol>
      <symbol id="sm-85c">
         <name>_xdc_runtime_System_abortStd__E</name>
         <value>0x3db4f2</value>
         <object_component_ref idref="oc-224"/>
      </symbol>
      <symbol id="sm-85d">
         <name>_xdc_runtime_System_putchar__I</name>
         <value>0x3db03d</value>
         <object_component_ref idref="oc-281"/>
      </symbol>
      <symbol id="sm-85e">
         <name>_xdc_runtime_System_snprintf_va__F</name>
         <value>0x3db3e5</value>
         <object_component_ref idref="oc-271"/>
      </symbol>
      <symbol id="sm-85f">
         <name>_xdc_runtime_System_Module_startup__E</name>
         <value>0x3db4e3</value>
         <object_component_ref idref="oc-225"/>
      </symbol>
      <symbol id="sm-860">
         <name>_xdc_runtime_System_avprintf__E</name>
         <value>0x3db024</value>
         <object_component_ref idref="oc-259"/>
      </symbol>
      <symbol id="sm-861">
         <name>_xdc_runtime_System_vprintf__E</name>
         <value>0x3db088</value>
         <object_component_ref idref="oc-25a"/>
      </symbol>
      <symbol id="sm-862">
         <name>_xdc_runtime_System_aprintf_va__F</name>
         <value>0x3db024</value>
         <object_component_ref idref="oc-259"/>
      </symbol>
      <symbol id="sm-863">
         <name>_xdc_runtime_System_doPrint__I</name>
         <value>0x3d84de</value>
         <object_component_ref idref="oc-273"/>
      </symbol>
      <symbol id="sm-864">
         <name>_xdc_runtime_System_processAtExit__E</name>
         <value>0x3dae0f</value>
         <object_component_ref idref="oc-123"/>
      </symbol>
      <symbol id="sm-865">
         <name>_xdc_runtime_System_vsnprintf__E</name>
         <value>0x3db3e5</value>
         <object_component_ref idref="oc-271"/>
      </symbol>
      <symbol id="sm-866">
         <name>_xdc_runtime_System_abort__E</name>
         <value>0x3db307</value>
         <object_component_ref idref="oc-1eb"/>
      </symbol>
      <symbol id="sm-883">
         <name>_xdc_runtime_SysMin_abort__E</name>
         <value>0x3db112</value>
         <object_component_ref idref="oc-223"/>
      </symbol>
      <symbol id="sm-884">
         <name>_xdc_runtime_SysMin_ready__E</name>
         <value>0x3db41f</value>
         <object_component_ref idref="oc-27e"/>
      </symbol>
      <symbol id="sm-885">
         <name>_xdc_runtime_SysMin_flush__E</name>
         <value>0x3dad2b</value>
         <object_component_ref idref="oc-1f7"/>
      </symbol>
      <symbol id="sm-886">
         <name>_xdc_runtime_SysMin_Module_startup__E</name>
         <value>0x3db261</value>
         <object_component_ref idref="oc-226"/>
      </symbol>
      <symbol id="sm-887">
         <name>_xdc_runtime_SysMin_putch__E</name>
         <value>0x3daef8</value>
         <object_component_ref idref="oc-240"/>
      </symbol>
      <symbol id="sm-888">
         <name>_xdc_runtime_SysMin_exit__E</name>
         <value>0x3db395</value>
         <object_component_ref idref="oc-1bd"/>
      </symbol>
      <symbol id="sm-8cc">
         <name>_xdc_runtime_Text_putLab__E</name>
         <value>0x3da595</value>
         <object_component_ref idref="oc-291"/>
      </symbol>
      <symbol id="sm-8cd">
         <name>_xdc_runtime_Text_printVisFxn__I</name>
         <value>0x3db0a0</value>
         <object_component_ref idref="oc-270"/>
      </symbol>
      <symbol id="sm-8ce">
         <name>_xdc_runtime_Text_putMod__E</name>
         <value>0x3da8ba</value>
         <object_component_ref idref="oc-256"/>
      </symbol>
      <symbol id="sm-8cf">
         <name>_xdc_runtime_Text_cordText__E</name>
         <value>0x3db20c</value>
         <object_component_ref idref="oc-1c9"/>
      </symbol>
      <symbol id="sm-8d0">
         <name>_xdc_runtime_Text_xprintf__I</name>
         <value>0x3dad53</value>
         <object_component_ref idref="oc-257"/>
      </symbol>
      <symbol id="sm-8d1">
         <name>_xdc_runtime_Text_visitRope2__I</name>
         <value>0x3daa09</value>
         <object_component_ref idref="oc-28b"/>
      </symbol>
      <symbol id="sm-8d2">
         <name>_xdc_runtime_Text_ropeText__E</name>
         <value>0x3db3ab</value>
         <object_component_ref idref="oc-1ce"/>
      </symbol>
      <symbol id="sm-8d3">
         <name>_xdc_runtime_Text_putSite__E</name>
         <value>0x3da2ee</value>
         <object_component_ref idref="oc-23d"/>
      </symbol>
      <symbol id="sm-8e1">
         <name>_xdc_runtime_Timestamp_getFreq__E</name>
         <value>0x3db507</value>
         <object_component_ref idref="oc-232"/>
      </symbol>
      <symbol id="sm-8e2">
         <name>_xdc_runtime_Timestamp_get64__E</name>
         <value>0x3db504</value>
         <object_component_ref idref="oc-1a7"/>
      </symbol>
      <symbol id="sm-8e3">
         <name>_xdc_runtime_Timestamp_get32__E</name>
         <value>0x3db501</value>
         <object_component_ref idref="oc-238"/>
      </symbol>
      <symbol id="sm-8ed">
         <name>___xdc__init</name>
         <value>0x3db4a4</value>
         <object_component_ref idref="oc-10d"/>
      </symbol>
      <symbol id="sm-8fa">
         <name>_xdc_runtime_Registry_findById__E</name>
         <value>0x3db28f</value>
         <object_component_ref idref="oc-26e"/>
      </symbol>
      <symbol id="sm-90f">
         <name>_c_int00</name>
         <value>0x3da420</value>
         <object_component_ref idref="oc-14"/>
      </symbol>
      <symbol id="sm-910">
         <name>__stack</name>
         <value>0xc3a2</value>
         <object_component_ref idref="oc-a6"/>
      </symbol>
      <symbol id="sm-91e">
         <name>__unlock</name>
         <value>0xc392</value>
         <object_component_ref idref="oc-ac"/>
      </symbol>
      <symbol id="sm-91f">
         <name>__lock</name>
         <value>0xc394</value>
         <object_component_ref idref="oc-ac"/>
      </symbol>
      <symbol id="sm-920">
         <name>__register_lock</name>
         <value>0x3db3f2</value>
         <object_component_ref idref="oc-11c"/>
      </symbol>
      <symbol id="sm-921">
         <name>__nop</name>
         <value>0x3db3f6</value>
         <object_component_ref idref="oc-11c"/>
      </symbol>
      <symbol id="sm-922">
         <name>__register_unlock</name>
         <value>0x3db3ee</value>
         <object_component_ref idref="oc-11c"/>
      </symbol>
      <symbol id="sm-92e">
         <name>__args_main</name>
         <value>0x3db056</value>
         <object_component_ref idref="oc-10b"/>
      </symbol>
      <symbol id="sm-92f">
         <name>__TI_args_main</name>
         <value>0x1</value>
      </symbol>
      <symbol id="sm-941">
         <name>___dl__FPv</name>
         <value>0x3db47e</value>
         <object_component_ref idref="oc-1b6"/>
      </symbol>
      <symbol id="sm-952">
         <name>C$$EXIT</name>
         <value>0x3db06f</value>
         <object_component_ref idref="oc-1be"/>
      </symbol>
      <symbol id="sm-953">
         <name>_exit</name>
         <value>0x3db071</value>
         <object_component_ref idref="oc-1be"/>
      </symbol>
      <symbol id="sm-954">
         <name>___TI_cleanup_ptr</name>
         <value>0xc396</value>
         <object_component_ref idref="oc-be"/>
      </symbol>
      <symbol id="sm-955">
         <name>_abort</name>
         <value>0x3db06f</value>
         <object_component_ref idref="oc-1be"/>
      </symbol>
      <symbol id="sm-956">
         <name>___TI_dtors_ptr</name>
         <value>0xc398</value>
         <object_component_ref idref="oc-be"/>
      </symbol>
      <symbol id="sm-969">
         <name>_far_copy_in</name>
         <value>0x3da6fd</value>
         <object_component_ref idref="oc-109"/>
      </symbol>
      <symbol id="sm-976">
         <name>FS$$DIV</name>
         <value>0x3d9e7e</value>
         <object_component_ref idref="oc-c6"/>
      </symbol>
      <symbol id="sm-980">
         <name>I$$MOD</name>
         <value>0x3dae66</value>
         <object_component_ref idref="oc-ca"/>
      </symbol>
      <symbol id="sm-981">
         <name>I$$DIV</name>
         <value>0x3dae55</value>
         <object_component_ref idref="oc-ca"/>
      </symbol>
      <symbol id="sm-9a8">
         <name>ULL$$MOD</name>
         <value>0x3d9124</value>
         <object_component_ref idref="oc-ce"/>
      </symbol>
      <symbol id="sm-9a9">
         <name>ULL$$DIV</name>
         <value>0x3d90f5</value>
         <object_component_ref idref="oc-ce"/>
      </symbol>
      <symbol id="sm-9aa">
         <name>LL$$MOD</name>
         <value>0x3d90bb</value>
         <object_component_ref idref="oc-ce"/>
      </symbol>
      <symbol id="sm-9ab">
         <name>LL$$DIV</name>
         <value>0x3d907f</value>
         <object_component_ref idref="oc-ce"/>
      </symbol>
      <symbol id="sm-9ba">
         <name>___memcpy_ff</name>
         <value>0x3dae98</value>
         <object_component_ref idref="oc-1aa"/>
      </symbol>
      <symbol id="sm-9c6">
         <name>_memset</name>
         <value>0x3db314</value>
         <object_component_ref idref="oc-1c7"/>
      </symbol>
      <symbol id="sm-9d3">
         <name>___nw__FUl</name>
         <value>0x3daeb9</value>
         <object_component_ref idref="oc-16c"/>
      </symbol>
      <symbol id="sm-9db">
         <name>___default_new_handler__Fv</name>
         <value>0x3db522</value>
         <object_component_ref idref="oc-1b4"/>
      </symbol>
      <symbol id="sm-9f4">
         <name>_strlen</name>
         <value>0x3db42f</value>
         <object_component_ref idref="oc-258"/>
      </symbol>
      <symbol id="sm-a05">
         <name>_HOSTopen</name>
         <value>0x3d8818</value>
         <object_component_ref idref="oc-251"/>
      </symbol>
      <symbol id="sm-a06">
         <name>_HOSTread</name>
         <value>0x3d87da</value>
         <object_component_ref idref="oc-251"/>
      </symbol>
      <symbol id="sm-a07">
         <name>_HOSTgetenv</name>
         <value>0x3d88a4</value>
         <object_component_ref idref="oc-251"/>
      </symbol>
      <symbol id="sm-a08">
         <name>_HOSTtime</name>
         <value>0x3d8771</value>
         <object_component_ref idref="oc-251"/>
      </symbol>
      <symbol id="sm-a09">
         <name>_HOSTrename</name>
         <value>0x3d879c</value>
         <object_component_ref idref="oc-251"/>
      </symbol>
      <symbol id="sm-a0a">
         <name>_HOSTclock</name>
         <value>0x3d88f8</value>
         <object_component_ref idref="oc-251"/>
      </symbol>
      <symbol id="sm-a0b">
         <name>_HOSTwrite</name>
         <value>0x3d8712</value>
         <object_component_ref idref="oc-251"/>
      </symbol>
      <symbol id="sm-a0c">
         <name>_HOSTlseek</name>
         <value>0x3d8857</value>
         <object_component_ref idref="oc-251"/>
      </symbol>
      <symbol id="sm-a0d">
         <name>_HOSTunlink</name>
         <value>0x3d8749</value>
         <object_component_ref idref="oc-251"/>
      </symbol>
      <symbol id="sm-a0e">
         <name>_HOSTclose</name>
         <value>0x3d88ce</value>
         <object_component_ref idref="oc-251"/>
      </symbol>
      <symbol id="sm-a18">
         <name>__new_handler</name>
         <value>0xc39e</value>
         <object_component_ref idref="oc-f5"/>
      </symbol>
      <symbol id="sm-a2f">
         <name>___TI_readmsg</name>
         <value>0x3d9e44</value>
         <object_component_ref idref="oc-264"/>
      </symbol>
      <symbol id="sm-a30">
         <name>C$$IO$$</name>
         <value>0x3d9e40</value>
         <object_component_ref idref="oc-264"/>
      </symbol>
      <symbol id="sm-a31">
         <name>__CIOBUF_</name>
         <value>0x10000</value>
         <object_component_ref idref="oc-f8"/>
      </symbol>
      <symbol id="sm-a32">
         <name>___TI_writemsg</name>
         <value>0x3d9df0</value>
         <object_component_ref idref="oc-264"/>
      </symbol>
      <symbol id="sm-a3d">
         <name>_ppcopy</name>
         <value>0x3db00a</value>
         <object_component_ref idref="oc-fc"/>
      </symbol>
      <symbol id="sm-a3e">
         <name>_dpcopy</name>
         <value>0x3db00a</value>
         <object_component_ref idref="oc-fc"/>
      </symbol>
      <symbol id="sm-a3f">
         <name>_pdcopy</name>
         <value>0x3db00a</value>
         <object_component_ref idref="oc-fc"/>
      </symbol>
      <symbol id="sm-a40">
         <name>_ddcopy</name>
         <value>0x3db00a</value>
         <object_component_ref idref="oc-fc"/>
      </symbol>
      <symbol id="sm-a4a">
         <name>_errno</name>
         <value>0xc3a0</value>
         <object_component_ref idref="oc-102"/>
      </symbol>
      <symbol id="sm-a55">
         <name>_strcpy</name>
         <value>0x3db483</value>
         <object_component_ref idref="oc-265"/>
      </symbol>
   </symbol_table>
   <title>Link errors: red sections failed placement</title>
</link_info>
