******************************************************************************
             TMS320C2000 Linker PC v6.2.11                     
******************************************************************************
>> Linked Wed Oct 28 07:35:41 2015

OUTPUT FILE NAME:   <Quad_RTSC.out>
ENTRY POINT SYMBOL: "_c_int00"  address: 003daea1


MEMORY CONFIGURATION

         name            origin    length      used     unused   attr    fill
----------------------  --------  ---------  --------  --------  ----  --------
PAGE 0:
  L03SARAM              00008000   00002000  00000004  00001ffc  RWIX
  OTP                   003d7800   00000400  00000000  00000400  RWIX
  FLASH                 003d8000   0001ff80  00006f38  00019048  RWIX
  CSM_RSVD              003f7f80   00000076  00000000  00000076  RWIX
  BEGIN                 003f7ff6   00000002  00000002  00000000  RWIX
  CSM_PWL               003f7ff8   00000008  00000000  00000008  RWIX
  FPUTABLES             003fd860   000006a0  00000000  000006a0  RWIX
  IQTABLES              003fdf00   00000b50  00000000  00000b50  RWIX
  IQTABLES2             003fea50   0000008c  00000000  0000008c  RWIX
  IQTABLES3             003feadc   000000aa  00000000  000000aa  RWIX
  ROM                   003ff3b0   00000c10  00000000  00000c10  RWIX
  RESET                 003fffc0   00000002  00000000  00000002  RWIX
  VECTORS               003fffc2   0000003e  00000000  0000003e  RWIX

PAGE 1:
  M01SARAM              00000000   00000800  00000000  00000800  RWIX
  DEV_EMU               00000880   00000105  00000004  00000101  RWIX
  SYS_PWR_CTL           00000985   00000003  00000003  00000000  RWIX
  FLASH_REGS            00000a80   00000060  00000008  00000058  RWIX
  CSM                   00000ae0   00000020  00000010  00000010  RWIX
  ADC_RESULT            00000b00   00000020  00000010  00000010  RWIX
  CPU_TIMER0            00000c00   00000008  00000008  00000000  RWIX
  CPU_TIMER1            00000c08   00000008  00000008  00000000  RWIX
  CPU_TIMER2            00000c10   00000008  00000008  00000000  RWIX
  PIE_CTRL              00000ce0   00000020  0000001a  00000006  RWIX
  PIEVECT               00000d00   00000100  00000000  00000100  RWIX
  DMA                   00001000   00000200  000000e0  00000120  RWIX
  CLA1                  00001400   00000080  00000040  00000040  RWIX
  USB0                  00004000   00001000  00000454  00000bac  RWIX
  McBSPA                00005000   00000040  00000024  0000001c  RWIX
  ECANA                 00006000   00000040  00000034  0000000c  RWIX
  ECANA_LAM             00006040   00000040  00000040  00000000  RWIX
  ECANA_MOTS            00006080   00000040  00000040  00000000  RWIX
  ECANA_MOTO            000060c0   00000040  00000040  00000000  RWIX
  ECANA_MBOX            00006100   00000100  00000100  00000000  RWIX
  COMP1                 00006400   00000020  00000014  0000000c  RWIX
  COMP2                 00006420   00000020  00000014  0000000c  RWIX
  COMP3                 00006440   00000020  00000014  0000000c  RWIX
  EPWM1                 00006800   00000040  00000040  00000000  RWIX
  EPWM2                 00006840   00000040  00000040  00000000  RWIX
  EPWM3                 00006880   00000040  00000040  00000000  RWIX
  EPWM4                 000068c0   00000040  00000040  00000000  RWIX
  EPWM5                 00006900   00000040  00000040  00000000  RWIX
  EPWM6                 00006940   00000040  00000040  00000000  RWIX
  EPWM7                 00006980   00000040  00000040  00000000  RWIX
  EPWM8                 000069c0   00000040  00000040  00000000  RWIX
  ECAP1                 00006a00   00000020  00000020  00000000  RWIX
  ECAP2                 00006a20   00000020  00000020  00000000  RWIX
  ECAP3                 00006a40   00000020  00000020  00000000  RWIX
  HRCAP1                00006ac0   00000020  00000020  00000000  RWIX
  HRCAP2                00006ae0   00000020  00000020  00000000  RWIX
  EQEP1                 00006b00   00000040  00000022  0000001e  RWIX
  EQEP2                 00006b40   00000040  00000022  0000001e  RWIX
  HRCAP3                00006c80   00000020  00000020  00000000  RWIX
  HRCAP4                00006ca0   00000020  00000020  00000000  RWIX
  GPIOCTRL              00006f80   00000040  00000040  00000000  RWIX
  GPIODAT               00006fc0   00000020  00000020  00000000  RWIX
  GPIOINT               00006fe0   00000020  00000020  00000000  RWIX
  SYSTEM                00007010   00000030  00000030  00000000  RWIX
  SPIA                  00007040   00000010  00000010  00000000  RWIX
  SCIA                  00007050   00000010  00000010  00000000  RWIX
  NMIINTRUPT            00007060   00000010  00000010  00000000  RWIX
  XINTRUPT              00007070   00000010  00000010  00000000  RWIX
  ADC                   00007100   00000080  00000050  00000030  RWIX
  SPIB                  00007740   00000010  00000010  00000000  RWIX
  SCIB                  00007750   00000010  00000010  00000000  RWIX
  I2CA                  00007900   00000040  00000022  0000001e  RWIX
  L46SARAM              0000a000   00006000  000036cc  00002934  RWIX
  L78SARAM              00010000   00004000  00000120  00003ee0  RWIX
  PARTID                003d7e80   00000001  00000001  00000000  RWIX
  CSM_PWL               003f7ff8   00000008  00000008  00000000  RWIX


SECTION ALLOCATION MAP

 output                                  attributes/
section   page    origin      length       input sections
--------  ----  ----------  ----------   ----------------
.pinit     0    003d8000    00000000     UNINITIALIZED

xdc.meta   0    00000000    000000e1     COPY SECTION
                  00000000    000000e1     Quad_p28FP.o28FP (xdc.meta)

EmuKeyVar 
*          0    00000d00    00000001     DSECT
                  00000d00    00000001     F2806x_GlobalVariableDefs.obj (EmuKeyVar)

PieVectTableFile 
*          0    00000d00    00000100     DSECT
                  00000d00    00000100     F2806x_GlobalVariableDefs.obj (PieVectTableFile)

EmuBModeVar 
*          0    00000d01    00000001     DSECT
                  00000d01    00000001     F2806x_GlobalVariableDefs.obj (EmuBModeVar)

FlashCallbackVar 
*          0    00000d02    00000002     DSECT
                  00000d02    00000002     F2806x_GlobalVariableDefs.obj (FlashCallbackVar)

FlashScalingVar 
*          0    00000d04    00000002     DSECT
                  00000d04    00000002     F2806x_GlobalVariableDefs.obj (FlashScalingVar)

.text      0    003d8000    000046b8     
                  003d8000    00000400     Sensor_Drvr.obj (.text)
                  003d8400    0000039b     F2806x_DefaultIsr.obj (.text:retain)
                  003d879b    00000286     Command_Transform.obj (.text)
                  003d8a21    00000284     QuadProcessor.obj (.text)
                  003d8ca5    00000234     ti.targets.rts2800.a28FP : System.o28FP (.text:_xdc_runtime_System_doPrint__I)
                  003d8ed9    00000211     rts2800_fpu32.lib : trgdrv.obj (.text)
                  003d90ea    000001e6     sysbios.a28FP : BIOS.obj (.text:_ti_sysbios_knl_Semaphore_pend__E)
                  003d92d0    000001d8                   : BIOS.obj (.text:_ti_sysbios_heaps_HeapMem_free__E)
                  003d94a8    000001d0                   : BIOS.obj (.text:_ti_sysbios_heaps_HeapMem_alloc__E)
                  003d9678    00000192     PWM_Driver.obj (.text)
                  003d980a    00000153     I2C_Device.obj (.text)
                  003d995d    0000013c     sysbios.a28FP : BIOS.obj (.text:_ti_sysbios_knl_Task_sleep__E)
                  003d9a99    0000010a     Quad_p28FP.o28FP (.text:_ti_uia_loggers_LoggerStopMode_writeMemoryRange__E)
                  003d9ba3    0000010a     Quad_p28FP.o28FP (.text:_xdc_runtime_System_printfExtend__I)
                  003d9cad    00000107     rts2800_fpu32.lib : ll_div.obj (.text)
                  003d9db4    00000105     sysbios.a28FP : BIOS.obj (.text:_ti_sysbios_heaps_HeapMem_Instance_init__E)
                  003d9eb9    000000f7     Quad_p28FP.o28FP (.text:_ti_uia_loggers_LoggerStopMode_writeFinish)
                  003d9fb0    000000e7     sysbios.a28FP : BIOS.obj (.text:_ti_sysbios_family_c28_Hwi_clearInterrupt__E)
                  003da097    000000c9     ti.targets.rts2800.a28FP : Core-mem.o28FP (.text:_xdc_runtime_Core_createObject__I)
                  003da160    000000c0     sysbios.a28FP : BIOS.obj (.text:_ti_sysbios_family_c28_Hwi_dispatchCore__I)
                  003da220    000000bf                   : BIOS.obj (.text:_ti_sysbios_knl_Semaphore_post__E)
                  003da2df    000000bd                   : BIOS.obj (.text:_ti_sysbios_knl_Clock_workFunc__E)
                  003da39c    000000b2                   : BIOS.obj (.text:_ti_sysbios_knl_Swi_run__I)
                  003da44e    000000a2     ti.targets.rts2800.a28FP : Core-smem.o28FP (.text:_xdc_runtime_Core_constructObject__I)
                  003da4f0    0000009a     sysbios.a28FP : c28_Hwi_disp.obj (.text:_ti_sysbios_family_c28_Hwi_dispatch)
                  003da58a    0000009a     ti.targets.rts2800.a28FP : Error.o28FP (.text:_xdc_runtime_Error_policyDefault__E)
                  003da624    00000092     sysbios.a28FP : BIOS.obj (.text:_ti_sysbios_family_c28_Hwi_enableInterrupt__E)
                  003da6b6    0000008e     rts2800_fpu32.lib : ankmsg.obj (.text)
                  003da744    00000088                       : fs_div.obj (.text)
                  003da7cc    00000087     sysbios.a28FP : BIOS.obj (.text:_ti_sysbios_family_c28_Hwi_disableInterrupt__E)
                  003da853    00000086                   : BIOS.obj (.text:_ti_sysbios_family_c28_Hwi_disablePIEIER__E)
                  003da8d9    00000083                   : BIOS.obj (.text:_ti_sysbios_family_c28_Hwi_enablePIEIER__E)
                  003da95c    0000007d     ti.targets.rts2800.a28FP : Startup.o28FP (.text:_xdc_runtime_Startup_startMods__I)
                  003da9d9    0000007a     ti.uia.loggers.a28FP : LoggerStopMode.o28FP (.text:_ti_uia_loggers_LoggerStopMode_flush__E)
                  003daa53    00000078     sysbios.a28FP : BIOS.obj (.text:_ti_sysbios_family_c28_Timer_stopAndClear__I)
                  003daacb    00000074                   : BIOS.obj (.text:_ti_sysbios_gates_GateMutex_enter__E)
                  003dab3f    00000073                   : BIOS.obj (.text:_ti_sysbios_utils_Load_updateLoads__E)
                  003dabb2    00000070                   : BIOS.obj (.text:_ti_sysbios_knl_Task_schedule__I)
                  003dac22    0000006f                   : BIOS.obj (.text:_ti_sysbios_knl_Task_startCore__E)
                  003dac91    0000006e                   : BIOS.obj (.text:_ti_sysbios_knl_Semaphore_Instance_init__E)
                  003dacff    0000006d                   : BIOS.obj (.text:_ti_sysbios_knl_Task_checkStacks__E)
                  003dad6c    00000068     ti.targets.rts2800.a28FP : Text.o28FP (.text:_xdc_runtime_Text_putSite__E)
                  003dadd4    00000067     sysbios.a28FP : BIOS.obj (.text:_ti_sysbios_utils_Load_idleFxn__E)
                  003dae3b    00000066                   : BIOS.obj (.text:_ti_sysbios_knl_Task_blockI__E)
                  003daea1    00000063     boot.a28FP : boot_cg.o28FP (.text)
                  003daf04    00000062     sysbios.a28FP : BIOS.obj (.text:_ti_sysbios_knl_Swi_post__E)
                  003daf66    0000005f     Quad_p28FP.o28FP (.text:_ti_uia_loggers_LoggerStopMode_write8__E)
                  003dafc5    00000059     LED_Driver.obj (.text)
                  003db01e    00000059     sysbios.a28FP : BIOS.obj (.text:_ti_sysbios_knl_Task_exit__E)
                  003db077    00000058     ti.uia.loggers.a28FP : LoggerStopMode.o28FP (.text:_ti_uia_loggers_LoggerStopMode_initQueueDescriptor__E)
                  003db0cf    00000058     ti.targets.rts2800.a28FP : Memory.o28FP (.text:_xdc_runtime_Memory_alloc__E)
                  003db127    00000053     sysbios.a28FP : BIOS.obj (.text:_ti_sysbios_knl_Task_unblockI__E)
                  003db17a    0000004b                   : BIOS.obj (.text:_ti_sysbios_knl_Task_postInit__I)
                  003db1c5    0000004a     ti.targets.rts2800.a28FP : Text.o28FP (.text:_xdc_runtime_Text_putLab__E)
                  003db20f    00000049     sysbios.a28FP : BIOS.obj (.text:_ti_sysbios_family_c28_TimestampProvider_get64__E)
                  003db258    00000048                   : BIOS.obj (.text:_ti_sysbios_family_c28_Timer_postInit__I)
                  003db2a0    00000048     Quad_p28FP.o28FP (.text:_ti_uia_loggers_LoggerStopMode_writeStart)
                  003db2e8    00000047     sysbios.a28FP : BIOS.obj (.text:_ti_sysbios_family_c28_Hwi_Module_startup__E)
                  003db32f    00000047     Quad_p28FP.o28FP (.text:_ti_uia_loggers_LoggerStopMode_write4__E)
                  003db376    00000046     ti.targets.rts2800.a28FP : Core-mem.o28FP (.text:_xdc_runtime_Core_deleteObject__I)
                  003db3bc    00000046     rts2800_fpu32.lib : far_cpy_tbl.obj (.text)
                  003db402    00000044     main.obj (.text)
                  003db446    00000042     sysbios.a28FP : BIOS.obj (.text:_ti_sysbios_utils_Load_logLoads__I)
                  003db488    00000041                   : BIOS.obj (.text:_ti_sysbios_family_c28_Hwi_unPluggedInterrupt__I)
                  003db4c9    0000003e                   : BIOS.obj (.text:_ti_sysbios_family_c28_TaskSupport_start__E)
                  003db507    0000003e     ti.targets.rts2800.a28FP : System.o28FP (.text:_xdc_runtime_System_formatNum__I)
                  003db545    0000003d     ti.uia.runtime.a28FP : QueueDescriptor.o28FP (.text:_ti_uia_runtime_QueueDescriptor_addToList__E)
                  003db582    0000003b     Quad_p28FP.o28FP (.text:_ti_uia_loggers_LoggerStopMode_write2__E)
                  003db5bd    0000003b     ti.targets.rts2800.a28FP : Core-params.o28FP (.text:_xdc_runtime_Core_assignParams__I)
                  003db5f8    0000003a                              : Text.o28FP (.text:_xdc_runtime_Text_putMod__E)
                  003db632    00000038     sysbios.a28FP : BIOS.obj (.text:_ti_sysbios_knl_Clock_logTick__E)
                  003db66a    00000038                   : BIOS.obj (.text:_ti_sysbios_knl_Swi_restoreHwi__E)
                  003db6a2    00000038                   : BIOS.obj (.text:_ti_sysbios_utils_Load_logCPULoad__I)
                  003db6da    00000037                   : BIOS.obj (.text:_ti_sysbios_utils_Load_updateThreadContexts__E)
                  003db711    00000036                   : BIOS.obj (.text:_ti_sysbios_family_c28_TimestampProvider_Module_startup__E)
                  003db747    00000035     Quad_p28FP.o28FP (.text:_ti_uia_loggers_LoggerStopMode_write1__E)
                  003db77c    00000034     Quad_p28FP.o28FP (.text:_ti_sysbios_BIOS_rtsUnlock__I)
                  003db7b0    00000034     ti.targets.rts2800.a28FP : Text.o28FP (.text:_xdc_runtime_Text_visitRope2__I)
                  003db7e4    00000033     sysbios.a28FP : BIOS.obj (.text:_ti_sysbios_family_c28_TimestampProvider_get32__E)
                  003db817    00000033     ti.targets.rts2800.a28FP : Assert.o28FP (.text:_xdc_runtime_Assert_raise__I)
                  003db84a    00000032     sysbios.a28FP : BIOS.obj (.text:_ti_sysbios_family_c28_Timer_start__E)
                  003db87c    00000032                   : BIOS.obj (.text:_ti_sysbios_knl_Task_Module_startup__E)
                  003db8ae    00000032     ti.targets.rts2800.a28FP : Error.o28FP (.text:_xdc_runtime_Error_setX__E)
                  003db8e0    00000031                              : Startup.o28FP (.text:_xdc_runtime_Startup_exec__E)
                  003db911    00000030                              : Error.o28FP (.text:_xdc_runtime_Error_print__E)
                  003db941    0000002f     sysbios.a28FP : BIOS.obj (.text:_ti_sysbios_knl_Swi_runLoop__I)
                  003db970    0000002e     Boot.a28FP : Boot.o28FP (.text:.bootCodeSection:_ti_catalog_c2800_init_Boot_configurePll2802x)
                  003db99e    0000002e     sysbios.a28FP : BIOS.obj (.text:_ti_sysbios_family_c28_Timer_getFreq__E)
                  003db9cc    0000002e                   : BIOS.obj (.text:_ti_sysbios_knl_Swi_schedule__I)
                  003db9fa    0000002e                   : BIOS.obj (.text:_ti_sysbios_utils_Load_updateCurrentThreadTime__E)
                  003dba28    0000002d                   : BIOS.obj (.text:_ti_sysbios_family_c28_Hwi_getStackInfo__E)
                  003dba55    0000002d                   : BIOS.obj (.text:_ti_sysbios_heaps_HeapMem_getStats__E)
                  003dba82    0000002d                   : BIOS.obj (.text:_ti_sysbios_heaps_HeapMem_init__I)
                  003dbaaf    0000002c                   : BIOS.obj (.text:_ti_sysbios_family_c28_Hwi_getInterruptFlag__E)
                  003dbadb    0000002c     ti.uia.loggers.a28FP : LoggerStopMode.o28FP (.text:_ti_uia_loggers_LoggerStopMode_Module_startup__E)
                  003dbb07    0000002b     sysbios.a28FP : BIOS.obj (.text:_ti_sysbios_family_c28_Timer_getExpiredCounts64__E)
                  003dbb32    0000002b     Quad_p28FP.o28FP (.text:_ti_uia_loggers_LoggerStopMode_write0__E)
                  003dbb5d    00000028     ti.targets.rts2800.a28FP : SysMin.o28FP (.text:_xdc_runtime_SysMin_flush__E)
                  003dbb85    00000027                              : Text.o28FP (.text:_xdc_runtime_Text_xprintf__I)
                  003dbbac    00000026     sysbios.a28FP : BIOS.obj (.text:_ti_sysbios_family_c28_Timer_getExpiredCounts__E)
                  003dbbd2    00000026                   : BIOS.obj (.text:_ti_sysbios_family_c28_Timer_setPrescale__E)
                  003dbbf8    00000025                   : c28_TaskSupport_asm.obj (.text:_ti_sysbios_family_c28_TaskSupport_buildTaskStack)
                  003dbc1d    00000025     ti.uia.loggers.a28FP : LoggerStopMode.o28FP (.text:_ti_uia_loggers_LoggerStopMode_initBuffer__I)
                  003dbc42    00000024                          : LoggerStopMode.o28FP (.text:_ti_uia_loggers_LoggerStopMode_reset__E)
                  003dbc66    00000024     ti.targets.rts2800.a28FP : System.o28FP (.text:_xdc_runtime_System_processAtExit__E)
                  003dbc8a    00000023     Quad_p28FP.o28FP (.text:_malloc)
                  003dbcad    00000001     Quad_p28FP.o28FP (.text:_ti_sysbios_BIOS_nullFunc__I)
                  003dbcae    00000023     rts2800_fpu32.lib : sqrt.obj (.text)
                  003dbcd1    00000022                       : i_div.obj (.text)
                  003dbcf3    00000021     sysbios.a28FP : BIOS.obj (.text:_ti_sysbios_knl_Task_allBlockedFunction__I)
                  003dbd14    00000021     ti.targets.rts2800.a28FP : System.o28FP (.text:_xdc_runtime_System_atexit__E)
                  003dbd35    00000021     rts2800_fpu32.lib : memcpy_ff.obj (.text)
                  003dbd56    00000020                       : new_.obj (.text)
                  003dbd76    0000001e     Quad_p28FP.o28FP (.text:_ti_sysbios_gates_GateHwi_Object__create__S)
                  003dbd94    0000001e     Quad_p28FP.o28FP (.text:_ti_sysbios_gates_GateMutex_Object__create__S)
                  003dbdb2    0000001e     Quad_p28FP.o28FP (.text:_ti_sysbios_heaps_HeapMem_Object__create__S)
                  003dbdd0    0000001e     Quad_p28FP.o28FP (.text:_ti_uia_loggers_LoggerStopMode_Object__create__S)
                  003dbdee    0000001e     ti.targets.rts2800.a28FP : SysMin.o28FP (.text:_xdc_runtime_SysMin_putch__E)
                  003dbe0c    0000001d     sysbios.a28FP : c28_TaskSupport_asm.obj (.text:_ti_sysbios_family_c28_TaskSupport_swap__E)
                  003dbe29    0000001c     Quad_p28FP.o28FP (.text:_ti_sysbios_family_c28_Hwi_Object__get__S)
                  003dbe45    0000001c     sysbios.a28FP : BIOS.obj (.text:_ti_sysbios_knl_Clock_addI__E)
                  003dbe61    0000001c     Quad_p28FP.o28FP (.text:_ti_sysbios_knl_Queue_Object__get__S)
                  003dbe7d    0000001b     sysbios.a28FP : c28_Hwi_asm.obj (.text:_ti_sysbios_family_c28_Hwi_switchAndDispatch__I)
                  003dbe98    0000001b                   : BIOS.obj (.text:_ti_sysbios_hal_Hwi_checkStack)
                  003dbeb3    0000001b     Quad_p28FP.o28FP (.text:_xdc_runtime_SysMin_output__I)
                  003dbece    0000001a     sysbios.a28FP : BIOS.obj (.text:_ti_sysbios_hal_Hwi_initStack)
                  003dbee8    0000001a                   : BIOS.obj (.text:_ti_sysbios_knl_Task_processVitalTaskFlag__I)
                  003dbf02    0000001a     ti.targets.rts2800.a28FP : Core-label.o28FP (.text:_xdc_runtime_Core_assignLabel__I)
                  003dbf1c    0000001a     rts2800_fpu32.lib : cpy_utils.obj (.text)
                  003dbf36    00000019     Quad_p28FP.o28FP (.text:_ti_sysbios_heaps_HeapMem_Object__get__S)
                  003dbf4f    00000019     Quad_p28FP.o28FP (.text:_ti_sysbios_knl_Semaphore_construct)
                  003dbf68    00000019     sysbios.a28FP : BIOS.obj (.text:_ti_sysbios_knl_Semaphore_pendTimeout__I)
                  003dbf81    00000019     Quad_p28FP.o28FP (.text:_ti_sysbios_knl_Swi_Object__get__S)
                  003dbf9a    00000019     sysbios.a28FP : BIOS.obj (.text:_ti_sysbios_knl_Swi_restore__E)
                  003dbfb3    00000019     Quad_p28FP.o28FP (.text:_ti_sysbios_knl_Task_Object__get__S)
                  003dbfcc    00000019     Quad_p28FP.o28FP (.text:_ti_uia_loggers_LoggerStopMode_Object__get__S)
                  003dbfe5    00000019     ti.targets.rts2800.a28FP : System.o28FP (.text:_xdc_runtime_System_avprintf__E)
                  003dbffe    00000019                              : System.o28FP (.text:_xdc_runtime_System_putchar__I)
                  003dc017    00000019     rts2800_fpu32.lib : args_main.obj (.text)
                  003dc030    00000019                       : exit.obj (.text)
                  003dc049    00000018     sysbios.a28FP : c28_Hwi_asm.obj (.text:_ti_sysbios_family_xxx_Hwi_switchAndRunFunc)
                  003dc061    00000018     ti.targets.rts2800.a28FP : System.o28FP (.text:_xdc_runtime_System_vprintf__E)
                  003dc079    00000018                              : Text.o28FP (.text:_xdc_runtime_Text_printVisFxn__I)
                  003dc091    00000017     Quad_p28FP.o28FP (.text:_ti_sysbios_BIOS_atExitFunc__I)
                  003dc0a8    00000017     Quad_p28FP.o28FP (.text:_ti_sysbios_knl_Clock_doTick__I)
                  003dc0bf    00000017     Quad_p28FP.o28FP (.text:_ti_sysbios_knl_Queue_construct)
                  003dc0d6    00000017     ti.targets.rts2800.a28FP : Memory.o28FP (.text:_xdc_runtime_Memory_valloc__E)
                  003dc0ed    00000016     sysbios.a28FP : BIOS.obj (.text:_ti_sysbios_family_c28_Timer_Module_startup__E)
                  003dc103    00000016                   : BIOS.obj (.text:_ti_sysbios_family_c28_Timer_startup__E)
                  003dc119    00000016                   : BIOS.obj (.text:_ti_sysbios_knl_Task_restore__E)
                  003dc12f    00000016     ti.targets.rts2800.a28FP : SysMin.o28FP (.text:_xdc_runtime_SysMin_abort__E)
                  003dc145    00000015     sysbios.a28FP : BIOS.obj (.text:_ti_sysbios_knl_Idle_run__E)
                  003dc15a    00000015                   : BIOS.obj (.text:_ti_sysbios_knl_Swi_Module_startup__E)
                  003dc16f    00000015                   : BIOS.obj (.text:_ti_sysbios_utils_Load_getGlobalHwiLoad__E)
                  003dc184    00000015     Quad_p28FP.o28FP (.text:_ti_uia_loggers_LoggerStopMode_fillInTimestamp)
                  003dc199    00000014     Quad_p28FP.o28FP (.text:_ti_sysbios_BIOS_errorRaiseHook__I)
                  003dc1ad    00000013     Quad_p28FP.o28FP (.text:_free)
                  003dc1c0    00000013     Quad_p28FP.o28FP (.text:_ti_sysbios_gates_GateMutex_Object__delete__S)
                  003dc1d3    00000012     Quad_p28FP.o28FP (.text:_ti_sysbios_family_c28_Hwi_disableIER__E)
                  003dc1e5    00000012     sysbios.a28FP : BIOS.obj (.text:_ti_sysbios_family_c28_Timer_stop__E)
                  003dc1f7    00000012     Quad_p28FP.o28FP (.text:_ti_sysbios_gates_GateHwi_Object__delete__S)
                  003dc209    00000012     Quad_p28FP.o28FP (.text:_ti_sysbios_heaps_HeapMem_Object__delete__S)
                  003dc21b    00000012     sysbios.a28FP : BIOS.obj (.text:_ti_sysbios_knl_Clock_Module_startup__E)
                  003dc22d    00000012     Quad_p28FP.o28FP (.text:_ti_uia_loggers_LoggerStopMode_Object__delete__S)
                  003dc23f    00000012     ti.targets.rts2800.a28FP : Text.o28FP (.text:_xdc_runtime_Text_cordText__E)
                  003dc251    00000011     Quad_p28FP.o28FP (.text:_ti_sysbios_gates_GateHwi_Handle__label__S)
                  003dc262    00000011     Quad_p28FP.o28FP (.text:_ti_sysbios_gates_GateMutex_Handle__label__S)
                  003dc273    00000011     Quad_p28FP.o28FP (.text:_ti_sysbios_heaps_HeapMem_Handle__label__S)
                  003dc284    00000011     Quad_p28FP.o28FP (.text:_ti_uia_loggers_LoggerStopMode_Handle__label__S)
                  003dc295    00000011     ti.uia.loggers.a28FP : LoggerStopMode.o28FP (.text:_ti_uia_loggers_LoggerStopMode_Instance_init__E)
                  003dc2a6    00000011     ti.targets.rts2800.a28FP : Error.o28FP (.text:_xdc_runtime_Error_raiseX__E)
                  003dc2b7    00000010     Quad_p28FP.o28FP (.text:_ti_sysbios_BIOS_rtsLock__I)
                  003dc2c7    00000010     Quad_p28FP.o28FP (.text:_ti_sysbios_family_c28_Hwi_enableIER__E)
                  003dc2d7    00000010     sysbios.a28FP : BIOS.obj (.text:_ti_sysbios_knl_Task_restoreHwi__E)
                  003dc2e7    00000010     ti.targets.rts2800.a28FP : SysMin.o28FP (.text:_xdc_runtime_SysMin_Module_startup__E)
                  003dc2f7    0000000f     Boot.a28FP : Boot.o28FP (.text:.bootCodeSection:_ti_catalog_c2800_init_Boot_disableWatchdog)
                  003dc306    0000000f     Quad_p28FP.o28FP (.text:_ti_sysbios_BIOS_startFunc__I)
                  003dc315    0000000f     sysbios.a28FP : BIOS.obj (.text:_ti_sysbios_gates_GateMutex_Instance_init__E)
                  003dc324    0000000f     Quad_p28FP.o28FP (.text:_ti_sysbios_knl_Semaphore_Object__destruct__S)
                  003dc333    0000000f     Quad_p28FP.o28FP (.text:_xdc_runtime_IHeap_alloc)
                  003dc342    0000000f     ti.targets.rts2800.a28FP : Registry.o28FP (.text:_xdc_runtime_Registry_findById__E)
                  003dc351    0000000e     Quad_p28FP.o28FP (.text:_ti_sysbios_knl_Queue_Object__destruct__S)
                  003dc35f    0000000e     ti.uia.loggers.a28FP : LoggerStopMode.o28FP (.text:_ti_uia_loggers_LoggerStopMode_enable__E)
                  003dc36d    0000000e     Quad_p28FP.o28FP (.text:_xdc_runtime_Text_visitRope__I)
                  003dc37b    0000000d     Quad_p28FP.o28FP (.text:_ti_sysbios_BIOS_registerRTSLock__I)
                  003dc388    0000000d     Quad_p28FP.o28FP (.text:_ti_sysbios_BIOS_removeRTSLock__I)
                  003dc395    0000000d     sysbios.a28FP : BIOS.obj (.text:_ti_sysbios_family_c28_Hwi_dispatchC__I)
                  003dc3a2    0000000d     Quad_p28FP.o28FP (.text:_ti_sysbios_family_c28_Hwi_restoreIER__E)
                  003dc3af    0000000d     Quad_p28FP.o28FP (.text:_ti_sysbios_knl_Task_SupportProxy_start__E)
                  003dc3bc    0000000d     sysbios.a28FP : BIOS.obj (.text:_ti_sysbios_knl_Task_sleepTimeout__I)
                  003dc3c9    0000000d     ti.uia.loggers.a28FP : LoggerStopMode.o28FP (.text:_ti_uia_loggers_LoggerStopMode_disable__E)
                  003dc3d6    0000000d     Quad_p28FP.o28FP (.text:_xdc_runtime_IHeap_free)
                  003dc3e3    0000000d     Quad_p28FP.o28FP (.text:_xdc_runtime_Memory_HeapProxy_alloc__E)
                  003dc3f0    0000000d     ti.targets.rts2800.a28FP : System.o28FP (.text:_xdc_runtime_System_abort__E)
                  003dc3fd    0000000d     rts2800_fpu32.lib : memset.obj (.text)
                  003dc40a    0000000c     Quad_p28FP.o28FP (.text:_ti_sysbios_BIOS_exitFunc__I)
                  003dc416    0000000c     sysbios.a28FP : BIOS.obj (.text:_ti_sysbios_gates_GateMutex_leave__E)
                  003dc422    0000000c                   : BIOS.obj (.text:_ti_sysbios_knl_Queue_put__E)
                  003dc42e    0000000c                   : BIOS.obj (.text:_ti_sysbios_knl_Task_enabled__E)
                  003dc43a    0000000c     ti.targets.rts2800.a28FP : Error.o28FP (.text:_xdc_runtime_Error_check__E)
                  003dc446    0000000b     Quad_p28FP.o28FP (.text:_ti_sysbios_family_c28_Hwi_Module__startupDone__F)
                  003dc451    0000000b     Quad_p28FP.o28FP (.text:_ti_sysbios_family_c28_Timer_Module__startupDone__F)
                  003dc45c    0000000b     sysbios.a28FP : BIOS.obj (.text:_ti_sysbios_knl_Task_enter__I)
                  003dc467    0000000b                   : BIOS.obj (.text:_ti_sysbios_knl_Task_unblock__E)
                  003dc472    0000000b     Quad_p28FP.o28FP (.text:_xdc_runtime_Memory_HeapProxy_free__E)
                  003dc47d    0000000b     ti.targets.rts2800.a28FP : SysMin.o28FP (.text:_xdc_runtime_SysMin_exit__E)
                  003dc488    0000000b     Quad_p28FP.o28FP (.text:_xdc_runtime_System_aprintf__E)
                  003dc493    0000000b     ti.targets.rts2800.a28FP : System.o28FP (.text:_xdc_runtime_System_exit__E)
                  003dc49e    0000000b     Quad_p28FP.o28FP (.text:_xdc_runtime_System_printf__E)
                  003dc4a9    0000000b     ti.targets.rts2800.a28FP : Text.o28FP (.text:_xdc_runtime_Text_ropeText__E)
                  003dc4b4    0000000a     ti.uia.loggers.a28FP : LoggerStopMode.o28FP (.text:_ti_uia_loggers_LoggerStopMode_isEmpty__E)
                  003dc4be    0000000a     ti.targets.rts2800.a28FP : Memory.o28FP (.text:_xdc_runtime_Memory_free__E)
                  003dc4c8    0000000a     Quad_p28FP.o28FP (.text:_xdc_runtime_Startup_exec__I)
                  003dc4d2    00000009     Quad_p28FP.o28FP (.text:_ti_sysbios_BIOS_RtsGateProxy_leave__E)
                  003dc4db    00000009     sysbios.a28FP : BIOS.obj (.text:_ti_sysbios_family_c28_TaskSupport_checkStack__E)
                  003dc4e4    00000009                   : c28_TaskSupport_asm.obj (.text:_ti_sysbios_family_c28_TaskSupport_glue)
                  003dc4ed    00000009                   : BIOS.obj (.text:_ti_sysbios_hal_Hwi_Module_startup__E)
                  003dc4f6    00000009     Quad_p28FP.o28FP (.text:_ti_sysbios_heaps_HeapMem_Module_GateProxy_leave__E)
                  003dc4ff    00000009     Quad_p28FP.o28FP (.text:_ti_sysbios_knl_Task_SupportProxy_checkStack__E)
                  003dc508    00000009     Quad_p28FP.o28FP (.text:_ti_sysbios_knl_Task_SupportProxy_swap__E)
                  003dc511    00000009     Quad_p28FP.o28FP (.text:_xdc_runtime_System_Module_GateProxy_leave__E)
                  003dc51a    00000009     ti.targets.rts2800.a28FP : System.o28FP (.text:_xdc_runtime_System_vsnprintf__E)
                  003dc523    00000009     rts2800_fpu32.lib : _lock.obj (.text)
                  003dc52c    00000008     sysbios.a28FP : BIOS.obj (.text:_ti_sysbios_BIOS_setThreadType__E)
                  003dc534    00000008                   : BIOS.obj (.text:_ti_sysbios_gates_GateMutex_Instance_finalize__E)
                  003dc53c    00000008     Quad_p28FP.o28FP (.text:_ti_sysbios_hal_Hwi_HwiProxy_getStackInfo__E)
                  003dc544    00000008     Quad_p28FP.o28FP (.text:_ti_sysbios_knl_Clock_Module_State_clockQ)
                  003dc54c    00000008     sysbios.a28FP : BIOS.obj (.text:_ti_sysbios_knl_Queue_empty__E)
                  003dc554    00000008                   : BIOS.obj (.text:_ti_sysbios_knl_Semaphore_Instance_finalize__E)
                  003dc55c    00000008     ti.targets.rts2800.a28FP : Memory.o28FP (.text:_xdc_runtime_Memory_calloc__E)
                  003dc564    00000008                              : SysMin.o28FP (.text:_xdc_runtime_SysMin_ready__E)
                  003dc56c    00000008     rts2800_fpu32.lib : strlen.obj (.text)
                  003dc574    00000007     Quad_p28FP.o28FP (.text:.bootCodeSection:_ti_catalog_c2800_init_Boot_init)
                  003dc57b    00000007     Quad_p28FP.o28FP (.text:_ti_sysbios_BIOS_RtsGateProxy_enter__E)
                  003dc582    00000007     Quad_p28FP.o28FP (.text:_ti_sysbios_family_c28_Hwi_disable__E)
                  003dc589    00000007     Quad_p28FP.o28FP (.text:_ti_sysbios_heaps_HeapMem_Module_GateProxy_enter__E)
                  003dc590    00000007     Quad_p28FP.o28FP (.text:_ti_sysbios_knl_Clock_TimerProxy_getMaxTicks__E)
                  003dc597    00000007     Quad_p28FP.o28FP (.text:_ti_sysbios_knl_Queue_destruct)
                  003dc59e    00000007     Quad_p28FP.o28FP (.text:_ti_sysbios_knl_Semaphore_destruct)
                  003dc5a5    00000007     Quad_p28FP.o28FP (.text:_xdc_runtime_System_Module_GateProxy_enter__E)
                  003dc5ac    00000007     Quad_p28FP.o28FP (.text:_xdc_runtime_System_SupportProxy_abort__E)
                  003dc5b3    00000007     Quad_p28FP.o28FP (.text:_xdc_runtime_Timestamp_SupportProxy_get64__E)
                  003dc5ba    00000007     Quad_p28FP.o28FP (.text:_xdc_runtime_Timestamp_SupportProxy_getFreq__E)
                  003dc5c1    00000006     Quad_p28FP.o28FP (.text:_ti_sysbios_family_c28_Hwi_restore__E)
                  003dc5c7    00000006     sysbios.a28FP : c28_IntrinsicsSupport_asm.obj (.text:_ti_sysbios_family_c28_IntrinsicsSupport_maxbit__E)
                  003dc5cd    00000006                   : BIOS.obj (.text:_ti_sysbios_family_c28_TimestampProvider_rolloverFunc__E)
                  003dc5d3    00000006                   : BIOS.obj (.text:_ti_sysbios_family_c28_TimestampProvider_startTimer__E)
                  003dc5d9    00000006     Quad_p28FP.o28FP (.text:_ti_sysbios_hal_Hwi_restore)
                  003dc5df    00000006     Quad_p28FP.o28FP (.text:_ti_sysbios_heaps_HeapMem_Module_GateProxy_query__E)
                  003dc5e5    00000006     sysbios.a28FP : BIOS.obj (.text:_ti_sysbios_knl_Swi_disable__E)
                  003dc5eb    00000006                   : BIOS.obj (.text:_ti_sysbios_knl_Task_disable__E)
                  003dc5f1    00000006     Quad_p28FP.o28FP (.text:_ti_uia_loggers_LoggerStopMode_getFilterLevel__E)
                  003dc5f7    00000006     Quad_p28FP.o28FP (.text:_ti_uia_loggers_LoggerStopMode_setFilterLevel__E)
                  003dc5fd    00000006     ti.targets.rts2800.a28FP : Gate.o28FP (.text:_xdc_runtime_Gate_enterSystem__E)
                  003dc603    00000006                              : Gate.o28FP (.text:_xdc_runtime_Gate_leaveSystem__E)
                  003dc609    00000006     Quad_p28FP.o28FP (.text:_xdc_runtime_System_SupportProxy_exit__E)
                  003dc60f    00000006     Quad_p28FP.o28FP (.text:_xdc_runtime_System_SupportProxy_putch__E)
                  003dc615    00000005     sysbios.a28FP : BIOS.obj (.text:_ti_sysbios_BIOS_start__E)
                  003dc61a    00000005                   : BIOS.obj (.text:_ti_sysbios_family_c28_Hwi_switchFromBootStack__E)
                  003dc61f    00000005                   : BIOS.obj (.text:_ti_sysbios_gates_GateHwi_enter__E)
                  003dc624    00000005     Quad_p28FP.o28FP (.text:_xdc_iargToPtr)
                  003dc629    00000005     ti.targets.rts2800.a28FP : Error.o28FP (.text:_xdc_runtime_Error_init__E)
                  003dc62e    00000005     rts2800_fpu32.lib : delete.obj (.text)
                  003dc633    00000005                       : strcpy.obj (.text)
                  003dc638    00000004     Quad_p28FP.o28FP (.text:_ti_sysbios_family_c28_Hwi_startup__E)
                  003dc63c    00000004     sysbios.a28FP : BIOS.obj (.text:_ti_sysbios_family_c28_TimestampProvider_getFreq__E)
                  003dc640    00000004                   : BIOS.obj (.text:_ti_sysbios_heaps_HeapMem_isBlocking__E)
                  003dc644    00000004                   : BIOS.obj (.text:_ti_sysbios_knl_Swi_startup__E)
                  003dc648    00000004     ti.targets.rts2800.a28FP : Memory.o28FP (.text:_xdc_runtime_Memory_getMaxDefaultTypeAlign__E)
                  003dc64c    00000003                              : xdc_noinit.o28FP (.text:___xdc__init)
                  003dc64f    00000003     Quad_p28FP.o28FP (.text:_ti_catalog_c2800_init_Boot_limpAbort)
                  003dc652    00000003     Quad_p28FP.o28FP (.text:_ti_sysbios_family_c28_Hwi_Module__startupDone__S)
                  003dc655    00000003     sysbios.a28FP : c28_Hwi_asm.obj (.text:_ti_sysbios_family_c28_Hwi_getIFR__I)
                  003dc658    00000003     Quad_p28FP.o28FP (.text:_ti_sysbios_family_c28_Timer_Module__startupDone__S)
                  003dc65b    00000003     sysbios.a28FP : BIOS.obj (.text:_ti_sysbios_gates_GateHwi_leave__E)
                  003dc65e    00000003     Quad_p28FP.o28FP (.text:_ti_sysbios_hal_Hwi_HwiProxy_Module__startupDone__S)
                  003dc661    00000003     Quad_p28FP.o28FP (.text:_ti_sysbios_hal_Hwi_HwiProxy_startup__E)
                  003dc664    00000003     Quad_p28FP.o28FP (.text:_ti_sysbios_hal_Hwi_HwiProxy_switchFromBootStack__E)
                  003dc667    00000003     Quad_p28FP.o28FP (.text:_ti_sysbios_hal_Hwi_disable)
                  003dc66a    00000003     sysbios.a28FP : BIOS.obj (.text:_ti_sysbios_hal_Hwi_startup__E)
                  003dc66d    00000003     Quad_p28FP.o28FP (.text:_ti_sysbios_knl_Clock_TimerProxy_Module__startupDone__S)
                  003dc670    00000003     sysbios.a28FP : BIOS.obj (.text:_ti_sysbios_knl_Idle_loop__E)
                  003dc673    00000003                   : BIOS.obj (.text:_ti_sysbios_knl_Queue_Instance_init__E)
                  003dc676    00000003     Quad_p28FP.o28FP (.text:_ti_sysbios_knl_Task_SupportProxy_Module__startupDone__S)
                  003dc679    00000003     sysbios.a28FP : BIOS.obj (.text:_ti_sysbios_knl_Task_startup__E)
                  003dc67c    00000003     Quad_p28FP.o28FP (.text:_ti_sysbios_utils_Load_update__E)
                  003dc67f    00000003     ti.uia.loggers.a28FP : LoggerStopMode.o28FP (.text:_ti_uia_loggers_LoggerStopMode_getMaxLength__E)
                  003dc682    00000003     Quad_p28FP.o28FP (.text:_xdc_runtime_Startup_reset__I)
                  003dc685    00000003     ti.targets.rts2800.a28FP : System.o28FP (.text:_xdc_runtime_System_Module_startup__E)
                  003dc688    00000003     Quad_p28FP.o28FP (.text:_xdc_runtime_System_SupportProxy_ready__E)
                  003dc68b    00000003     ti.targets.rts2800.a28FP : System.o28FP (.text:_xdc_runtime_System_abortStd__E)
                  003dc68e    00000003                              : System.o28FP (.text:_xdc_runtime_System_exitStd__E)
                  003dc691    00000003     Quad_p28FP.o28FP (.text:_xdc_runtime_Timestamp_SupportProxy_get32__E)
                  003dc694    00000003     ti.targets.rts2800.a28FP : Timestamp.o28FP (.text:_xdc_runtime_Timestamp_get32__E)
                  003dc697    00000003                              : Timestamp.o28FP (.text:_xdc_runtime_Timestamp_get64__E)
                  003dc69a    00000003                              : Timestamp.o28FP (.text:_xdc_runtime_Timestamp_getFreq__E)
                  003dc69d    00000003     rts2800_fpu32.lib : array_del.obj (.text)
                  003dc6a0    00000002     Boot.a28FP : Boot.o28FP (.text:_ti_catalog_c2800_init_Boot_defaultLimpAbortFunction)
                  003dc6a2    00000002     Quad_p28FP.o28FP (.text:_ti_sysbios_family_c28_TaskSupport_Module__startupDone__S)
                  003dc6a4    00000002     sysbios.a28FP : BIOS.obj (.text:_ti_sysbios_family_c28_Timer_getMaxTicks__E)
                  003dc6a6    00000002                   : BIOS.obj (.text:_ti_sysbios_gates_GateHwi_query__E)
                  003dc6a8    00000002                   : BIOS.obj (.text:_ti_sysbios_gates_GateMutex_query__E)
                  003dc6aa    00000002     ti.uia.loggers.a28FP : LoggerStopMode.o28FP (.text:_ti_uia_loggers_LoggerStopMode_getContents__E)
                  003dc6ac    00000002                          : LoggerStopMode.o28FP (.text:_ti_uia_loggers_LoggerStopMode_getInstanceId__E)
                  003dc6ae    00000002                          : LoggerStopMode.o28FP (.text:_ti_uia_loggers_LoggerStopMode_getPriority__E)
                  003dc6b0    00000002                          : LoggerStopMode.o28FP (.text:_ti_uia_loggers_LoggerStopMode_getTransferType__E)
                  003dc6b2    00000002     ti.targets.rts2800.a28FP : Error.o28FP (.text:_xdc_runtime_Error_getSite__E)
                  003dc6b4    00000001     sysbios.a28FP : c28_Hwi_asm.obj (.text:_ti_sysbios_family_c28_Hwi_interruptReturn__I)
                  003dc6b5    00000001                   : BIOS.obj (.text:_ti_sysbios_gates_GateHwi_Instance_init__E)
                  003dc6b6    00000001     ti.uia.loggers.a28FP : LoggerStopMode.o28FP (.text:_ti_uia_loggers_LoggerStopMode_setPriority__E)
                  003dc6b7    00000001     rts2800_fpu32.lib : newhandler.obj (.text)

.econst    0    003dc6b8    000023a8     
                  003dc6b8    00001ce8     Quad_p28FP.o28FP (.econst:xdc_runtime_Text_charTab__A)
                  003de3a0    00000100     F2806x_PieVect.obj (.econst)
                  003de4a0    00000100     Quad_p28FP.o28FP (.econst:_ti_sysbios_family_c28_Hwi_vectors)
                  003de5a0    00000077     Quad_p28FP.o28FP (.econst:.string)
                  003de617    00000070     Quad_p28FP.o28FP (.econst:xdc_runtime_Text_nodeTab__A)
                  003de687    00000001     Quad_p28FP.o28FP (.econst:ti_sysbios_family_c28_Hwi_Module__id__C)
                  003de688    00000058     ti.targets.rts2800.a28FP : Error.o28FP (.econst:.string)
                  003de6e0    00000043                              : Text.o28FP (.econst:.string)
                  003de723    00000001     Quad_p28FP.o28FP (.econst:ti_sysbios_family_c28_Hwi_Module__loggerDefined__C)
                  003de724    00000030     Quad_p28FP.o28FP (.econst:ti_uia_loggers_LoggerStopMode_Module__FXNS__C)
                  003de754    0000002a     ti.targets.rts2800.a28FP : Startup.o28FP (.econst:.string)
                  003de77e    00000026     main.obj (.econst:.string)
                  003de7a4    00000016     Quad_p28FP.o28FP (.econst:ti_uia_loggers_LoggerStopMode_Object__PARAMS__C)
                  003de7ba    00000014     Quad_p28FP.o28FP (.econst:ti_sysbios_heaps_HeapMem_Module__FXNS__C)
                  003de7ce    00000014     Quad_p28FP.o28FP (.econst:xdc_runtime_Startup_sfxnTab__A)
                  003de7e2    00000012     Quad_p28FP.o28FP (.econst:ti_sysbios_gates_GateHwi_Module__FXNS__C)
                  003de7f4    00000012     Quad_p28FP.o28FP (.econst:ti_sysbios_gates_GateMutex_Module__FXNS__C)
                  003de806    00000012     Quad_p28FP.o28FP (.econst:ti_sysbios_heaps_HeapMem_Object__PARAMS__C)
                  003de818    00000011     ti.targets.rts2800.a28FP : System.o28FP (.econst:.string:_digtohex)
                  003de829    00000001     Quad_p28FP.o28FP (.econst:ti_sysbios_family_c28_Hwi_NUM_INTERRUPTS_ALL__C)
                  003de82a    00000010     I2C_Device.obj (.econst:.string)
                  003de83a    00000010     Quad_p28FP.o28FP (.econst:ti_sysbios_gates_GateHwi_Object__DESC__C)
                  003de84a    00000010     Quad_p28FP.o28FP (.econst:ti_sysbios_gates_GateMutex_Object__DESC__C)
                  003de85a    00000010     Quad_p28FP.o28FP (.econst:ti_sysbios_heaps_HeapMem_Object__DESC__C)
                  003de86a    00000010     Quad_p28FP.o28FP (.econst:ti_sysbios_knl_Queue_Object__DESC__C)
                  003de87a    00000010     Quad_p28FP.o28FP (.econst:ti_sysbios_knl_Semaphore_Object__DESC__C)
                  003de88a    00000010     Quad_p28FP.o28FP (.econst:ti_sysbios_knl_Semaphore_Object__PARAMS__C)
                  003de89a    00000010     Quad_p28FP.o28FP (.econst:ti_uia_loggers_LoggerStopMode_Object__DESC__C)
                  003de8aa    0000000c     Quad_p28FP.o28FP (.econst:ti_sysbios_gates_GateHwi_Object__PARAMS__C)
                  003de8b6    0000000c     Quad_p28FP.o28FP (.econst:ti_sysbios_gates_GateMutex_Object__PARAMS__C)
                  003de8c2    0000000c     Quad_p28FP.o28FP (.econst:ti_sysbios_knl_Queue_Object__PARAMS__C)
                  003de8ce    0000000a     Quad_p28FP.o28FP (.econst:xdc_runtime_Startup_sfxnRts__A)
                  003de8d8    00000008     QuadProcessor.obj (.econst:_$P$T2$1)
                  003de8e0    00000008     Command_Transform.obj (.econst:_$P$T3$1)
                  003de8e8    00000008     QuadProcessor.obj (.econst:_$P$T3$2)
                  003de8f0    00000007     ti.targets.rts2800.a28FP : System.o28FP (.econst:.string)
                  003de8f7    00000001     Quad_p28FP.o28FP (.econst:ti_sysbios_family_c28_Hwi_Object__count__C)
                  003de8f8    00000005     ti.targets.rts2800.a28FP : Assert.o28FP (.econst:.string)
                  003de8fd    00000001     Quad_p28FP.o28FP (.econst:ti_sysbios_family_c28_TaskSupport_Module__id__C)
                  003de8fe    00000004     Quad_p28FP.o28FP (.econst)
                  003de902    00000004     Quad_p28FP.o28FP (.econst:ti_sysbios_knl_Idle_funcList__A)
                  003de906    00000004     Quad_p28FP.o28FP (.econst:ti_sysbios_knl_Idle_funcList__C)
                  003de90a    00000004     Quad_p28FP.o28FP (.econst:xdc_runtime_Startup_firstFxns__A)
                  003de90e    00000004     Quad_p28FP.o28FP (.econst:xdc_runtime_Startup_firstFxns__C)
                  003de912    00000004     Quad_p28FP.o28FP (.econst:xdc_runtime_Startup_lastFxns__C)
                  003de916    00000002     Quad_p28FP.o28FP (.econst:ti_sysbios_BIOS_installedErrorHook__C)
                  003de918    00000002     Quad_p28FP.o28FP (.econst:ti_sysbios_family_c28_Hwi_A_badIntNum__C)
                  003de91a    00000002     Quad_p28FP.o28FP (.econst:ti_sysbios_family_c28_Hwi_A_invalidArg__C)
                  003de91c    00000002     Quad_p28FP.o28FP (.econst:ti_sysbios_family_c28_Hwi_E_unpluggedInterrupt__C)
                  003de91e    00000002     Quad_p28FP.o28FP (.econst:ti_sysbios_family_c28_Hwi_LD_end__C)
                  003de920    00000002     Quad_p28FP.o28FP (.econst:ti_sysbios_family_c28_Hwi_LM_begin__C)
                  003de922    00000002     Quad_p28FP.o28FP (.econst:ti_sysbios_family_c28_Hwi_Module__diagsEnabled__C)
                  003de924    00000002     Quad_p28FP.o28FP (.econst:ti_sysbios_family_c28_Hwi_Module__diagsIncluded__C)
                  003de926    00000002     Quad_p28FP.o28FP (.econst:ti_sysbios_family_c28_Hwi_Module__diagsMask__C)
                  003de928    00000002     Quad_p28FP.o28FP (.econst:ti_sysbios_family_c28_Hwi_Module__loggerFxn1__C)
                  003de92a    00000002     Quad_p28FP.o28FP (.econst:ti_sysbios_family_c28_Hwi_Module__loggerFxn8__C)
                  003de92c    00000002     Quad_p28FP.o28FP (.econst:ti_sysbios_family_c28_Hwi_Module__loggerObj__C)
                  003de92e    00000002     Quad_p28FP.o28FP (.econst:ti_sysbios_family_c28_Hwi_Object__table__C)
                  003de930    00000002     Quad_p28FP.o28FP (.econst:ti_sysbios_family_c28_TaskSupport_E_invalidStack__C)
                  003de932    00000002     Quad_p28FP.o28FP (.econst:ti_sysbios_family_c28_Timer_Module__diagsEnabled__C)
                  003de934    00000002     Quad_p28FP.o28FP (.econst:ti_sysbios_family_c28_Timer_Module__diagsIncluded__C)
                  003de936    00000002     Quad_p28FP.o28FP (.econst:ti_sysbios_family_c28_Timer_Module__diagsMask__C)
                  003de938    00000002     Quad_p28FP.o28FP (.econst:ti_sysbios_family_c28_TimestampProvider_Module__diagsEnabled__C)
                  003de93a    00000002     Quad_p28FP.o28FP (.econst:ti_sysbios_family_c28_TimestampProvider_Module__diagsIncluded__C)
                  003de93c    00000002     Quad_p28FP.o28FP (.econst:ti_sysbios_family_c28_TimestampProvider_Module__diagsMask__C)
                  003de93e    00000002     Quad_p28FP.o28FP (.econst:ti_sysbios_gates_GateMutex_A_badContext__C)
                  003de940    00000002     Quad_p28FP.o28FP (.econst:ti_sysbios_gates_GateMutex_Instance_State_sem__O)
                  003de942    00000002     Quad_p28FP.o28FP (.econst:ti_sysbios_gates_GateMutex_Module__diagsEnabled__C)
                  003de944    00000002     Quad_p28FP.o28FP (.econst:ti_sysbios_gates_GateMutex_Module__diagsIncluded__C)
                  003de946    00000002     Quad_p28FP.o28FP (.econst:ti_sysbios_gates_GateMutex_Module__diagsMask__C)
                  003de948    00000002     Quad_p28FP.o28FP (.econst:ti_sysbios_hal_Hwi_E_stackOverflow__C)
                  003de94a    00000002     Quad_p28FP.o28FP (.econst:ti_sysbios_heaps_HeapMem_A_align__C)
                  003de94c    00000002     Quad_p28FP.o28FP (.econst:ti_sysbios_heaps_HeapMem_A_heapSize__C)
                  003de94e    00000002     Quad_p28FP.o28FP (.econst:ti_sysbios_heaps_HeapMem_A_invalidFree__C)
                  003de950    00000002     Quad_p28FP.o28FP (.econst:ti_sysbios_heaps_HeapMem_A_zeroBlock__C)
                  003de952    00000002     Quad_p28FP.o28FP (.econst:ti_sysbios_heaps_HeapMem_E_memory__C)
                  003de954    00000002     Quad_p28FP.o28FP (.econst:ti_sysbios_heaps_HeapMem_Module__diagsEnabled__C)
                  003de956    00000002     Quad_p28FP.o28FP (.econst:ti_sysbios_heaps_HeapMem_Module__diagsIncluded__C)
                  003de958    00000002     Quad_p28FP.o28FP (.econst:ti_sysbios_heaps_HeapMem_Module__diagsMask__C)
                  003de95a    00000002     Quad_p28FP.o28FP (.econst:ti_sysbios_heaps_HeapMem_Module__gateObj__C)
                  003de95c    00000002     Quad_p28FP.o28FP (.econst:ti_sysbios_heaps_HeapMem_Object__table__C)
                  003de95e    00000002     Quad_p28FP.o28FP (.econst:ti_sysbios_heaps_HeapMem_reqAlign__C)
                  003de960    00000002     Quad_p28FP.o28FP (.econst:ti_sysbios_knl_Clock_LM_begin__C)
                  003de962    00000002     Quad_p28FP.o28FP (.econst:ti_sysbios_knl_Clock_LM_tick__C)
                  003de964    00000002     Quad_p28FP.o28FP (.econst:ti_sysbios_knl_Clock_LW_delayed__C)
                  003de966    00000002     Quad_p28FP.o28FP (.econst:ti_sysbios_knl_Clock_Module_State_clockQ__O)
                  003de968    00000002     Quad_p28FP.o28FP (.econst:ti_sysbios_knl_Clock_Module__diagsEnabled__C)
                  003de96a    00000002     Quad_p28FP.o28FP (.econst:ti_sysbios_knl_Clock_Module__diagsIncluded__C)
                  003de96c    00000002     Quad_p28FP.o28FP (.econst:ti_sysbios_knl_Clock_Module__diagsMask__C)
                  003de96e    00000002     Quad_p28FP.o28FP (.econst:ti_sysbios_knl_Clock_Module__loggerFxn1__C)
                  003de970    00000002     Quad_p28FP.o28FP (.econst:ti_sysbios_knl_Clock_Module__loggerFxn2__C)
                  003de972    00000002     Quad_p28FP.o28FP (.econst:ti_sysbios_knl_Clock_Module__loggerObj__C)
                  003de974    00000002     Quad_p28FP.o28FP (.econst:ti_sysbios_knl_Queue_Object__table__C)
                  003de976    00000002     Quad_p28FP.o28FP (.econst:ti_sysbios_knl_Semaphore_A_badContext__C)
                  003de978    00000002     Quad_p28FP.o28FP (.econst:ti_sysbios_knl_Semaphore_A_noEvents__C)
                  003de97a    00000002     Quad_p28FP.o28FP (.econst:ti_sysbios_knl_Semaphore_A_overflow__C)
                  003de97c    00000002     Quad_p28FP.o28FP (.econst:ti_sysbios_knl_Semaphore_A_pendTaskDisabled__C)
                  003de97e    00000002     Quad_p28FP.o28FP (.econst:ti_sysbios_knl_Semaphore_Instance_State_pendQ__O)
                  003de980    00000002     Quad_p28FP.o28FP (.econst:ti_sysbios_knl_Semaphore_LM_pend__C)
                  003de982    00000002     Quad_p28FP.o28FP (.econst:ti_sysbios_knl_Semaphore_LM_post__C)
                  003de984    00000002     Quad_p28FP.o28FP (.econst:ti_sysbios_knl_Semaphore_Module__diagsEnabled__C)
                  003de986    00000002     Quad_p28FP.o28FP (.econst:ti_sysbios_knl_Semaphore_Module__diagsIncluded__C)
                  003de988    00000002     Quad_p28FP.o28FP (.econst:ti_sysbios_knl_Semaphore_Module__diagsMask__C)
                  003de98a    00000002     Quad_p28FP.o28FP (.econst:ti_sysbios_knl_Semaphore_Module__loggerFxn2__C)
                  003de98c    00000002     Quad_p28FP.o28FP (.econst:ti_sysbios_knl_Semaphore_Module__loggerFxn4__C)
                  003de98e    00000002     Quad_p28FP.o28FP (.econst:ti_sysbios_knl_Semaphore_Module__loggerObj__C)
                  003de990    00000002     Quad_p28FP.o28FP (.econst:ti_sysbios_knl_Swi_LD_end__C)
                  003de992    00000002     Quad_p28FP.o28FP (.econst:ti_sysbios_knl_Swi_LM_begin__C)
                  003de994    00000002     Quad_p28FP.o28FP (.econst:ti_sysbios_knl_Swi_LM_post__C)
                  003de996    00000002     Quad_p28FP.o28FP (.econst:ti_sysbios_knl_Swi_Module__diagsEnabled__C)
                  003de998    00000002     Quad_p28FP.o28FP (.econst:ti_sysbios_knl_Swi_Module__diagsIncluded__C)
                  003de99a    00000002     Quad_p28FP.o28FP (.econst:ti_sysbios_knl_Swi_Module__diagsMask__C)
                  003de99c    00000002     Quad_p28FP.o28FP (.econst:ti_sysbios_knl_Swi_Module__loggerFxn1__C)
                  003de99e    00000002     Quad_p28FP.o28FP (.econst:ti_sysbios_knl_Swi_Module__loggerFxn4__C)
                  003de9a0    00000002     Quad_p28FP.o28FP (.econst:ti_sysbios_knl_Swi_Module__loggerObj__C)
                  003de9a2    00000002     Quad_p28FP.o28FP (.econst:ti_sysbios_knl_Swi_Object__table__C)
                  003de9a4    00000002     Quad_p28FP.o28FP (.econst:ti_sysbios_knl_Task_A_badTimeout__C)
                  003de9a6    00000002     Quad_p28FP.o28FP (.econst:ti_sysbios_knl_Task_A_sleepTaskDisabled__C)
                  003de9a8    00000002     Quad_p28FP.o28FP (.econst:ti_sysbios_knl_Task_E_spOutOfBounds__C)
                  003de9aa    00000002     Quad_p28FP.o28FP (.econst:ti_sysbios_knl_Task_E_stackOverflow__C)
                  003de9ac    00000002     Quad_p28FP.o28FP (.econst:ti_sysbios_knl_Task_LD_block__C)
                  003de9ae    00000002     Quad_p28FP.o28FP (.econst:ti_sysbios_knl_Task_LD_exit__C)
                  003de9b0    00000002     Quad_p28FP.o28FP (.econst:ti_sysbios_knl_Task_LD_ready__C)
                  003de9b2    00000002     Quad_p28FP.o28FP (.econst:ti_sysbios_knl_Task_LM_sleep__C)
                  003de9b4    00000002     Quad_p28FP.o28FP (.econst:ti_sysbios_knl_Task_LM_switch__C)
                  003de9b6    00000002     Quad_p28FP.o28FP (.econst:ti_sysbios_knl_Task_Module_State_inactiveQ__O)
                  003de9b8    00000002     Quad_p28FP.o28FP (.econst:ti_sysbios_knl_Task_Module__diagsEnabled__C)
                  003de9ba    00000002     Quad_p28FP.o28FP (.econst:ti_sysbios_knl_Task_Module__diagsIncluded__C)
                  003de9bc    00000002     Quad_p28FP.o28FP (.econst:ti_sysbios_knl_Task_Module__diagsMask__C)
                  003de9be    00000002     Quad_p28FP.o28FP (.econst:ti_sysbios_knl_Task_Module__loggerFxn2__C)
                  003de9c0    00000002     Quad_p28FP.o28FP (.econst:ti_sysbios_knl_Task_Module__loggerFxn4__C)
                  003de9c2    00000002     Quad_p28FP.o28FP (.econst:ti_sysbios_knl_Task_Module__loggerObj__C)
                  003de9c4    00000002     Quad_p28FP.o28FP (.econst:ti_sysbios_knl_Task_Object__table__C)
                  003de9c6    00000002     Quad_p28FP.o28FP (.econst:ti_sysbios_knl_Task_allBlockedFunc__C)
                  003de9c8    00000002     Quad_p28FP.o28FP (.econst:ti_sysbios_utils_Load_LS_cpuLoad__C)
                  003de9ca    00000002     Quad_p28FP.o28FP (.econst:ti_sysbios_utils_Load_LS_hwiLoad__C)
                  003de9cc    00000002     Quad_p28FP.o28FP (.econst:ti_sysbios_utils_Load_Module__diagsEnabled__C)
                  003de9ce    00000002     Quad_p28FP.o28FP (.econst:ti_sysbios_utils_Load_Module__diagsIncluded__C)
                  003de9d0    00000002     Quad_p28FP.o28FP (.econst:ti_sysbios_utils_Load_Module__diagsMask__C)
                  003de9d2    00000002     Quad_p28FP.o28FP (.econst:ti_sysbios_utils_Load_Module__loggerFxn1__C)
                  003de9d4    00000002     Quad_p28FP.o28FP (.econst:ti_sysbios_utils_Load_Module__loggerFxn2__C)
                  003de9d6    00000002     Quad_p28FP.o28FP (.econst:ti_sysbios_utils_Load_Module__loggerObj__C)
                  003de9d8    00000002     Quad_p28FP.o28FP (.econst:ti_sysbios_utils_Load_postUpdate__C)
                  003de9da    00000002     Quad_p28FP.o28FP (.econst:ti_uia_loggers_LoggerStopMode_Module__diagsEnabled__C)
                  003de9dc    00000002     Quad_p28FP.o28FP (.econst:ti_uia_loggers_LoggerStopMode_Module__diagsIncluded__C)
                  003de9de    00000002     Quad_p28FP.o28FP (.econst:ti_uia_loggers_LoggerStopMode_Module__diagsMask__C)
                  003de9e0    00000002     Quad_p28FP.o28FP (.econst:ti_uia_loggers_LoggerStopMode_Object__table__C)
                  003de9e2    00000002     Quad_p28FP.o28FP (.econst:ti_uia_runtime_ILoggerSnapshot_Interface__BASE__C)
                  003de9e4    00000002     Quad_p28FP.o28FP (.econst:ti_uia_runtime_IUIATransfer_Interface__BASE__C)
                  003de9e6    00000002     Quad_p28FP.o28FP (.econst:xdc_runtime_Assert_E_assertFailed__C)
                  003de9e8    00000002     Quad_p28FP.o28FP (.econst:xdc_runtime_Core_A_initializedParams__C)
                  003de9ea    00000002     Quad_p28FP.o28FP (.econst:xdc_runtime_Core_Module__diagsEnabled__C)
                  003de9ec    00000002     Quad_p28FP.o28FP (.econst:xdc_runtime_Core_Module__diagsIncluded__C)
                  003de9ee    00000002     Quad_p28FP.o28FP (.econst:xdc_runtime_Core_Module__diagsMask__C)
                  003de9f0    00000002     Quad_p28FP.o28FP (.econst:xdc_runtime_Error_E_memory__C)
                  003de9f2    00000002     Quad_p28FP.o28FP (.econst:xdc_runtime_Error_Module__diagsEnabled__C)
                  003de9f4    00000002     Quad_p28FP.o28FP (.econst:xdc_runtime_Error_Module__diagsIncluded__C)
                  003de9f6    00000002     Quad_p28FP.o28FP (.econst:xdc_runtime_Error_Module__diagsMask__C)
                  003de9f8    00000002     Quad_p28FP.o28FP (.econst:xdc_runtime_Error_Module__loggerFxn8__C)
                  003de9fa    00000002     Quad_p28FP.o28FP (.econst:xdc_runtime_Error_Module__loggerObj__C)
                  003de9fc    00000002     Quad_p28FP.o28FP (.econst:xdc_runtime_Error_policyFxn__C)
                  003de9fe    00000002     Quad_p28FP.o28FP (.econst:xdc_runtime_Error_raiseHook__C)
                  003dea00    00000002     Quad_p28FP.o28FP (.econst:xdc_runtime_IFilterLogger_Interface__BASE__C)
                  003dea02    00000002     Quad_p28FP.o28FP (.econst:xdc_runtime_IGateProvider_Interface__BASE__C)
                  003dea04    00000002     Quad_p28FP.o28FP (.econst:xdc_runtime_IHeap_Interface__BASE__C)
                  003dea06    00000002     Quad_p28FP.o28FP (.econst:xdc_runtime_ILogger_Interface__BASE__C)
                  003dea08    00000002     Quad_p28FP.o28FP (.econst:xdc_runtime_IModule_Interface__BASE__C)
                  003dea0a    00000002     Quad_p28FP.o28FP (.econst:xdc_runtime_Log_L_error__C)
                  003dea0c    00000002     Quad_p28FP.o28FP (.econst:xdc_runtime_Main_Module__diagsEnabled__C)
                  003dea0e    00000002     Quad_p28FP.o28FP (.econst:xdc_runtime_Main_Module__diagsIncluded__C)
                  003dea10    00000002     Quad_p28FP.o28FP (.econst:xdc_runtime_Main_Module__diagsMask__C)
                  003dea12    00000002     Quad_p28FP.o28FP (.econst:xdc_runtime_Memory_defaultHeapInstance__C)
                  003dea14    00000002     Quad_p28FP.o28FP (.econst:xdc_runtime_Startup_execImpl__C)
                  003dea16    00000002     Quad_p28FP.o28FP (.econst:xdc_runtime_Startup_lastFxns__A)
                  003dea18    00000002     Quad_p28FP.o28FP (.econst:xdc_runtime_Startup_sfxnRts__C)
                  003dea1a    00000002     Quad_p28FP.o28FP (.econst:xdc_runtime_Startup_sfxnTab__C)
                  003dea1c    00000002     Quad_p28FP.o28FP (.econst:xdc_runtime_Startup_startModsFxn__C)
                  003dea1e    00000002     Quad_p28FP.o28FP (.econst:xdc_runtime_SysMin_bufSize__C)
                  003dea20    00000002     Quad_p28FP.o28FP (.econst:xdc_runtime_SysMin_outputFunc__C)
                  003dea22    00000002     Quad_p28FP.o28FP (.econst:xdc_runtime_System_Module__gateObj__C)
                  003dea24    00000002     Quad_p28FP.o28FP (.econst:xdc_runtime_System_abortFxn__C)
                  003dea26    00000002     Quad_p28FP.o28FP (.econst:xdc_runtime_System_exitFxn__C)
                  003dea28    00000002     Quad_p28FP.o28FP (.econst:xdc_runtime_System_extendFxn__C)
                  003dea2a    00000002     Quad_p28FP.o28FP (.econst:xdc_runtime_Text_charTab__C)
                  003dea2c    00000002     Quad_p28FP.o28FP (.econst:xdc_runtime_Text_nameEmpty__C)
                  003dea2e    00000002     Quad_p28FP.o28FP (.econst:xdc_runtime_Text_nameStatic__C)
                  003dea30    00000002     Quad_p28FP.o28FP (.econst:xdc_runtime_Text_nameUnknown__C)
                  003dea32    00000002     Quad_p28FP.o28FP (.econst:xdc_runtime_Text_nodeTab__C)
                  003dea34    00000002     Quad_p28FP.o28FP (.econst:xdc_runtime_Text_visitRopeFxn__C)
                  003dea36    00000001     Quad_p28FP.o28FP (.econst:ti_sysbios_family_c28_Timer_Module__id__C)
                  003dea37    00000001     Quad_p28FP.o28FP (.econst:ti_sysbios_family_c28_Timer_startupNeeded__C)
                  003dea38    00000001     Quad_p28FP.o28FP (.econst:ti_sysbios_family_c28_TimestampProvider_Module__id__C)
                  003dea39    00000001     Quad_p28FP.o28FP (.econst:ti_sysbios_family_c28_TimestampProvider_useClockTimer__C)
                  003dea3a    00000001     Quad_p28FP.o28FP (.econst:ti_sysbios_gates_GateMutex_Module__id__C)
                  003dea3b    00000001     Quad_p28FP.o28FP (.econst:ti_sysbios_hal_Hwi_Module__id__C)
                  003dea3c    00000001     Quad_p28FP.o28FP (.econst:ti_sysbios_heaps_HeapMem_Module__id__C)
                  003dea3d    00000001     Quad_p28FP.o28FP (.econst:ti_sysbios_heaps_HeapMem_Object__count__C)
                  003dea3e    00000001     Quad_p28FP.o28FP (.econst:ti_sysbios_knl_Clock_Module__id__C)
                  003dea3f    00000001     Quad_p28FP.o28FP (.econst:ti_sysbios_knl_Clock_Module__loggerDefined__C)
                  003dea40    00000001     Quad_p28FP.o28FP (.econst:ti_sysbios_knl_Queue_Object__count__C)
                  003dea41    00000001     Quad_p28FP.o28FP (.econst:ti_sysbios_knl_Semaphore_Module__id__C)
                  003dea42    00000001     Quad_p28FP.o28FP (.econst:ti_sysbios_knl_Semaphore_Module__loggerDefined__C)
                  003dea43    00000001     Quad_p28FP.o28FP (.econst:ti_sysbios_knl_Swi_Module__id__C)
                  003dea44    00000001     Quad_p28FP.o28FP (.econst:ti_sysbios_knl_Swi_Module__loggerDefined__C)
                  003dea45    00000001     Quad_p28FP.o28FP (.econst:ti_sysbios_knl_Swi_Object__count__C)
                  003dea46    00000001     Quad_p28FP.o28FP (.econst:ti_sysbios_knl_Task_Module__id__C)
                  003dea47    00000001     Quad_p28FP.o28FP (.econst:ti_sysbios_knl_Task_Module__loggerDefined__C)
                  003dea48    00000001     Quad_p28FP.o28FP (.econst:ti_sysbios_knl_Task_Object__count__C)
                  003dea49    00000001     Quad_p28FP.o28FP (.econst:ti_sysbios_knl_Task_initStackFlag__C)
                  003dea4a    00000001     Quad_p28FP.o28FP (.econst:ti_sysbios_knl_Task_numConstructedTasks__C)
                  003dea4b    00000001     Quad_p28FP.o28FP (.econst:ti_sysbios_utils_Load_Module__id__C)
                  003dea4c    00000001     Quad_p28FP.o28FP (.econst:ti_sysbios_utils_Load_Module__loggerDefined__C)
                  003dea4d    00000001     Quad_p28FP.o28FP (.econst:ti_sysbios_utils_Load_hwiEnabled__C)
                  003dea4e    00000001     Quad_p28FP.o28FP (.econst:ti_sysbios_utils_Load_updateInIdle__C)
                  003dea4f    00000001     Quad_p28FP.o28FP (.econst:ti_sysbios_utils_Load_windowInMs__C)
                  003dea50    00000001     Quad_p28FP.o28FP (.econst:ti_uia_loggers_LoggerStopMode_Module__id__C)
                  003dea51    00000001     Quad_p28FP.o28FP (.econst:ti_uia_loggers_LoggerStopMode_Object__count__C)
                  003dea52    00000001     Quad_p28FP.o28FP (.econst:ti_uia_loggers_LoggerStopMode_isTimestampEnabled__C)
                  003dea53    00000001     Quad_p28FP.o28FP (.econst:xdc_runtime_Core_Module__id__C)
                  003dea54    00000001     Quad_p28FP.o28FP (.econst:xdc_runtime_Error_Module__loggerDefined__C)
                  003dea55    00000001     Quad_p28FP.o28FP (.econst:xdc_runtime_Error_maxDepth__C)
                  003dea56    00000001     Quad_p28FP.o28FP (.econst:xdc_runtime_Error_policy__C)
                  003dea57    00000001     Quad_p28FP.o28FP (.econst:xdc_runtime_Main_Module__id__C)
                  003dea58    00000001     Quad_p28FP.o28FP (.econst:xdc_runtime_Memory_Module__id__C)
                  003dea59    00000001     Quad_p28FP.o28FP (.econst:xdc_runtime_Startup_maxPasses__C)
                  003dea5a    00000001     Quad_p28FP.o28FP (.econst:xdc_runtime_SysMin_flushAtExit__C)
                  003dea5b    00000001     Quad_p28FP.o28FP (.econst:xdc_runtime_System_maxAtexitHandlers__C)
                  003dea5c    00000001     Quad_p28FP.o28FP (.econst:xdc_runtime_Text_charCnt__C)
                  003dea5d    00000001     Quad_p28FP.o28FP (.econst:xdc_runtime_Text_isLoaded__C)
                  003dea5e    00000001     Quad_p28FP.o28FP (.econst:xdc_runtime_Text_registryModsLastId__C)
                  003dea5f    00000001     Quad_p28FP.o28FP (.econst:xdc_runtime_Text_unnamedModsLastId__C)

.cinit     0    003dea60    000004b8     
                  003dea60    0000047b     Quad_p28FP.o28FP (.cinit)
                  003deedb    00000015     HUD_Interface.obj (.cinit)
                  003deef0    0000000a     rts2800_fpu32.lib : _lock.obj (.cinit)
                  003deefa    0000000a                       : exit.obj (.cinit)
                  003def04    00000009     ti.uia.runtime.a28FP : QueueDescriptor.o28FP (.cinit)
                  003def0d    00000005     rts2800_fpu32.lib : vars.obj (.cinit)
                  003def12    00000004                       : errno.obj (.cinit)
                  003def16    00000002     --HOLE-- [fill = 0]

ramfuncs   0    003def18    00000004     RUN ADDR = 00008000
                  003def18    00000004     F2806x_usDelay.obj (ramfuncs)

.switch    0    003def1c    0000001c     
                  003def1c    0000001c     sysbios.a28FP : BIOS.obj (.switch:_ti_sysbios_family_c28_Hwi_clearInterrupt__E)

.ti_catalog_c2800_init_begin 
*          0    003f7ff6    00000002     
                  003f7ff6    00000002     Boot.a28FP : Boot_asm.o28FP (.ti_catalog_c2800_init_begin)

DevEmuRegsFile 
*          1    00000880    00000004     UNINITIALIZED
                  00000880    00000004     F2806x_GlobalVariableDefs.obj (DevEmuRegsFile)

SysPwrCtrlRegsFile 
*          1    00000985    00000003     UNINITIALIZED
                  00000985    00000003     F2806x_GlobalVariableDefs.obj (SysPwrCtrlRegsFile)

FlashRegsFile 
*          1    00000a80    00000008     UNINITIALIZED
                  00000a80    00000008     F2806x_GlobalVariableDefs.obj (FlashRegsFile)

CsmRegsFile 
*          1    00000ae0    00000010     UNINITIALIZED
                  00000ae0    00000010     F2806x_GlobalVariableDefs.obj (CsmRegsFile)

AdcResultFile 
*          1    00000b00    00000010     UNINITIALIZED
                  00000b00    00000010     F2806x_GlobalVariableDefs.obj (AdcResultFile)

CpuTimer0RegsFile 
*          1    00000c00    00000008     UNINITIALIZED
                  00000c00    00000008     F2806x_GlobalVariableDefs.obj (CpuTimer0RegsFile)

CpuTimer1RegsFile 
*          1    00000c08    00000008     UNINITIALIZED
                  00000c08    00000008     F2806x_GlobalVariableDefs.obj (CpuTimer1RegsFile)

CpuTimer2RegsFile 
*          1    00000c10    00000008     UNINITIALIZED
                  00000c10    00000008     F2806x_GlobalVariableDefs.obj (CpuTimer2RegsFile)

PieCtrlRegsFile 
*          1    00000ce0    0000001a     UNINITIALIZED
                  00000ce0    0000001a     F2806x_GlobalVariableDefs.obj (PieCtrlRegsFile)

DmaRegsFile 
*          1    00001000    000000e0     UNINITIALIZED
                  00001000    000000e0     F2806x_GlobalVariableDefs.obj (DmaRegsFile)

Cla1RegsFile 
*          1    00001400    00000040     UNINITIALIZED
                  00001400    00000040     F2806x_GlobalVariableDefs.obj (Cla1RegsFile)

Usb0RegsFile 
*          1    00004000    00000454     UNINITIALIZED
                  00004000    00000454     F2806x_GlobalVariableDefs.obj (Usb0RegsFile)

McbspaRegsFile 
*          1    00005000    00000024     UNINITIALIZED
                  00005000    00000024     F2806x_GlobalVariableDefs.obj (McbspaRegsFile)

ECanaRegsFile 
*          1    00006000    00000034     UNINITIALIZED
                  00006000    00000034     F2806x_GlobalVariableDefs.obj (ECanaRegsFile)

ECanaLAMRegsFile 
*          1    00006040    00000040     UNINITIALIZED
                  00006040    00000040     F2806x_GlobalVariableDefs.obj (ECanaLAMRegsFile)

ECanaMOTSRegsFile 
*          1    00006080    00000040     UNINITIALIZED
                  00006080    00000040     F2806x_GlobalVariableDefs.obj (ECanaMOTSRegsFile)

ECanaMOTORegsFile 
*          1    000060c0    00000040     UNINITIALIZED
                  000060c0    00000040     F2806x_GlobalVariableDefs.obj (ECanaMOTORegsFile)

ECanaMboxesFile 
*          1    00006100    00000100     UNINITIALIZED
                  00006100    00000100     F2806x_GlobalVariableDefs.obj (ECanaMboxesFile)

Comp1RegsFile 
*          1    00006400    00000014     UNINITIALIZED
                  00006400    00000014     F2806x_GlobalVariableDefs.obj (Comp1RegsFile)

Comp2RegsFile 
*          1    00006420    00000014     UNINITIALIZED
                  00006420    00000014     F2806x_GlobalVariableDefs.obj (Comp2RegsFile)

Comp3RegsFile 
*          1    00006440    00000014     UNINITIALIZED
                  00006440    00000014     F2806x_GlobalVariableDefs.obj (Comp3RegsFile)

EPwm1RegsFile 
*          1    00006800    00000040     UNINITIALIZED
                  00006800    00000040     F2806x_GlobalVariableDefs.obj (EPwm1RegsFile)

EPwm2RegsFile 
*          1    00006840    00000040     UNINITIALIZED
                  00006840    00000040     F2806x_GlobalVariableDefs.obj (EPwm2RegsFile)

EPwm3RegsFile 
*          1    00006880    00000040     UNINITIALIZED
                  00006880    00000040     F2806x_GlobalVariableDefs.obj (EPwm3RegsFile)

EPwm4RegsFile 
*          1    000068c0    00000040     UNINITIALIZED
                  000068c0    00000040     F2806x_GlobalVariableDefs.obj (EPwm4RegsFile)

EPwm5RegsFile 
*          1    00006900    00000040     UNINITIALIZED
                  00006900    00000040     F2806x_GlobalVariableDefs.obj (EPwm5RegsFile)

EPwm6RegsFile 
*          1    00006940    00000040     UNINITIALIZED
                  00006940    00000040     F2806x_GlobalVariableDefs.obj (EPwm6RegsFile)

EPwm7RegsFile 
*          1    00006980    00000040     UNINITIALIZED
                  00006980    00000040     F2806x_GlobalVariableDefs.obj (EPwm7RegsFile)

EPwm8RegsFile 
*          1    000069c0    00000040     UNINITIALIZED
                  000069c0    00000040     F2806x_GlobalVariableDefs.obj (EPwm8RegsFile)

ECap1RegsFile 
*          1    00006a00    00000020     UNINITIALIZED
                  00006a00    00000020     F2806x_GlobalVariableDefs.obj (ECap1RegsFile)

ECap2RegsFile 
*          1    00006a20    00000020     UNINITIALIZED
                  00006a20    00000020     F2806x_GlobalVariableDefs.obj (ECap2RegsFile)

ECap3RegsFile 
*          1    00006a40    00000020     UNINITIALIZED
                  00006a40    00000020     F2806x_GlobalVariableDefs.obj (ECap3RegsFile)

HRCap1RegsFile 
*          1    00006ac0    00000020     UNINITIALIZED
                  00006ac0    00000020     F2806x_GlobalVariableDefs.obj (HRCap1RegsFile)

HRCap2RegsFile 
*          1    00006ae0    00000020     UNINITIALIZED
                  00006ae0    00000020     F2806x_GlobalVariableDefs.obj (HRCap2RegsFile)

EQep1RegsFile 
*          1    00006b00    00000022     UNINITIALIZED
                  00006b00    00000022     F2806x_GlobalVariableDefs.obj (EQep1RegsFile)

EQep2RegsFile 
*          1    00006b40    00000022     UNINITIALIZED
                  00006b40    00000022     F2806x_GlobalVariableDefs.obj (EQep2RegsFile)

HRCap3RegsFile 
*          1    00006c80    00000020     UNINITIALIZED
                  00006c80    00000020     F2806x_GlobalVariableDefs.obj (HRCap3RegsFile)

HRCap4RegsFile 
*          1    00006ca0    00000020     UNINITIALIZED
                  00006ca0    00000020     F2806x_GlobalVariableDefs.obj (HRCap4RegsFile)

GpioCtrlRegsFile 
*          1    00006f80    00000040     UNINITIALIZED
                  00006f80    00000040     F2806x_GlobalVariableDefs.obj (GpioCtrlRegsFile)

GpioDataRegsFile 
*          1    00006fc0    00000020     UNINITIALIZED
                  00006fc0    00000020     F2806x_GlobalVariableDefs.obj (GpioDataRegsFile)

GpioIntRegsFile 
*          1    00006fe0    00000020     UNINITIALIZED
                  00006fe0    00000020     F2806x_GlobalVariableDefs.obj (GpioIntRegsFile)

SysCtrlRegsFile 
*          1    00007010    00000030     UNINITIALIZED
                  00007010    00000030     F2806x_GlobalVariableDefs.obj (SysCtrlRegsFile)

SpiaRegsFile 
*          1    00007040    00000010     UNINITIALIZED
                  00007040    00000010     F2806x_GlobalVariableDefs.obj (SpiaRegsFile)

SciaRegsFile 
*          1    00007050    00000010     UNINITIALIZED
                  00007050    00000010     F2806x_GlobalVariableDefs.obj (SciaRegsFile)

NmiIntruptRegsFile 
*          1    00007060    00000010     UNINITIALIZED
                  00007060    00000010     F2806x_GlobalVariableDefs.obj (NmiIntruptRegsFile)

XIntruptRegsFile 
*          1    00007070    00000010     UNINITIALIZED
                  00007070    00000010     F2806x_GlobalVariableDefs.obj (XIntruptRegsFile)

AdcRegsFile 
*          1    00007100    00000050     UNINITIALIZED
                  00007100    00000050     F2806x_GlobalVariableDefs.obj (AdcRegsFile)

SpibRegsFile 
*          1    00007740    00000010     UNINITIALIZED
                  00007740    00000010     F2806x_GlobalVariableDefs.obj (SpibRegsFile)

ScibRegsFile 
*          1    00007750    00000010     UNINITIALIZED
                  00007750    00000010     F2806x_GlobalVariableDefs.obj (ScibRegsFile)

I2caRegsFile 
*          1    00007900    00000022     UNINITIALIZED
                  00007900    00000022     F2806x_GlobalVariableDefs.obj (I2caRegsFile)

.ebss      1    0000a000    000026cc     UNINITIALIZED
                  0000a000    00001400     Quad_p28FP.o28FP (.ebss)
                  0000b400    00001203     Quad_p28FP.o28FP (.ebss:taskStackSection)
                  0000c603    00000001     rts2800_fpu32.lib : errno.obj (.ebss)
                  0000c604    00000018     F2806x_CpuTimers.obj (.ebss)
                  0000c61c    00000008     rts2800_fpu32.lib : trgdrv.obj (.ebss)
                  0000c624    00000006     HUD_Interface.obj (.ebss)
                  0000c62a    00000004     rts2800_fpu32.lib : _lock.obj (.ebss)
                  0000c62e    00000004                       : exit.obj (.ebss)
                  0000c632    00000004     ti.uia.runtime.a28FP : QueueDescriptor.o28FP (.ebss)
                  0000c636    00000002     rts2800_fpu32.lib : vars.obj (.ebss)
                  0000c638    00000008     --HOLE--
                  0000c640    0000008c     main.obj (.ebss)

.stack     1    0000c6cc    00001000     UNINITIALIZED
                  0000c6cc    00001000     --HOLE--

.cio       1    00010000    00000120     UNINITIALIZED
                  00010000    00000120     rts2800_fpu32.lib : ankmsg.obj (.cio)

PartIdRegsFile 
*          1    003d7e80    00000001     UNINITIALIZED
                  003d7e80    00000001     F2806x_GlobalVariableDefs.obj (PartIdRegsFile)

CsmPwlFile 
*          1    003f7ff8    00000008     UNINITIALIZED
                  003f7ff8    00000008     F2806x_GlobalVariableDefs.obj (CsmPwlFile)


GLOBAL DATA SYMBOLS: SORTED BY DATA PAGE

address     data page           name
--------    ----------------    ----
00000000       0 (00000000)     ___ISA__
00000013       0 (00000000)     ___TARG__
00000037       0 (00000000)     ___PLAT__

0000005d       1 (00000040)     ___TRDR__

00000084       2 (00000080)     ___ASM__

00000880      22 (00000880)     _DevEmuRegs

00000985      26 (00000980)     _SysPwrCtrlRegs

00000a80      2a (00000a80)     _FlashRegs

00000ae0      2b (00000ac0)     _CsmRegs

00000b00      2c (00000b00)     _AdcResult

00000c00      30 (00000c00)     _CpuTimer0Regs
00000c08      30 (00000c00)     _CpuTimer1Regs
00000c10      30 (00000c00)     _CpuTimer2Regs

00000ce0      33 (00000cc0)     _PieCtrlRegs

00000d00      34 (00000d00)     _EmuKey
00000d00      34 (00000d00)     _PieVectTable
00000d01      34 (00000d00)     _EmuBMode
00000d02      34 (00000d00)     _Flash_CallbackPtr
00000d04      34 (00000d00)     _Flash_CPUScaleFactor

00001000      40 (00001000)     _DmaRegs

00001400      50 (00001400)     _Cla1Regs

00004000     100 (00004000)     _Usb0Regs

00005000     140 (00005000)     _McbspaRegs

00006000     180 (00006000)     _ECanaRegs

00006040     181 (00006040)     _ECanaLAMRegs

00006080     182 (00006080)     _ECanaMOTSRegs

000060c0     183 (000060c0)     _ECanaMOTORegs

00006100     184 (00006100)     _ECanaMboxes

00006400     190 (00006400)     _Comp1Regs
00006420     190 (00006400)     _Comp2Regs

[...]
003dc0d6   _xdc_runtime_Memory_valloc__E
003dc0ed   _ti_sysbios_family_c28_Timer_Module_startup__E
003dc103   _ti_sysbios_family_c28_Timer_startup__E
003dc119   _ti_sysbios_knl_Task_restore__E
003dc12f   _xdc_runtime_SysMin_abort__E
003dc145   _ti_sysbios_knl_Idle_run__E
003dc15a   _ti_sysbios_knl_Swi_Module_startup__E
003dc16f   _ti_sysbios_utils_Load_getGlobalHwiLoad__E
003dc199   _ti_sysbios_BIOS_errorRaiseHook__I
003dc1ad   _free
003dc1c0   _ti_sysbios_gates_GateMutex_Object__delete__S
003dc1d3   _ti_sysbios_family_c28_Hwi_disableIER__E
003dc1e5   _ti_sysbios_family_c28_Timer_stop__E
003dc1f7   _ti_sysbios_gates_GateHwi_Object__delete__S
003dc209   _ti_sysbios_heaps_HeapMem_Object__delete__S
003dc21b   _ti_sysbios_knl_Clock_Module_startup__E
003dc22d   _ti_uia_loggers_LoggerStopMode_Object__delete__S
003dc23f   _xdc_runtime_Text_cordText__E
003dc251   _ti_sysbios_gates_GateHwi_Handle__label__S
003dc262   _ti_sysbios_gates_GateMutex_Handle__label__S
003dc273   _ti_sysbios_heaps_HeapMem_Handle__label__S
003dc284   _ti_uia_loggers_LoggerStopMode_Handle__label__S
003dc295   _ti_uia_loggers_LoggerStopMode_Instance_init__E
003dc2a6   _xdc_runtime_Error_raiseX__E
003dc2b7   _ti_sysbios_BIOS_rtsLock__I
003dc2c7   _ti_sysbios_family_c28_Hwi_enableIER__E
003dc2d7   _ti_sysbios_knl_Task_restoreHwi__E
003dc2e7   _xdc_runtime_SysMin_Module_startup__E
003dc2f7   _ti_catalog_c2800_init_Boot_disableWatchdog
003dc306   _ti_sysbios_BIOS_startFunc__I
003dc315   _ti_sysbios_gates_GateMutex_Instance_init__E
003dc324   _ti_sysbios_knl_Semaphore_Object__destruct__S
003dc342   _xdc_runtime_Registry_findById__E
003dc351   _ti_sysbios_knl_Queue_Object__destruct__S
003dc35f   _ti_uia_loggers_LoggerStopMode_enable__E
003dc36d   _xdc_runtime_Text_visitRope__I
003dc37b   _ti_sysbios_BIOS_registerRTSLock__I
003dc388   _ti_sysbios_BIOS_removeRTSLock__I
003dc395   _ti_sysbios_family_c28_Hwi_dispatchC__I
003dc3a2   _ti_sysbios_family_c28_Hwi_restoreIER__E
003dc3af   _ti_sysbios_knl_Task_SupportProxy_start__E
003dc3bc   _ti_sysbios_knl_Task_sleepTimeout__I
003dc3c9   _ti_uia_loggers_LoggerStopMode_disable__E
003dc3e3   _xdc_runtime_Memory_HeapProxy_alloc__E
003dc3f0   _xdc_runtime_System_abort__E
003dc3fd   _memset
003dc40a   _ti_sysbios_BIOS_exitFunc__I
003dc416   _ti_sysbios_gates_GateMutex_leave__E
003dc422   _ti_sysbios_knl_Queue_put__E
003dc42e   _ti_sysbios_knl_Task_enabled__E
003dc43a   _xdc_runtime_Error_check__E
003dc446   _ti_sysbios_family_c28_Hwi_Module__startupDone__F
003dc451   _ti_sysbios_family_c28_Timer_Module__startupDone__F
003dc45c   _ti_sysbios_knl_Task_enter__I
003dc467   _ti_sysbios_knl_Task_unblock__E
003dc472   _xdc_runtime_Memory_HeapProxy_free__E
003dc47d   _xdc_runtime_SysMin_exit__E
003dc488   _xdc_runtime_System_aprintf__E
003dc493   _xdc_runtime_System_exit__E
003dc49e   _xdc_runtime_System_printf__E
003dc4a9   _xdc_runtime_Text_ropeText__E
003dc4b4   _ti_uia_loggers_LoggerStopMode_isEmpty__E
003dc4be   _xdc_runtime_Memory_free__E
003dc4c8   _xdc_runtime_Startup_exec__I
003dc4d2   _ti_sysbios_BIOS_RtsGateProxy_leave__E
003dc4db   _ti_sysbios_family_c28_TaskSupport_checkStack__E
003dc4e4   _ti_sysbios_family_c28_TaskSupport_glue
003dc4ed   _ti_sysbios_hal_Hwi_Module_startup__E
003dc4f6   _ti_sysbios_heaps_HeapMem_Module_GateProxy_leave__E
003dc4ff   _ti_sysbios_knl_Task_SupportProxy_checkStack__E
003dc508   _ti_sysbios_knl_Task_SupportProxy_swap__E
003dc511   _xdc_runtime_System_Module_GateProxy_leave__E
003dc51a   _xdc_runtime_System_snprintf_va__F
003dc51a   _xdc_runtime_System_vsnprintf__E
003dc523   __register_unlock
003dc527   __register_lock
003dc52b   __nop
003dc52c   _ti_sysbios_BIOS_setThreadType__E
003dc534   _ti_sysbios_gates_GateMutex_Instance_finalize__E
003dc53c   _ti_sysbios_hal_Hwi_HwiProxy_getStackInfo__E
003dc54c   _ti_sysbios_knl_Queue_empty__E
003dc554   _ti_sysbios_knl_Semaphore_Instance_finalize__E
003dc55c   _xdc_runtime_Memory_calloc__E
003dc564   _xdc_runtime_SysMin_ready__E
003dc56c   _strlen
003dc574   _ti_catalog_c2800_init_Boot_init
003dc57b   _ti_sysbios_BIOS_RtsGateProxy_enter__E
003dc582   _ti_sysbios_family_c28_Hwi_disable__E
003dc589   _ti_sysbios_heaps_HeapMem_Module_GateProxy_enter__E
003dc590   _ti_sysbios_knl_Clock_TimerProxy_getMaxTicks__E
003dc597   _ti_sysbios_knl_Queue_destruct
003dc59e   _ti_sysbios_knl_Semaphore_destruct
003dc5a5   _xdc_runtime_System_Module_GateProxy_enter__E
003dc5ac   _xdc_runtime_System_SupportProxy_abort__E
003dc5b3   _xdc_runtime_Timestamp_SupportProxy_get64__E
003dc5ba   _xdc_runtime_Timestamp_SupportProxy_getFreq__E
003dc5c1   _ti_sysbios_family_c28_Hwi_restore__E
003dc5c7   _ti_sysbios_family_c28_IntrinsicsSupport_maxbit__E
003dc5cd   _ti_sysbios_family_c28_TimestampProvider_rolloverFunc__E
003dc5d3   _ti_sysbios_family_c28_TimestampProvider_startTimer__E
003dc5df   _ti_sysbios_heaps_HeapMem_Module_GateProxy_query__E
003dc5e5   _ti_sysbios_knl_Swi_disable__E
003dc5eb   _ti_sysbios_knl_Task_disable__E
003dc5f1   _ti_uia_loggers_LoggerStopMode_getFilterLevel__E
003dc5f7   _ti_uia_loggers_LoggerStopMode_setFilterLevel__E
003dc5fd   _xdc_runtime_Gate_enterSystem__E
003dc603   _xdc_runtime_Gate_leaveSystem__E
003dc609   _xdc_runtime_System_SupportProxy_exit__E
003dc60f   _xdc_runtime_System_SupportProxy_putch__E
003dc615   _ti_sysbios_BIOS_start__E
003dc61a   _ti_sysbios_family_c28_Hwi_switchFromBootStack__E
003dc61f   _ti_sysbios_gates_GateHwi_enter__E
003dc629   _xdc_runtime_Error_init__E
003dc62e   ___dl__FPv
003dc633   _strcpy
003dc638   _ti_sysbios_family_c28_Hwi_startup__E
003dc63c   _ti_sysbios_family_c28_TimestampProvider_getFreq__E
003dc640   _ti_sysbios_heaps_HeapMem_isBlocking__E
003dc644   _ti_sysbios_knl_Swi_startup__E
003dc648   _xdc_runtime_Memory_getMaxDefaultTypeAlign__E
003dc64c   ___xdc__init
003dc64f   _ti_catalog_c2800_init_Boot_limpAbort
003dc652   _ti_sysbios_family_c28_Hwi_Module__startupDone__S
003dc655   _ti_sysbios_family_c28_Hwi_getIFR__I
003dc658   _ti_sysbios_family_c28_Timer_Module__startupDone__S
003dc65b   _ti_sysbios_gates_GateHwi_leave__E
003dc65e   _ti_sysbios_hal_Hwi_HwiProxy_Module__startupDone__S
003dc661   _ti_sysbios_hal_Hwi_HwiProxy_startup__E
003dc664   _ti_sysbios_hal_Hwi_HwiProxy_switchFromBootStack__E
003dc66a   _ti_sysbios_hal_Hwi_startup__E
003dc66d   _ti_sysbios_knl_Clock_TimerProxy_Module__startupDone__S
003dc670   _ti_sysbios_knl_Idle_loop__E
003dc673   _ti_sysbios_knl_Queue_Instance_init__E
003dc676   _ti_sysbios_knl_Task_SupportProxy_Module__startupDone__S
003dc679   _ti_sysbios_knl_Task_startup__E
003dc67c   _ti_sysbios_utils_Load_update__E
003dc67f   _ti_uia_loggers_LoggerStopMode_getMaxLength__E
003dc682   _xdc_runtime_Startup_reset__I
003dc685   _xdc_runtime_System_Module_startup__E
003dc688   _xdc_runtime_System_SupportProxy_ready__E
003dc68b   _xdc_runtime_System_abortStd__E
003dc68e   _xdc_runtime_System_exitStd__E
003dc691   _xdc_runtime_Timestamp_SupportProxy_get32__E
003dc694   _xdc_runtime_Timestamp_get32__E
003dc697   _xdc_runtime_Timestamp_get64__E
003dc69a   _xdc_runtime_Timestamp_getFreq__E
003dc69d   ___dla__FPv
003dc6a0   _ti_catalog_c2800_init_Boot_defaultLimpAbortFunction
003dc6a2   _ti_sysbios_family_c28_TaskSupport_Module__startupDone__S
003dc6a4   _ti_sysbios_family_c28_Timer_getMaxTicks__E
003dc6a6   _ti_sysbios_gates_GateHwi_query__E
003dc6a8   _ti_sysbios_gates_GateMutex_query__E
003dc6aa   _ti_uia_loggers_LoggerStopMode_getContents__E
003dc6ac   _ti_uia_loggers_LoggerStopMode_getInstanceId__E
003dc6ae   _ti_uia_loggers_LoggerStopMode_getPriority__E
003dc6b0   _ti_uia_loggers_LoggerStopMode_getTransferType__E
003dc6b2   _xdc_runtime_Error_getSite__E
003dc6b4   _ti_sysbios_family_c28_Hwi_interruptReturn__I
003dc6b5   _ti_sysbios_gates_GateHwi_Instance_init__E
003dc6b6   _ti_uia_loggers_LoggerStopMode_setPriority__E
003dc6b7   ___default_new_handler__Fv
003dc6b8   ___etext__
003dc6b8   _xdc_runtime_Text_charTab__A
003dc6b8   etext
003de3a0   _PieVectTableInit
003de4a0   _ti_sysbios_family_c28_Hwi_vectors
003de617   _xdc_runtime_Text_nodeTab__A
003de687   _ti_sysbios_family_c28_Hwi_Module__id__C
003de723   _ti_sysbios_family_c28_Hwi_Module__loggerDefined__C
003de724   _ti_uia_loggers_LoggerStopMode_Module__FXNS__C
003de7a4   _ti_uia_loggers_LoggerStopMode_Object__PARAMS__C
003de7ba   _ti_sysbios_heaps_HeapMem_Module__FXNS__C
003de7ce   _xdc_runtime_Startup_sfxnTab__A
003de7e2   _ti_sysbios_gates_GateHwi_Module__FXNS__C
003de7f4   _ti_sysbios_gates_GateMutex_Module__FXNS__C
003de806   _ti_sysbios_heaps_HeapMem_Object__PARAMS__C
003de829   _ti_sysbios_family_c28_Hwi_NUM_INTERRUPTS_ALL__C
003de83a   _ti_sysbios_gates_GateHwi_Object__DESC__C
003de84a   _ti_sysbios_gates_GateMutex_Object__DESC__C
003de85a   _ti_sysbios_heaps_HeapMem_Object__DESC__C
003de86a   _ti_sysbios_knl_Queue_Object__DESC__C
003de87a   _ti_sysbios_knl_Semaphore_Object__DESC__C
003de88a   _ti_sysbios_knl_Semaphore_Object__PARAMS__C
003de89a   _ti_uia_loggers_LoggerStopMode_Object__DESC__C
003de8aa   _ti_sysbios_gates_GateHwi_Object__PARAMS__C
003de8b6   _ti_sysbios_gates_GateMutex_Object__PARAMS__C
003de8c2   _ti_sysbios_knl_Queue_Object__PARAMS__C
003de8ce   _xdc_runtime_Startup_sfxnRts__A
003de8f7   _ti_sysbios_family_c28_Hwi_Object__count__C
003de8fd   _ti_sysbios_family_c28_TaskSupport_Module__id__C
003de8fe   _task0
003de900   _clock0
003de902   _ti_sysbios_knl_Idle_funcList__A
003de906   _ti_sysbios_knl_Idle_funcList__C
003de90a   _xdc_runtime_Startup_firstFxns__A
003de90e   _xdc_runtime_Startup_firstFxns__C
003de912   _xdc_runtime_Startup_lastFxns__C
003de916   _ti_sysbios_BIOS_installedErrorHook__C
003de918   _ti_sysbios_family_c28_Hwi_A_badIntNum__C
003de91a   _ti_sysbios_family_c28_Hwi_A_invalidArg__C
003de91c   _ti_sysbios_family_c28_Hwi_E_unpluggedInterrupt__C
003de91e   _ti_sysbios_family_c28_Hwi_LD_end__C
003de920   _ti_sysbios_family_c28_Hwi_LM_begin__C
003de922   _ti_sysbios_family_c28_Hwi_Module__diagsEnabled__C
003de924   _ti_sysbios_family_c28_Hwi_Module__diagsIncluded__C
003de926   _ti_sysbios_family_c28_Hwi_Module__diagsMask__C
003de928   _ti_sysbios_family_c28_Hwi_Module__loggerFxn1__C
003de92a   _ti_sysbios_family_c28_Hwi_Module__loggerFxn8__C
003de92c   _ti_sysbios_family_c28_Hwi_Module__loggerObj__C
003de92e   _ti_sysbios_family_c28_Hwi_Object__table__C
003de930   _ti_sysbios_family_c28_TaskSupport_E_invalidStack__C
003de932   _ti_sysbios_family_c28_Timer_Module__diagsEnabled__C
003de934   _ti_sysbios_family_c28_Timer_Module__diagsIncluded__C
003de936   _ti_sysbios_family_c28_Timer_Module__diagsMask__C
003de938   _ti_sysbios_family_c28_TimestampProvider_Module__diagsEnabled__C
003de93a   _ti_sysbios_family_c28_TimestampProvider_Module__diagsIncluded__C
003de93c   _ti_sysbios_family_c28_TimestampProvider_Module__diagsMask__C
003de93e   _ti_sysbios_gates_GateMutex_A_badContext__C
003de940   _ti_sysbios_gates_GateMutex_Instance_State_sem__O
003de942   _ti_sysbios_gates_GateMutex_Module__diagsEnabled__C
003de944   _ti_sysbios_gates_GateMutex_Module__diagsIncluded__C
003de946   _ti_sysbios_gates_GateMutex_Module__diagsMask__C
003de948   _ti_sysbios_hal_Hwi_E_stackOverflow__C
003de94a   _ti_sysbios_heaps_HeapMem_A_align__C
003de94c   _ti_sysbios_heaps_HeapMem_A_heapSize__C
003de94e   _ti_sysbios_heaps_HeapMem_A_invalidFree__C
003de950   _ti_sysbios_heaps_HeapMem_A_zeroBlock__C
003de952   _ti_sysbios_heaps_HeapMem_E_memory__C
003de954   _ti_sysbios_heaps_HeapMem_Module__diagsEnabled__C
003de956   _ti_sysbios_heaps_HeapMem_Module__diagsIncluded__C
003de958   _ti_sysbios_heaps_HeapMem_Module__diagsMask__C
003de95a   _ti_sysbios_heaps_HeapMem_Module__gateObj__C
003de95c   _ti_sysbios_heaps_HeapMem_Object__table__C
003de95e   _ti_sysbios_heaps_HeapMem_reqAlign__C
003de960   _ti_sysbios_knl_Clock_LM_begin__C
003de962   _ti_sysbios_knl_Clock_LM_tick__C
003de964   _ti_sysbios_knl_Clock_LW_delayed__C
003de966   _ti_sysbios_knl_Clock_Module_State_clockQ__O
003de968   _ti_sysbios_knl_Clock_Module__diagsEnabled__C
003de96a   _ti_sysbios_knl_Clock_Module__diagsIncluded__C
003de96c   _ti_sysbios_knl_Clock_Module__diagsMask__C
003de96e   _ti_sysbios_knl_Clock_Module__loggerFxn1__C
003de970   _ti_sysbios_knl_Clock_Module__loggerFxn2__C
003de972   _ti_sysbios_knl_Clock_Module__loggerObj__C
003de974   _ti_sysbios_knl_Queue_Object__table__C
003de976   _ti_sysbios_knl_Semaphore_A_badContext__C
003de978   _ti_sysbios_knl_Semaphore_A_noEvents__C
003de97a   _ti_sysbios_knl_Semaphore_A_overflow__C
003de97c   _ti_sysbios_knl_Semaphore_A_pendTaskDisabled__C
003de97e   _ti_sysbios_knl_Semaphore_Instance_State_pendQ__O
003de980   _ti_sysbios_knl_Semaphore_LM_pend__C
003de982   _ti_sysbios_knl_Semaphore_LM_post__C
003de984   _ti_sysbios_knl_Semaphore_Module__diagsEnabled__C
003de986   _ti_sysbios_knl_Semaphore_Module__diagsIncluded__C
003de988   _ti_sysbios_knl_Semaphore_Module__diagsMask__C
003de98a   _ti_sysbios_knl_Semaphore_Module__loggerFxn2__C
003de98c   _ti_sysbios_knl_Semaphore_Module__loggerFxn4__C
003de98e   _ti_sysbios_knl_Semaphore_Module__loggerObj__C
003de990   _ti_sysbios_knl_Swi_LD_end__C
003de992   _ti_sysbios_knl_Swi_LM_begin__C
003de994   _ti_sysbios_knl_Swi_LM_post__C
003de996   _ti_sysbios_knl_Swi_Module__diagsEnabled__C
003de998   _ti_sysbios_knl_Swi_Module__diagsIncluded__C
003de99a   _ti_sysbios_knl_Swi_Module__diagsMask__C
003de99c   _ti_sysbios_knl_Swi_Module__loggerFxn1__C
003de99e   _ti_sysbios_knl_Swi_Module__loggerFxn4__C
003de9a0   _ti_sysbios_knl_Swi_Module__loggerObj__C
003de9a2   _ti_sysbios_knl_Swi_Object__table__C
003de9a4   _ti_sysbios_knl_Task_A_badTimeout__C
003de9a6   _ti_sysbios_knl_Task_A_sleepTaskDisabled__C
003de9a8   _ti_sysbios_knl_Task_E_spOutOfBounds__C
003de9aa   _ti_sysbios_knl_Task_E_stackOverflow__C
003de9ac   _ti_sysbios_knl_Task_LD_block__C
003de9ae   _ti_sysbios_knl_Task_LD_exit__C
003de9b0   _ti_sysbios_knl_Task_LD_ready__C
003de9b2   _ti_sysbios_knl_Task_LM_sleep__C
003de9b4   _ti_sysbios_knl_Task_LM_switch__C
003de9b6   _ti_sysbios_knl_Task_Module_State_inactiveQ__O
003de9b8   _ti_sysbios_knl_Task_Module__diagsEnabled__C
003de9ba   _ti_sysbios_knl_Task_Module__diagsIncluded__C
003de9bc   _ti_sysbios_knl_Task_Module__diagsMask__C
003de9be   _ti_sysbios_knl_Task_Module__loggerFxn2__C
003de9c0   _ti_sysbios_knl_Task_Module__loggerFxn4__C
003de9c2   _ti_sysbios_knl_Task_Module__loggerObj__C
003de9c4   _ti_sysbios_knl_Task_Object__table__C
003de9c6   _ti_sysbios_knl_Task_allBlockedFunc__C
003de9c8   _ti_sysbios_utils_Load_LS_cpuLoad__C
003de9ca   _ti_sysbios_utils_Load_LS_hwiLoad__C
003de9cc   _ti_sysbios_utils_Load_Module__diagsEnabled__C
003de9ce   _ti_sysbios_utils_Load_Module__diagsIncluded__C
003de9d0   _ti_sysbios_utils_Load_Module__diagsMask__C
003de9d2   _ti_sysbios_utils_Load_Module__loggerFxn1__C
003de9d4   _ti_sysbios_utils_Load_Module__loggerFxn2__C
003de9d6   _ti_sysbios_utils_Load_Module__loggerObj__C
003de9d8   _ti_sysbios_utils_Load_postUpdate__C
003de9da   _ti_uia_loggers_LoggerStopMode_Module__diagsEnabled__C
003de9dc   _ti_uia_loggers_LoggerStopMode_Module__diagsIncluded__C
003de9de   _ti_uia_loggers_LoggerStopMode_Module__diagsMask__C
003de9e0   _ti_uia_loggers_LoggerStopMode_Object__table__C
003de9e2   _ti_uia_runtime_ILoggerSnapshot_Interface__BASE__C
003de9e4   _ti_uia_runtime_IUIATransfer_Interface__BASE__C
003de9e6   _xdc_runtime_Assert_E_assertFailed__C
003de9e8   _xdc_runtime_Core_A_initializedParams__C
003de9ea   _xdc_runtime_Core_Module__diagsEnabled__C
003de9ec   _xdc_runtime_Core_Module__diagsIncluded__C
003de9ee   _xdc_runtime_Core_Module__diagsMask__C
003de9f0   _xdc_runtime_Error_E_memory__C
003de9f2   _xdc_runtime_Error_Module__diagsEnabled__C
003de9f4   _xdc_runtime_Error_Module__diagsIncluded__C
003de9f6   _xdc_runtime_Error_Module__diagsMask__C
003de9f8   _xdc_runtime_Error_Module__loggerFxn8__C
003de9fa   _xdc_runtime_Error_Module__loggerObj__C
003de9fc   _xdc_runtime_Error_policyFxn__C
003de9fe   _xdc_runtime_Error_raiseHook__C
003dea00   _xdc_runtime_IFilterLogger_Interface__BASE__C
003dea02   _xdc_runtime_IGateProvider_Interface__BASE__C
003dea04   _xdc_runtime_IHeap_Interface__BASE__C
003dea06   _xdc_runtime_ILogger_Interface__BASE__C
003dea08   _xdc_runtime_IModule_Interface__BASE__C
003dea0a   _xdc_runtime_Log_L_error__C
003dea0c   _xdc_runtime_Main_Module__diagsEnabled__C
003dea0e   _xdc_runtime_Main_Module__diagsIncluded__C
003dea10   _xdc_runtime_Main_Module__diagsMask__C
003dea12   _xdc_runtime_Memory_defaultHeapInstance__C
003dea14   _xdc_runtime_Startup_execImpl__C
003dea16   _xdc_runtime_Startup_lastFxns__A
003dea18   _xdc_runtime_Startup_sfxnRts__C
003dea1a   _xdc_runtime_Startup_sfxnTab__C
003dea1c   _xdc_runtime_Startup_startModsFxn__C
003dea1e   _xdc_runtime_SysMin_bufSize__C
003dea20   _xdc_runtime_SysMin_outputFunc__C
003dea22   _xdc_runtime_System_Module__gateObj__C
003dea24   _xdc_runtime_System_abortFxn__C
003dea26   _xdc_runtime_System_exitFxn__C
003dea28   _xdc_runtime_System_extendFxn__C
003dea2a   _xdc_runtime_Text_charTab__C
003dea2c   _xdc_runtime_Text_nameEmpty__C
003dea2e   _xdc_runtime_Text_nameStatic__C
003dea30   _xdc_runtime_Text_nameUnknown__C
003dea32   _xdc_runtime_Text_nodeTab__C
003dea34   _xdc_runtime_Text_visitRopeFxn__C
003dea36   _ti_sysbios_family_c28_Timer_Module__id__C
003dea37   _ti_sysbios_family_c28_Timer_startupNeeded__C
003dea38   _ti_sysbios_family_c28_TimestampProvider_Module__id__C
003dea39   _ti_sysbios_family_c28_TimestampProvider_useClockTimer__C
003dea3a   _ti_sysbios_gates_GateMutex_Module__id__C
003dea3b   _ti_sysbios_hal_Hwi_Module__id__C
003dea3c   _ti_sysbios_heaps_HeapMem_Module__id__C
003dea3d   _ti_sysbios_heaps_HeapMem_Object__count__C
003dea3e   _ti_sysbios_knl_Clock_Module__id__C
003dea3f   _ti_sysbios_knl_Clock_Module__loggerDefined__C
003dea40   _ti_sysbios_knl_Queue_Object__count__C
003dea41   _ti_sysbios_knl_Semaphore_Module__id__C
003dea42   _ti_sysbios_knl_Semaphore_Module__loggerDefined__C
003dea43   _ti_sysbios_knl_Swi_Module__id__C
003dea44   _ti_sysbios_knl_Swi_Module__loggerDefined__C
003dea45   _ti_sysbios_knl_Swi_Object__count__C
003dea46   _ti_sysbios_knl_Task_Module__id__C
003dea47   _ti_sysbios_knl_Task_Module__loggerDefined__C
003dea48   _ti_sysbios_knl_Task_Object__count__C
003dea49   _ti_sysbios_knl_Task_initStackFlag__C
003dea4a   _ti_sysbios_knl_Task_numConstructedTasks__C
003dea4b   _ti_sysbios_utils_Load_Module__id__C
003dea4c   _ti_sysbios_utils_Load_Module__loggerDefined__C
003dea4d   _ti_sysbios_utils_Load_hwiEnabled__C
003dea4e   _ti_sysbios_utils_Load_updateInIdle__C
003dea4f   _ti_sysbios_utils_Load_windowInMs__C
003dea50   _ti_uia_loggers_LoggerStopMode_Module__id__C
003dea51   _ti_uia_loggers_LoggerStopMode_Object__count__C
003dea52   _ti_uia_loggers_LoggerStopMode_isTimestampEnabled__C
003dea53   _xdc_runtime_Core_Module__id__C
003dea54   _xdc_runtime_Error_Module__loggerDefined__C
003dea55   _xdc_runtime_Error_maxDepth__C
003dea56   _xdc_runtime_Error_policy__C
003dea57   _xdc_runtime_Main_Module__id__C
003dea58   _xdc_runtime_Memory_Module__id__C
003dea59   _xdc_runtime_Startup_maxPasses__C
003dea5a   _xdc_runtime_SysMin_flushAtExit__C
003dea5b   _xdc_runtime_System_maxAtexitHandlers__C
003dea5c   _xdc_runtime_Text_charCnt__C
003dea5d   _xdc_runtime_Text_isLoaded__C
003dea5e   _xdc_runtime_Text_registryModsLastId__C
003dea5f   _xdc_runtime_Text_unnamedModsLastId__C
003dea60   ___cinit__
003dea60   cinit
003def18   _RamfuncsLoadStart
003def1c   _RamfuncsLoadEnd
003f7ff6   _ti_catalog_c2800_init_Boot_entry
003f7ff8   _CsmPwl
ffffffff   ___binit__
ffffffff   ___c_args__
ffffffff   ___pinit__
ffffffff   binit
ffffffff   pinit

[833 symbols]
