<?xml version="1.0"?>
<link_info>
   <banner>TMS320C2000 Linker PC v6.2.11</banner>
   <copyright>Copyright (c) 1996-2015 Texas Instruments Incorporated</copyright>
   <link_time>0x5628cd45</link_time>
   <link_errors>0x0</link_errors>
   <output_file>Quad_RTSC.out</output_file>
   <entry_point>
      <name>_c_int00</name>
      <address>0x3da7f3</address>
   </entry_point>
   <input_file_list>
      <input_file id="fl-3">
         <path>C:\Users\Chris\git\Quadcopter\Quad_RTSC\Debug\configPkg\package\cfg\</path>
         <kind>object</kind>
         <file>Quad_p28FP.o28FP</file>
         <name>Quad_p28FP.o28FP</name>
      </input_file>
      <input_file id="fl-c">
         <path>.\</path>
         <kind>object</kind>
         <file>Command_Transform.obj</file>
         <name>Command_Transform.obj</name>
      </input_file>
      <input_file id="fl-d">
         <path>.\</path>
         <kind>object</kind>
         <file>F2806x_Adc.obj</file>
         <name>F2806x_Adc.obj</name>
      </input_file>
      <input_file id="fl-e">
         <path>.\</path>
         <kind>object</kind>
         <file>F2806x_CpuTimers.obj</file>
         <name>F2806x_CpuTimers.obj</name>
      </input_file>
      <input_file id="fl-f">
         <path>.\</path>
         <kind>object</kind>
         <file>F2806x_DefaultIsr.obj</file>
         <name>F2806x_DefaultIsr.obj</name>
      </input_file>
      <input_file id="fl-10">
         <path>.\</path>
         <kind>object</kind>
         <file>F2806x_EPwm.obj</file>
         <name>F2806x_EPwm.obj</name>
      </input_file>
      <input_file id="fl-11">
         <path>.\</path>
         <kind>object</kind>
         <file>F2806x_GlobalVariableDefs.obj</file>
         <name>F2806x_GlobalVariableDefs.obj</name>
      </input_file>
      <input_file id="fl-12">
         <path>.\</path>
         <kind>object</kind>
         <file>F2806x_PieCtrl.obj</file>
         <name>F2806x_PieCtrl.obj</name>
      </input_file>
      <input_file id="fl-13">
         <path>.\</path>
         <kind>object</kind>
         <file>F2806x_PieVect.obj</file>
         <name>F2806x_PieVect.obj</name>
      </input_file>
      <input_file id="fl-14">
         <path>.\</path>
         <kind>object</kind>
         <file>F2806x_Sci.obj</file>
         <name>F2806x_Sci.obj</name>
      </input_file>
      <input_file id="fl-15">
         <path>.\</path>
         <kind>object</kind>
         <file>F2806x_Spi.obj</file>
         <name>F2806x_Spi.obj</name>
      </input_file>
      <input_file id="fl-16">
         <path>.\</path>
         <kind>object</kind>
         <file>F2806x_SysCtrl.obj</file>
         <name>F2806x_SysCtrl.obj</name>
      </input_file>
      <input_file id="fl-17">
         <path>.\</path>
         <kind>object</kind>
         <file>F2806x_usDelay.obj</file>
         <name>F2806x_usDelay.obj</name>
      </input_file>
      <input_file id="fl-18">
         <path>.\</path>
         <kind>object</kind>
         <file>HUD_Interface.obj</file>
         <name>HUD_Interface.obj</name>
      </input_file>
      <input_file id="fl-19">
         <path>.\</path>
         <kind>object</kind>
         <file>I2C_Device.obj</file>
         <name>I2C_Device.obj</name>
      </input_file>
      <input_file id="fl-1a">
         <path>.\</path>
         <kind>object</kind>
         <file>LED_Driver.obj</file>
         <name>LED_Driver.obj</name>
      </input_file>
      <input_file id="fl-1b">
         <path>.\</path>
         <kind>object</kind>
         <file>PWM_Driver.obj</file>
         <name>PWM_Driver.obj</name>
      </input_file>
      <input_file id="fl-1c">
         <path>.\</path>
         <kind>object</kind>
         <file>QuadProcessor.obj</file>
         <name>QuadProcessor.obj</name>
      </input_file>
      <input_file id="fl-1d">
         <path>.\</path>
         <kind>object</kind>
         <file>SPI_Device.obj</file>
         <name>SPI_Device.obj</name>
      </input_file>
      <input_file id="fl-1e">
         <path>.\</path>
         <kind>object</kind>
         <file>Sensor_Drvr.obj</file>
         <name>Sensor_Drvr.obj</name>
      </input_file>
      <input_file id="fl-1f">
         <path>.\</path>
         <kind>object</kind>
         <file>main.obj</file>
         <name>main.obj</name>
      </input_file>
      <input_file id="fl-24">
         <path>C:\ti\tirtos_c2000_2_10_01_38\products\uia_2_00_02_39\packages\ti\uia\loggers\lib\release\</path>
         <kind>archive</kind>
         <file>ti.uia.loggers.a28FP</file>
         <name>LoggerStopMode.o28FP</name>
      </input_file>
      <input_file id="fl-25">
         <path>C:\Users\Chris\git\Quadcopter\Quad_RTSC\src\sysbios\</path>
         <kind>archive</kind>
         <file>sysbios.a28FP</file>
         <name>BIOS.obj</name>
      </input_file>
      <input_file id="fl-26">
         <path>C:\Users\Chris\git\Quadcopter\Quad_RTSC\src\sysbios\</path>
         <kind>archive</kind>
         <file>sysbios.a28FP</file>
         <name>c28_Hwi_asm.obj</name>
      </input_file>
      <input_file id="fl-27">
         <path>C:\Users\Chris\git\Quadcopter\Quad_RTSC\src\sysbios\</path>
         <kind>archive</kind>
         <file>sysbios.a28FP</file>
         <name>c28_Hwi_disp.obj</name>
      </input_file>
      <input_file id="fl-28">
         <path>C:\Users\Chris\git\Quadcopter\Quad_RTSC\src\sysbios\</path>
         <kind>archive</kind>
         <file>sysbios.a28FP</file>
         <name>c28_IntrinsicsSupport_asm.obj</name>
      </input_file>
      <input_file id="fl-29">
         <path>C:\Users\Chris\git\Quadcopter\Quad_RTSC\src\sysbios\</path>
         <kind>archive</kind>
         <file>sysbios.a28FP</file>
         <name>c28_TaskSupport_asm.obj</name>
      </input_file>
      <input_file id="fl-2a">
         <path>C:\ti\tirtos_c2000_2_10_01_38\products\bios_6_41_00_26\packages\ti\catalog\c2800\init\lib\</path>
         <kind>archive</kind>
         <file>Boot.a28FP</file>
         <name>Boot.o28FP</name>
      </input_file>
      <input_file id="fl-2b">
         <path>C:\ti\tirtos_c2000_2_10_01_38\products\uia_2_00_02_39\packages\ti\uia\runtime\lib\release\</path>
         <kind>archive</kind>
         <file>ti.uia.runtime.a28FP</file>
         <name>QueueDescriptor.o28FP</name>
      </input_file>
      <input_file id="fl-2c">
         <path>C:\ti\tirtos_c2000_2_10_01_38\products\bios_6_41_00_26\packages\ti\targets\rts2800\lib\</path>
         <kind>archive</kind>
         <file>ti.targets.rts2800.a28FP</file>
         <name>Assert.o28FP</name>
      </input_file>
      <input_file id="fl-2d">
         <path>C:\ti\tirtos_c2000_2_10_01_38\products\bios_6_41_00_26\packages\ti\targets\rts2800\lib\</path>
         <kind>archive</kind>
         <file>ti.targets.rts2800.a28FP</file>
         <name>Core-mem.o28FP</name>
      </input_file>
      <input_file id="fl-2e">
         <path>C:\ti\tirtos_c2000_2_10_01_38\products\bios_6_41_00_26\packages\ti\targets\rts2800\lib\</path>
         <kind>archive</kind>
         <file>ti.targets.rts2800.a28FP</file>
         <name>Core-smem.o28FP</name>
      </input_file>
      <input_file id="fl-2f">
         <path>C:\ti\tirtos_c2000_2_10_01_38\products\bios_6_41_00_26\packages\ti\targets\rts2800\lib\</path>
         <kind>archive</kind>
         <file>ti.targets.rts2800.a28FP</file>
         <name>Core-label.o28FP</name>
      </input_file>
      <input_file id="fl-30">
         <path>C:\ti\tirtos_c2000_2_10_01_38\products\bios_6_41_00_26\packages\ti\targets\rts2800\lib\</path>
         <kind>archive</kind>
         <file>ti.targets.rts2800.a28FP</file>
         <name>Core-params.o28FP</name>
      </input_file>
      <input_file id="fl-31">
         <path>C:\ti\tirtos_c2000_2_10_01_38\products\bios_6_41_00_26\packages\ti\targets\rts2800\lib\</path>
         <kind>archive</kind>
         <file>ti.targets.rts2800.a28FP</file>
         <name>Error.o28FP</name>
      </input_file>
      <input_file id="fl-32">
         <path>C:\ti\tirtos_c2000_2_10_01_38\products\bios_6_41_00_26\packages\ti\targets\rts2800\lib\</path>
         <kind>archive</kind>
         <file>ti.targets.rts2800.a28FP</file>
         <name>Gate.o28FP</name>
      </input_file>
      <input_file id="fl-33">
         <path>C:\ti\tirtos_c2000_2_10_01_38\products\bios_6_41_00_26\packages\ti\targets\rts2800\lib\</path>
         <kind>archive</kind>
         <file>ti.targets.rts2800.a28FP</file>
         <name>Memory.o28FP</name>
      </input_file>
      <input_file id="fl-34">
         <path>C:\ti\tirtos_c2000_2_10_01_38\products\bios_6_41_00_26\packages\ti\targets\rts2800\lib\</path>
         <kind>archive</kind>
         <file>ti.targets.rts2800.a28FP</file>
         <name>Startup.o28FP</name>
      </input_file>
      <input_file id="fl-35">
         <path>C:\ti\tirtos_c2000_2_10_01_38\products\bios_6_41_00_26\packages\ti\targets\rts2800\lib\</path>
         <kind>archive</kind>
         <file>ti.targets.rts2800.a28FP</file>
         <name>System.o28FP</name>
      </input_file>
      <input_file id="fl-36">
         <path>C:\ti\tirtos_c2000_2_10_01_38\products\bios_6_41_00_26\packages\ti\targets\rts2800\lib\</path>
         <kind>archive</kind>
         <file>ti.targets.rts2800.a28FP</file>
         <name>SysMin.o28FP</name>
      </input_file>
      <input_file id="fl-37">
         <path>C:\ti\tirtos_c2000_2_10_01_38\products\bios_6_41_00_26\packages\ti\targets\rts2800\lib\</path>
         <kind>archive</kind>
         <file>ti.targets.rts2800.a28FP</file>
         <name>Text.o28FP</name>
      </input_file>
      <input_file id="fl-38">
         <path>C:\ti\tirtos_c2000_2_10_01_38\products\bios_6_41_00_26\packages\ti\targets\rts2800\lib\</path>
         <kind>archive</kind>
         <file>ti.targets.rts2800.a28FP</file>
         <name>Timestamp.o28FP</name>
      </input_file>
      <input_file id="fl-39">
         <path>C:\ti\tirtos_c2000_2_10_01_38\products\bios_6_41_00_26\packages\ti\targets\rts2800\lib\</path>
         <kind>archive</kind>
         <file>ti.targets.rts2800.a28FP</file>
         <name>xdc_noinit.o28FP</name>
      </input_file>
      <input_file id="fl-3a">
         <path>C:\ti\tirtos_c2000_2_10_01_38\products\bios_6_41_00_26\packages\ti\targets\rts2800\lib\</path>
         <kind>archive</kind>
         <file>ti.targets.rts2800.a28FP</file>
         <name>Registry.o28FP</name>
      </input_file>
      <input_file id="fl-3b">
         <path>C:\ti\tirtos_c2000_2_10_01_38\products\bios_6_41_00_26\packages\ti\targets\rts2800\lib\</path>
         <kind>archive</kind>
         <file>boot.a28FP</file>
         <name>boot_cg.o28FP</name>
      </input_file>
      <input_file id="fl-47">
         <path>c:\ti\ccsv6\tools\compiler\c2000_6.2.11\lib\</path>
         <kind>archive</kind>
         <file>rts2800_fpu32.lib</file>
         <name>_lock.obj</name>
      </input_file>
      <input_file id="fl-48">
         <path>c:\ti\ccsv6\tools\compiler\c2000_6.2.11\lib\</path>
         <kind>archive</kind>
         <file>rts2800_fpu32.lib</file>
         <name>args_main.obj</name>
      </input_file>
      <input_file id="fl-49">
         <path>c:\ti\ccsv6\tools\compiler\c2000_6.2.11\lib\</path>
         <kind>archive</kind>
         <file>rts2800_fpu32.lib</file>
         <name>array_del.obj</name>
      </input_file>
      <input_file id="fl-4a">
         <path>c:\ti\ccsv6\tools\compiler\c2000_6.2.11\lib\</path>
         <kind>archive</kind>
         <file>rts2800_fpu32.lib</file>
         <name>delete.obj</name>
      </input_file>
      <input_file id="fl-4b">
         <path>c:\ti\ccsv6\tools\compiler\c2000_6.2.11\lib\</path>
         <kind>archive</kind>
         <file>rts2800_fpu32.lib</file>
         <name>exit.obj</name>
      </input_file>
      <input_file id="fl-4c">
         <path>c:\ti\ccsv6\tools\compiler\c2000_6.2.11\lib\</path>
         <kind>archive</kind>
         <file>rts2800_fpu32.lib</file>
         <name>far_cpy_tbl.obj</name>
      </input_file>
      <input_file id="fl-4d">
         <path>c:\ti\ccsv6\tools\compiler\c2000_6.2.11\lib\</path>
         <kind>archive</kind>
         <file>rts2800_fpu32.lib</file>
         <name>fs_div.obj</name>
      </input_file>
      <input_file id="fl-4e">
         <path>c:\ti\ccsv6\tools\compiler\c2000_6.2.11\lib\</path>
         <kind>archive</kind>
         <file>rts2800_fpu32.lib</file>
         <name>i_div.obj</name>
      </input_file>
      <input_file id="fl-4f">
         <path>c:\ti\ccsv6\tools\compiler\c2000_6.2.11\lib\</path>
         <kind>archive</kind>
         <file>rts2800_fpu32.lib</file>
         <name>ll_div.obj</name>
      </input_file>
      <input_file id="fl-50">
         <path>c:\ti\ccsv6\tools\compiler\c2000_6.2.11\lib\</path>
         <kind>archive</kind>
         <file>rts2800_fpu32.lib</file>
         <name>memcpy_ff.obj</name>
      </input_file>
      <input_file id="fl-51">
         <path>c:\ti\ccsv6\tools\compiler\c2000_6.2.11\lib\</path>
         <kind>archive</kind>
         <file>rts2800_fpu32.lib</file>
         <name>memset.obj</name>
      </input_file>
      <input_file id="fl-52">
         <path>c:\ti\ccsv6\tools\compiler\c2000_6.2.11\lib\</path>
         <kind>archive</kind>
         <file>rts2800_fpu32.lib</file>
         <name>new_.obj</name>
      </input_file>
      <input_file id="fl-53">
         <path>c:\ti\ccsv6\tools\compiler\c2000_6.2.11\lib\</path>
         <kind>archive</kind>
         <file>rts2800_fpu32.lib</file>
         <name>newhandler.obj</name>
      </input_file>
      <input_file id="fl-54">
         <path>c:\ti\ccsv6\tools\compiler\c2000_6.2.11\lib\</path>
         <kind>archive</kind>
         <file>rts2800_fpu32.lib</file>
         <name>sqrt.obj</name>
      </input_file>
      <input_file id="fl-55">
         <path>c:\ti\ccsv6\tools\compiler\c2000_6.2.11\lib\</path>
         <kind>archive</kind>
         <file>rts2800_fpu32.lib</file>
         <name>strcmp.obj</name>
      </input_file>
      <input_file id="fl-56">
         <path>c:\ti\ccsv6\tools\compiler\c2000_6.2.11\lib\</path>
         <kind>archive</kind>
         <file>rts2800_fpu32.lib</file>
         <name>strlen.obj</name>
      </input_file>
      <input_file id="fl-57">
         <path>c:\ti\ccsv6\tools\compiler\c2000_6.2.11\lib\</path>
         <kind>archive</kind>
         <file>rts2800_fpu32.lib</file>
         <name>trgdrv.obj</name>
      </input_file>
      <input_file id="fl-58">
         <path>c:\ti\ccsv6\tools\compiler\c2000_6.2.11\lib\</path>
         <kind>archive</kind>
         <file>rts2800_fpu32.lib</file>
         <name>vars.obj</name>
      </input_file>
      <input_file id="fl-59">
         <path>c:\ti\ccsv6\tools\compiler\c2000_6.2.11\lib\</path>
         <kind>archive</kind>
         <file>rts2800_fpu32.lib</file>
         <name>ankmsg.obj</name>
      </input_file>
      <input_file id="fl-5a">
         <path>c:\ti\ccsv6\tools\compiler\c2000_6.2.11\lib\</path>
         <kind>archive</kind>
         <file>rts2800_fpu32.lib</file>
         <name>cpy_utils.obj</name>
      </input_file>
      <input_file id="fl-5b">
         <path>c:\ti\ccsv6\tools\compiler\c2000_6.2.11\lib\</path>
         <kind>archive</kind>
         <file>rts2800_fpu32.lib</file>
         <name>errno.obj</name>
      </input_file>
      <input_file id="fl-5c">
         <path>c:\ti\ccsv6\tools\compiler\c2000_6.2.11\lib\</path>
         <kind>archive</kind>
         <file>rts2800_fpu32.lib</file>
         <name>strcpy.obj</name>
      </input_file>
   </input_file_list>
   <object_component_list>
      <object_component id="oc-54">
         <name>xdc.meta</name>
         <load_address>0x0</load_address>
         <run_address>0x0</run_address>
         <size>0xe1</size>
         <input_file_ref idref="fl-3"/>
      </object_component>
      <object_component id="oc-a7">
         <name>PieVectTableFile</name>
         <uninitialized>true</uninitialized>
         <run_address>0xd00</run_address>
         <size>0x100</size>
         <input_file_ref idref="fl-11"/>
      </object_component>
      <object_component id="oc-72">
         <name>EmuKeyVar</name>
         <uninitialized>true</uninitialized>
         <run_address>0xd00</run_address>
         <size>0x1</size>
         <input_file_ref idref="fl-11"/>
      </object_component>
      <object_component id="oc-73">
         <name>EmuBModeVar</name>
         <uninitialized>true</uninitialized>
         <run_address>0xd01</run_address>
         <size>0x1</size>
         <input_file_ref idref="fl-11"/>
      </object_component>
      <object_component id="oc-74">
         <name>FlashCallbackVar</name>
         <uninitialized>true</uninitialized>
         <run_address>0xd02</run_address>
         <size>0x2</size>
         <input_file_ref idref="fl-11"/>
      </object_component>
      <object_component id="oc-75">
         <name>FlashScalingVar</name>
         <uninitialized>true</uninitialized>
         <run_address>0xd04</run_address>
         <size>0x2</size>
         <input_file_ref idref="fl-11"/>
      </object_component>
      <object_component id="oc-77">
         <name>DevEmuRegsFile</name>
         <uninitialized>true</uninitialized>
         <run_address>0x880</run_address>
         <size>0x4</size>
         <input_file_ref idref="fl-11"/>
      </object_component>
      <object_component id="oc-76">
         <name>SysPwrCtrlRegsFile</name>
         <uninitialized>true</uninitialized>
         <run_address>0x985</run_address>
         <size>0x3</size>
         <input_file_ref idref="fl-11"/>
      </object_component>
      <object_component id="oc-78">
         <name>FlashRegsFile</name>
         <uninitialized>true</uninitialized>
         <run_address>0xa80</run_address>
         <size>0x8</size>
         <input_file_ref idref="fl-11"/>
      </object_component>
      <object_component id="oc-82">
         <name>CsmRegsFile</name>
         <uninitialized>true</uninitialized>
         <run_address>0xae0</run_address>
         <size>0x10</size>
         <input_file_ref idref="fl-11"/>
      </object_component>
      <object_component id="oc-7f">
         <name>AdcResultFile</name>
         <uninitialized>true</uninitialized>
         <run_address>0xb00</run_address>
         <size>0x10</size>
         <input_file_ref idref="fl-11"/>
      </object_component>
      <object_component id="oc-79">
         <name>CpuTimer0RegsFile</name>
         <uninitialized>true</uninitialized>
         <run_address>0xc00</run_address>
         <size>0x8</size>
         <input_file_ref idref="fl-11"/>
      </object_component>
      <object_component id="oc-7c">
         <name>CpuTimer1RegsFile</name>
         <uninitialized>true</uninitialized>
         <run_address>0xc08</run_address>
         <size>0x8</size>
         <input_file_ref idref="fl-11"/>
      </object_component>
      <object_component id="oc-7a">
         <name>CpuTimer2RegsFile</name>
         <uninitialized>true</uninitialized>
         <run_address>0xc10</run_address>
         <size>0x8</size>
         <input_file_ref idref="fl-11"/>
      </object_component>
      <object_component id="oc-88">
         <name>PieCtrlRegsFile</name>
         <uninitialized>true</uninitialized>
         <run_address>0xce0</run_address>
         <size>0x1a</size>
         <input_file_ref idref="fl-11"/>
      </object_component>
      <object_component id="oc-9d">
         <name>Cla1RegsFile</name>
         <uninitialized>true</uninitialized>
         <run_address>0x1400</run_address>
         <size>0x40</size>
         <input_file_ref idref="fl-11"/>
      </object_component>
      <object_component id="oc-a6">
         <name>DmaRegsFile</name>
         <uninitialized>true</uninitialized>
         <run_address>0x1000</run_address>
         <size>0xe0</size>
         <input_file_ref idref="fl-11"/>
      </object_component>
      <object_component id="oc-97">
         <name>ECanaRegsFile</name>
         <uninitialized>true</uninitialized>
         <run_address>0x6000</run_address>
         <size>0x34</size>
         <input_file_ref idref="fl-11"/>
      </object_component>
      <object_component id="oc-9b">
         <name>ECanaLAMRegsFile</name>
         <uninitialized>true</uninitialized>
         <run_address>0x6040</run_address>
         <size>0x40</size>
         <input_file_ref idref="fl-11"/>
      </object_component>
      <object_component id="oc-a8">
         <name>ECanaMboxesFile</name>
         <uninitialized>true</uninitialized>
         <run_address>0x6100</run_address>
         <size>0x100</size>
         <input_file_ref idref="fl-11"/>
      </object_component>
      <object_component id="oc-9c">
         <name>ECanaMOTSRegsFile</name>
         <uninitialized>true</uninitialized>
         <run_address>0x6080</run_address>
         <size>0x40</size>
         <input_file_ref idref="fl-11"/>
      </object_component>
      <object_component id="oc-98">
         <name>ECanaMOTORegsFile</name>
         <uninitialized>true</uninitialized>
         <run_address>0x60c0</run_address>
         <size>0x40</size>
         <input_file_ref idref="fl-11"/>
      </object_component>
      <object_component id="oc-90">
         <name>ECap1RegsFile</name>
         <uninitialized>true</uninitialized>
         <run_address>0x6a00</run_address>
         <size>0x20</size>
         <input_file_ref idref="fl-11"/>
      </object_component>
      <object_component id="oc-8f">
         <name>ECap2RegsFile</name>
         <uninitialized>true</uninitialized>
         <run_address>0x6a20</run_address>
         <size>0x20</size>
         <input_file_ref idref="fl-11"/>
      </object_component>
      <object_component id="oc-91">
         <name>ECap3RegsFile</name>
         <uninitialized>true</uninitialized>
         <run_address>0x6a40</run_address>
         <size>0x20</size>
         <input_file_ref idref="fl-11"/>
      </object_component>
      <object_component id="oc-94">
         <name>EQep1RegsFile</name>
         <uninitialized>true</uninitialized>
         <run_address>0x6b00</run_address>
         <size>0x22</size>
         <input_file_ref idref="fl-11"/>
      </object_component>
      <object_component id="oc-92">
         <name>EQep2RegsFile</name>
         <uninitialized>true</uninitialized>
         <run_address>0x6b40</run_address>
         <size>0x22</size>
         <input_file_ref idref="fl-11"/>
      </object_component>
      <object_component id="oc-a0">
         <name>GpioCtrlRegsFile</name>
         <uninitialized>true</uninitialized>
         <run_address>0x6f80</run_address>
         <size>0x40</size>
         <input_file_ref idref="fl-11"/>
      </object_component>
      <object_component id="oc-8a">
         <name>GpioDataRegsFile</name>
         <uninitialized>true</uninitialized>
         <run_address>0x6fc0</run_address>
         <size>0x20</size>
         <input_file_ref idref="fl-11"/>
      </object_component>
      <object_component id="oc-89">
         <name>GpioIntRegsFile</name>
         <uninitialized>true</uninitialized>
         <run_address>0x6fe0</run_address>
         <size>0x20</size>
         <input_file_ref idref="fl-11"/>
      </object_component>
      <object_component id="oc-8d">
         <name>HRCap1RegsFile</name>
         <uninitialized>true</uninitialized>
         <run_address>0x6ac0</run_address>
         <size>0x20</size>
         <input_file_ref idref="fl-11"/>
      </object_component>
      <object_component id="oc-8e">
         <name>HRCap2RegsFile</name>
         <uninitialized>true</uninitialized>
         <run_address>0x6ae0</run_address>
         <size>0x20</size>
         <input_file_ref idref="fl-11"/>
      </object_component>
      <object_component id="oc-8b">
         <name>HRCap3RegsFile</name>
         <uninitialized>true</uninitialized>
         <run_address>0x6c80</run_address>
         <size>0x20</size>
         <input_file_ref idref="fl-11"/>
      </object_component>
      <object_component id="oc-8c">
         <name>HRCap4RegsFile</name>
         <uninitialized>true</uninitialized>
         <run_address>0x6ca0</run_address>
         <size>0x20</size>
         <input_file_ref idref="fl-11"/>
      </object_component>
      <object_component id="oc-96">
         <name>SysCtrlRegsFile</name>
         <uninitialized>true</uninitialized>
         <run_address>0x7010</run_address>
         <size>0x30</size>
         <input_file_ref idref="fl-11"/>
      </object_component>
      <object_component id="oc-7e">
         <name>SpiaRegsFile</name>
         <uninitialized>true</uninitialized>
         <run_address>0x7040</run_address>
         <size>0x10</size>
         <input_file_ref idref="fl-11"/>
      </object_component>
      <object_component id="oc-83">
         <name>SpibRegsFile</name>
         <uninitialized>true</uninitialized>
         <run_address>0x7740</run_address>
         <size>0x10</size>
         <input_file_ref idref="fl-11"/>
      </object_component>
      <object_component id="oc-80">
         <name>SciaRegsFile</name>
         <uninitialized>true</uninitialized>
         <run_address>0x7050</run_address>
         <size>0x10</size>
         <input_file_ref idref="fl-11"/>
      </object_component>
      <object_component id="oc-7d">
         <name>ScibRegsFile</name>
         <uninitialized>true</uninitialized>
         <run_address>0x7750</run_address>
         <size>0x10</size>
         <input_file_ref idref="fl-11"/>
      </object_component>
      <object_component id="oc-81">
         <name>NmiIntruptRegsFile</name>
         <uninitialized>true</uninitialized>
         <run_address>0x7060</run_address>
         <size>0x10</size>
         <input_file_ref idref="fl-11"/>
      </object_component>
      <object_component id="oc-84">
         <name>XIntruptRegsFile</name>
         <uninitialized>true</uninitialized>
         <run_address>0x7070</run_address>
         <size>0x10</size>
         <input_file_ref idref="fl-11"/>
      </object_component>
      <object_component id="oc-a5">
         <name>AdcRegsFile</name>
         <uninitialized>true</uninitialized>
         <run_address>0x7100</run_address>
         <size>0x50</size>
         <input_file_ref idref="fl-11"/>
      </object_component>
      <object_component id="oc-93">
         <name>I2caRegsFile</name>
         <uninitialized>true</uninitialized>
         <run_address>0x7900</run_address>
         <size>0x22</size>
         <input_file_ref idref="fl-11"/>
      </object_component>
      <object_component id="oc-86">
         <name>Comp1RegsFile</name>
         <uninitialized>true</uninitialized>
         <run_address>0x6400</run_address>
         <size>0x14</size>
         <input_file_ref idref="fl-11"/>
      </object_component>
      <object_component id="oc-85">
         <name>Comp2RegsFile</name>
         <uninitialized>true</uninitialized>
         <run_address>0x6420</run_address>
         <size>0x14</size>
         <input_file_ref idref="fl-11"/>
      </object_component>
      <object_component id="oc-87">
         <name>Comp3RegsFile</name>
         <uninitialized>true</uninitialized>
         <run_address>0x6440</run_address>
         <size>0x14</size>
         <input_file_ref idref="fl-11"/>
      </object_component>
      <object_component id="oc-9a">
         <name>EPwm1RegsFile</name>
         <uninitialized>true</uninitialized>
         <run_address>0x6800</run_address>
         <size>0x40</size>
         <input_file_ref idref="fl-11"/>
      </object_component>
      <object_component id="oc-99">
         <name>EPwm2RegsFile</name>
         <uninitialized>true</uninitialized>
         <run_address>0x6840</run_address>
         <size>0x40</size>
         <input_file_ref idref="fl-11"/>
      </object_component>
      <object_component id="oc-a4">
         <name>EPwm3RegsFile</name>
         <uninitialized>true</uninitialized>
         <run_address>0x6880</run_address>
         <size>0x40</size>
         <input_file_ref idref="fl-11"/>
      </object_component>
      <object_component id="oc-a2">
         <name>EPwm4RegsFile</name>
         <uninitialized>true</uninitialized>
         <run_address>0x68c0</run_address>
         <size>0x40</size>
         <input_file_ref idref="fl-11"/>
      </object_component>
      <object_component id="oc-a3">
         <name>EPwm5RegsFile</name>
         <uninitialized>true</uninitialized>
         <run_address>0x6900</run_address>
         <size>0x40</size>
         <input_file_ref idref="fl-11"/>
      </object_component>
      <object_component id="oc-9f">
         <name>EPwm6RegsFile</name>
         <uninitialized>true</uninitialized>
         <run_address>0x6940</run_address>
         <size>0x40</size>
         <input_file_ref idref="fl-11"/>
      </object_component>
      <object_component id="oc-9e">
         <name>EPwm7RegsFile</name>
         <uninitialized>true</uninitialized>
         <run_address>0x6980</run_address>
         <size>0x40</size>
         <input_file_ref idref="fl-11"/>
      </object_component>
      <object_component id="oc-a1">
         <name>EPwm8RegsFile</name>
         <uninitialized>true</uninitialized>
         <run_address>0x69c0</run_address>
         <size>0x40</size>
         <input_file_ref idref="fl-11"/>
      </object_component>
      <object_component id="oc-95">
         <name>McbspaRegsFile</name>
         <uninitialized>true</uninitialized>
         <run_address>0x5000</run_address>
         <size>0x24</size>
         <input_file_ref idref="fl-11"/>
      </object_component>
      <object_component id="oc-a9">
         <name>Usb0RegsFile</name>
         <uninitialized>true</uninitialized>
         <run_address>0x4000</run_address>
         <size>0x454</size>
         <input_file_ref idref="fl-11"/>
      </object_component>
      <object_component id="oc-7b">
         <name>CsmPwlFile</name>
         <uninitialized>true</uninitialized>
         <run_address>0x3f7ff8</run_address>
         <size>0x8</size>
         <input_file_ref idref="fl-11"/>
      </object_component>
      <object_component id="oc-71">
         <name>PartIdRegsFile</name>
         <uninitialized>true</uninitialized>
         <run_address>0x3d7e80</run_address>
         <size>0x1</size>
         <input_file_ref idref="fl-11"/>
      </object_component>
      <object_component id="oc-51">
         <name>.cinit</name>
         <load_address>0x3de3f0</load_address>
         <run_address>0x3de3f0</run_address>
         <size>0x47b</size>
         <input_file_ref idref="fl-3"/>
      </object_component>
      <object_component id="oc-c5">
         <name>.cinit</name>
         <load_address>0x3de86b</load_address>
         <run_address>0x3de86b</run_address>
         <size>0x15</size>
         <input_file_ref idref="fl-18"/>
      </object_component>
      <object_component id="oc-14e">
         <name>.cinit</name>
         <load_address>0x3de880</load_address>
         <run_address>0x3de880</run_address>
         <size>0xa</size>
         <input_file_ref idref="fl-47"/>
      </object_component>
      <object_component id="oc-160">
         <name>.cinit</name>
         <load_address>0x3de88a</load_address>
         <run_address>0x3de88a</run_address>
         <size>0xa</size>
         <input_file_ref idref="fl-4b"/>
      </object_component>
      <object_component id="oc-103">
         <name>.cinit</name>
         <load_address>0x3de894</load_address>
         <run_address>0x3de894</run_address>
         <size>0x9</size>
         <input_file_ref idref="fl-2b"/>
      </object_component>
      <object_component id="oc-197">
         <name>.cinit</name>
         <load_address>0x3de89d</load_address>
         <run_address>0x3de89d</run_address>
         <size>0x5</size>
         <input_file_ref idref="fl-58"/>
      </object_component>
      <object_component id="oc-1a4">
         <name>.cinit</name>
         <load_address>0x3de8a2</load_address>
         <run_address>0x3de8a2</run_address>
         <size>0x4</size>
         <input_file_ref idref="fl-5b"/>
      </object_component>
      <object_component id="oc-1da">
         <name>.text</name>
         <load_address>0x3d8000</load_address>
         <run_address>0x3d8000</run_address>
         <size>0x3f0</size>
         <input_file_ref idref="fl-1e"/>
      </object_component>
      <object_component id="oc-68">
         <name>.text:retain</name>
         <load_address>0x3d83f0</load_address>
         <run_address>0x3d83f0</run_address>
         <size>0x39b</size>
         <input_file_ref idref="fl-f"/>
      </object_component>
      <object_component id="oc-296">
         <name>.text:_xdc_runtime_System_doPrint__I</name>
         <load_address>0x3d878b</load_address>
         <run_address>0x3d878b</run_address>
         <size>0x234</size>
         <input_file_ref idref="fl-35"/>
      </object_component>
      <object_component id="oc-348">
         <name>.text</name>
         <load_address>0x3d89bf</load_address>
         <run_address>0x3d89bf</run_address>
         <size>0x211</size>
         <input_file_ref idref="fl-57"/>
      </object_component>
      <object_component id="oc-259">
         <name>.text:_ti_sysbios_knl_Semaphore_pend__E</name>
         <load_address>0x3d8bd0</load_address>
         <run_address>0x3d8bd0</run_address>
         <size>0x1e6</size>
         <input_file_ref idref="fl-25"/>
      </object_component>
      <object_component id="oc-1d1">
         <name>.text:_ti_sysbios_heaps_HeapMem_free__E</name>
         <load_address>0x3d8db6</load_address>
         <run_address>0x3d8db6</run_address>
         <size>0x1d8</size>
         <input_file_ref idref="fl-25"/>
      </object_component>
      <object_component id="oc-1d0">
         <name>.text:_ti_sysbios_heaps_HeapMem_alloc__E</name>
         <load_address>0x3d8f8e</load_address>
         <run_address>0x3d8f8e</run_address>
         <size>0x1d0</size>
         <input_file_ref idref="fl-25"/>
      </object_component>
      <object_component id="oc-244">
         <name>.text</name>
         <load_address>0x3d915e</load_address>
         <run_address>0x3d915e</run_address>
         <size>0x151</size>
         <input_file_ref idref="fl-19"/>
      </object_component>
      <object_component id="oc-1d8">
         <name>.text:_ti_sysbios_knl_Task_sleep__E</name>
         <load_address>0x3d92af</load_address>
         <run_address>0x3d92af</run_address>
         <size>0x13c</size>
         <input_file_ref idref="fl-25"/>
      </object_component>
      <object_component id="oc-210">
         <name>.text:_ti_uia_loggers_LoggerStopMode_writeMemoryRange__E</name>
         <load_address>0x3d93eb</load_address>
         <run_address>0x3d93eb</run_address>
         <size>0x10a</size>
         <input_file_ref idref="fl-3"/>
      </object_component>
      <object_component id="oc-312">
         <name>.text:_xdc_runtime_System_printfExtend__I</name>
         <load_address>0x3d94f5</load_address>
         <run_address>0x3d94f5</run_address>
         <size>0x10a</size>
         <input_file_ref idref="fl-3"/>
      </object_component>
      <object_component id="oc-171">
         <name>.text</name>
         <load_address>0x3d95ff</load_address>
         <run_address>0x3d95ff</run_address>
         <size>0x107</size>
         <input_file_ref idref="fl-4f"/>
      </object_component>
      <object_component id="oc-231">
         <name>.text:_ti_sysbios_heaps_HeapMem_Instance_init__E</name>
         <load_address>0x3d9706</load_address>
         <run_address>0x3d9706</run_address>
         <size>0x105</size>
         <input_file_ref idref="fl-25"/>
      </object_component>
      <object_component id="oc-26e">
         <name>.text:_ti_uia_loggers_LoggerStopMode_writeFinish</name>
         <load_address>0x3d980b</load_address>
         <run_address>0x3d980b</run_address>
         <size>0xf7</size>
         <input_file_ref idref="fl-3"/>
      </object_component>
      <object_component id="oc-2a7">
         <name>.text:_ti_sysbios_family_c28_Hwi_clearInterrupt__E</name>
         <load_address>0x3d9902</load_address>
         <run_address>0x3d9902</run_address>
         <size>0xe7</size>
         <input_file_ref idref="fl-25"/>
      </object_component>
      <object_component id="oc-21f">
         <name>.text:_xdc_runtime_Core_createObject__I</name>
         <load_address>0x3d99e9</load_address>
         <run_address>0x3d99e9</run_address>
         <size>0xc9</size>
         <input_file_ref idref="fl-2d"/>
      </object_component>
      <object_component id="oc-3ac">
         <name>.text:_ti_sysbios_family_c28_Hwi_dispatchCore__I</name>
         <load_address>0x3d9ab2</load_address>
         <run_address>0x3d9ab2</run_address>
         <size>0xc0</size>
         <input_file_ref idref="fl-25"/>
      </object_component>
      <object_component id="oc-25a">
         <name>.text:_ti_sysbios_knl_Semaphore_post__E</name>
         <load_address>0x3d9b72</load_address>
         <run_address>0x3d9b72</run_address>
         <size>0xbf</size>
         <input_file_ref idref="fl-25"/>
      </object_component>
      <object_component id="oc-1b8">
         <name>.text:_ti_sysbios_knl_Clock_workFunc__E</name>
         <load_address>0x3d9c31</load_address>
         <run_address>0x3d9c31</run_address>
         <size>0xbd</size>
         <input_file_ref idref="fl-25"/>
      </object_component>
      <object_component id="oc-302">
         <name>.text:_ti_sysbios_knl_Swi_run__I</name>
         <load_address>0x3d9cee</load_address>
         <run_address>0x3d9cee</run_address>
         <size>0xb2</size>
         <input_file_ref idref="fl-25"/>
      </object_component>
      <object_component id="oc-2ff">
         <name>.text:_xdc_runtime_Core_constructObject__I</name>
         <load_address>0x3d9da0</load_address>
         <run_address>0x3d9da0</run_address>
         <size>0xa2</size>
         <input_file_ref idref="fl-2e"/>
      </object_component>
      <object_component id="oc-37c">
         <name>.text:_ti_sysbios_family_c28_Hwi_dispatch</name>
         <load_address>0x3d9e42</load_address>
         <run_address>0x3d9e42</run_address>
         <size>0x9a</size>
         <input_file_ref idref="fl-27"/>
      </object_component>
      <object_component id="oc-277">
         <name>.text:_xdc_runtime_Error_policyDefault__E</name>
         <load_address>0x3d9edc</load_address>
         <run_address>0x3d9edc</run_address>
         <size>0x9a</size>
         <input_file_ref idref="fl-31"/>
      </object_component>
      <object_component id="oc-2a8">
         <name>.text:_ti_sysbios_family_c28_Hwi_enableInterrupt__E</name>
         <load_address>0x3d9f76</load_address>
         <run_address>0x3d9f76</run_address>
         <size>0x92</size>
         <input_file_ref idref="fl-25"/>
      </object_component>
      <object_component id="oc-36b">
         <name>.text</name>
         <load_address>0x3da008</load_address>
         <run_address>0x3da008</run_address>
         <size>0x8e</size>
         <input_file_ref idref="fl-59"/>
      </object_component>
      <object_component id="oc-169">
         <name>.text</name>
         <load_address>0x3da096</load_address>
         <run_address>0x3da096</run_address>
         <size>0x88</size>
         <input_file_ref idref="fl-4d"/>
      </object_component>
      <object_component id="oc-39b">
         <name>.text:_ti_sysbios_family_c28_Hwi_disableInterrupt__E</name>
         <load_address>0x3da11e</load_address>
         <run_address>0x3da11e</run_address>
         <size>0x87</size>
         <input_file_ref idref="fl-25"/>
      </object_component>
      <object_component id="oc-2f5">
         <name>.text:_ti_sysbios_family_c28_Hwi_disablePIEIER__E</name>
         <load_address>0x3da1a5</load_address>
         <run_address>0x3da1a5</run_address>
         <size>0x86</size>
         <input_file_ref idref="fl-25"/>
      </object_component>
      <object_component id="oc-2f4">
         <name>.text:_ti_sysbios_family_c28_Hwi_enablePIEIER__E</name>
         <load_address>0x3da22b</load_address>
         <run_address>0x3da22b</run_address>
         <size>0x83</size>
         <input_file_ref idref="fl-25"/>
      </object_component>
      <object_component id="oc-2d9">
         <name>.text:_xdc_runtime_Startup_startMods__I</name>
         <load_address>0x3da2ae</load_address>
         <run_address>0x3da2ae</run_address>
         <size>0x7d</size>
         <input_file_ref idref="fl-34"/>
      </object_component>
      <object_component id="oc-272">
         <name>.text:_ti_uia_loggers_LoggerStopMode_flush__E</name>
         <load_address>0x3da32b</load_address>
         <run_address>0x3da32b</run_address>
         <size>0x7a</size>
         <input_file_ref idref="fl-24"/>
      </object_component>
      <object_component id="oc-37e">
         <name>.text:_ti_sysbios_family_c28_Timer_stopAndClear__I</name>
         <load_address>0x3da3a5</load_address>
         <run_address>0x3da3a5</run_address>
         <size>0x78</size>
         <input_file_ref idref="fl-25"/>
      </object_component>
      <object_component id="oc-1f4">
         <name>.text:_ti_sysbios_gates_GateMutex_enter__E</name>
         <load_address>0x3da41d</load_address>
         <run_address>0x3da41d</run_address>
         <size>0x74</size>
         <input_file_ref idref="fl-25"/>
      </object_component>
      <object_component id="oc-339">
         <name>.text:_ti_sysbios_utils_Load_updateLoads__E</name>
         <load_address>0x3da491</load_address>
         <run_address>0x3da491</run_address>
         <size>0x73</size>
         <input_file_ref idref="fl-25"/>
      </object_component>
      <object_component id="oc-29b">
         <name>.text:_ti_sysbios_knl_Task_schedule__I</name>
         <load_address>0x3da504</load_address>
         <run_address>0x3da504</run_address>
         <size>0x70</size>
         <input_file_ref idref="fl-25"/>
      </object_component>
      <object_component id="oc-251">
         <name>.text:_ti_sysbios_knl_Task_startCore__E</name>
         <load_address>0x3da574</load_address>
         <run_address>0x3da574</run_address>
         <size>0x6f</size>
         <input_file_ref idref="fl-25"/>
      </object_component>
      <object_component id="oc-300">
         <name>.text:_ti_sysbios_knl_Semaphore_Instance_init__E</name>
         <load_address>0x3da5e3</load_address>
         <run_address>0x3da5e3</run_address>
         <size>0x6e</size>
         <input_file_ref idref="fl-25"/>
      </object_component>
      <object_component id="oc-2ac">
         <name>.text:_ti_sysbios_knl_Task_checkStacks__E</name>
         <load_address>0x3da651</load_address>
         <run_address>0x3da651</run_address>
         <size>0x6d</size>
         <input_file_ref idref="fl-25"/>
      </object_component>
      <object_component id="oc-332">
         <name>.text:_xdc_runtime_Text_putSite__E</name>
         <load_address>0x3da6be</load_address>
         <run_address>0x3da6be</run_address>
         <size>0x68</size>
         <input_file_ref idref="fl-37"/>
      </object_component>
      <object_component id="oc-304">
         <name>.text:_ti_sysbios_utils_Load_idleFxn__E</name>
         <load_address>0x3da726</load_address>
         <run_address>0x3da726</run_address>
         <size>0x67</size>
         <input_file_ref idref="fl-25"/>
      </object_component>
      <object_component id="oc-23c">
         <name>.text:_ti_sysbios_knl_Task_blockI__E</name>
         <load_address>0x3da78d</load_address>
         <run_address>0x3da78d</run_address>
         <size>0x66</size>
         <input_file_ref idref="fl-25"/>
      </object_component>
      <object_component id="oc-4f">
         <name>.text</name>
         <load_address>0x3da7f3</load_address>
         <run_address>0x3da7f3</run_address>
         <size>0x63</size>
         <input_file_ref idref="fl-3b"/>
      </object_component>
      <object_component id="oc-1fc">
         <name>.text:_ti_sysbios_knl_Swi_post__E</name>
         <load_address>0x3da856</load_address>
         <run_address>0x3da856</run_address>
         <size>0x62</size>
         <input_file_ref idref="fl-25"/>
      </object_component>
      <object_component id="oc-205">
         <name>.text:_ti_uia_loggers_LoggerStopMode_write8__E</name>
         <load_address>0x3da8b8</load_address>
         <run_address>0x3da8b8</run_address>
         <size>0x5f</size>
         <input_file_ref idref="fl-3"/>
      </object_component>
      <object_component id="oc-1db">
         <name>.text</name>
         <load_address>0x3da917</load_address>
         <run_address>0x3da917</run_address>
         <size>0x59</size>
         <input_file_ref idref="fl-1a"/>
      </object_component>
      <object_component id="oc-386">
         <name>.text:_ti_sysbios_knl_Task_exit__E</name>
         <load_address>0x3da970</load_address>
         <run_address>0x3da970</run_address>
         <size>0x59</size>
         <input_file_ref idref="fl-25"/>
      </object_component>
      <object_component id="oc-369">
         <name>.text:_ti_uia_loggers_LoggerStopMode_initQueueDescriptor__E</name>
         <load_address>0x3da9c9</load_address>
         <run_address>0x3da9c9</run_address>
         <size>0x58</size>
         <input_file_ref idref="fl-24"/>
      </object_component>
      <object_component id="oc-29d">
         <name>.text:_xdc_runtime_Memory_alloc__E</name>
         <load_address>0x3daa21</load_address>
         <run_address>0x3daa21</run_address>
         <size>0x58</size>
         <input_file_ref idref="fl-33"/>
      </object_component>
      <object_component id="oc-297">
         <name>.text:_ti_sysbios_knl_Task_unblockI__E</name>
         <load_address>0x3daa79</load_address>
         <run_address>0x3daa79</run_address>
         <size>0x53</size>
         <input_file_ref idref="fl-25"/>
      </object_component>
      <object_component id="oc-1b5">
         <name>.text</name>
         <load_address>0x3daacc</load_address>
         <run_address>0x3daacc</run_address>
         <size>0x4d</size>
         <input_file_ref idref="fl-1f"/>
      </object_component>
      <object_component id="oc-365">
         <name>.text:_ti_sysbios_knl_Task_postInit__I</name>
         <load_address>0x3dab19</load_address>
         <run_address>0x3dab19</run_address>
         <size>0x4b</size>
         <input_file_ref idref="fl-25"/>
      </object_component>
      <object_component id="oc-331">
         <name>.text:_xdc_runtime_Text_putLab__E</name>
         <load_address>0x3dab64</load_address>
         <run_address>0x3dab64</run_address>
         <size>0x4a</size>
         <input_file_ref idref="fl-37"/>
      </object_component>
      <object_component id="oc-32a">
         <name>.text:_ti_sysbios_family_c28_TimestampProvider_get64__E</name>
         <load_address>0x3dabae</load_address>
         <run_address>0x3dabae</run_address>
         <size>0x49</size>
         <input_file_ref idref="fl-25"/>
      </object_component>
      <object_component id="oc-35d">
         <name>.text:_ti_sysbios_family_c28_Timer_postInit__I</name>
         <load_address>0x3dabf7</load_address>
         <run_address>0x3dabf7</run_address>
         <size>0x48</size>
         <input_file_ref idref="fl-25"/>
      </object_component>
      <object_component id="oc-26d">
         <name>.text:_ti_uia_loggers_LoggerStopMode_writeStart</name>
         <load_address>0x3dac3f</load_address>
         <run_address>0x3dac3f</run_address>
         <size>0x48</size>
         <input_file_ref idref="fl-3"/>
      </object_component>
      <object_component id="oc-341">
         <name>.text:_ti_sysbios_family_c28_Hwi_Module_startup__E</name>
         <load_address>0x3dac87</load_address>
         <run_address>0x3dac87</run_address>
         <size>0x47</size>
         <input_file_ref idref="fl-25"/>
      </object_component>
      <object_component id="oc-204">
         <name>.text:_ti_uia_loggers_LoggerStopMode_write4__E</name>
         <load_address>0x3dacce</load_address>
         <run_address>0x3dacce</run_address>
         <size>0x47</size>
         <input_file_ref idref="fl-3"/>
      </object_component>
      <object_component id="oc-221">
         <name>.text:_xdc_runtime_Core_deleteObject__I</name>
         <load_address>0x3dad15</load_address>
         <run_address>0x3dad15</run_address>
         <size>0x46</size>
         <input_file_ref idref="fl-2d"/>
      </object_component>
      <object_component id="oc-1ac">
         <name>.text</name>
         <load_address>0x3dad5b</load_address>
         <run_address>0x3dad5b</run_address>
         <size>0x46</size>
         <input_file_ref idref="fl-4c"/>
      </object_component>
      <object_component id="oc-375">
         <name>.text:_ti_sysbios_utils_Load_logLoads__I</name>
         <load_address>0x3dada1</load_address>
         <run_address>0x3dada1</run_address>
         <size>0x42</size>
         <input_file_ref idref="fl-25"/>
      </object_component>
      <object_component id="oc-ee">
         <name>.text:_ti_sysbios_family_c28_Hwi_unPluggedInterrupt__I</name>
         <load_address>0x3dade3</load_address>
         <run_address>0x3dade3</run_address>
         <size>0x41</size>
         <input_file_ref idref="fl-25"/>
      </object_component>
      <object_component id="oc-39f">
         <name>.text:_ti_sysbios_family_c28_TaskSupport_start__E</name>
         <load_address>0x3dae24</load_address>
         <run_address>0x3dae24</run_address>
         <size>0x3e</size>
         <input_file_ref idref="fl-25"/>
      </object_component>
      <object_component id="oc-2e5">
         <name>.text:_xdc_runtime_System_formatNum__I</name>
         <load_address>0x3dae62</load_address>
         <run_address>0x3dae62</run_address>
         <size>0x3e</size>
         <input_file_ref idref="fl-35"/>
      </object_component>
      <object_component id="oc-390">
         <name>.text:_ti_uia_runtime_QueueDescriptor_addToList__E</name>
         <load_address>0x3daea0</load_address>
         <run_address>0x3daea0</run_address>
         <size>0x3d</size>
         <input_file_ref idref="fl-2b"/>
      </object_component>
      <object_component id="oc-203">
         <name>.text:_ti_uia_loggers_LoggerStopMode_write2__E</name>
         <load_address>0x3daedd</load_address>
         <run_address>0x3daedd</run_address>
         <size>0x3b</size>
         <input_file_ref idref="fl-3"/>
      </object_component>
      <object_component id="oc-287">
         <name>.text:_xdc_runtime_Core_assignParams__I</name>
         <load_address>0x3daf18</load_address>
         <run_address>0x3daf18</run_address>
         <size>0x3b</size>
         <input_file_ref idref="fl-30"/>
      </object_component>
      <object_component id="oc-349">
         <name>.text:_xdc_runtime_Text_putMod__E</name>
         <load_address>0x3daf53</load_address>
         <run_address>0x3daf53</run_address>
         <size>0x3a</size>
         <input_file_ref idref="fl-37"/>
      </object_component>
      <object_component id="oc-1f9">
         <name>.text:_ti_sysbios_knl_Clock_logTick__E</name>
         <load_address>0x3daf8d</load_address>
         <run_address>0x3daf8d</run_address>
         <size>0x38</size>
         <input_file_ref idref="fl-25"/>
      </object_component>
      <object_component id="oc-3b4">
         <name>.text:_ti_sysbios_knl_Swi_restoreHwi__E</name>
         <load_address>0x3dafc5</load_address>
         <run_address>0x3dafc5</run_address>
         <size>0x38</size>
         <input_file_ref idref="fl-25"/>
      </object_component>
      <object_component id="oc-352">
         <name>.text:_ti_sysbios_utils_Load_logCPULoad__I</name>
         <load_address>0x3daffd</load_address>
         <run_address>0x3daffd</run_address>
         <size>0x38</size>
         <input_file_ref idref="fl-25"/>
      </object_component>
      <object_component id="oc-351">
         <name>.text:_ti_sysbios_utils_Load_updateThreadContexts__E</name>
         <load_address>0x3db035</load_address>
         <run_address>0x3db035</run_address>
         <size>0x37</size>
         <input_file_ref idref="fl-25"/>
      </object_component>
      <object_component id="oc-340">
         <name>.text:_ti_sysbios_family_c28_TimestampProvider_Module_startup__E</name>
         <load_address>0x3db06c</load_address>
         <run_address>0x3db06c</run_address>
         <size>0x36</size>
         <input_file_ref idref="fl-25"/>
      </object_component>
      <object_component id="oc-202">
         <name>.text:_ti_uia_loggers_LoggerStopMode_write1__E</name>
         <load_address>0x3db0a2</load_address>
         <run_address>0x3db0a2</run_address>
         <size>0x35</size>
         <input_file_ref idref="fl-3"/>
      </object_component>
      <object_component id="oc-24c">
         <name>.text:_ti_sysbios_BIOS_rtsUnlock__I</name>
         <load_address>0x3db0d7</load_address>
         <run_address>0x3db0d7</run_address>
         <size>0x34</size>
         <input_file_ref idref="fl-3"/>
      </object_component>
      <object_component id="oc-3a3">
         <name>.text:_xdc_runtime_Text_visitRope2__I</name>
         <load_address>0x3db10b</load_address>
         <run_address>0x3db10b</run_address>
         <size>0x34</size>
         <input_file_ref idref="fl-37"/>
      </object_component>
      <object_component id="oc-34e">
         <name>.text:_ti_sysbios_family_c28_TimestampProvider_get32__E</name>
         <load_address>0x3db13f</load_address>
         <run_address>0x3db13f</run_address>
         <size>0x33</size>
         <input_file_ref idref="fl-25"/>
      </object_component>
      <object_component id="oc-228">
         <name>.text:_xdc_runtime_Assert_raise__I</name>
         <load_address>0x3db172</load_address>
         <run_address>0x3db172</run_address>
         <size>0x33</size>
         <input_file_ref idref="fl-2c"/>
      </object_component>
      <object_component id="oc-24e">
         <name>.text:_ti_sysbios_family_c28_Timer_start__E</name>
         <load_address>0x3db1a5</load_address>
         <run_address>0x3db1a5</run_address>
         <size>0x32</size>
         <input_file_ref idref="fl-25"/>
      </object_component>
      <object_component id="oc-345">
         <name>.text:_ti_sysbios_knl_Task_Module_startup__E</name>
         <load_address>0x3db1d7</load_address>
         <run_address>0x3db1d7</run_address>
         <size>0x32</size>
         <input_file_ref idref="fl-25"/>
      </object_component>
      <object_component id="oc-2c9">
         <name>.text:_xdc_runtime_Error_setX__E</name>
         <load_address>0x3db209</load_address>
         <run_address>0x3db209</run_address>
         <size>0x32</size>
         <input_file_ref idref="fl-31"/>
      </object_component>
      <object_component id="oc-1ad">
         <name>.text:_xdc_runtime_Startup_exec__E</name>
         <load_address>0x3db23b</load_address>
         <run_address>0x3db23b</run_address>
         <size>0x31</size>
         <input_file_ref idref="fl-34"/>
      </object_component>
      <object_component id="oc-33d">
         <name>.text:_xdc_runtime_Error_print__E</name>
         <load_address>0x3db26c</load_address>
         <run_address>0x3db26c</run_address>
         <size>0x30</size>
         <input_file_ref idref="fl-31"/>
      </object_component>
      <object_component id="oc-2c2">
         <name>.text:_ti_sysbios_knl_Swi_runLoop__I</name>
         <load_address>0x3db29c</load_address>
         <run_address>0x3db29c</run_address>
         <size>0x2f</size>
         <input_file_ref idref="fl-25"/>
      </object_component>
      <object_component id="oc-216">
         <name>.text:.bootCodeSection:_ti_catalog_c2800_init_Boot_configurePll2802x</name>
         <load_address>0x3db2cb</load_address>
         <run_address>0x3db2cb</run_address>
         <size>0x2e</size>
         <input_file_ref idref="fl-2a"/>
      </object_component>
      <object_component id="oc-373">
         <name>.text:_ti_sysbios_family_c28_Timer_getFreq__E</name>
         <load_address>0x3db2f9</load_address>
         <run_address>0x3db2f9</run_address>
         <size>0x2e</size>
         <input_file_ref idref="fl-25"/>
      </object_component>
      <object_component id="oc-267">
         <name>.text:_ti_sysbios_knl_Swi_schedule__I</name>
         <load_address>0x3db327</load_address>
         <run_address>0x3db327</run_address>
         <size>0x2e</size>
         <input_file_ref idref="fl-25"/>
      </object_component>
      <object_component id="oc-350">
         <name>.text:_ti_sysbios_utils_Load_updateCurrentThreadTime__E</name>
         <load_address>0x3db355</load_address>
         <run_address>0x3db355</run_address>
         <size>0x2e</size>
         <input_file_ref idref="fl-25"/>
      </object_component>
      <object_component id="oc-30c">
         <name>.text:_ti_sysbios_family_c28_Hwi_getStackInfo__E</name>
         <load_address>0x3db383</load_address>
         <run_address>0x3db383</run_address>
         <size>0x2d</size>
         <input_file_ref idref="fl-25"/>
      </object_component>
      <object_component id="oc-1d3">
         <name>.text:_ti_sysbios_heaps_HeapMem_getStats__E</name>
         <load_address>0x3db3b0</load_address>
         <run_address>0x3db3b0</run_address>
         <size>0x2d</size>
         <input_file_ref idref="fl-25"/>
      </object_component>
      <object_component id="oc-27a">
         <name>.text:_ti_sysbios_heaps_HeapMem_init__I</name>
         <load_address>0x3db3dd</load_address>
         <run_address>0x3db3dd</run_address>
         <size>0x2d</size>
         <input_file_ref idref="fl-25"/>
      </object_component>
      <object_component id="oc-353">
         <name>.text:_ti_sysbios_family_c28_Hwi_getInterruptFlag__E</name>
         <load_address>0x3db40a</load_address>
         <run_address>0x3db40a</run_address>
         <size>0x2c</size>
         <input_file_ref idref="fl-25"/>
      </object_component>
      <object_component id="oc-346">
         <name>.text:_ti_uia_loggers_LoggerStopMode_Module_startup__E</name>
         <load_address>0x3db436</load_address>
         <run_address>0x3db436</run_address>
         <size>0x2c</size>
         <input_file_ref idref="fl-24"/>
      </object_component>
      <object_component id="oc-33b">
         <name>.text:_ti_sysbios_family_c28_Timer_getExpiredCounts64__E</name>
         <load_address>0x3db462</load_address>
         <run_address>0x3db462</run_address>
         <size>0x2b</size>
         <input_file_ref idref="fl-25"/>
      </object_component>
      <object_component id="oc-201">
         <name>.text:_ti_uia_loggers_LoggerStopMode_write0__E</name>
         <load_address>0x3db48d</load_address>
         <run_address>0x3db48d</run_address>
         <size>0x2b</size>
         <input_file_ref idref="fl-3"/>
      </object_component>
      <object_component id="oc-1dd">
         <name>.text</name>
         <load_address>0x3db4b8</load_address>
         <run_address>0x3db4b8</run_address>
         <size>0x28</size>
         <input_file_ref idref="fl-12"/>
      </object_component>
      <object_component id="oc-2dc">
         <name>.text:_xdc_runtime_SysMin_flush__E</name>
         <load_address>0x3db4e0</load_address>
         <run_address>0x3db4e0</run_address>
         <size>0x28</size>
         <input_file_ref idref="fl-36"/>
      </object_component>
      <object_component id="oc-34a">
         <name>.text:_xdc_runtime_Text_xprintf__I</name>
         <load_address>0x3db508</load_address>
         <run_address>0x3db508</run_address>
         <size>0x27</size>
         <input_file_ref idref="fl-37"/>
      </object_component>
      <object_component id="oc-33c">
         <name>.text:_ti_sysbios_family_c28_Timer_getExpiredCounts__E</name>
         <load_address>0x3db52f</load_address>
         <run_address>0x3db52f</run_address>
         <size>0x26</size>
         <input_file_ref idref="fl-25"/>
      </object_component>
      <object_component id="oc-380">
         <name>.text:_ti_sysbios_family_c28_Timer_setPrescale__E</name>
         <load_address>0x3db555</load_address>
         <run_address>0x3db555</run_address>
         <size>0x26</size>
         <input_file_ref idref="fl-25"/>
      </object_component>
      <object_component id="oc-1de">
         <name>.text</name>
         <load_address>0x3db57b</load_address>
         <run_address>0x3db57b</run_address>
         <size>0x25</size>
         <input_file_ref idref="fl-13"/>
      </object_component>
      <object_component id="oc-3aa">
         <name>.text:_ti_sysbios_family_c28_TaskSupport_buildTaskStack</name>
         <load_address>0x3db5a0</load_address>
         <run_address>0x3db5a0</run_address>
         <size>0x25</size>
         <input_file_ref idref="fl-29"/>
      </object_component>
      <object_component id="oc-2c8">
         <name>.text:_ti_uia_loggers_LoggerStopMode_initBuffer__I</name>
         <load_address>0x3db5c5</load_address>
         <run_address>0x3db5c5</run_address>
         <size>0x25</size>
         <input_file_ref idref="fl-24"/>
      </object_component>
      <object_component id="oc-20f">
         <name>.text:_ti_uia_loggers_LoggerStopMode_reset__E</name>
         <load_address>0x3db5ea</load_address>
         <run_address>0x3db5ea</run_address>
         <size>0x24</size>
         <input_file_ref idref="fl-24"/>
      </object_component>
      <object_component id="oc-1c6">
         <name>.text:_xdc_runtime_System_processAtExit__E</name>
         <load_address>0x3db60e</load_address>
         <run_address>0x3db60e</run_address>
         <size>0x24</size>
         <input_file_ref idref="fl-35"/>
      </object_component>
      <object_component id="oc-242">
         <name>.text:_malloc</name>
         <load_address>0x3db632</load_address>
         <run_address>0x3db632</run_address>
         <size>0x23</size>
         <input_file_ref idref="fl-3"/>
      </object_component>
      <object_component id="oc-252">
         <name>.text:_ti_sysbios_BIOS_nullFunc__I</name>
         <load_address>0x3db655</load_address>
         <run_address>0x3db655</run_address>
         <size>0x1</size>
         <input_file_ref idref="fl-3"/>
      </object_component>
      <object_component id="oc-246">
         <name>.text</name>
         <load_address>0x3db656</load_address>
         <run_address>0x3db656</run_address>
         <size>0x23</size>
         <input_file_ref idref="fl-54"/>
      </object_component>
      <object_component id="oc-16d">
         <name>.text</name>
         <load_address>0x3db679</load_address>
         <run_address>0x3db679</run_address>
         <size>0x22</size>
         <input_file_ref idref="fl-4e"/>
      </object_component>
      <object_component id="oc-2aa">
         <name>.text:_ti_sysbios_knl_Task_allBlockedFunction__I</name>
         <load_address>0x3db69b</load_address>
         <run_address>0x3db69b</run_address>
         <size>0x21</size>
         <input_file_ref idref="fl-25"/>
      </object_component>
      <object_component id="oc-1e0">
         <name>.text:_xdc_runtime_System_atexit__E</name>
         <load_address>0x3db6bc</load_address>
         <run_address>0x3db6bc</run_address>
         <size>0x21</size>
         <input_file_ref idref="fl-35"/>
      </object_component>
      <object_component id="oc-274">
         <name>.text</name>
         <load_address>0x3db6dd</load_address>
         <run_address>0x3db6dd</run_address>
         <size>0x21</size>
         <input_file_ref idref="fl-50"/>
      </object_component>
      <object_component id="oc-1d9">
         <name>.text</name>
         <load_address>0x3db6fe</load_address>
         <run_address>0x3db6fe</run_address>
         <size>0x20</size>
         <input_file_ref idref="fl-52"/>
      </object_component>
      <object_component id="oc-1cc">
         <name>.text:_ti_sysbios_gates_GateHwi_Object__create__S</name>
         <load_address>0x3db71e</load_address>
         <run_address>0x3db71e</run_address>
         <size>0x1e</size>
         <input_file_ref idref="fl-3"/>
      </object_component>
      <object_component id="oc-1f6">
         <name>.text:_ti_sysbios_gates_GateMutex_Object__create__S</name>
         <load_address>0x3db73c</load_address>
         <run_address>0x3db73c</run_address>
         <size>0x1e</size>
         <input_file_ref idref="fl-3"/>
      </object_component>
      <object_component id="oc-1d4">
         <name>.text:_ti_sysbios_heaps_HeapMem_Object__create__S</name>
         <load_address>0x3db75a</load_address>
         <run_address>0x3db75a</run_address>
         <size>0x1e</size>
         <input_file_ref idref="fl-3"/>
      </object_component>
      <object_component id="oc-211">
         <name>.text:_ti_uia_loggers_LoggerStopMode_Object__create__S</name>
         <load_address>0x3db778</load_address>
         <run_address>0x3db778</run_address>
         <size>0x1e</size>
         <input_file_ref idref="fl-3"/>
      </object_component>
      <object_component id="oc-333">
         <name>.text:_xdc_runtime_SysMin_putch__E</name>
         <load_address>0x3db796</load_address>
         <run_address>0x3db796</run_address>
         <size>0x1e</size>
         <input_file_ref idref="fl-36"/>
      </object_component>
      <object_component id="oc-2fd">
         <name>.text:_ti_sysbios_family_c28_TaskSupport_swap__E</name>
         <load_address>0x3db7b4</load_address>
         <run_address>0x3db7b4</run_address>
         <size>0x1d</size>
         <input_file_ref idref="fl-29"/>
      </object_component>
      <object_component id="oc-35c">
         <name>.text:_ti_sysbios_family_c28_Hwi_Object__get__S</name>
         <load_address>0x3db7d1</load_address>
         <run_address>0x3db7d1</run_address>
         <size>0x1c</size>
         <input_file_ref idref="fl-3"/>
      </object_component>
      <object_component id="oc-239">
         <name>.text:_ti_sysbios_knl_Clock_addI__E</name>
         <load_address>0x3db7ed</load_address>
         <run_address>0x3db7ed</run_address>
         <size>0x1c</size>
         <input_file_ref idref="fl-25"/>
      </object_component>
      <object_component id="oc-389">
         <name>.text:_ti_sysbios_knl_Queue_Object__get__S</name>
         <load_address>0x3db809</load_address>
         <run_address>0x3db809</run_address>
         <size>0x1c</size>
         <input_file_ref idref="fl-3"/>
      </object_component>
      <object_component id="oc-3a4">
         <name>.text:_ti_sysbios_family_c28_Hwi_switchAndDispatch__I</name>
         <load_address>0x3db825</load_address>
         <run_address>0x3db825</run_address>
         <size>0x1b</size>
         <input_file_ref idref="fl-26"/>
      </object_component>
      <object_component id="oc-303">
         <name>.text:_ti_sysbios_hal_Hwi_checkStack</name>
         <load_address>0x3db840</load_address>
         <run_address>0x3db840</run_address>
         <size>0x1b</size>
         <input_file_ref idref="fl-25"/>
      </object_component>
      <object_component id="oc-330">
         <name>.text:_xdc_runtime_SysMin_output__I</name>
         <load_address>0x3db85b</load_address>
         <run_address>0x3db85b</run_address>
         <size>0x1b</size>
         <input_file_ref idref="fl-3"/>
      </object_component>
      <object_component id="oc-27b">
         <name>.text:_ti_sysbios_hal_Hwi_initStack</name>
         <load_address>0x3db876</load_address>
         <run_address>0x3db876</run_address>
         <size>0x1a</size>
         <input_file_ref idref="fl-25"/>
      </object_component>
      <object_component id="oc-39e">
         <name>.text:_ti_sysbios_knl_Task_processVitalTaskFlag__I</name>
         <load_address>0x3db890</load_address>
         <run_address>0x3db890</run_address>
         <size>0x1a</size>
         <input_file_ref idref="fl-25"/>
      </object_component>
      <object_component id="oc-222">
         <name>.text:_xdc_runtime_Core_assignLabel__I</name>
         <load_address>0x3db8aa</load_address>
         <run_address>0x3db8aa</run_address>
         <size>0x1a</size>
         <input_file_ref idref="fl-2f"/>
      </object_component>
      <object_component id="oc-19f">
         <name>.text</name>
         <load_address>0x3db8c4</load_address>
         <run_address>0x3db8c4</run_address>
         <size>0x1a</size>
         <input_file_ref idref="fl-5a"/>
      </object_component>
      <object_component id="oc-2d7">
         <name>.text:_ti_sysbios_heaps_HeapMem_Object__get__S</name>
         <load_address>0x3db8de</load_address>
         <run_address>0x3db8de</run_address>
         <size>0x19</size>
         <input_file_ref idref="fl-3"/>
      </object_component>
      <object_component id="oc-2c0">
         <name>.text:_ti_sysbios_knl_Semaphore_construct</name>
         <load_address>0x3db8f7</load_address>
         <run_address>0x3db8f7</run_address>
         <size>0x19</size>
         <input_file_ref idref="fl-3"/>
      </object_component>
      <object_component id="oc-2b8">
         <name>.text:_ti_sysbios_knl_Semaphore_pendTimeout__I</name>
         <load_address>0x3db910</load_address>
         <run_address>0x3db910</run_address>
         <size>0x19</size>
         <input_file_ref idref="fl-25"/>
      </object_component>
      <object_component id="oc-361">
         <name>.text:_ti_sysbios_knl_Swi_Object__get__S</name>
         <load_address>0x3db929</load_address>
         <run_address>0x3db929</run_address>
         <size>0x19</size>
         <input_file_ref idref="fl-3"/>
      </object_component>
      <object_component id="oc-250">
         <name>.text:_ti_sysbios_knl_Swi_restore__E</name>
         <load_address>0x3db942</load_address>
         <run_address>0x3db942</run_address>
         <size>0x19</size>
         <input_file_ref idref="fl-25"/>
      </object_component>
      <object_component id="oc-364">
         <name>.text:_ti_sysbios_knl_Task_Object__get__S</name>
         <load_address>0x3db95b</load_address>
         <run_address>0x3db95b</run_address>
         <size>0x19</size>
         <input_file_ref idref="fl-3"/>
      </object_component>
      <object_component id="oc-368">
         <name>.text:_ti_uia_loggers_LoggerStopMode_Object__get__S</name>
         <load_address>0x3db974</load_address>
         <run_address>0x3db974</run_address>
         <size>0x19</size>
         <input_file_ref idref="fl-3"/>
      </object_component>
      <object_component id="oc-37b">
         <name>.text:_xdc_runtime_System_avprintf__E</name>
         <load_address>0x3db98d</load_address>
         <run_address>0x3db98d</run_address>
         <size>0x19</size>
         <input_file_ref idref="fl-35"/>
      </object_component>
      <object_component id="oc-2e6">
         <name>.text:_xdc_runtime_System_putchar__I</name>
         <load_address>0x3db9a6</load_address>
         <run_address>0x3db9a6</run_address>
         <size>0x19</size>
         <input_file_ref idref="fl-35"/>
      </object_component>
      <object_component id="oc-1ae">
         <name>.text</name>
         <load_address>0x3db9bf</load_address>
         <run_address>0x3db9bf</run_address>
         <size>0x19</size>
         <input_file_ref idref="fl-48"/>
      </object_component>
      <object_component id="oc-280">
         <name>.text</name>
         <load_address>0x3db9d8</load_address>
         <run_address>0x3db9d8</run_address>
         <size>0x19</size>
         <input_file_ref idref="fl-4b"/>
      </object_component>
      <object_component id="oc-2c3">
         <name>.text:_ti_sysbios_family_xxx_Hwi_switchAndRunFunc</name>
         <load_address>0x3db9f1</load_address>
         <run_address>0x3db9f1</run_address>
         <size>0x18</size>
         <input_file_ref idref="fl-26"/>
      </object_component>
      <object_component id="oc-232">
         <name>.text:_xdc_runtime_System_vprintf__E</name>
         <load_address>0x3dba09</load_address>
         <run_address>0x3dba09</run_address>
         <size>0x18</size>
         <input_file_ref idref="fl-35"/>
      </object_component>
      <object_component id="oc-371">
         <name>.text:_xdc_runtime_Text_printVisFxn__I</name>
         <load_address>0x3dba21</load_address>
         <run_address>0x3dba21</run_address>
         <size>0x18</size>
         <input_file_ref idref="fl-37"/>
      </object_component>
      <object_component id="oc-1df">
         <name>.text:_ti_sysbios_BIOS_atExitFunc__I</name>
         <load_address>0x3dba39</load_address>
         <run_address>0x3dba39</run_address>
         <size>0x17</size>
         <input_file_ref idref="fl-3"/>
      </object_component>
      <object_component id="oc-1bb">
         <name>.text:_ti_sysbios_knl_Clock_doTick__I</name>
         <load_address>0x3dba50</load_address>
         <run_address>0x3dba50</run_address>
         <size>0x17</size>
         <input_file_ref idref="fl-3"/>
      </object_component>
      <object_component id="oc-31a">
         <name>.text:_ti_sysbios_knl_Queue_construct</name>
         <load_address>0x3dba67</load_address>
         <run_address>0x3dba67</run_address>
         <size>0x17</size>
         <input_file_ref idref="fl-3"/>
      </object_component>
      <object_component id="oc-2dd">
         <name>.text:_xdc_runtime_Memory_valloc__E</name>
         <load_address>0x3dba7e</load_address>
         <run_address>0x3dba7e</run_address>
         <size>0x17</size>
         <input_file_ref idref="fl-33"/>
      </object_component>
      <object_component id="oc-342">
         <name>.text:_ti_sysbios_family_c28_Timer_Module_startup__E</name>
         <load_address>0x3dba95</load_address>
         <run_address>0x3dba95</run_address>
         <size>0x16</size>
         <input_file_ref idref="fl-25"/>
      </object_component>
      <object_component id="oc-1e2">
         <name>.text:_ti_sysbios_family_c28_Timer_startup__E</name>
         <load_address>0x3dbaab</load_address>
         <run_address>0x3dbaab</run_address>
         <size>0x16</size>
         <input_file_ref idref="fl-25"/>
      </object_component>
      <object_component id="oc-241">
         <name>.text:_ti_sysbios_knl_Task_restore__E</name>
         <load_address>0x3dbac1</load_address>
         <run_address>0x3dbac1</run_address>
         <size>0x16</size>
         <input_file_ref idref="fl-25"/>
      </object_component>
      <object_component id="oc-32c">
         <name>.text:_xdc_runtime_SysMin_abort__E</name>
         <load_address>0x3dbad7</load_address>
         <run_address>0x3dbad7</run_address>
         <size>0x16</size>
         <input_file_ref idref="fl-36"/>
      </object_component>
      <object_component id="oc-1fd">
         <name>.text:_ti_sysbios_knl_Idle_run__E</name>
         <load_address>0x3dbaed</load_address>
         <run_address>0x3dbaed</run_address>
         <size>0x15</size>
         <input_file_ref idref="fl-25"/>
      </object_component>
      <object_component id="oc-344">
         <name>.text:_ti_sysbios_knl_Swi_Module_startup__E</name>
         <load_address>0x3dbb02</load_address>
         <run_address>0x3dbb02</run_address>
         <size>0x15</size>
         <input_file_ref idref="fl-25"/>
      </object_component>
      <object_component id="oc-397">
         <name>.text:_ti_sysbios_utils_Load_getGlobalHwiLoad__E</name>
         <load_address>0x3dbb17</load_address>
         <run_address>0x3dbb17</run_address>
         <size>0x15</size>
         <input_file_ref idref="fl-25"/>
      </object_component>
      <object_component id="oc-273">
         <name>.text:_ti_uia_loggers_LoggerStopMode_fillInTimestamp</name>
         <load_address>0x3dbb2c</load_address>
         <run_address>0x3dbb2c</run_address>
         <size>0x15</size>
         <input_file_ref idref="fl-3"/>
      </object_component>
      <object_component id="oc-308">
         <name>.text:_ti_sysbios_BIOS_errorRaiseHook__I</name>
         <load_address>0x3dbb41</load_address>
         <run_address>0x3dbb41</run_address>
         <size>0x14</size>
         <input_file_ref idref="fl-3"/>
      </object_component>
      <object_component id="oc-29f">
         <name>.text:_free</name>
         <load_address>0x3dbb55</load_address>
         <run_address>0x3dbb55</run_address>
         <size>0x13</size>
         <input_file_ref idref="fl-3"/>
      </object_component>
      <object_component id="oc-1f7">
         <name>.text:_ti_sysbios_gates_GateMutex_Object__delete__S</name>
         <load_address>0x3dbb68</load_address>
         <run_address>0x3dbb68</run_address>
         <size>0x13</size>
         <input_file_ref idref="fl-3"/>
      </object_component>
      <object_component id="oc-3a6">
         <name>.text:_ti_sysbios_family_c28_Hwi_disableIER__E</name>
         <load_address>0x3dbb7b</load_address>
         <run_address>0x3dbb7b</run_address>
         <size>0x12</size>
         <input_file_ref idref="fl-3"/>
      </object_component>
      <object_component id="oc-37f">
         <name>.text:_ti_sysbios_family_c28_Timer_stop__E</name>
         <load_address>0x3dbb8d</load_address>
         <run_address>0x3dbb8d</run_address>
         <size>0x12</size>
         <input_file_ref idref="fl-25"/>
      </object_component>
      <object_component id="oc-1cd">
         <name>.text:_ti_sysbios_gates_GateHwi_Object__delete__S</name>
         <load_address>0x3dbb9f</load_address>
         <run_address>0x3dbb9f</run_address>
         <size>0x12</size>
         <input_file_ref idref="fl-3"/>
      </object_component>
      <object_component id="oc-1d5">
         <name>.text:_ti_sysbios_heaps_HeapMem_Object__delete__S</name>
         <load_address>0x3dbbb1</load_address>
         <run_address>0x3dbbb1</run_address>
         <size>0x12</size>
         <input_file_ref idref="fl-3"/>
      </object_component>
      <object_component id="oc-343">
         <name>.text:_ti_sysbios_knl_Clock_Module_startup__E</name>
         <load_address>0x3dbbc3</load_address>
         <run_address>0x3dbbc3</run_address>
         <size>0x12</size>
[...]
         <name>_ti_sysbios_family_c28_TaskSupport_glue</name>
         <value>0x3dbe8c</value>
         <object_component_ref idref="oc-3ad"/>
      </symbol>
      <symbol id="sm-ae8">
         <name>_ti_catalog_c2800_init_Boot_configurePll2802x</name>
         <value>0x3db2cb</value>
         <object_component_ref idref="oc-216"/>
      </symbol>
      <symbol id="sm-ae9">
         <name>_ti_catalog_c2800_init_Boot_disableWatchdog</name>
         <value>0x3dbc9f</value>
         <object_component_ref idref="oc-215"/>
      </symbol>
      <symbol id="sm-aea">
         <name>_ti_catalog_c2800_init_Boot_defaultLimpAbortFunction</name>
         <value>0x3dc048</value>
         <object_component_ref idref="oc-2d5"/>
      </symbol>
      <symbol id="sm-afe">
         <name>_ti_uia_runtime_QueueDescriptor_gPtrToFirstDescriptor</name>
         <value>0xc634</value>
         <object_component_ref idref="oc-104"/>
      </symbol>
      <symbol id="sm-aff">
         <name>_ti_uia_runtime_QueueDescriptor_addToList__E</name>
         <value>0x3daea0</value>
         <object_component_ref idref="oc-390"/>
      </symbol>
      <symbol id="sm-b00">
         <name>_ti_uia_runtime_QueueDescriptor_gUpdateCount</name>
         <value>0xc632</value>
         <object_component_ref idref="oc-104"/>
      </symbol>
      <symbol id="sm-b12">
         <name>_xdc_runtime_Assert_raise__I</name>
         <value>0x3db172</value>
         <object_component_ref idref="oc-228"/>
      </symbol>
      <symbol id="sm-b32">
         <name>_xdc_runtime_Core_deleteObject__I</name>
         <value>0x3dad15</value>
         <object_component_ref idref="oc-221"/>
      </symbol>
      <symbol id="sm-b33">
         <name>_xdc_runtime_Core_createObject__I</name>
         <value>0x3d99e9</value>
         <object_component_ref idref="oc-21f"/>
      </symbol>
      <symbol id="sm-b49">
         <name>_xdc_runtime_Core_constructObject__I</name>
         <value>0x3d9da0</value>
         <object_component_ref idref="oc-2ff"/>
      </symbol>
      <symbol id="sm-b56">
         <name>_xdc_runtime_Core_assignLabel__I</name>
         <value>0x3db8aa</value>
         <object_component_ref idref="oc-222"/>
      </symbol>
      <symbol id="sm-b63">
         <name>_xdc_runtime_Core_assignParams__I</name>
         <value>0x3daf18</value>
         <object_component_ref idref="oc-287"/>
      </symbol>
      <symbol id="sm-b8c">
         <name>_xdc_runtime_Error_getSite__E</name>
         <value>0x3dc05a</value>
         <object_component_ref idref="oc-354"/>
      </symbol>
      <symbol id="sm-b8d">
         <name>_xdc_runtime_Error_print__E</name>
         <value>0x3db26c</value>
         <object_component_ref idref="oc-33d"/>
      </symbol>
      <symbol id="sm-b8e">
         <name>_xdc_runtime_Error_policyDefault__E</name>
         <value>0x3d9edc</value>
         <object_component_ref idref="oc-277"/>
      </symbol>
      <symbol id="sm-b8f">
         <name>_xdc_runtime_Error_init__E</name>
         <value>0x3dbfd1</value>
         <object_component_ref idref="oc-29c"/>
      </symbol>
      <symbol id="sm-b90">
         <name>_xdc_runtime_Error_raiseX__E</name>
         <value>0x3dbc4e</value>
         <object_component_ref idref="oc-1c0"/>
      </symbol>
      <symbol id="sm-b91">
         <name>_xdc_runtime_Error_check__E</name>
         <value>0x3dbde2</value>
         <object_component_ref idref="oc-2e8"/>
      </symbol>
      <symbol id="sm-b92">
         <name>_xdc_runtime_Error_setX__E</name>
         <value>0x3db209</value>
         <object_component_ref idref="oc-2c9"/>
      </symbol>
      <symbol id="sm-b9e">
         <name>_xdc_runtime_Gate_leaveSystem__E</name>
         <value>0x3dbfab</value>
         <object_component_ref idref="oc-24a"/>
      </symbol>
      <symbol id="sm-b9f">
         <name>_xdc_runtime_Gate_enterSystem__E</name>
         <value>0x3dbfa5</value>
         <object_component_ref idref="oc-21a"/>
      </symbol>
      <symbol id="sm-bb8">
         <name>_xdc_runtime_Memory_calloc__E</name>
         <value>0x3dbf04</value>
         <object_component_ref idref="oc-288"/>
      </symbol>
      <symbol id="sm-bb9">
         <name>_xdc_runtime_Memory_free__E</name>
         <value>0x3dbe66</value>
         <object_component_ref idref="oc-28a"/>
      </symbol>
      <symbol id="sm-bba">
         <name>_xdc_runtime_Memory_valloc__E</name>
         <value>0x3dba7e</value>
         <object_component_ref idref="oc-2dd"/>
      </symbol>
      <symbol id="sm-bbb">
         <name>_xdc_runtime_Memory_alloc__E</name>
         <value>0x3daa21</value>
         <object_component_ref idref="oc-29d"/>
      </symbol>
      <symbol id="sm-bbc">
         <name>_xdc_runtime_Memory_getMaxDefaultTypeAlign__E</name>
         <value>0x3dbff0</value>
         <object_component_ref idref="oc-2e9"/>
      </symbol>
      <symbol id="sm-bdb">
         <name>_xdc_runtime_Startup_startMods__I</name>
         <value>0x3da2ae</value>
         <object_component_ref idref="oc-2d9"/>
      </symbol>
      <symbol id="sm-bdc">
         <name>_xdc_runtime_Startup_exec__E</name>
         <value>0x3db23b</value>
         <object_component_ref idref="oc-1ad"/>
      </symbol>
      <symbol id="sm-c63">
         <name>_xdc_runtime_System_formatNum__I</name>
         <value>0x3dae62</value>
         <object_component_ref idref="oc-2e5"/>
      </symbol>
      <symbol id="sm-c64">
         <name>_xdc_runtime_System_exit__E</name>
         <value>0x3dbe3b</value>
         <object_component_ref idref="oc-1af"/>
      </symbol>
      <symbol id="sm-c65">
         <name>_xdc_runtime_System_exitStd__E</name>
         <value>0x3dc036</value>
         <object_component_ref idref="oc-21c"/>
      </symbol>
      <symbol id="sm-c66">
         <name>_xdc_runtime_System_printf_va__F</name>
         <value>0x3dba09</value>
         <object_component_ref idref="oc-232"/>
      </symbol>
      <symbol id="sm-c67">
         <name>_xdc_runtime_System_atexit__E</name>
         <value>0x3db6bc</value>
         <object_component_ref idref="oc-1e0"/>
      </symbol>
      <symbol id="sm-c68">
         <name>_xdc_runtime_System_abortStd__E</name>
         <value>0x3dc033</value>
         <object_component_ref idref="oc-32d"/>
      </symbol>
      <symbol id="sm-c69">
         <name>_xdc_runtime_System_putchar__I</name>
         <value>0x3db9a6</value>
         <object_component_ref idref="oc-2e6"/>
      </symbol>
      <symbol id="sm-c6a">
         <name>_xdc_runtime_System_snprintf_va__F</name>
         <value>0x3dbec2</value>
         <object_component_ref idref="oc-372"/>
      </symbol>
      <symbol id="sm-c6b">
         <name>_xdc_runtime_System_Module_startup__E</name>
         <value>0x3dc02d</value>
         <object_component_ref idref="oc-33e"/>
      </symbol>
      <symbol id="sm-c6c">
         <name>_xdc_runtime_System_avprintf__E</name>
         <value>0x3db98d</value>
         <object_component_ref idref="oc-37b"/>
      </symbol>
      <symbol id="sm-c6d">
         <name>_xdc_runtime_System_vprintf__E</name>
         <value>0x3dba09</value>
         <object_component_ref idref="oc-232"/>
      </symbol>
      <symbol id="sm-c6e">
         <name>_xdc_runtime_System_aprintf_va__F</name>
         <value>0x3db98d</value>
         <object_component_ref idref="oc-37b"/>
      </symbol>
      <symbol id="sm-c6f">
         <name>_xdc_runtime_System_doPrint__I</name>
         <value>0x3d878b</value>
         <object_component_ref idref="oc-296"/>
      </symbol>
      <symbol id="sm-c70">
         <name>_xdc_runtime_System_processAtExit__E</name>
         <value>0x3db60e</value>
         <object_component_ref idref="oc-1c6"/>
      </symbol>
      <symbol id="sm-c71">
         <name>_xdc_runtime_System_vsnprintf__E</name>
         <value>0x3dbec2</value>
         <object_component_ref idref="oc-372"/>
      </symbol>
      <symbol id="sm-c72">
         <name>_xdc_runtime_System_abort__E</name>
         <value>0x3dbd98</value>
         <object_component_ref idref="oc-2d4"/>
      </symbol>
      <symbol id="sm-c8f">
         <name>_xdc_runtime_SysMin_abort__E</name>
         <value>0x3dbad7</value>
         <object_component_ref idref="oc-32c"/>
      </symbol>
      <symbol id="sm-c90">
         <name>_xdc_runtime_SysMin_ready__E</name>
         <value>0x3dbf0c</value>
         <object_component_ref idref="oc-2e2"/>
      </symbol>
      <symbol id="sm-c91">
         <name>_xdc_runtime_SysMin_flush__E</name>
         <value>0x3db4e0</value>
         <object_component_ref idref="oc-2dc"/>
      </symbol>
      <symbol id="sm-c92">
         <name>_xdc_runtime_SysMin_Module_startup__E</name>
         <value>0x3dbc8f</value>
         <object_component_ref idref="oc-33f"/>
      </symbol>
      <symbol id="sm-c93">
         <name>_xdc_runtime_SysMin_putch__E</name>
         <value>0x3db796</value>
         <object_component_ref idref="oc-333"/>
      </symbol>
      <symbol id="sm-c94">
         <name>_xdc_runtime_SysMin_exit__E</name>
         <value>0x3dbe25</value>
         <object_component_ref idref="oc-27f"/>
      </symbol>
      <symbol id="sm-cd8">
         <name>_xdc_runtime_Text_putLab__E</name>
         <value>0x3dab64</value>
         <object_component_ref idref="oc-331"/>
      </symbol>
      <symbol id="sm-cd9">
         <name>_xdc_runtime_Text_printVisFxn__I</name>
         <value>0x3dba21</value>
         <object_component_ref idref="oc-371"/>
      </symbol>
      <symbol id="sm-cda">
         <name>_xdc_runtime_Text_putMod__E</name>
         <value>0x3daf53</value>
         <object_component_ref idref="oc-349"/>
      </symbol>
      <symbol id="sm-cdb">
         <name>_xdc_runtime_Text_cordText__E</name>
         <value>0x3dbbe7</value>
         <object_component_ref idref="oc-28b"/>
      </symbol>
      <symbol id="sm-cdc">
         <name>_xdc_runtime_Text_xprintf__I</name>
         <value>0x3db508</value>
         <object_component_ref idref="oc-34a"/>
      </symbol>
      <symbol id="sm-cdd">
         <name>_xdc_runtime_Text_visitRope2__I</name>
         <value>0x3db10b</value>
         <object_component_ref idref="oc-3a3"/>
      </symbol>
      <symbol id="sm-cde">
         <name>_xdc_runtime_Text_ropeText__E</name>
         <value>0x3dbe51</value>
         <object_component_ref idref="oc-290"/>
      </symbol>
      <symbol id="sm-cdf">
         <name>_xdc_runtime_Text_putSite__E</name>
         <value>0x3da6be</value>
         <object_component_ref idref="oc-332"/>
      </symbol>
      <symbol id="sm-ced">
         <name>_xdc_runtime_Timestamp_getFreq__E</name>
         <value>0x3dc042</value>
         <object_component_ref idref="oc-321"/>
      </symbol>
      <symbol id="sm-cee">
         <name>_xdc_runtime_Timestamp_get64__E</name>
         <value>0x3dc03f</value>
         <object_component_ref idref="oc-2c6"/>
      </symbol>
      <symbol id="sm-cef">
         <name>_xdc_runtime_Timestamp_get32__E</name>
         <value>0x3dc03c</value>
         <object_component_ref idref="oc-327"/>
      </symbol>
      <symbol id="sm-cf9">
         <name>___xdc__init</name>
         <value>0x3dbff4</value>
         <object_component_ref idref="oc-1b0"/>
      </symbol>
      <symbol id="sm-d06">
         <name>_xdc_runtime_Registry_findById__E</name>
         <value>0x3dbcea</value>
         <object_component_ref idref="oc-36f"/>
      </symbol>
      <symbol id="sm-d1b">
         <name>_c_int00</name>
         <value>0x3da7f3</value>
         <object_component_ref idref="oc-4f"/>
      </symbol>
      <symbol id="sm-d1c">
         <name>__stack</name>
         <value>0xc6cc</value>
         <object_component_ref idref="oc-149"/>
      </symbol>
      <symbol id="sm-d2a">
         <name>__unlock</name>
         <value>0xc62a</value>
         <object_component_ref idref="oc-14f"/>
      </symbol>
      <symbol id="sm-d2b">
         <name>__lock</name>
         <value>0xc62c</value>
         <object_component_ref idref="oc-14f"/>
      </symbol>
      <symbol id="sm-d2c">
         <name>__register_lock</name>
         <value>0x3dbecf</value>
         <object_component_ref idref="oc-1c1"/>
      </symbol>
      <symbol id="sm-d2d">
         <name>__nop</name>
         <value>0x3dbed3</value>
         <object_component_ref idref="oc-1c1"/>
      </symbol>
      <symbol id="sm-d2e">
         <name>__register_unlock</name>
         <value>0x3dbecb</value>
         <object_component_ref idref="oc-1c1"/>
      </symbol>
      <symbol id="sm-d3a">
         <name>__args_main</name>
         <value>0x3db9bf</value>
         <object_component_ref idref="oc-1ae"/>
      </symbol>
      <symbol id="sm-d3b">
         <name>__TI_args_main</name>
         <value>0x1</value>
      </symbol>
      <symbol id="sm-d45">
         <name>___dla__FPv</name>
         <value>0x3dc045</value>
         <object_component_ref idref="oc-29e"/>
      </symbol>
      <symbol id="sm-d50">
         <name>___dl__FPv</name>
         <value>0x3dbfd6</value>
         <object_component_ref idref="oc-245"/>
      </symbol>
      <symbol id="sm-d61">
         <name>C$$EXIT</name>
         <value>0x3db9d8</value>
         <object_component_ref idref="oc-280"/>
      </symbol>
      <symbol id="sm-d62">
         <name>_exit</name>
         <value>0x3db9da</value>
         <object_component_ref idref="oc-280"/>
      </symbol>
      <symbol id="sm-d63">
         <name>___TI_cleanup_ptr</name>
         <value>0xc62e</value>
         <object_component_ref idref="oc-161"/>
      </symbol>
      <symbol id="sm-d64">
         <name>_abort</name>
         <value>0x3db9d8</value>
         <object_component_ref idref="oc-280"/>
      </symbol>
      <symbol id="sm-d65">
         <name>___TI_dtors_ptr</name>
         <value>0xc630</value>
         <object_component_ref idref="oc-161"/>
      </symbol>
      <symbol id="sm-d78">
         <name>_far_copy_in</name>
         <value>0x3dad5b</value>
         <object_component_ref idref="oc-1ac"/>
      </symbol>
      <symbol id="sm-d85">
         <name>FS$$DIV</name>
         <value>0x3da096</value>
         <object_component_ref idref="oc-169"/>
      </symbol>
      <symbol id="sm-d8f">
         <name>I$$MOD</name>
         <value>0x3db68a</value>
         <object_component_ref idref="oc-16d"/>
      </symbol>
      <symbol id="sm-d90">
         <name>I$$DIV</name>
         <value>0x3db679</value>
         <object_component_ref idref="oc-16d"/>
      </symbol>
      <symbol id="sm-db7">
         <name>ULL$$MOD</name>
         <value>0x3d96a4</value>
         <object_component_ref idref="oc-171"/>
      </symbol>
      <symbol id="sm-db8">
         <name>ULL$$DIV</name>
         <value>0x3d9675</value>
         <object_component_ref idref="oc-171"/>
      </symbol>
      <symbol id="sm-db9">
         <name>LL$$MOD</name>
         <value>0x3d963b</value>
         <object_component_ref idref="oc-171"/>
      </symbol>
      <symbol id="sm-dba">
         <name>LL$$DIV</name>
         <value>0x3d95ff</value>
         <object_component_ref idref="oc-171"/>
      </symbol>
      <symbol id="sm-dc9">
         <name>___memcpy_ff</name>
         <value>0x3db6dd</value>
         <object_component_ref idref="oc-274"/>
      </symbol>
      <symbol id="sm-dd5">
         <name>_memset</name>
         <value>0x3dbda5</value>
         <object_component_ref idref="oc-289"/>
      </symbol>
      <symbol id="sm-de2">
         <name>___nw__FUl</name>
         <value>0x3db6fe</value>
         <object_component_ref idref="oc-1d9"/>
      </symbol>
      <symbol id="sm-dea">
         <name>___default_new_handler__Fv</name>
         <value>0x3dc05f</value>
         <object_component_ref idref="oc-243"/>
      </symbol>
      <symbol id="sm-df8">
         <name>_sqrt</name>
         <value>0x3db656</value>
         <object_component_ref idref="oc-246"/>
      </symbol>
      <symbol id="sm-e0a">
         <name>_strlen</name>
         <value>0x3dbf14</value>
         <object_component_ref idref="oc-2e4"/>
      </symbol>
      <symbol id="sm-e1b">
         <name>_HOSTopen</name>
         <value>0x3d8ac5</value>
         <object_component_ref idref="oc-348"/>
      </symbol>
      <symbol id="sm-e1c">
         <name>_HOSTread</name>
         <value>0x3d8a87</value>
         <object_component_ref idref="oc-348"/>
      </symbol>
      <symbol id="sm-e1d">
         <name>_HOSTgetenv</name>
         <value>0x3d8b51</value>
         <object_component_ref idref="oc-348"/>
      </symbol>
      <symbol id="sm-e1e">
         <name>_HOSTtime</name>
         <value>0x3d8a1e</value>
         <object_component_ref idref="oc-348"/>
      </symbol>
      <symbol id="sm-e1f">
         <name>_HOSTrename</name>
         <value>0x3d8a49</value>
         <object_component_ref idref="oc-348"/>
      </symbol>
      <symbol id="sm-e20">
         <name>_HOSTclock</name>
         <value>0x3d8ba5</value>
         <object_component_ref idref="oc-348"/>
      </symbol>
      <symbol id="sm-e21">
         <name>_HOSTwrite</name>
         <value>0x3d89bf</value>
         <object_component_ref idref="oc-348"/>
      </symbol>
      <symbol id="sm-e22">
         <name>_HOSTlseek</name>
         <value>0x3d8b04</value>
         <object_component_ref idref="oc-348"/>
      </symbol>
      <symbol id="sm-e23">
         <name>_HOSTunlink</name>
         <value>0x3d89f6</value>
         <object_component_ref idref="oc-348"/>
      </symbol>
      <symbol id="sm-e24">
         <name>_HOSTclose</name>
         <value>0x3d8b7b</value>
         <object_component_ref idref="oc-348"/>
      </symbol>
      <symbol id="sm-e2e">
         <name>__new_handler</name>
         <value>0xc636</value>
         <object_component_ref idref="oc-198"/>
      </symbol>
      <symbol id="sm-e45">
         <name>___TI_readmsg</name>
         <value>0x3da05c</value>
         <object_component_ref idref="oc-36b"/>
      </symbol>
      <symbol id="sm-e46">
         <name>C$$IO$$</name>
         <value>0x3da058</value>
         <object_component_ref idref="oc-36b"/>
      </symbol>
      <symbol id="sm-e47">
         <name>__CIOBUF_</name>
         <value>0x10000</value>
         <object_component_ref idref="oc-19b"/>
      </symbol>
      <symbol id="sm-e48">
         <name>___TI_writemsg</name>
         <value>0x3da008</value>
         <object_component_ref idref="oc-36b"/>
      </symbol>
      <symbol id="sm-e53">
         <name>_ppcopy</name>
         <value>0x3db8c4</value>
         <object_component_ref idref="oc-19f"/>
      </symbol>
      <symbol id="sm-e54">
         <name>_dpcopy</name>
         <value>0x3db8c4</value>
         <object_component_ref idref="oc-19f"/>
      </symbol>
      <symbol id="sm-e55">
         <name>_pdcopy</name>
         <value>0x3db8c4</value>
         <object_component_ref idref="oc-19f"/>
      </symbol>
      <symbol id="sm-e56">
         <name>_ddcopy</name>
         <value>0x3db8c4</value>
         <object_component_ref idref="oc-19f"/>
      </symbol>
      <symbol id="sm-e60">
         <name>_errno</name>
         <value>0xc603</value>
         <object_component_ref idref="oc-1a5"/>
      </symbol>
      <symbol id="sm-e6b">
         <name>_strcpy</name>
         <value>0x3dbfdb</value>
         <object_component_ref idref="oc-36c"/>
      </symbol>
   </symbol_table>
   <title>Link successful</title>
</link_info>
